pawncc.exe : d:\UG\# open.mp\qawno\include\optidraw_Data\od_impl.inc(53) : warn
ing 240: assigned value is never used (symbol "od_modelid")
At line:1 char:196
+ ... der", "-;+"); & "d:\UG\# open.mp\qawno\pawncc.exe" $args 2>&1 | Tee-O ...
+                   ~~~~~~~~~~~~~~~~~~~~~~~~~~~~~~~~~~~~~~~~~~~~~~~
    + CategoryInfo          : NotSpecified: (d:\UG\# open.mp...l "od_modelid") 
   :String) [], RemoteException
    + FullyQualifiedErrorId : NativeCommandError
 
d:\UG\# open.mp\qawno\include\utils.inc(1) : error 025: function heading differ
s from prototype
d:\UG\# open.mp\qawno\include\utils.inc(1) : error 025: function heading differ
s from prototype
d:\UG\# open.mp\qawno\include\utils.inc(2) : error 021: symbol already defined:
 "IsNumeric"
d:\UG\# open.mp\qawno\include\utils.inc(5) : warning 213: tag mismatch: expecte
d tag "bool", but found none ("_")
d:\UG\# open.mp\qawno\include\utils.inc(7) : warning 213: tag mismatch: expecte
d tag "bool", but found none ("_")
d:\UG\# open.mp\qawno\include\newsamp.inc(257) : warning 239: literal array/str
ing passed to a non-const parameter
d:\UG\# open.mp\qawno\include\newsamp.inc(389) : warning 239: literal array/str
ing passed to a non-const parameter
d:\UG\# open.mp\qawno\include\newsamp.inc(772) : warning 239: literal array/str
ing passed to a non-const parameter
d:\UG\# open.mp\qawno\include\mSelection.inc(103) : warning 239: literal array/
string passed to a non-const parameter
d:\UG\# open.mp\qawno\include\mSelection.inc(110) : warning 239: literal array/
string passed to a non-const parameter
d:\UG\# open.mp\qawno\include\mSelection.inc(110) : warning 239: literal array/
string passed to a non-const parameter
d:\UG\# open.mp\qawno\include\mSelection.inc(133) : warning 214: possibly a "co
nst" array argument was intended: "button_text"
d:\UG\# open.mp\qawno\include\mSelection.inc(154) : warning 214: possibly a "co
nst" array argument was intended: "header_text"
d:\UG\# open.mp\qawno\include\mSelection.inc(221) : warning 239: literal array/
string passed to a non-const parameter
d:\UG\# open.mp\qawno\include\mSelection.inc(230) : warning 239: literal array/
string passed to a non-const parameter
d:\UG\# open.mp\qawno\include\mSelection.inc(232) : warning 239: literal array/
string passed to a non-const parameter
d:\UG\# open.mp\qawno\include\mSelection.inc(233) : warning 239: literal array/
string passed to a non-const parameter
d:\UG\# open.mp\qawno\include\mSelection.inc(234) : warning 239: literal array/
string passed to a non-const parameter
d:\UG\# open.mp\qawno\include\mSelection.inc(235) : warning 239: literal array/
string passed to a non-const parameter
d:\UG\# open.mp\qawno\include\mSelection.inc(256) : warning 239: literal array/
string passed to a non-const parameter
d:\UG\# open.mp\qawno\include\mSelection.inc(287) : warning 239: literal array/
string passed to a non-const parameter
d:\UG\# open.mp\qawno\include\mSelection.inc(292) : warning 239: literal array/
string passed to a non-const parameter
d:\UG\# open.mp\qawno\include\mSelection.inc(303) : warning 239: literal array/
string passed to a non-const parameter
d:\UG\# open.mp\qawno\include\mSelection.inc(304) : warning 239: literal array/
string passed to a non-const parameter
d:\UG\# open.mp\qawno\include\mSelection.inc(305) : warning 239: literal array/
string passed to a non-const parameter
d:\UG\# open.mp\qawno\include\mSelection.inc(306) : warning 239: literal array/
string passed to a non-const parameter
d:\UG\# open.mp\qawno\include\mSelection.inc(311) : warning 239: literal array/
string passed to a non-const parameter
d:\UG\# open.mp\qawno\include\mSelection.inc(312) : warning 239: literal array/
string passed to a non-const parameter
d:\UG\# open.mp\qawno\include\mSelection.inc(313) : warning 239: literal array/
string passed to a non-const parameter
d:\UG\# open.mp\qawno\include\mSelection.inc(315) : warning 239: literal array/
string passed to a non-const parameter
d:\UG\# open.mp\qawno\include\mSelection.inc(339) : warning 239: literal array/
string passed to a non-const parameter
d:\UG\# open.mp\qawno\include\mSelection.inc(340) : warning 239: literal array/
string passed to a non-const parameter
d:\UG\# open.mp\qawno\include\mSelection.inc(341) : warning 239: literal array/
string passed to a non-const parameter
d:\UG\# open.mp\qawno\include\mSelection.inc(342) : warning 239: literal array/
string passed to a non-const parameter
d:\UG\# open.mp\qawno\include\mSelection.inc(344) : warning 239: literal array/
string passed to a non-const parameter
d:\UG\# open.mp\qawno\include\mSelection.inc(345) : warning 239: literal array/
string passed to a non-const parameter
d:\UG\# open.mp\qawno\include\mSelection.inc(346) : warning 239: literal array/
string passed to a non-const parameter
d:\UG\# open.mp\qawno\include\mSelection.inc(347) : warning 239: literal array/
string passed to a non-const parameter
d:\UG\# open.mp\qawno\include\mSelection.inc(348) : warning 239: literal array/
string passed to a non-const parameter
d:\UG\# open.mp\qawno\include\mSelection.inc(349) : warning 239: literal array/
string passed to a non-const parameter
d:\UG\# open.mp\qawno\include\mSelection.inc(355) : warning 239: literal array/
string passed to a non-const parameter
d:\UG\# open.mp\qawno\include\mSelection.inc(356) : warning 239: literal array/
string passed to a non-const parameter
d:\UG\# open.mp\qawno\include\mSelection.inc(357) : warning 239: literal array/
string passed to a non-const parameter
d:\UG\# open.mp\qawno\include\mSelection.inc(359) : warning 239: literal array/
string passed to a non-const parameter
d:\UG\# open.mp\qawno\include\mSelection.inc(325) : warning 214: possibly a "co
nst" array argument was intended: "items_array"
d:\UG\# open.mp\qawno\include\mSelection.inc(374) : warning 239: literal array/
string passed to a non-const parameter
d:\UG\# open.mp\qawno\include\mSelection.inc(383) : warning 239: literal array/
string passed to a non-const parameter
d:\UG\# open.mp\qawno\include\mSelection.inc(387) : warning 239: literal array/
string passed to a non-const parameter
d:\UG\# open.mp\qawno\include\mSelection.inc(388) : warning 239: literal array/
string passed to a non-const parameter
d:\UG\# open.mp\qawno\include\mSelection.inc(389) : warning 239: literal array/
string passed to a non-const parameter
d:\UG\# open.mp\qawno\include\mSelection.inc(390) : warning 239: literal array/
string passed to a non-const parameter
d:\UG\# open.mp\qawno\include\mSelection.inc(391) : warning 239: literal array/
string passed to a non-const parameter
d:\UG\# open.mp\qawno\include\mSelection.inc(392) : warning 239: literal array/
string passed to a non-const parameter
d:\UG\# open.mp\qawno\include\mSelection.inc(394) : warning 239: literal array/
string passed to a non-const parameter
d:\UG\# open.mp\qawno\include\mSelection.inc(395) : warning 239: literal array/
string passed to a non-const parameter
d:\UG\# open.mp\qawno\include\mSelection.inc(450) : warning 239: literal array/
string passed to a non-const parameter
d:\UG\# open.mp\qawno\include\mSelection.inc(451) : warning 239: literal array/
string passed to a non-const parameter
d:\UG\# open.mp\qawno\include\mSelection.inc(454) : warning 239: literal array/
string passed to a non-const parameter
d:\UG\# open.mp\qawno\include\mSelection.inc(461) : warning 239: literal array/
string passed to a non-const parameter
d:\UG\# open.mp\qawno\include\mSelection.inc(491) : warning 239: literal array/
string passed to a non-const parameter
d:\UG\# open.mp\qawno\include\mSelection.inc(491) : warning 239: literal array/
string passed to a non-const parameter
d:\UG\# open.mp\qawno\include\mSelection.inc(493) : warning 239: literal array/
string passed to a non-const parameter
d:\UG\# open.mp\qawno\include\mSelection.inc(500) : warning 239: literal array/
string passed to a non-const parameter
d:\UG\# open.mp\qawno\include\mSelection.inc(520) : warning 239: literal array/
string passed to a non-const parameter
d:\UG\# open.mp\qawno\include\mSelection.inc(531) : warning 239: literal array/
string passed to a non-const parameter
d:\UG\# open.mp\qawno\include\mSelection.inc(545) : warning 239: literal array/
string passed to a non-const parameter
d:\UG\# open.mp\qawno\include\mSelection.inc(564) : warning 239: literal array/
string passed to a non-const parameter
d:\UG\# open.mp\qawno\include\GetVehicleColor.inc(127) : warning 201: redefinit
ion of constant/macro (symbol "AddStaticVehicle")
d:\UG\# open.mp\qawno\include\GetVehicleColor.inc(128) : warning 201: redefinit
ion of constant/macro (symbol "AddStaticVehicleEx")
d:\UG\# open.mp\qawno\include\GetVehicleColor.inc(129) : warning 201: redefinit
ion of constant/macro (symbol "CreateVehicle")
d:\UG\# open.mp\qawno\include\GetVehicleColor.inc(130) : warning 201: redefinit
ion of constant/macro (symbol "DestroyVehicle")
d:\UG\# open.mp\qawno\include\dini.inc(31) : warning 214: possibly a "const" ar
ray argument was intended: "filename"
d:\UG\# open.mp\qawno\include\dini.inc(35) : warning 214: possibly a "const" ar
ray argument was intended: "filename"
d:\UG\# open.mp\qawno\include\dini.inc(39) : warning 214: possibly a "const" ar
ray argument was intended: "filename"
d:\UG\# open.mp\qawno\include\dini.inc(187) : warning 214: possibly a "const" a
rray argument was intended: "key"
d:\UG\# open.mp\qawno\include\dini.inc(187) : warning 214: possibly a "const" a
rray argument was intended: "filename"
d:\UG\# open.mp\qawno\include\dini.inc(249) : warning 214: possibly a "const" a
rray argument was intended: "newname"
d:\UG\# open.mp\qawno\include\dini.inc(249) : warning 214: possibly a "const" a
rray argument was intended: "oldname"
d:\UG\# open.mp\qawno\include\inventoryMenu.inc(133) : warning 214: possibly a 
"const" array argument was intended: "items"
d:\UG\# open.mp\qawno\include\inventoryMenu.inc(133) : warning 214: possibly a 
"const" array argument was intended: "skinid"
d:\UG\# open.mp\qawno\include\inventoryMenu.inc(133) : warning 214: possibly a 
"const" array argument was intended: "playerinfo"
d:\UG\# open.mp\qawno\include\inventoryMenu.inc(133) : warning 214: possibly a 
"const" array argument was intended: "playername"
d:\UG\# open.mp\qawno\include\inventoryMenu.inc(133) : warning 214: possibly a 
"const" array argument was intended: "header"
d:\UG\# open.mp\qawno\include\SKY_openmp.inc(116) : error 021: symbol already d
efined: "va_TextDrawSetStringForPlayer"
d:\UG\# open.mp\qawno\include\SKY_openmp.inc(118) : error 017: undefined symbol
 "text"
d:\UG\# open.mp\qawno\include\SKY_openmp.inc(119) : error 054: unmatched closin
g brace ("}")
d:\UG\# open.mp\qawno\include\weapon-config.inc(986) : warning 217: loose inden
tation
d:\UG\# open.mp\qawno\include\weapon-config.inc(987) : warning 217: loose inden
tation
d:\UG\# open.mp\qawno\include\weapon-config.inc(1024) : warning 217: loose inde
ntation
d:\UG\# open.mp\qawno\include\weapon-config.inc(1025) : warning 217: loose inde
ntation
d:\UG\# open.mp\qawno\include\weapon-config.inc(1755) : warning 214: possibly a
 "const" array argument was intended: "text"
d:\UG\# open.mp\qawno\include\weapon-config.inc(1868) : warning 214: possibly a
 "const" array argument was intended: "string"
d:\UG\# open.mp\qawno\include\weapon-config.inc(1892) : warning 214: possibly a
 "const" array argument was intended: "text"
d:\UG\# open.mp\qawno\include\weapon-config.inc(2009) : warning 214: possibly a
 "const" array argument was intended: "string"
d:\UG\# open.mp\qawno\include\weapon-config.inc(2358) : warning 239: literal ar
ray/string passed to a non-const parameter
d:\UG\# open.mp\qawno\include\weapon-config.inc(2358) : warning 239: literal ar
ray/string passed to a non-const parameter
d:\UG\# open.mp\qawno\include\weapon-config.inc(2371) : warning 239: literal ar
ray/string passed to a non-const parameter
d:\UG\# open.mp\qawno\include\weapon-config.inc(2371) : warning 239: literal ar
ray/string passed to a non-const parameter
d:\UG\# open.mp\qawno\include\weapon-config.inc(2633) : warning 239: literal ar
ray/string passed to a non-const parameter
d:\UG\# open.mp\qawno\include\weapon-config.inc(2633) : warning 239: literal ar
ray/string passed to a non-const parameter
d:\UG\# open.mp\qawno\include\weapon-config.inc(2636) : warning 239: literal ar
ray/string passed to a non-const parameter
d:\UG\# open.mp\qawno\include\weapon-config.inc(2713) : warning 239: literal ar
ray/string passed to a non-const parameter
d:\UG\# open.mp\qawno\include\weapon-config.inc(2717) : warning 239: literal ar
ray/string passed to a non-const parameter
d:\UG\# open.mp\qawno\include\weapon-config.inc(2717) : warning 239: literal ar
ray/string passed to a non-const parameter
d:\UG\# open.mp\qawno\include\weapon-config.inc(2881) : warning 239: literal ar
ray/string passed to a non-const parameter
d:\UG\# open.mp\qawno\include\weapon-config.inc(2881) : warning 239: literal ar
ray/string passed to a non-const parameter
d:\UG\# open.mp\qawno\include\weapon-config.inc(2968) : warning 204: symbol is 
assigned a value that is never used: "amount"
d:\UG\# open.mp\qawno\include\weapon-config.inc(3012) : warning 239: literal ar
ray/string passed to a non-const parameter
d:\UG\# open.mp\qawno\include\weapon-config.inc(3055) : warning 239: literal ar
ray/string passed to a non-const parameter
d:\UG\# open.mp\qawno\include\weapon-config.inc(3067) : warning 239: literal ar
ray/string passed to a non-const parameter
d:\UG\# open.mp\qawno\include\weapon-config.inc(3081) : warning 239: literal ar
ray/string passed to a non-const parameter
d:\UG\# open.mp\qawno\include\weapon-config.inc(3081) : warning 239: literal ar
ray/string passed to a non-const parameter
d:\UG\# open.mp\qawno\include\weapon-config.inc(3083) : warning 239: literal ar
ray/string passed to a non-const parameter
d:\UG\# open.mp\qawno\include\weapon-config.inc(3109) : warning 239: literal ar
ray/string passed to a non-const parameter
d:\UG\# open.mp\qawno\include\weapon-config.inc(3109) : warning 239: literal ar
ray/string passed to a non-const parameter
d:\UG\# open.mp\qawno\include\weapon-config.inc(3313) : warning 239: literal ar
ray/string passed to a non-const parameter
d:\UG\# open.mp\qawno\include\weapon-config.inc(3313) : warning 239: literal ar
ray/string passed to a non-const parameter
d:\UG\# open.mp\qawno\include\weapon-config.inc(3341) : warning 239: literal ar
ray/string passed to a non-const parameter
d:\UG\# open.mp\qawno\include\weapon-config.inc(3341) : warning 239: literal ar
ray/string passed to a non-const parameter
d:\UG\# open.mp\qawno\include\weapon-config.inc(3663) : warning 239: literal ar
ray/string passed to a non-const parameter
d:\UG\# open.mp\qawno\include\weapon-config.inc(3697) : warning 239: literal ar
ray/string passed to a non-const parameter
d:\UG\# open.mp\qawno\include\weapon-config.inc(4038) : warning 217: loose inde
ntation
d:\UG\# open.mp\qawno\include\weapon-config.inc(4707) : warning 239: literal ar
ray/string passed to a non-const parameter
d:\UG\# open.mp\qawno\include\weapon-config.inc(4707) : warning 239: literal ar
ray/string passed to a non-const parameter
d:\UG\# open.mp\qawno\include\weapon-config.inc(4709) : warning 239: literal ar
ray/string passed to a non-const parameter
d:\UG\# open.mp\qawno\include\weapon-config.inc(4709) : warning 239: literal ar
ray/string passed to a non-const parameter
d:\UG\# open.mp\qawno\include\weapon-config.inc(4715) : warning 239: literal ar
ray/string passed to a non-const parameter
d:\UG\# open.mp\qawno\include\weapon-config.inc(4715) : warning 239: literal ar
ray/string passed to a non-const parameter
d:\UG\# open.mp\qawno\include\weapon-config.inc(4717) : warning 239: literal ar
ray/string passed to a non-const parameter
d:\UG\# open.mp\qawno\include\weapon-config.inc(4717) : warning 239: literal ar
ray/string passed to a non-const parameter
d:\UG\# open.mp\qawno\include\weapon-config.inc(4722) : warning 239: literal ar
ray/string passed to a non-const parameter
d:\UG\# open.mp\qawno\include\weapon-config.inc(4722) : warning 239: literal ar
ray/string passed to a non-const parameter
d:\UG\# open.mp\qawno\include\weapon-config.inc(4732) : warning 239: literal ar
ray/string passed to a non-const parameter
d:\UG\# open.mp\qawno\include\weapon-config.inc(4732) : warning 239: literal ar
ray/string passed to a non-const parameter
d:\UG\# open.mp\qawno\include\weapon-config.inc(4735) : warning 239: literal ar
ray/string passed to a non-const parameter
d:\UG\# open.mp\qawno\include\weapon-config.inc(4735) : warning 239: literal ar
ray/string passed to a non-const parameter
d:\UG\# open.mp\qawno\include\weapon-config.inc(4739) : warning 239: literal ar
ray/string passed to a non-const parameter
d:\UG\# open.mp\qawno\include\weapon-config.inc(4739) : warning 239: literal ar
ray/string passed to a non-const parameter
d:\UG\# open.mp\qawno\include\weapon-config.inc(4742) : warning 239: literal ar
ray/string passed to a non-const parameter
d:\UG\# open.mp\qawno\include\weapon-config.inc(4742) : warning 239: literal ar
ray/string passed to a non-const parameter
d:\UG\# open.mp\qawno\include\weapon-config.inc(4746) : warning 239: literal ar
ray/string passed to a non-const parameter
d:\UG\# open.mp\qawno\include\weapon-config.inc(4746) : warning 239: literal ar
ray/string passed to a non-const parameter
d:\UG\# open.mp\qawno\include\weapon-config.inc(4748) : warning 239: literal ar
ray/string passed to a non-const parameter
d:\UG\# open.mp\qawno\include\weapon-config.inc(4748) : warning 239: literal ar
ray/string passed to a non-const parameter
d:\UG\# open.mp\qawno\include\weapon-config.inc(4750) : warning 239: literal ar
ray/string passed to a non-const parameter
d:\UG\# open.mp\qawno\include\weapon-config.inc(4750) : warning 239: literal ar
ray/string passed to a non-const parameter
d:\UG\# open.mp\qawno\include\weapon-config.inc(4754) : warning 239: literal ar
ray/string passed to a non-const parameter
d:\UG\# open.mp\qawno\include\weapon-config.inc(4754) : warning 239: literal ar
ray/string passed to a non-const parameter
d:\UG\# open.mp\qawno\include\weapon-config.inc(4756) : warning 239: literal ar
ray/string passed to a non-const parameter
d:\UG\# open.mp\qawno\include\weapon-config.inc(4756) : warning 239: literal ar
ray/string passed to a non-const parameter
d:\UG\# open.mp\qawno\include\weapon-config.inc(4759) : warning 239: literal ar
ray/string passed to a non-const parameter
d:\UG\# open.mp\qawno\include\weapon-config.inc(4759) : warning 239: literal ar
ray/string passed to a non-const parameter
d:\UG\# open.mp\qawno\include\weapon-config.inc(4761) : warning 239: literal ar
ray/string passed to a non-const parameter
d:\UG\# open.mp\qawno\include\weapon-config.inc(4761) : warning 239: literal ar
ray/string passed to a non-const parameter
d:\UG\# open.mp\qawno\include\weapon-config.inc(4763) : warning 239: literal ar
ray/string passed to a non-const parameter
d:\UG\# open.mp\qawno\include\weapon-config.inc(4763) : warning 239: literal ar
ray/string passed to a non-const parameter
d:\UG\# open.mp\qawno\include\weapon-config.inc(4765) : warning 239: literal ar
ray/string passed to a non-const parameter
d:\UG\# open.mp\qawno\include\weapon-config.inc(4765) : warning 239: literal ar
ray/string passed to a non-const parameter
d:\UG\# open.mp\qawno\include\weapon-config.inc(4773) : warning 239: literal ar
ray/string passed to a non-const parameter
d:\UG\# open.mp\qawno\include\weapon-config.inc(4829) : warning 239: literal ar
ray/string passed to a non-const parameter
d:\UG\# open.mp\qawno\include\weapon-config.inc(5050) : warning 239: literal ar
ray/string passed to a non-const parameter
d:\UG\# open.mp\qawno\include\weapon-config.inc(5056) : warning 239: literal ar
ray/string passed to a non-const parameter
d:\UG\# open.mp\qawno\include\weapon-config.inc(5356) : warning 239: literal ar
ray/string passed to a non-const parameter
d:\UG\# open.mp\qawno\include\weapon-config.inc(5356) : warning 239: literal ar
ray/string passed to a non-const parameter
d:\UG\# open.mp\qawno\include\ac.inc(109) : warning 239: literal array/string p
assed to a non-const parameter
d:\UG\# open.mp\qawno\include\MapFix.inc(30) : warning 239: literal array/strin
g passed to a non-const parameter
d:\UG\# open.mp\qawno\include\MapFix.inc(35) : warning 239: literal array/strin
g passed to a non-const parameter
d:\UG\# open.mp\qawno\include\MapFix.inc(52) : warning 239: literal array/strin
g passed to a non-const parameter
d:\UG\# open.mp\qawno\include\MapFix.inc(93) : warning 239: literal array/strin
g passed to a non-const parameter
d:\UG\# open.mp\qawno\include\MapFix.inc(93) : warning 239: literal array/strin
g passed to a non-const parameter
d:\UG\# open.mp\qawno\include\MapFix.inc(126) : warning 239: literal array/stri
ng passed to a non-const parameter
d:\UG\# open.mp\qawno\include\MapFix.inc(126) : warning 239: literal array/stri
ng passed to a non-const parameter
d:\UG\# open.mp\qawno\include\MapFix.inc(128) : warning 239: literal array/stri
ng passed to a non-const parameter
d:\UG\# open.mp\qawno\include\MapFix.inc(128) : warning 239: literal array/stri
ng passed to a non-const parameter
d:\UG\# open.mp\qawno\include\MapFix.inc(130) : warning 239: literal array/stri
ng passed to a non-const parameter
d:\UG\# open.mp\qawno\include\MapFix.inc(130) : warning 239: literal array/stri
ng passed to a non-const parameter
d:\UG\# open.mp\qawno\include\MapFix.inc(132) : warning 239: literal array/stri
ng passed to a non-const parameter
d:\UG\# open.mp\qawno\include\MapFix.inc(132) : warning 239: literal array/stri
ng passed to a non-const parameter
d:\UG\# open.mp\qawno\include\MapFix.inc(134) : warning 239: literal array/stri
ng passed to a non-const parameter
d:\UG\# open.mp\qawno\include\MapFix.inc(134) : warning 239: literal array/stri
ng passed to a non-const parameter
d:\UG\# open.mp\qawno\include\MapFix.inc(167) : warning 239: literal array/stri
ng passed to a non-const parameter
d:\UG\# open.mp\qawno\include\MapFix.inc(167) : warning 239: literal array/stri
ng passed to a non-const parameter
d:\UG\# open.mp\qawno\include\MapFix.inc(169) : warning 239: literal array/stri
ng passed to a non-const parameter
d:\UG\# open.mp\qawno\include\MapFix.inc(169) : warning 239: literal array/stri
ng passed to a non-const parameter
d:\UG\# open.mp\qawno\include\MapFix.inc(171) : warning 239: literal array/stri
ng passed to a non-const parameter
d:\UG\# open.mp\qawno\include\MapFix.inc(171) : warning 239: literal array/stri
ng passed to a non-const parameter
d:\UG\# open.mp\qawno\include\MapFix.inc(176) : warning 239: literal array/stri
ng passed to a non-const parameter
d:\UG\# open.mp\qawno\include\MapFix.inc(176) : warning 239: literal array/stri
ng passed to a non-const parameter
d:\UG\# open.mp\qawno\include\MapFix.inc(177) : warning 239: literal array/stri
ng passed to a non-const parameter
d:\UG\# open.mp\qawno\include\MapFix.inc(177) : warning 239: literal array/stri
ng passed to a non-const parameter
d:\UG\# open.mp\qawno\include\MapFix.inc(179) : warning 239: literal array/stri
ng passed to a non-const parameter
d:\UG\# open.mp\qawno\include\MapFix.inc(179) : warning 239: literal array/stri
ng passed to a non-const parameter
d:\UG\# open.mp\qawno\include\MapFix.inc(181) : warning 239: literal array/stri
ng passed to a non-const parameter
d:\UG\# open.mp\qawno\include\MapFix.inc(181) : warning 239: literal array/stri
ng passed to a non-const parameter
d:\UG\# open.mp\qawno\include\MapFix.inc(185) : warning 239: literal array/stri
ng passed to a non-const parameter
d:\UG\# open.mp\qawno\include\MapFix.inc(185) : warning 239: literal array/stri
ng passed to a non-const parameter
d:\UG\# open.mp\qawno\include\MapFix.inc(186) : warning 239: literal array/stri
ng passed to a non-const parameter
d:\UG\# open.mp\qawno\include\MapFix.inc(186) : warning 239: literal array/stri
ng passed to a non-const parameter
d:\UG\# open.mp\qawno\include\MapFix.inc(188) : warning 239: literal array/stri
ng passed to a non-const parameter
d:\UG\# open.mp\qawno\include\MapFix.inc(188) : warning 239: literal array/stri
ng passed to a non-const parameter
d:\UG\# open.mp\qawno\include\MapFix.inc(190) : warning 239: literal array/stri
ng passed to a non-const parameter
d:\UG\# open.mp\qawno\include\MapFix.inc(190) : warning 239: literal array/stri
ng passed to a non-const parameter
d:\UG\# open.mp\qawno\include\MapFix.inc(194) : warning 239: literal array/stri
ng passed to a non-const parameter
d:\UG\# open.mp\qawno\include\MapFix.inc(194) : warning 239: literal array/stri
ng passed to a non-const parameter
d:\UG\# open.mp\qawno\include\MapFix.inc(196) : warning 239: literal array/stri
ng passed to a non-const parameter
d:\UG\# open.mp\qawno\include\MapFix.inc(196) : warning 239: literal array/stri
ng passed to a non-const parameter
d:\UG\# open.mp\qawno\include\MapFix.inc(198) : warning 239: literal array/stri
ng passed to a non-const parameter
d:\UG\# open.mp\qawno\include\MapFix.inc(198) : warning 239: literal array/stri
ng passed to a non-const parameter
d:\UG\# open.mp\qawno\include\MapFix.inc(200) : warning 239: literal array/stri
ng passed to a non-const parameter
d:\UG\# open.mp\qawno\include\MapFix.inc(200) : warning 239: literal array/stri
ng passed to a non-const parameter
d:\UG\# open.mp\qawno\include\MapFix.inc(214) : warning 239: literal array/stri
ng passed to a non-const parameter
d:\UG\# open.mp\qawno\include\MapFix.inc(214) : warning 239: literal array/stri
ng passed to a non-const parameter
d:\UG\# open.mp\qawno\include\MapFix.inc(243) : warning 239: literal array/stri
ng passed to a non-const parameter
d:\UG\# open.mp\qawno\include\MapFix.inc(243) : warning 239: literal array/stri
ng passed to a non-const parameter
d:\UG\# open.mp\qawno\include\MapFix.inc(262) : warning 239: literal array/stri
ng passed to a non-const parameter
d:\UG\# open.mp\qawno\include\MapFix.inc(262) : warning 239: literal array/stri
ng passed to a non-const parameter
d:\UG\# open.mp\qawno\include\MapFix.inc(284) : warning 239: literal array/stri
ng passed to a non-const parameter
d:\UG\# open.mp\qawno\include\MapFix.inc(284) : warning 239: literal array/stri
ng passed to a non-const parameter
d:\UG\# open.mp\qawno\include\MapFix.inc(296) : warning 239: literal array/stri
ng passed to a non-const parameter
d:\UG\# open.mp\qawno\include\MapFix.inc(296) : warning 239: literal array/stri
ng passed to a non-const parameter
d:\UG\# open.mp\qawno\include\MapFix.inc(298) : warning 239: literal array/stri
ng passed to a non-const parameter
d:\UG\# open.mp\qawno\include\MapFix.inc(298) : warning 239: literal array/stri
ng passed to a non-const parameter
d:\UG\# open.mp\qawno\include\MapFix.inc(300) : warning 239: literal array/stri
ng passed to a non-const parameter
d:\UG\# open.mp\qawno\include\MapFix.inc(300) : warning 239: literal array/stri
ng passed to a non-const parameter
d:\UG\# open.mp\qawno\include\MapFix.inc(371) : warning 239: literal array/stri
ng passed to a non-const parameter
d:\UG\# open.mp\qawno\include\MapFix.inc(371) : warning 239: literal array/stri
ng passed to a non-const parameter
d:\UG\# open.mp\qawno\include\MapFix.inc(373) : warning 239: literal array/stri
ng passed to a non-const parameter
d:\UG\# open.mp\qawno\include\MapFix.inc(373) : warning 239: literal array/stri
ng passed to a non-const parameter
d:\UG\# open.mp\qawno\include\MapFix.inc(377) : warning 239: literal array/stri
ng passed to a non-const parameter
d:\UG\# open.mp\qawno\include\MapFix.inc(377) : warning 239: literal array/stri
ng passed to a non-const parameter
d:\UG\# open.mp\qawno\include\MapFix.inc(381) : warning 239: literal array/stri
ng passed to a non-const parameter
d:\UG\# open.mp\qawno\include\MapFix.inc(381) : warning 239: literal array/stri
ng passed to a non-const parameter
d:\UG\# open.mp\qawno\include\MapFix.inc(385) : warning 239: literal array/stri
ng passed to a non-const parameter
d:\UG\# open.mp\qawno\include\MapFix.inc(385) : warning 239: literal array/stri
ng passed to a non-const parameter
d:\UG\# open.mp\qawno\include\MapFix.inc(389) : warning 239: literal array/stri
ng passed to a non-const parameter
d:\UG\# open.mp\qawno\include\MapFix.inc(389) : warning 239: literal array/stri
ng passed to a non-const parameter
d:\UG\# open.mp\qawno\include\MapFix.inc(394) : warning 239: literal array/stri
ng passed to a non-const parameter
d:\UG\# open.mp\qawno\include\MapFix.inc(394) : warning 239: literal array/stri
ng passed to a non-const parameter
d:\UG\# open.mp\qawno\include\MapFix.inc(396) : warning 239: literal array/stri
ng passed to a non-const parameter
d:\UG\# open.mp\qawno\include\MapFix.inc(396) : warning 239: literal array/stri
ng passed to a non-const parameter
d:\UG\# open.mp\qawno\include\MapFix.inc(398) : warning 239: literal array/stri
ng passed to a non-const parameter
d:\UG\# open.mp\qawno\include\MapFix.inc(398) : warning 239: literal array/stri
ng passed to a non-const parameter
d:\UG\# open.mp\qawno\include\MapFix.inc(400) : warning 239: literal array/stri
ng passed to a non-const parameter
d:\UG\# open.mp\qawno\include\MapFix.inc(400) : warning 239: literal array/stri
ng passed to a non-const parameter
d:\UG\# open.mp\qawno\include\MapFix.inc(402) : warning 239: literal array/stri
ng passed to a non-const parameter
d:\UG\# open.mp\qawno\include\MapFix.inc(402) : warning 239: literal array/stri
ng passed to a non-const parameter
d:\UG\# open.mp\qawno\include\MapFix.inc(404) : warning 239: literal array/stri
ng passed to a non-const parameter
d:\UG\# open.mp\qawno\include\MapFix.inc(404) : warning 239: literal array/stri
ng passed to a non-const parameter
d:\UG\# open.mp\qawno\include\MapFix.inc(406) : warning 239: literal array/stri
ng passed to a non-const parameter
d:\UG\# open.mp\qawno\include\MapFix.inc(406) : warning 239: literal array/stri
ng passed to a non-const parameter
d:\UG\# open.mp\qawno\include\MapFix.inc(408) : warning 239: literal array/stri
ng passed to a non-const parameter
d:\UG\# open.mp\qawno\include\MapFix.inc(408) : warning 239: literal array/stri
ng passed to a non-const parameter
d:\UG\# open.mp\qawno\include\MapFix.inc(410) : warning 239: literal array/stri
ng passed to a non-const parameter
d:\UG\# open.mp\qawno\include\MapFix.inc(410) : warning 239: literal array/stri
ng passed to a non-const parameter
d:\UG\# open.mp\qawno\include\MapFix.inc(412) : warning 239: literal array/stri
ng passed to a non-const parameter
d:\UG\# open.mp\qawno\include\MapFix.inc(412) : warning 239: literal array/stri
ng passed to a non-const parameter
d:\UG\# open.mp\qawno\include\MapFix.inc(414) : warning 239: literal array/stri
ng passed to a non-const parameter
d:\UG\# open.mp\qawno\include\MapFix.inc(414) : warning 239: literal array/stri
ng passed to a non-const parameter
d:\UG\# open.mp\qawno\include\MapFix.inc(416) : warning 239: literal array/stri
ng passed to a non-const parameter
d:\UG\# open.mp\qawno\include\MapFix.inc(416) : warning 239: literal array/stri
ng passed to a non-const parameter
d:\UG\# open.mp\qawno\include\MapFix.inc(418) : warning 239: literal array/stri
ng passed to a non-const parameter
d:\UG\# open.mp\qawno\include\MapFix.inc(418) : warning 239: literal array/stri
ng passed to a non-const parameter
d:\UG\# open.mp\qawno\include\MapFix.inc(420) : warning 239: literal array/stri
ng passed to a non-const parameter
d:\UG\# open.mp\qawno\include\MapFix.inc(420) : warning 239: literal array/stri
ng passed to a non-const parameter
d:\UG\# open.mp\qawno\include\MapFix.inc(422) : warning 239: literal array/stri
ng passed to a non-const parameter
d:\UG\# open.mp\qawno\include\MapFix.inc(422) : warning 239: literal array/stri
ng passed to a non-const parameter
d:\UG\# open.mp\qawno\include\MapFix.inc(424) : warning 239: literal array/stri
ng passed to a non-const parameter
d:\UG\# open.mp\qawno\include\MapFix.inc(424) : warning 239: literal array/stri
ng passed to a non-const parameter
d:\UG\# open.mp\qawno\include\MapFix.inc(426) : warning 239: literal array/stri
ng passed to a non-const parameter
d:\UG\# open.mp\qawno\include\MapFix.inc(426) : warning 239: literal array/stri
ng passed to a non-const parameter
d:\UG\# open.mp\qawno\include\MapFix.inc(428) : warning 239: literal array/stri
ng passed to a non-const parameter
d:\UG\# open.mp\qawno\include\MapFix.inc(428) : warning 239: literal array/stri
ng passed to a non-const parameter
d:\UG\# open.mp\qawno\include\MapFix.inc(430) : warning 239: literal array/stri
ng passed to a non-const parameter
d:\UG\# open.mp\qawno\include\MapFix.inc(430) : warning 239: literal array/stri
ng passed to a non-const parameter
d:\UG\# open.mp\qawno\include\MapFix.inc(432) : warning 239: literal array/stri
ng passed to a non-const parameter
d:\UG\# open.mp\qawno\include\MapFix.inc(432) : warning 239: literal array/stri
ng passed to a non-const parameter
d:\UG\# open.mp\qawno\include\MapFix.inc(434) : warning 239: literal array/stri
ng passed to a non-const parameter
d:\UG\# open.mp\qawno\include\MapFix.inc(434) : warning 239: literal array/stri
ng passed to a non-const parameter
d:\UG\# open.mp\qawno\include\MapFix.inc(436) : warning 239: literal array/stri
ng passed to a non-const parameter
d:\UG\# open.mp\qawno\include\MapFix.inc(436) : warning 239: literal array/stri
ng passed to a non-const parameter
d:\UG\# open.mp\qawno\include\MapFix.inc(438) : warning 239: literal array/stri
ng passed to a non-const parameter
d:\UG\# open.mp\qawno\include\MapFix.inc(438) : warning 239: literal array/stri
ng passed to a non-const parameter
d:\UG\# open.mp\qawno\include\MapFix.inc(440) : warning 239: literal array/stri
ng passed to a non-const parameter
d:\UG\# open.mp\qawno\include\MapFix.inc(440) : warning 239: literal array/stri
ng passed to a non-const parameter
d:\UG\# open.mp\qawno\include\MapFix.inc(442) : warning 239: literal array/stri
ng passed to a non-const parameter
d:\UG\# open.mp\qawno\include\MapFix.inc(442) : warning 239: literal array/stri
ng passed to a non-const parameter
d:\UG\# open.mp\qawno\include\MapFix.inc(444) : warning 239: literal array/stri
ng passed to a non-const parameter
d:\UG\# open.mp\qawno\include\MapFix.inc(444) : warning 239: literal array/stri
ng passed to a non-const parameter
d:\UG\# open.mp\qawno\include\MapFix.inc(446) : warning 239: literal array/stri
ng passed to a non-const parameter
d:\UG\# open.mp\qawno\include\MapFix.inc(446) : warning 239: literal array/stri
ng passed to a non-const parameter
d:\UG\# open.mp\qawno\include\MapFix.inc(448) : warning 239: literal array/stri
ng passed to a non-const parameter
d:\UG\# open.mp\qawno\include\MapFix.inc(448) : warning 239: literal array/stri
ng passed to a non-const parameter
d:\UG\# open.mp\qawno\include\MapFix.inc(450) : warning 239: literal array/stri
ng passed to a non-const parameter
d:\UG\# open.mp\qawno\include\MapFix.inc(450) : warning 239: literal array/stri
ng passed to a non-const parameter
d:\UG\# open.mp\qawno\include\MapFix.inc(452) : warning 239: literal array/stri
ng passed to a non-const parameter
d:\UG\# open.mp\qawno\include\MapFix.inc(452) : warning 239: literal array/stri
ng passed to a non-const parameter
d:\UG\# open.mp\qawno\include\MapFix.inc(454) : warning 239: literal array/stri
ng passed to a non-const parameter
d:\UG\# open.mp\qawno\include\MapFix.inc(454) : warning 239: literal array/stri
ng passed to a non-const parameter
d:\UG\# open.mp\qawno\include\MapFix.inc(456) : warning 239: literal array/stri
ng passed to a non-const parameter
d:\UG\# open.mp\qawno\include\MapFix.inc(456) : warning 239: literal array/stri
ng passed to a non-const parameter
d:\UG\# open.mp\qawno\include\MapFix.inc(458) : warning 239: literal array/stri
ng passed to a non-const parameter
d:\UG\# open.mp\qawno\include\MapFix.inc(458) : warning 239: literal array/stri
ng passed to a non-const parameter
d:\UG\# open.mp\qawno\include\MapFix.inc(460) : warning 239: literal array/stri
ng passed to a non-const parameter
d:\UG\# open.mp\qawno\include\MapFix.inc(460) : warning 239: literal array/stri
ng passed to a non-const parameter
d:\UG\# open.mp\qawno\include\MapFix.inc(462) : warning 239: literal array/stri
ng passed to a non-const parameter
d:\UG\# open.mp\qawno\include\MapFix.inc(462) : warning 239: literal array/stri
ng passed to a non-const parameter
d:\UG\# open.mp\qawno\include\MapFix.inc(464) : warning 239: literal array/stri
ng passed to a non-const parameter
d:\UG\# open.mp\qawno\include\MapFix.inc(464) : warning 239: literal array/stri
ng passed to a non-const parameter
d:\UG\# open.mp\qawno\include\MapFix.inc(466) : warning 239: literal array/stri
ng passed to a non-const parameter
d:\UG\# open.mp\qawno\include\MapFix.inc(466) : warning 239: literal array/stri
ng passed to a non-const parameter
d:\UG\# open.mp\qawno\include\MapFix.inc(468) : warning 239: literal array/stri
ng passed to a non-const parameter
d:\UG\# open.mp\qawno\include\MapFix.inc(468) : warning 239: literal array/stri
ng passed to a non-const parameter
d:\UG\# open.mp\qawno\include\MapFix.inc(470) : warning 239: literal array/stri
ng passed to a non-const parameter
d:\UG\# open.mp\qawno\include\MapFix.inc(470) : warning 239: literal array/stri
ng passed to a non-const parameter
d:\UG\# open.mp\qawno\include\MapFix.inc(472) : warning 239: literal array/stri
ng passed to a non-const parameter
d:\UG\# open.mp\qawno\include\MapFix.inc(472) : warning 239: literal array/stri
ng passed to a non-const parameter
d:\UG\# open.mp\qawno\include\MapFix.inc(484) : warning 239: literal array/stri
ng passed to a non-const parameter
d:\UG\# open.mp\qawno\include\MapFix.inc(484) : warning 239: literal array/stri
ng passed to a non-const parameter
d:\UG\# open.mp\qawno\include\MapFix.inc(489) : warning 239: literal array/stri
ng passed to a non-const parameter
d:\UG\# open.mp\qawno\include\MapFix.inc(489) : warning 239: literal array/stri
ng passed to a non-const parameter
d:\UG\# open.mp\qawno\include\MapFix.inc(491) : warning 239: literal array/stri
ng passed to a non-const parameter
d:\UG\# open.mp\qawno\include\MapFix.inc(491) : warning 239: literal array/stri
ng passed to a non-const parameter
d:\UG\# open.mp\qawno\include\MapFix.inc(519) : warning 239: literal array/stri
ng passed to a non-const parameter
d:\UG\# open.mp\qawno\include\MapFix.inc(519) : warning 239: literal array/stri
ng passed to a non-const parameter
d:\UG\# open.mp\qawno\include\MapFix.inc(521) : warning 239: literal array/stri
ng passed to a non-const parameter
d:\UG\# open.mp\qawno\include\MapFix.inc(521) : warning 239: literal array/stri
ng passed to a non-const parameter
d:\UG\# open.mp\qawno\include\MapFix.inc(523) : warning 239: literal array/stri
ng passed to a non-const parameter
d:\UG\# open.mp\qawno\include\MapFix.inc(523) : warning 239: literal array/stri
ng passed to a non-const parameter
d:\UG\# open.mp\qawno\include\MapFix.inc(525) : warning 239: literal array/stri
ng passed to a non-const parameter
d:\UG\# open.mp\qawno\include\MapFix.inc(525) : warning 239: literal array/stri
ng passed to a non-const parameter
d:\UG\# open.mp\qawno\include\MapFix.inc(527) : warning 239: literal array/stri
ng passed to a non-const parameter
d:\UG\# open.mp\qawno\include\MapFix.inc(527) : warning 239: literal array/stri
ng passed to a non-const parameter
d:\UG\# open.mp\qawno\include\MapFix.inc(529) : warning 239: literal array/stri
ng passed to a non-const parameter
d:\UG\# open.mp\qawno\include\MapFix.inc(529) : warning 239: literal array/stri
ng passed to a non-const parameter
d:\UG\# open.mp\qawno\include\MapFix.inc(531) : warning 239: literal array/stri
ng passed to a non-const parameter
d:\UG\# open.mp\qawno\include\MapFix.inc(531) : warning 239: literal array/stri
ng passed to a non-const parameter
d:\UG\# open.mp\qawno\include\MapFix.inc(533) : warning 239: literal array/stri
ng passed to a non-const parameter
d:\UG\# open.mp\qawno\include\MapFix.inc(533) : warning 239: literal array/stri
ng passed to a non-const parameter
d:\UG\# open.mp\qawno\include\MapFix.inc(535) : warning 239: literal array/stri
ng passed to a non-const parameter
d:\UG\# open.mp\qawno\include\MapFix.inc(535) : warning 239: literal array/stri
ng passed to a non-const parameter
d:\UG\# open.mp\qawno\include\MapFix.inc(537) : warning 239: literal array/stri
ng passed to a non-const parameter
d:\UG\# open.mp\qawno\include\MapFix.inc(537) : warning 239: literal array/stri
ng passed to a non-const parameter
d:\UG\# open.mp\qawno\include\MapFix.inc(539) : warning 239: literal array/stri
ng passed to a non-const parameter
d:\UG\# open.mp\qawno\include\MapFix.inc(539) : warning 239: literal array/stri
ng passed to a non-const parameter
d:\UG\# open.mp\qawno\include\MapFix.inc(541) : warning 239: literal array/stri
ng passed to a non-const parameter
d:\UG\# open.mp\qawno\include\MapFix.inc(541) : warning 239: literal array/stri
ng passed to a non-const parameter
d:\UG\# open.mp\qawno\include\MapFix.inc(554) : warning 239: literal array/stri
ng passed to a non-const parameter
d:\UG\# open.mp\qawno\include\MapFix.inc(554) : warning 239: literal array/stri
ng passed to a non-const parameter
d:\UG\# open.mp\qawno\include\MapFix.inc(586) : warning 239: literal array/stri
ng passed to a non-const parameter
d:\UG\# open.mp\qawno\include\MapFix.inc(586) : warning 239: literal array/stri
ng passed to a non-const parameter
d:\UG\# open.mp\qawno\include\MapFix.inc(592) : warning 239: literal array/stri
ng passed to a non-const parameter
d:\UG\# open.mp\qawno\include\MapFix.inc(592) : warning 239: literal array/stri
ng passed to a non-const parameter
d:\UG\# open.mp\qawno\include\MapFix.inc(594) : warning 239: literal array/stri
ng passed to a non-const parameter
d:\UG\# open.mp\qawno\include\MapFix.inc(594) : warning 239: literal array/stri
ng passed to a non-const parameter
d:\UG\# open.mp\qawno\include\MapFix.inc(596) : warning 239: literal array/stri
ng passed to a non-const parameter
d:\UG\# open.mp\qawno\include\MapFix.inc(596) : warning 239: literal array/stri
ng passed to a non-const parameter
d:\UG\# open.mp\qawno\include\MapFix.inc(608) : warning 239: literal array/stri
ng passed to a non-const parameter
d:\UG\# open.mp\qawno\include\MapFix.inc(608) : warning 239: literal array/stri
ng passed to a non-const parameter
d:\UG\# open.mp\qawno\include\MapFix.inc(610) : warning 239: literal array/stri
ng passed to a non-const parameter
d:\UG\# open.mp\qawno\include\MapFix.inc(610) : warning 239: literal array/stri
ng passed to a non-const parameter
d:\UG\# open.mp\qawno\include\MapFix.inc(612) : warning 239: literal array/stri
ng passed to a non-const parameter
d:\UG\# open.mp\qawno\include\MapFix.inc(612) : warning 239: literal array/stri
ng passed to a non-const parameter
d:\UG\# open.mp\qawno\include\MapFix.inc(614) : warning 239: literal array/stri
ng passed to a non-const parameter
d:\UG\# open.mp\qawno\include\MapFix.inc(614) : warning 239: literal array/stri
ng passed to a non-const parameter
d:\UG\# open.mp\qawno\include\MapFix.inc(616) : warning 239: literal array/stri
ng passed to a non-const parameter
d:\UG\# open.mp\qawno\include\MapFix.inc(616) : warning 239: literal array/stri
ng passed to a non-const parameter
d:\UG\# open.mp\qawno\include\MapFix.inc(618) : warning 239: literal array/stri
ng passed to a non-const parameter
d:\UG\# open.mp\qawno\include\MapFix.inc(618) : warning 239: literal array/stri
ng passed to a non-const parameter
d:\UG\# open.mp\qawno\include\MapFix.inc(620) : warning 239: literal array/stri
ng passed to a non-const parameter
d:\UG\# open.mp\qawno\include\MapFix.inc(620) : warning 239: literal array/stri
ng passed to a non-const parameter
d:\UG\# open.mp\qawno\include\MapFix.inc(622) : warning 239: literal array/stri
ng passed to a non-const parameter
d:\UG\# open.mp\qawno\include\MapFix.inc(622) : warning 239: literal array/stri
ng passed to a non-const parameter
d:\UG\# open.mp\qawno\include\MapFix.inc(624) : warning 239: literal array/stri
ng passed to a non-const parameter
d:\UG\# open.mp\qawno\include\MapFix.inc(624) : warning 239: literal array/stri
ng passed to a non-const parameter
d:\UG\# open.mp\qawno\include\MapFix.inc(626) : warning 239: literal array/stri
ng passed to a non-const parameter
d:\UG\# open.mp\qawno\include\MapFix.inc(626) : warning 239: literal array/stri
ng passed to a non-const parameter
d:\UG\# open.mp\qawno\include\MapFix.inc(633) : warning 239: literal array/stri
ng passed to a non-const parameter
d:\UG\# open.mp\qawno\include\MapFix.inc(633) : warning 239: literal array/stri
ng passed to a non-const parameter
d:\UG\# open.mp\qawno\include\MapFix.inc(635) : warning 239: literal array/stri
ng passed to a non-const parameter
d:\UG\# open.mp\qawno\include\MapFix.inc(635) : warning 239: literal array/stri
ng passed to a non-const parameter
d:\UG\# open.mp\qawno\include\MapFix.inc(637) : warning 239: literal array/stri
ng passed to a non-const parameter
d:\UG\# open.mp\qawno\include\MapFix.inc(637) : warning 239: literal array/stri
ng passed to a non-const parameter
d:\UG\# open.mp\qawno\include\MapFix.inc(639) : warning 239: literal array/stri
ng passed to a non-const parameter
d:\UG\# open.mp\qawno\include\MapFix.inc(639) : warning 239: literal array/stri
ng passed to a non-const parameter
d:\UG\# open.mp\qawno\include\MapFix.inc(641) : warning 239: literal array/stri
ng passed to a non-const parameter
d:\UG\# open.mp\qawno\include\MapFix.inc(641) : warning 239: literal array/stri
ng passed to a non-const parameter
d:\UG\# open.mp\qawno\include\MapFix.inc(698) : warning 239: literal array/stri
ng passed to a non-const parameter
d:\UG\# open.mp\qawno\include\MapFix.inc(698) : warning 239: literal array/stri
ng passed to a non-const parameter
d:\UG\# open.mp\qawno\include\MapFix.inc(700) : warning 239: literal array/stri
ng passed to a non-const parameter
d:\UG\# open.mp\qawno\include\MapFix.inc(700) : warning 239: literal array/stri
ng passed to a non-const parameter
d:\UG\# open.mp\qawno\include\MapFix.inc(719) : warning 239: literal array/stri
ng passed to a non-const parameter
d:\UG\# open.mp\qawno\include\MapFix.inc(719) : warning 239: literal array/stri
ng passed to a non-const parameter
d:\UG\# open.mp\qawno\include\MapFix.inc(746) : warning 239: literal array/stri
ng passed to a non-const parameter
d:\UG\# open.mp\qawno\include\MapFix.inc(746) : warning 239: literal array/stri
ng passed to a non-const parameter
d:\UG\# open.mp\qawno\include\MapFix.inc(748) : warning 239: literal array/stri
ng passed to a non-const parameter
d:\UG\# open.mp\qawno\include\MapFix.inc(748) : warning 239: literal array/stri
ng passed to a non-const parameter
d:\UG\# open.mp\qawno\include\MapFix.inc(750) : warning 239: literal array/stri
ng passed to a non-const parameter
d:\UG\# open.mp\qawno\include\MapFix.inc(750) : warning 239: literal array/stri
ng passed to a non-const parameter
d:\UG\# open.mp\qawno\include\MapFix.inc(752) : warning 239: literal array/stri
ng passed to a non-const parameter
d:\UG\# open.mp\qawno\include\MapFix.inc(752) : warning 239: literal array/stri
ng passed to a non-const parameter
d:\UG\# open.mp\qawno\include\MapFix.inc(754) : warning 239: literal array/stri
ng passed to a non-const parameter
d:\UG\# open.mp\qawno\include\MapFix.inc(754) : warning 239: literal array/stri
ng passed to a non-const parameter
d:\UG\# open.mp\qawno\include\MapFix.inc(756) : warning 239: literal array/stri
ng passed to a non-const parameter
d:\UG\# open.mp\qawno\include\MapFix.inc(756) : warning 239: literal array/stri
ng passed to a non-const parameter
d:\UG\# open.mp\qawno\include\MapFix.inc(758) : warning 239: literal array/stri
ng passed to a non-const parameter
d:\UG\# open.mp\qawno\include\MapFix.inc(758) : warning 239: literal array/stri
ng passed to a non-const parameter
d:\UG\# open.mp\qawno\include\MapFix.inc(760) : warning 239: literal array/stri
ng passed to a non-const parameter
d:\UG\# open.mp\qawno\include\MapFix.inc(760) : warning 239: literal array/stri
ng passed to a non-const parameter
d:\UG\# open.mp\qawno\include\MapFix.inc(784) : warning 239: literal array/stri
ng passed to a non-const parameter
d:\UG\# open.mp\qawno\include\MapFix.inc(784) : warning 239: literal array/stri
ng passed to a non-const parameter
d:\UG\# open.mp\qawno\include\MapFix.inc(786) : warning 239: literal array/stri
ng passed to a non-const parameter
d:\UG\# open.mp\qawno\include\MapFix.inc(786) : warning 239: literal array/stri
ng passed to a non-const parameter
d:\UG\# open.mp\qawno\include\MapFix.inc(790) : warning 239: literal array/stri
ng passed to a non-const parameter
d:\UG\# open.mp\qawno\include\MapFix.inc(790) : warning 239: literal array/stri
ng passed to a non-const parameter
d:\UG\# open.mp\qawno\include\MapFix.inc(792) : warning 239: literal array/stri
ng passed to a non-const parameter
d:\UG\# open.mp\qawno\include\MapFix.inc(792) : warning 239: literal array/stri
ng passed to a non-const parameter
d:\UG\# open.mp\qawno\include\MapFix.inc(832) : warning 239: literal array/stri
ng passed to a non-const parameter
d:\UG\# open.mp\qawno\include\MapFix.inc(832) : warning 239: literal array/stri
ng passed to a non-const parameter
d:\UG\# open.mp\qawno\include\MapFix.inc(834) : warning 239: literal array/stri
ng passed to a non-const parameter
d:\UG\# open.mp\qawno\include\MapFix.inc(834) : warning 239: literal array/stri
ng passed to a non-const parameter
d:\UG\# open.mp\qawno\include\MapFix.inc(855) : warning 239: literal array/stri
ng passed to a non-const parameter
d:\UG\# open.mp\qawno\include\MapFix.inc(855) : warning 239: literal array/stri
ng passed to a non-const parameter
d:\UG\# open.mp\qawno\include\MapFix.inc(857) : warning 239: literal array/stri
ng passed to a non-const parameter
d:\UG\# open.mp\qawno\include\MapFix.inc(857) : warning 239: literal array/stri
ng passed to a non-const parameter
d:\UG\# open.mp\qawno\include\MapFix.inc(885) : warning 239: literal array/stri
ng passed to a non-const parameter
d:\UG\# open.mp\qawno\include\MapFix.inc(885) : warning 239: literal array/stri
ng passed to a non-const parameter
d:\UG\# open.mp\qawno\include\MapFix.inc(887) : warning 239: literal array/stri
ng passed to a non-const parameter
d:\UG\# open.mp\qawno\include\MapFix.inc(887) : warning 239: literal array/stri
ng passed to a non-const parameter
d:\UG\# open.mp\qawno\include\MapFix.inc(889) : warning 239: literal array/stri
ng passed to a non-const parameter
d:\UG\# open.mp\qawno\include\MapFix.inc(889) : warning 239: literal array/stri
ng passed to a non-const parameter
d:\UG\# open.mp\qawno\include\MapFix.inc(891) : warning 239: literal array/stri
ng passed to a non-const parameter
d:\UG\# open.mp\qawno\include\MapFix.inc(891) : warning 239: literal array/stri
ng passed to a non-const parameter
d:\UG\# open.mp\qawno\include\MapFix.inc(899) : warning 239: literal array/stri
ng passed to a non-const parameter
d:\UG\# open.mp\qawno\include\MapFix.inc(899) : warning 239: literal array/stri
ng passed to a non-const parameter
d:\UG\gamemodes\maps/zeljezara_mapa.inc(248) : warning 240: assigned value is n
ever used (symbol "tmpobjid")
d:\UG\gamemodes\maps/zeljezara_mapa.inc(250) : warning 240: assigned value is n
ever used (symbol "tmpobjid")
d:\UG\gamemodes\maps/zeljezara_mapa.inc(251) : warning 240: assigned value is n
ever used (symbol "tmpobjid")
d:\UG\gamemodes\maps/zeljezara_mapa.inc(252) : warning 240: assigned value is n
ever used (symbol "tmpobjid")
d:\UG\gamemodes\maps/zeljezara_mapa.inc(253) : warning 240: assigned value is n
ever used (symbol "tmpobjid")
d:\UG\gamemodes\maps/zeljezara_mapa.inc(254) : warning 240: assigned value is n
ever used (symbol "tmpobjid")
d:\UG\gamemodes\maps/zeljezara_mapa.inc(255) : warning 240: assigned value is n
ever used (symbol "tmpobjid")
d:\UG\gamemodes\maps/zeljezara_mapa.inc(256) : warning 240: assigned value is n
ever used (symbol "tmpobjid")
d:\UG\gamemodes\maps/zeljezara_mapa.inc(257) : warning 240: assigned value is n
ever used (symbol "tmpobjid")
d:\UG\gamemodes\maps/zeljezara_mapa.inc(258) : warning 240: assigned value is n
ever used (symbol "tmpobjid")
d:\UG\gamemodes\maps/zeljezara_mapa.inc(259) : warning 240: assigned value is n
ever used (symbol "tmpobjid")
d:\UG\gamemodes\maps/zeljezara_mapa.inc(260) : warning 240: assigned value is n
ever used (symbol "tmpobjid")
d:\UG\gamemodes\maps/zeljezara_mapa.inc(261) : warning 240: assigned value is n
ever used (symbol "tmpobjid")
d:\UG\gamemodes\maps/zeljezara_mapa.inc(262) : warning 240: assigned value is n
ever used (symbol "tmpobjid")
d:\UG\gamemodes\maps/zeljezara_mapa.inc(263) : warning 240: assigned value is n
ever used (symbol "tmpobjid")
d:\UG\gamemodes\maps/zeljezara_mapa.inc(264) : warning 240: assigned value is n
ever used (symbol "tmpobjid")
d:\UG\gamemodes\maps/zeljezara_mapa.inc(265) : warning 240: assigned value is n
ever used (symbol "tmpobjid")
d:\UG\gamemodes\maps/zeljezara_mapa.inc(266) : warning 240: assigned value is n
ever used (symbol "tmpobjid")
d:\UG\gamemodes\maps/zeljezara_mapa.inc(267) : warning 240: assigned value is n
ever used (symbol "tmpobjid")
d:\UG\gamemodes\maps/zeljezara_mapa.inc(268) : warning 240: assigned value is n
ever used (symbol "tmpobjid")
d:\UG\gamemodes\maps/zeljezara_mapa.inc(269) : warning 240: assigned value is n
ever used (symbol "tmpobjid")
d:\UG\gamemodes\maps/zeljezara_mapa.inc(270) : warning 240: assigned value is n
ever used (symbol "tmpobjid")
d:\UG\gamemodes\maps/zeljezara_mapa.inc(273) : warning 240: assigned value is n
ever used (symbol "tmpobjid")
d:\UG\gamemodes\maps/zeljezara_mapa.inc(274) : warning 240: assigned value is n
ever used (symbol "tmpobjid")
d:\UG\gamemodes\maps/zeljezara_mapa.inc(275) : warning 240: assigned value is n
ever used (symbol "tmpobjid")
d:\UG\gamemodes\maps/zeljezara_mapa.inc(276) : warning 240: assigned value is n
ever used (symbol "tmpobjid")
d:\UG\gamemodes\maps/zeljezara_mapa.inc(277) : warning 240: assigned value is n
ever used (symbol "tmpobjid")
d:\UG\gamemodes\maps/zeljezara_mapa.inc(278) : warning 240: assigned value is n
ever used (symbol "tmpobjid")
d:\UG\gamemodes\maps/zeljezara_mapa.inc(279) : warning 240: assigned value is n
ever used (symbol "tmpobjid")
d:\UG\gamemodes\maps/zeljezara_mapa.inc(280) : warning 240: assigned value is n
ever used (symbol "tmpobjid")
d:\UG\gamemodes\maps/zeljezara_mapa.inc(281) : warning 240: assigned value is n
ever used (symbol "tmpobjid")
d:\UG\gamemodes\maps/zeljezara_mapa.inc(282) : warning 240: assigned value is n
ever used (symbol "tmpobjid")
d:\UG\gamemodes\maps/zeljezara_mapa.inc(283) : warning 240: assigned value is n
ever used (symbol "tmpobjid")
d:\UG\gamemodes\maps/zeljezara_mapa.inc(284) : warning 240: assigned value is n
ever used (symbol "tmpobjid")
d:\UG\gamemodes\maps/zeljezara_mapa.inc(285) : warning 240: assigned value is n
ever used (symbol "tmpobjid")
d:\UG\gamemodes\maps/zeljezara_mapa.inc(286) : warning 240: assigned value is n
ever used (symbol "tmpobjid")
d:\UG\gamemodes\maps/zeljezara_mapa.inc(287) : warning 240: assigned value is n
ever used (symbol "tmpobjid")
d:\UG\gamemodes\maps/zeljezara_mapa.inc(288) : warning 240: assigned value is n
ever used (symbol "tmpobjid")
d:\UG\gamemodes\maps/zeljezara_mapa.inc(313) : warning 240: assigned value is n
ever used (symbol "tmpobjid")
d:\UG\gamemodes\maps/zeljezara_mapa.inc(314) : warning 204: symbol is assigned 
a value that is never used: "tmpobjid"
d:\UG\gamemodes\systems/zeljezara.inc(271) : warning 214: possibly a "const" ar
ray argument was intended: "msg"
d:\UG\gamemodes\systems/zeljezara.inc(275) : warning 214: possibly a "const" ar
ray argument was intended: "msg"
d:\UG\gamemodes\systems/zeljezara.inc(280) : warning 214: possibly a "const" ar
ray argument was intended: "msg"
d:\UG\gamemodes\systems/zeljezara.inc(396) : warning 239: literal array/string 
passed to a non-const parameter
d:\UG\gamemodes\systems/zeljezara.inc(409) : warning 239: literal array/string 
passed to a non-const parameter
d:\UG\gamemodes\systems/zeljezara.inc(422) : warning 239: literal array/string 
passed to a non-const parameter
d:\UG\gamemodes\systems/zeljezara.inc(433) : warning 239: literal array/string 
passed to a non-const parameter
d:\UG\gamemodes\systems/zeljezara.inc(444) : warning 239: literal array/string 
passed to a non-const parameter
d:\UG\gamemodes\systems/zeljezara.inc(607) : warning 239: literal array/string 
passed to a non-const parameter
d:\UG\gamemodes\systems/zeljezara.inc(619) : warning 239: literal array/string 
passed to a non-const parameter
d:\UG\gamemodes\systems/zeljezara.inc(640) : warning 239: literal array/string 
passed to a non-const parameter
d:\UG\gamemodes\systems/zeljezara.inc(642) : warning 239: literal array/string 
passed to a non-const parameter
d:\UG\gamemodes\systems/zeljezara.inc(643) : warning 239: literal array/string 
passed to a non-const parameter
d:\UG\gamemodes\systems/zeljezara.inc(687) : warning 239: literal array/string 
passed to a non-const parameter
d:\UG\gamemodes\systems/zeljezara.inc(719) : warning 239: literal array/string 
passed to a non-const parameter
d:\UG\gamemodes\systems/zeljezara.inc(731) : warning 239: literal array/string 
passed to a non-const parameter
d:\UG\gamemodes\systems/zeljezara.inc(738) : warning 239: literal array/string 
passed to a non-const parameter
d:\UG\gamemodes\systems/zeljezara.inc(743) : warning 239: literal array/string 
passed to a non-const parameter
d:\UG\gamemodes\systems/zeljezara.inc(754) : warning 239: literal array/string 
passed to a non-const parameter
d:\UG\gamemodes\systems/zeljezara.inc(758) : warning 239: literal array/string 
passed to a non-const parameter
d:\UG\gamemodes\systems/zeljezara.inc(759) : warning 239: literal array/string 
passed to a non-const parameter
d:\UG\gamemodes\systems/zeljezara.inc(760) : warning 239: literal array/string 
passed to a non-const parameter
d:\UG\gamemodes\systems/zeljezara.inc(761) : warning 239: literal array/string 
passed to a non-const parameter
d:\UG\gamemodes\systems/zeljezara.inc(769) : warning 239: literal array/string 
passed to a non-const parameter
d:\UG\gamemodes\systems/zeljezara.inc(772) : warning 239: literal array/string 
passed to a non-const parameter
d:\UG\gamemodes\systems/zeljezara.inc(775) : warning 239: literal array/string 
passed to a non-const parameter
d:\UG\gamemodes\systems/zeljezara.inc(787) : warning 239: literal array/string 
passed to a non-const parameter
d:\UG\gamemodes\systems/zeljezara.inc(790) : warning 239: literal array/string 
passed to a non-const parameter
d:\UG\gamemodes\systems/zeljezara.inc(793) : warning 239: literal array/string 
passed to a non-const parameter
d:\UG\gamemodes\systems/zeljezara.inc(837) : warning 239: literal array/string 
passed to a non-const parameter
d:\UG\gamemodes\systems/zeljezara.inc(838) : warning 239: literal array/string 
passed to a non-const parameter
d:\UG\gamemodes\systems/zeljezara.inc(927) : warning 239: literal array/string 
passed to a non-const parameter
d:\UG\gamemodes\systems/zeljezara.inc(930) : warning 239: literal array/string 
passed to a non-const parameter
d:\UG\gamemodes\systems/zeljezara.inc(943) : warning 239: literal array/string 
passed to a non-const parameter
d:\UG\gamemodes\systems/zeljezara.inc(949) : warning 239: literal array/string 
passed to a non-const parameter
d:\UG\gamemodes\systems/zeljezara.inc(955) : warning 239: literal array/string 
passed to a non-const parameter
d:\UG\gamemodes\systems/zeljezara.inc(985) : warning 239: literal array/string 
passed to a non-const parameter
d:\UG\gamemodes\systems/zeljezara.inc(988) : warning 239: literal array/string 
passed to a non-const parameter
d:\UG\gamemodes\systems/zeljezara.inc(988) : warning 239: literal array/string 
passed to a non-const parameter
d:\UG\gamemodes\systems/zeljezara.inc(994) : warning 239: literal array/string 
passed to a non-const parameter
d:\UG\gamemodes\systems/zeljezara.inc(1054) : warning 239: literal array/string
 passed to a non-const parameter
d:\UG\gamemodes\systems/zeljezara.inc(1054) : warning 239: literal array/string
 passed to a non-const parameter
d:\UG\gamemodes\systems/zeljezara.inc(1068) : warning 239: literal array/string
 passed to a non-const parameter
d:\UG\gamemodes\systems/zeljezara.inc(1119) : warning 239: literal array/string
 passed to a non-const parameter
d:\UG\gamemodes\systems/zeljezara.inc(1136) : warning 239: literal array/string
 passed to a non-const parameter
d:\UG\gamemodes\systems/zeljezara.inc(1139) : warning 239: literal array/string
 passed to a non-const parameter
d:\UG\gamemodes\systems/zeljezara.inc(1142) : warning 239: literal array/string
 passed to a non-const parameter
d:\UG\gamemodes\systems/zeljezara.inc(1145) : warning 239: literal array/string
 passed to a non-const parameter
d:\UG\gamemodes\systems/zeljezara.inc(1155) : warning 239: literal array/string
 passed to a non-const parameter
d:\UG\gamemodes\systems/zeljezara.inc(1165) : warning 239: literal array/string
 passed to a non-const parameter
d:\UG\gamemodes\systems/zeljezara.inc(1196) : warning 239: literal array/string
 passed to a non-const parameter
d:\UG\gamemodes\systems/zeljezara.inc(1198) : warning 239: literal array/string
 passed to a non-const parameter
d:\UG\gamemodes\systems/zeljezara.inc(1217) : warning 239: literal array/string
 passed to a non-const parameter
d:\UG\gamemodes\systems/zeljezara.inc(1220) : warning 239: literal array/string
 passed to a non-const parameter
d:\UG\gamemodes\systems/zeljezara.inc(1223) : warning 239: literal array/string
 passed to a non-const parameter
d:\UG\gamemodes\systems/zeljezara.inc(1224) : warning 239: literal array/string
 passed to a non-const parameter
d:\UG\gamemodes\systems/zeljezara.inc(1225) : warning 239: literal array/string
 passed to a non-const parameter
d:\UG\gamemodes\systems/zeljezara.inc(1234) : warning 239: literal array/string
 passed to a non-const parameter
d:\UG\gamemodes\systems/zeljezara.inc(1236) : warning 239: literal array/string
 passed to a non-const parameter
d:\UG\gamemodes\systems/zeljezara.inc(1237) : warning 239: literal array/string
 passed to a non-const parameter
d:\UG\gamemodes\systems/zeljezara.inc(1241) : warning 239: literal array/string
 passed to a non-const parameter
d:\UG\gamemodes\systems/zeljezara.inc(1242) : warning 239: literal array/string
 passed to a non-const parameter
d:\UG\gamemodes\systems/zeljezara.inc(1258) : warning 239: literal array/string
 passed to a non-const parameter
d:\UG\gamemodes\systems/zeljezara.inc(1260) : warning 239: literal array/string
 passed to a non-const parameter
d:\UG\gamemodes\systems/zeljezara.inc(1261) : warning 239: literal array/string
 passed to a non-const parameter
d:\UG\gamemodes\systems/zeljezara.inc(1300) : warning 239: literal array/string
 passed to a non-const parameter
d:\UG\gamemodes\systems/zeljezara.inc(1302) : warning 239: literal array/string
 passed to a non-const parameter
d:\UG\gamemodes\systems/zeljezara.inc(1303) : warning 239: literal array/string
 passed to a non-const parameter
d:\UG\gamemodes\systems/zeljezara.inc(1311) : warning 239: literal array/string
 passed to a non-const parameter
d:\UG\gamemodes\systems/zeljezara.inc(1312) : warning 239: literal array/string
 passed to a non-const parameter
d:\UG\gamemodes\systems/zeljezara.inc(1338) : warning 239: literal array/string
 passed to a non-const parameter
d:\UG\gamemodes\systems/zeljezara.inc(1340) : warning 239: literal array/string
 passed to a non-const parameter
d:\UG\gamemodes\systems/zeljezara.inc(1341) : warning 239: literal array/string
 passed to a non-const parameter
d:\UG\gamemodes\systems/zeljezara.inc(1358) : warning 239: literal array/string
 passed to a non-const parameter
d:\UG\gamemodes\systems/zeljezara.inc(1359) : warning 239: literal array/string
 passed to a non-const parameter
d:\UG\gamemodes\systems/zeljezara.inc(1396) : warning 239: literal array/string
 passed to a non-const parameter
d:\UG\gamemodes\systems/zeljezara.inc(1398) : warning 239: literal array/string
 passed to a non-const parameter
d:\UG\gamemodes\systems/zeljezara.inc(1399) : warning 239: literal array/string
 passed to a non-const parameter
d:\UG\gamemodes\systems/zeljezara.inc(1407) : warning 239: literal array/string
 passed to a non-const parameter
d:\UG\gamemodes\systems/zeljezara.inc(1428) : warning 239: literal array/string
 passed to a non-const parameter
d:\UG\gamemodes\systems/zeljezara.inc(1443) : warning 239: literal array/string
 passed to a non-const parameter
d:\UG\gamemodes\systems/zeljezara.inc(1452) : warning 239: literal array/string
 passed to a non-const parameter
d:\UG\gamemodes\systems/zeljezara.inc(1456) : warning 239: literal array/string
 passed to a non-const parameter
d:\UG\gamemodes\systems/zeljezara.inc(1461) : warning 239: literal array/string
 passed to a non-const parameter
d:\UG\gamemodes\systems/zeljezara.inc(1465) : warning 239: literal array/string
 passed to a non-const parameter
d:\UG\gamemodes\systems/zeljezara.inc(1475) : warning 239: literal array/string
 passed to a non-const parameter
d:\UG\gamemodes\systems/zeljezara.inc(1532) : warning 239: literal array/string
 passed to a non-const parameter
d:\UG\gamemodes\maps/plastika_mapa.inc(954) : warning 240: assigned value is ne
ver used (symbol "tmpobjid")
d:\UG\gamemodes\maps/plastika_mapa.inc(955) : warning 240: assigned value is ne
ver used (symbol "tmpobjid")
d:\UG\gamemodes\maps/plastika_mapa.inc(956) : warning 240: assigned value is ne
ver used (symbol "tmpobjid")
d:\UG\gamemodes\maps/plastika_mapa.inc(957) : warning 240: assigned value is ne
ver used (symbol "tmpobjid")
d:\UG\gamemodes\maps/plastika_mapa.inc(958) : warning 240: assigned value is ne
ver used (symbol "tmpobjid")
d:\UG\gamemodes\maps/plastika_mapa.inc(959) : warning 240: assigned value is ne
ver used (symbol "tmpobjid")
d:\UG\gamemodes\maps/plastika_mapa.inc(960) : warning 240: assigned value is ne
ver used (symbol "tmpobjid")
d:\UG\gamemodes\maps/plastika_mapa.inc(961) : warning 240: assigned value is ne
ver used (symbol "tmpobjid")
d:\UG\gamemodes\maps/plastika_mapa.inc(962) : warning 204: symbol is assigned a
 value that is never used: "tmpobjid"
d:\UG\gamemodes\systems/plastika.inc(325) : warning 214: possibly a "const" arr
ay argument was intended: "msg"
d:\UG\gamemodes\systems/plastika.inc(326) : warning 214: possibly a "const" arr
ay argument was intended: "msg"
d:\UG\gamemodes\systems/plastika.inc(327) : warning 214: possibly a "const" arr
ay argument was intended: "msg"
d:\UG\gamemodes\systems/plastika.inc(328) : warning 214: possibly a "const" arr
ay argument was intended: "msg"
d:\UG\gamemodes\systems/plastika.inc(344) : warning 239: literal array/string p
assed to a non-const parameter
d:\UG\gamemodes\systems/plastika.inc(431) : warning 239: literal array/string p
assed to a non-const parameter
d:\UG\gamemodes\systems/plastika.inc(442) : warning 239: literal array/string p
assed to a non-const parameter
d:\UG\gamemodes\systems/plastika.inc(453) : warning 239: literal array/string p
assed to a non-const parameter
d:\UG\gamemodes\systems/plastika.inc(462) : warning 239: literal array/string p
assed to a non-const parameter
d:\UG\gamemodes\systems/plastika.inc(500) : warning 239: literal array/string p
assed to a non-const parameter
d:\UG\gamemodes\systems/plastika.inc(508) : warning 239: literal array/string p
assed to a non-const parameter
d:\UG\gamemodes\systems/plastika.inc(517) : warning 239: literal array/string p
assed to a non-const parameter
d:\UG\gamemodes\systems/plastika.inc(526) : warning 239: literal array/string p
assed to a non-const parameter
d:\UG\gamemodes\systems/plastika.inc(535) : warning 239: literal array/string p
assed to a non-const parameter
d:\UG\gamemodes\systems/plastika.inc(544) : warning 239: literal array/string p
assed to a non-const parameter
d:\UG\gamemodes\systems/plastika.inc(557) : warning 239: literal array/string p
assed to a non-const parameter
d:\UG\gamemodes\systems/plastika.inc(563) : warning 239: literal array/string p
assed to a non-const parameter
d:\UG\gamemodes\systems/plastika.inc(569) : warning 239: literal array/string p
assed to a non-const parameter
d:\UG\gamemodes\systems/plastika.inc(578) : warning 239: literal array/string p
assed to a non-const parameter
d:\UG\gamemodes\systems/plastika.inc(612) : warning 239: literal array/string p
assed to a non-const parameter
d:\UG\gamemodes\systems/plastika.inc(618) : warning 239: literal array/string p
assed to a non-const parameter
d:\UG\gamemodes\systems/plastika.inc(641) : warning 239: literal array/string p
assed to a non-const parameter
d:\UG\gamemodes\systems/plastika.inc(668) : warning 239: literal array/string p
assed to a non-const parameter
d:\UG\gamemodes\systems/plastika.inc(687) : warning 239: literal array/string p
assed to a non-const parameter
d:\UG\gamemodes\systems/plastika.inc(689) : warning 239: literal array/string p
assed to a non-const parameter
d:\UG\gamemodes\systems/plastika.inc(750) : warning 239: literal array/string p
assed to a non-const parameter
d:\UG\gamemodes\systems/plastika.inc(756) : warning 239: literal array/string p
assed to a non-const parameter
d:\UG\gamemodes\systems/plastika.inc(766) : warning 239: literal array/string p
assed to a non-const parameter
d:\UG\gamemodes\systems/plastika.inc(770) : warning 239: literal array/string p
assed to a non-const parameter
d:\UG\gamemodes\systems/plastika.inc(772) : warning 239: literal array/string p
assed to a non-const parameter
d:\UG\gamemodes\systems/plastika.inc(778) : warning 239: literal array/string p
assed to a non-const parameter
d:\UG\gamemodes\systems/plastika.inc(780) : warning 239: literal array/string p
assed to a non-const parameter
d:\UG\gamemodes\systems/plastika.inc(803) : warning 239: literal array/string p
assed to a non-const parameter
d:\UG\gamemodes\systems/plastika.inc(804) : warning 239: literal array/string p
assed to a non-const parameter
d:\UG\gamemodes\systems/plastika.inc(820) : warning 239: literal array/string p
assed to a non-const parameter
d:\UG\gamemodes\systems/plastika.inc(820) : warning 239: literal array/string p
assed to a non-const parameter
d:\UG\gamemodes\systems/plastika.inc(824) : warning 239: literal array/string p
assed to a non-const parameter
d:\UG\gamemodes\systems/plastika.inc(825) : warning 239: literal array/string p
assed to a non-const parameter
d:\UG\gamemodes\systems/plastika.inc(833) : warning 239: literal array/string p
assed to a non-const parameter
d:\UG\gamemodes\systems/plastika.inc(834) : warning 239: literal array/string p
assed to a non-const parameter
d:\UG\gamemodes\systems/plastika.inc(895) : warning 239: literal array/string p
assed to a non-const parameter
d:\UG\gamemodes\systems/plastika.inc(903) : warning 239: literal array/string p
assed to a non-const parameter
d:\UG\gamemodes\systems/plastika.inc(904) : warning 239: literal array/string p
assed to a non-const parameter
d:\UG\gamemodes\systems/plastika.inc(917) : warning 239: literal array/string p
assed to a non-const parameter
d:\UG\gamemodes\systems/plastika.inc(933) : warning 239: literal array/string p
assed to a non-const parameter
d:\UG\gamemodes\systems/plastika.inc(957) : warning 239: literal array/string p
assed to a non-const parameter
d:\UG\gamemodes\systems/plastika.inc(958) : warning 239: literal array/string p
assed to a non-const parameter
d:\UG\gamemodes\systems/plastika.inc(974) : warning 239: literal array/string p
assed to a non-const parameter
d:\UG\gamemodes\systems/plastika.inc(998) : warning 239: literal array/string p
assed to a non-const parameter
d:\UG\gamemodes\systems/plastika.inc(999) : warning 239: literal array/string p
assed to a non-const parameter
d:\UG\gamemodes\systems/plastika.inc(1051) : warning 239: literal array/string 
passed to a non-const parameter
d:\UG\gamemodes\systems/plastika.inc(1064) : warning 239: literal array/string 
passed to a non-const parameter
d:\UG\gamemodes\systems/plastika.inc(1067) : warning 239: literal array/string 
passed to a non-const parameter
d:\UG\gamemodes\systems/plastika.inc(1073) : warning 239: literal array/string 
passed to a non-const parameter
d:\UG\gamemodes\systems/plastika.inc(1080) : warning 239: literal array/string 
passed to a non-const parameter
d:\UG\gamemodes\systems/plastika.inc(1082) : warning 239: literal array/string 
passed to a non-const parameter
d:\UG\gamemodes\systems/plastika.inc(1083) : warning 239: literal array/string 
passed to a non-const parameter
d:\UG\gamemodes\systems/plastika.inc(1090) : warning 239: literal array/string 
passed to a non-const parameter
d:\UG\gamemodes\systems/plastika.inc(1093) : warning 239: literal array/string 
passed to a non-const parameter
d:\UG\gamemodes\systems/plastika.inc(1094) : warning 239: literal array/string 
passed to a non-const parameter
d:\UG\gamemodes\systems/plastika.inc(1095) : warning 239: literal array/string 
passed to a non-const parameter
d:\UG\gamemodes\systems/plastika.inc(1104) : warning 239: literal array/string 
passed to a non-const parameter
d:\UG\gamemodes\systems/plastika.inc(1105) : warning 239: literal array/string 
passed to a non-const parameter
d:\UG\gamemodes\systems/plastika.inc(1106) : warning 239: literal array/string 
passed to a non-const parameter
d:\UG\gamemodes\systems/plastika.inc(1110) : warning 239: literal array/string 
passed to a non-const parameter
d:\UG\gamemodes\systems/plastika.inc(1110) : warning 239: literal array/string 
passed to a non-const parameter
d:\UG\gamemodes\systems/plastika.inc(1114) : warning 239: literal array/string 
passed to a non-const parameter
d:\UG\gamemodes\systems/plastika.inc(1115) : warning 239: literal array/string 
passed to a non-const parameter
d:\UG\gamemodes\systems/plastika.inc(1125) : warning 239: literal array/string 
passed to a non-const parameter
d:\UG\gamemodes\systems/plastika.inc(1126) : warning 239: literal array/string 
passed to a non-const parameter
d:\UG\gamemodes\systems/plastika.inc(1127) : warning 239: literal array/string 
passed to a non-const parameter
d:\UG\gamemodes\systems/plastika.inc(1141) : warning 239: literal array/string 
passed to a non-const parameter
d:\UG\gamemodes\systems/plastika.inc(1150) : warning 239: literal array/string 
passed to a non-const parameter
d:\UG\gamemodes\systems/plastika.inc(1151) : warning 239: literal array/string 
passed to a non-const parameter
d:\UG\gamemodes\systems/plastika.inc(1152) : warning 239: literal array/string 
passed to a non-const parameter
d:\UG\gamemodes\systems/plastika.inc(1161) : warning 239: literal array/string 
passed to a non-const parameter
d:\UG\gamemodes\systems/plastika.inc(1163) : warning 239: literal array/string 
passed to a non-const parameter
d:\UG\gamemodes\systems/plastika.inc(1165) : warning 239: literal array/string 
passed to a non-const parameter
d:\UG\gamemodes\systems/plastika.inc(1166) : warning 239: literal array/string 
passed to a non-const parameter
d:\UG\gamemodes\systems/plastika.inc(1175) : warning 239: literal array/string 
passed to a non-const parameter
d:\UG\gamemodes\systems/plastika.inc(1176) : warning 239: literal array/string 
passed to a non-const parameter
d:\UG\gamemodes\systems/plastika.inc(1177) : warning 239: literal array/string 
passed to a non-const parameter
d:\UG\gamemodes\systems/plastika.inc(1188) : warning 239: literal array/string 
passed to a non-const parameter
d:\UG\gamemodes\systems/plastika.inc(1220) : warning 239: literal array/string 
passed to a non-const parameter
d:\UG\gamemodes\systems/plastika.inc(1221) : warning 239: literal array/string 
passed to a non-const parameter
d:\UG\gamemodes\systems/plastika.inc(1233) : warning 239: literal array/string 
passed to a non-const parameter
d:\UG\gamemodes\systems/plastika.inc(1277) : warning 239: literal array/string 
passed to a non-const parameter
d:\UG\gamemodes\systems/plastika.inc(1286) : warning 239: literal array/string 
passed to a non-const parameter
d:\UG\gamemodes\systems/plastika.inc(1287) : warning 239: literal array/string 
passed to a non-const parameter
d:\UG\gamemodes\systems/plastika.inc(1288) : warning 239: literal array/string 
passed to a non-const parameter
d:\UG\gamemodes\systems/plastika.inc(1291) : warning 239: literal array/string 
passed to a non-const parameter
d:\UG\gamemodes\systems/plastika.inc(1318) : warning 239: literal array/string 
passed to a non-const parameter
d:\UG\gamemodes\systems/plastika.inc(1319) : warning 239: literal array/string 
passed to a non-const parameter
d:\UG\gamemodes\systems/plastika.inc(1331) : warning 239: literal array/string 
passed to a non-const parameter
d:\UG\gamemodes\systems/plastika.inc(1341) : warning 239: literal array/string 
passed to a non-const parameter
d:\UG\gamemodes\systems/plastika.inc(1343) : warning 239: literal array/string 
passed to a non-const parameter
d:\UG\gamemodes\systems/plastika.inc(1345) : warning 239: literal array/string 
passed to a non-const parameter
d:\UG\gamemodes\systems/plastika.inc(1346) : warning 239: literal array/string 
passed to a non-const parameter
d:\UG\gamemodes\systems/plastika.inc(1357) : warning 239: literal array/string 
passed to a non-const parameter
d:\UG\gamemodes\systems/plastika.inc(1358) : warning 239: literal array/string 
passed to a non-const parameter
d:\UG\gamemodes\systems/plastika.inc(1367) : warning 239: literal array/string 
passed to a non-const parameter
d:\UG\gamemodes\systems/plastika.inc(1369) : warning 239: literal array/string 
passed to a non-const parameter
d:\UG\gamemodes\systems/plastika.inc(1371) : warning 239: literal array/string 
passed to a non-const parameter
d:\UG\gamemodes\systems/plastika.inc(1372) : warning 239: literal array/string 
passed to a non-const parameter
d:\UG\gamemodes\systems/plastika.inc(1383) : warning 239: literal array/string 
passed to a non-const parameter
d:\UG\gamemodes\systems/plastika.inc(1428) : warning 239: literal array/string 
passed to a non-const parameter
d:\UG\gamemodes\systems/plastika.inc(1591) : warning 239: literal array/string 
passed to a non-const parameter
d:\UG\gamemodes\systems/plastika.inc(1600) : warning 239: literal array/string 
passed to a non-const parameter
d:\UG\gamemodes\systems/plastika.inc(1667) : warning 239: literal array/string 
passed to a non-const parameter
d:\UG\gamemodes\systems/plastika.inc(1762) : warning 239: literal array/string 
passed to a non-const parameter
d:\UG\gamemodes\systems/plastika.inc(1767) : warning 239: literal array/string 
passed to a non-const parameter
d:\UG\gamemodes\systems/plastika.inc(1769) : warning 239: literal array/string 
passed to a non-const parameter
d:\UG\gamemodes\systems/plastika.inc(1771) : warning 239: literal array/string 
passed to a non-const parameter
d:\UG\gamemodes\systems/plastika.inc(1781) : warning 239: literal array/string 
passed to a non-const parameter
d:\UG\gamemodes\systems/plastika.inc(1783) : warning 239: literal array/string 
passed to a non-const parameter
d:\UG\gamemodes\systems/plastika.inc(1785) : warning 239: literal array/string 
passed to a non-const parameter
d:\UG\gamemodes\systems/plastika.inc(1787) : warning 239: literal array/string 
passed to a non-const parameter
d:\UG\gamemodes\systems/plastika.inc(1832) : warning 239: literal array/string 
passed to a non-const parameter
d:\UG\gamemodes\systems/plastika.inc(1834) : warning 239: literal array/string 
passed to a non-const parameter
d:\UG\gamemodes\systems/plastika.inc(1835) : warning 239: literal array/string 
passed to a non-const parameter
d:\UG\gamemodes\systems/plastika.inc(1849) : warning 239: literal array/string 
passed to a non-const parameter
d:\UG\gamemodes\systems/kliziste.inc(186) : warning 214: possibly a "const" arr
ay argument was intended: "msg"
d:\UG\gamemodes\systems/kliziste.inc(190) : warning 214: possibly a "const" arr
ay argument was intended: "msg"
d:\UG\gamemodes\systems/kliziste.inc(195) : warning 214: possibly a "const" arr
ay argument was intended: "msg"
d:\UG\gamemodes\systems/kliziste.inc(200) : warning 214: possibly a "const" arr
ay argument was intended: "msg"
d:\UG\gamemodes\systems/kliziste.inc(228) : warning 239: literal array/string p
assed to a non-const parameter
d:\UG\gamemodes\systems/kliziste.inc(247) : warning 239: literal array/string p
assed to a non-const parameter
d:\UG\gamemodes\systems/kliziste.inc(260) : warning 239: literal array/string p
assed to a non-const parameter
d:\UG\gamemodes\systems/kliziste.inc(273) : warning 239: literal array/string p
assed to a non-const parameter
d:\UG\gamemodes\systems/kliziste.inc(286) : warning 239: literal array/string p
assed to a non-const parameter
d:\UG\gamemodes\systems/kliziste.inc(297) : warning 239: literal array/string p
assed to a non-const parameter
d:\UG\gamemodes\systems/kliziste.inc(310) : warning 239: literal array/string p
assed to a non-const parameter
d:\UG\gamemodes\systems/kliziste.inc(316) : warning 239: literal array/string p
assed to a non-const parameter
d:\UG\gamemodes\systems/kliziste.inc(327) : warning 239: literal array/string p
assed to a non-const parameter
d:\UG\gamemodes\systems/kliziste.inc(338) : warning 239: literal array/string p
assed to a non-const parameter
d:\UG\gamemodes\systems/kliziste.inc(346) : warning 239: literal array/string p
assed to a non-const parameter
d:\UG\gamemodes\systems/kliziste.inc(357) : warning 239: literal array/string p
assed to a non-const parameter
d:\UG\gamemodes\systems/kliziste.inc(387) : warning 239: literal array/string p
assed to a non-const parameter
d:\UG\gamemodes\systems/kliziste.inc(393) : warning 239: literal array/string p
assed to a non-const parameter
d:\UG\gamemodes\systems/kliziste.inc(443) : warning 239: literal array/string p
assed to a non-const parameter
d:\UG\gamemodes\systems/kliziste.inc(473) : warning 239: literal array/string p
assed to a non-const parameter
d:\UG\gamemodes\systems/kliziste.inc(493) : warning 239: literal array/string p
assed to a non-const parameter
d:\UG\gamemodes\systems/kliziste.inc(495) : warning 239: literal array/string p
assed to a non-const parameter
d:\UG\gamemodes\systems/kliziste.inc(506) : warning 239: literal array/string p
assed to a non-const parameter
d:\UG\gamemodes\systems/kliziste.inc(551) : warning 239: literal array/string p
assed to a non-const parameter
d:\UG\gamemodes\systems/kliziste.inc(597) : warning 239: literal array/string p
assed to a non-const parameter
d:\UG\gamemodes\systems/kliziste.inc(693) : warning 239: literal array/string p
assed to a non-const parameter
d:\UG\gamemodes\systems/kliziste.inc(702) : warning 239: literal array/string p
assed to a non-const parameter
d:\UG\gamemodes\systems/kliziste.inc(705) : warning 239: literal array/string p
assed to a non-const parameter
d:\UG\gamemodes\systems/kliziste.inc(708) : warning 239: literal array/string p
assed to a non-const parameter
d:\UG\gamemodes\systems/kliziste.inc(711) : warning 239: literal array/string p
assed to a non-const parameter
d:\UG\gamemodes\systems/kliziste.inc(718) : warning 239: literal array/string p
assed to a non-const parameter
d:\UG\gamemodes\systems/kliziste.inc(731) : warning 239: literal array/string p
assed to a non-const parameter
d:\UG\gamemodes\systems/kliziste.inc(738) : warning 239: literal array/string p
assed to a non-const parameter
d:\UG\gamemodes\systems/kliziste.inc(739) : warning 239: literal array/string p
assed to a non-const parameter
d:\UG\gamemodes\systems/kliziste.inc(740) : warning 239: literal array/string p
assed to a non-const parameter
d:\UG\gamemodes\systems/kliziste.inc(741) : warning 239: literal array/string p
assed to a non-const parameter
d:\UG\gamemodes\systems/kliziste.inc(744) : warning 239: literal array/string p
assed to a non-const parameter
d:\UG\gamemodes\systems/kliziste.inc(752) : warning 239: literal array/string p
assed to a non-const parameter
d:\UG\gamemodes\systems/kliziste.inc(757) : warning 239: literal array/string p
assed to a non-const parameter
d:\UG\gamemodes\systems/kliziste.inc(764) : warning 239: literal array/string p
assed to a non-const parameter
d:\UG\gamemodes\systems/kliziste.inc(772) : warning 239: literal array/string p
assed to a non-const parameter
d:\UG\gamemodes\systems/kliziste.inc(817) : warning 239: literal array/string p
assed to a non-const parameter
d:\UG\gamemodes\systems/kliziste.inc(826) : warning 239: literal array/string p
assed to a non-const parameter
d:\UG\gamemodes\systems/kliziste.inc(829) : warning 239: literal array/string p
assed to a non-const parameter
d:\UG\gamemodes\systems/kliziste.inc(832) : warning 239: literal array/string p
assed to a non-const parameter
d:\UG\gamemodes\systems/kliziste.inc(835) : warning 239: literal array/string p
assed to a non-const parameter
d:\UG\gamemodes\systems/kliziste.inc(843) : warning 239: literal array/string p
assed to a non-const parameter
d:\UG\gamemodes\systems/kliziste.inc(847) : warning 239: literal array/string p
assed to a non-const parameter
d:\UG\gamemodes\systems/kliziste.inc(876) : warning 239: literal array/string p
assed to a non-const parameter
d:\UG\gamemodes\systems/kliziste.inc(876) : warning 239: literal array/string p
assed to a non-const parameter
d:\UG\gamemodes\systems/kliziste.inc(884) : warning 239: literal array/string p
assed to a non-const parameter
d:\UG\gamemodes\systems/kliziste.inc(887) : warning 239: literal array/string p
assed to a non-const parameter
d:\UG\gamemodes\systems/kliziste.inc(978) : warning 239: literal array/string p
assed to a non-const parameter
d:\UG\gamemodes\systems/kliziste.inc(992) : warning 239: literal array/string p
assed to a non-const parameter
d:\UG\gamemodes\systems/kliziste.inc(996) : warning 209: function "Kliziste_Min
igameSuccess" should return a value
d:\UG\gamemodes\systems/kliziste.inc(1005) : warning 239: literal array/string 
passed to a non-const parameter
d:\UG\gamemodes\systems/kliziste.inc(1011) : warning 239: literal array/string 
passed to a non-const parameter
d:\UG\gamemodes\systems/kliziste.inc(1091) : warning 239: literal array/string 
passed to a non-const parameter
d:\UG\gamemodes\systems/kliziste.inc(1229) : warning 239: literal array/string 
passed to a non-const parameter
d:\UG\gamemodes\systems/kliziste.inc(1236) : warning 239: literal array/string 
passed to a non-const parameter
d:\UG\gamemodes\systems/kliziste.inc(1306) : warning 239: literal array/string 
passed to a non-const parameter
d:\UG\gamemodes\systems/kliziste.inc(1309) : warning 239: literal array/string 
passed to a non-const parameter
d:\UG\gamemodes\systems/kliziste.inc(1312) : warning 239: literal array/string 
passed to a non-const parameter
d:\UG\gamemodes\systems/kliziste.inc(1322) : warning 239: literal array/string 
passed to a non-const parameter
d:\UG\gamemodes\systems/kliziste.inc(1325) : warning 239: literal array/string 
passed to a non-const parameter
d:\UG\gamemodes\systems/kliziste.inc(1328) : warning 239: literal array/string 
passed to a non-const parameter
d:\UG\gamemodes\maps/mape.inc(5) : warning 217: loose indentation
d:\UG\gamemodes\maps/mape.inc(235) : warning 217: loose indentation
d:\UG\gamemodes\maps/mape.inc(236) : warning 217: loose indentation
d:\UG\gamemodes\maps/mape.inc(270) : warning 217: loose indentation
d:\UG\gamemodes\maps/mape.inc(271) : warning 217: loose indentation
d:\UG\gamemodes\maps/mape.inc(295) : warning 217: loose indentation
d:\UG\gamemodes\maps/mape.inc(298) : warning 217: loose indentation
d:\UG\gamemodes\maps/mape.inc(303) : warning 217: loose indentation
d:\UG\gamemodes\maps/mape.inc(304) : warning 217: loose indentation
d:\UG\gamemodes\maps/mape.inc(372) : warning 217: loose indentation
d:\UG\gamemodes\maps/mape.inc(374) : warning 217: loose indentation
d:\UG\gamemodes\maps/mape.inc(583) : warning 217: loose indentation
d:\UG\gamemodes\maps/mape.inc(584) : warning 217: loose indentation
d:\UG\gamemodes\maps/mape.inc(606) : warning 217: loose indentation
d:\UG\gamemodes\maps/mape.inc(607) : warning 217: loose indentation
d:\UG\gamemodes\maps/mape.inc(893) : warning 217: loose indentation
d:\UG\gamemodes\maps/mape.inc(1105) : warning 240: assigned value is never used
 (symbol "Elusivemapping")
d:\UG\gamemodes\maps/mape.inc(1106) : warning 240: assigned value is never used
 (symbol "Elusivemapping")
d:\UG\gamemodes\maps/mape.inc(1107) : warning 240: assigned value is never used
 (symbol "Elusivemapping")
d:\UG\gamemodes\maps/mape.inc(1108) : warning 240: assigned value is never used
 (symbol "Elusivemapping")
d:\UG\gamemodes\maps/mape.inc(1109) : warning 240: assigned value is never used
 (symbol "Elusivemapping")
d:\UG\gamemodes\maps/mape.inc(1110) : warning 240: assigned value is never used
 (symbol "Elusivemapping")
d:\UG\gamemodes\maps/mape.inc(1111) : warning 240: assigned value is never used
 (symbol "Elusivemapping")
d:\UG\gamemodes\maps/mape.inc(1112) : warning 240: assigned value is never used
 (symbol "Elusivemapping")
d:\UG\gamemodes\maps/mape.inc(1113) : warning 240: assigned value is never used
 (symbol "Elusivemapping")
d:\UG\gamemodes\maps/mape.inc(1114) : warning 240: assigned value is never used
 (symbol "Elusivemapping")
d:\UG\gamemodes\maps/mape.inc(1115) : warning 240: assigned value is never used
 (symbol "Elusivemapping")
d:\UG\gamemodes\maps/mape.inc(1116) : warning 240: assigned value is never used
 (symbol "Elusivemapping")
d:\UG\gamemodes\maps/mape.inc(1117) : warning 240: assigned value is never used
 (symbol "Elusivemapping")
d:\UG\gamemodes\maps/mape.inc(1118) : warning 240: assigned value is never used
 (symbol "Elusivemapping")
d:\UG\gamemodes\maps/mape.inc(1119) : warning 240: assigned value is never used
 (symbol "Elusivemapping")
d:\UG\gamemodes\maps/mape.inc(1120) : warning 240: assigned value is never used
 (symbol "Elusivemapping")
d:\UG\gamemodes\maps/mape.inc(1121) : warning 240: assigned value is never used
 (symbol "Elusivemapping")
d:\UG\gamemodes\maps/mape.inc(1122) : warning 240: assigned value is never used
 (symbol "Elusivemapping")
d:\UG\gamemodes\maps/mape.inc(1123) : warning 240: assigned value is never used
 (symbol "Elusivemapping")
d:\UG\gamemodes\maps/mape.inc(1124) : warning 240: assigned value is never used
 (symbol "Elusivemapping")
d:\UG\gamemodes\maps/mape.inc(1125) : warning 240: assigned value is never used
 (symbol "Elusivemapping")
d:\UG\gamemodes\maps/mape.inc(1126) : warning 240: assigned value is never used
 (symbol "Elusivemapping")
d:\UG\gamemodes\maps/mape.inc(1127) : warning 240: assigned value is never used
 (symbol "Elusivemapping")
d:\UG\gamemodes\maps/mape.inc(1128) : warning 240: assigned value is never used
 (symbol "Elusivemapping")
d:\UG\gamemodes\maps/mape.inc(1129) : warning 240: assigned value is never used
 (symbol "Elusivemapping")
d:\UG\gamemodes\maps/mape.inc(1130) : warning 240: assigned value is never used
 (symbol "Elusivemapping")
d:\UG\gamemodes\maps/mape.inc(1131) : warning 240: assigned value is never used
 (symbol "Elusivemapping")
d:\UG\gamemodes\maps/mape.inc(1132) : warning 240: assigned value is never used
 (symbol "Elusivemapping")
d:\UG\gamemodes\maps/mape.inc(1133) : warning 240: assigned value is never used
 (symbol "Elusivemapping")
d:\UG\gamemodes\maps/mape.inc(1134) : warning 240: assigned value is never used
 (symbol "Elusivemapping")
d:\UG\gamemodes\maps/mape.inc(1135) : warning 240: assigned value is never used
 (symbol "Elusivemapping")
d:\UG\gamemodes\maps/mape.inc(1136) : warning 240: assigned value is never used
 (symbol "Elusivemapping")
d:\UG\gamemodes\maps/mape.inc(1137) : warning 240: assigned value is never used
 (symbol "Elusivemapping")
d:\UG\gamemodes\maps/mape.inc(1138) : warning 240: assigned value is never used
 (symbol "Elusivemapping")
d:\UG\gamemodes\maps/mape.inc(1139) : warning 240: assigned value is never used
 (symbol "Elusivemapping")
d:\UG\gamemodes\maps/mape.inc(1140) : warning 240: assigned value is never used
 (symbol "Elusivemapping")
d:\UG\gamemodes\maps/mape.inc(1141) : warning 240: assigned value is never used
 (symbol "Elusivemapping")
d:\UG\gamemodes\maps/mape.inc(1142) : warning 240: assigned value is never used
 (symbol "Elusivemapping")
d:\UG\gamemodes\maps/mape.inc(1143) : warning 240: assigned value is never used
 (symbol "Elusivemapping")
d:\UG\gamemodes\maps/mape.inc(1144) : warning 240: assigned value is never used
 (symbol "Elusivemapping")
d:\UG\gamemodes\maps/mape.inc(1145) : warning 240: assigned value is never used
 (symbol "Elusivemapping")
d:\UG\gamemodes\maps/mape.inc(1146) : warning 240: assigned value is never used
 (symbol "Elusivemapping")
d:\UG\gamemodes\maps/mape.inc(1147) : warning 240: assigned value is never used
 (symbol "Elusivemapping")
d:\UG\gamemodes\maps/mape.inc(1148) : warning 240: assigned value is never used
 (symbol "Elusivemapping")
d:\UG\gamemodes\maps/mape.inc(1149) : warning 240: assigned value is never used
 (symbol "Elusivemapping")
d:\UG\gamemodes\maps/mape.inc(1150) : warning 240: assigned value is never used
 (symbol "Elusivemapping")
d:\UG\gamemodes\maps/mape.inc(1151) : warning 240: assigned value is never used
 (symbol "Elusivemapping")
d:\UG\gamemodes\maps/mape.inc(1152) : warning 240: assigned value is never used
 (symbol "Elusivemapping")
d:\UG\gamemodes\maps/mape.inc(1153) : warning 240: assigned value is never used
 (symbol "Elusivemapping")
d:\UG\gamemodes\maps/mape.inc(1154) : warning 240: assigned value is never used
 (symbol "Elusivemapping")
d:\UG\gamemodes\maps/mape.inc(1155) : warning 240: assigned value is never used
 (symbol "Elusivemapping")
d:\UG\gamemodes\maps/mape.inc(1156) : warning 240: assigned value is never used
 (symbol "Elusivemapping")
d:\UG\gamemodes\maps/mape.inc(1157) : warning 240: assigned value is never used
 (symbol "Elusivemapping")
d:\UG\gamemodes\maps/mape.inc(1158) : warning 240: assigned value is never used
 (symbol "Elusivemapping")
d:\UG\gamemodes\maps/mape.inc(1159) : warning 240: assigned value is never used
 (symbol "Elusivemapping")
d:\UG\gamemodes\maps/mape.inc(1160) : warning 240: assigned value is never used
 (symbol "Elusivemapping")
d:\UG\gamemodes\maps/mape.inc(1161) : warning 240: assigned value is never used
 (symbol "Elusivemapping")
d:\UG\gamemodes\maps/mape.inc(1162) : warning 240: assigned value is never used
 (symbol "Elusivemapping")
d:\UG\gamemodes\maps/mape.inc(1163) : warning 240: assigned value is never used
 (symbol "Elusivemapping")
d:\UG\gamemodes\maps/mape.inc(1164) : warning 240: assigned value is never used
 (symbol "Elusivemapping")
d:\UG\gamemodes\maps/mape.inc(1165) : warning 240: assigned value is never used
 (symbol "Elusivemapping")
d:\UG\gamemodes\maps/mape.inc(1166) : warning 240: assigned value is never used
 (symbol "Elusivemapping")
d:\UG\gamemodes\maps/mape.inc(1167) : warning 240: assigned value is never used
 (symbol "Elusivemapping")
d:\UG\gamemodes\maps/mape.inc(1168) : warning 240: assigned value is never used
 (symbol "Elusivemapping")
d:\UG\gamemodes\maps/mape.inc(1169) : warning 240: assigned value is never used
 (symbol "Elusivemapping")
d:\UG\gamemodes\maps/mape.inc(1170) : warning 240: assigned value is never used
 (symbol "Elusivemapping")
d:\UG\gamemodes\maps/mape.inc(1171) : warning 240: assigned value is never used
 (symbol "Elusivemapping")
d:\UG\gamemodes\maps/mape.inc(1172) : warning 240: assigned value is never used
 (symbol "Elusivemapping")
d:\UG\gamemodes\maps/mape.inc(1173) : warning 240: assigned value is never used
 (symbol "Elusivemapping")
d:\UG\gamemodes\maps/mape.inc(1174) : warning 240: assigned value is never used
 (symbol "Elusivemapping")
d:\UG\gamemodes\maps/mape.inc(1175) : warning 240: assigned value is never used
 (symbol "Elusivemapping")
d:\UG\gamemodes\maps/mape.inc(1176) : warning 240: assigned value is never used
 (symbol "Elusivemapping")
d:\UG\gamemodes\maps/mape.inc(1177) : warning 240: assigned value is never used
 (symbol "Elusivemapping")
d:\UG\gamemodes\maps/mape.inc(1178) : warning 240: assigned value is never used
 (symbol "Elusivemapping")
d:\UG\gamemodes\maps/mape.inc(1179) : warning 240: assigned value is never used
 (symbol "Elusivemapping")
d:\UG\gamemodes\maps/mape.inc(1413) : warning 240: assigned value is never used
 (symbol "tmpobjid")
d:\UG\gamemodes\maps/mape.inc(1414) : warning 240: assigned value is never used
 (symbol "tmpobjid")
d:\UG\gamemodes\maps/mape.inc(1415) : warning 240: assigned value is never used
 (symbol "tmpobjid")
d:\UG\gamemodes\maps/mape.inc(1416) : warning 240: assigned value is never used
 (symbol "tmpobjid")
d:\UG\gamemodes\maps/mape.inc(1417) : warning 240: assigned value is never used
 (symbol "tmpobjid")
d:\UG\gamemodes\maps/mape.inc(1418) : warning 240: assigned value is never used
 (symbol "tmpobjid")
d:\UG\gamemodes\maps/mape.inc(1419) : warning 240: assigned value is never used
 (symbol "tmpobjid")
d:\UG\gamemodes\maps/mape.inc(1420) : warning 240: assigned value is never used
 (symbol "tmpobjid")
d:\UG\gamemodes\maps/mape.inc(1421) : warning 240: assigned value is never used
 (symbol "tmpobjid")
d:\UG\gamemodes\maps/mape.inc(1422) : warning 240: assigned value is never used
 (symbol "tmpobjid")
d:\UG\gamemodes\maps/mape.inc(1423) : warning 240: assigned value is never used
 (symbol "tmpobjid")
d:\UG\gamemodes\maps/mape.inc(1424) : warning 240: assigned value is never used
 (symbol "tmpobjid")
d:\UG\gamemodes\maps/mape.inc(1425) : warning 240: assigned value is never used
 (symbol "tmpobjid")
d:\UG\gamemodes\maps/mape.inc(1426) : warning 240: assigned value is never used
 (symbol "tmpobjid")
d:\UG\gamemodes\maps/mape.inc(1427) : warning 240: assigned value is never used
 (symbol "tmpobjid")
d:\UG\gamemodes\maps/mape.inc(1428) : warning 240: assigned value is never used
 (symbol "tmpobjid")
d:\UG\gamemodes\maps/mape.inc(1429) : warning 240: assigned value is never used
 (symbol "tmpobjid")
d:\UG\gamemodes\maps/mape.inc(1430) : warning 240: assigned value is never used
 (symbol "tmpobjid")
d:\UG\gamemodes\maps/mape.inc(1431) : warning 240: assigned value is never used
 (symbol "tmpobjid")
d:\UG\gamemodes\maps/mape.inc(1432) : warning 240: assigned value is never used
 (symbol "tmpobjid")
d:\UG\gamemodes\maps/mape.inc(1433) : warning 240: assigned value is never used
 (symbol "tmpobjid")
d:\UG\gamemodes\maps/mape.inc(1434) : warning 240: assigned value is never used
 (symbol "tmpobjid")
d:\UG\gamemodes\maps/mape.inc(1435) : warning 240: assigned value is never used
 (symbol "tmpobjid")
d:\UG\gamemodes\maps/mape.inc(1436) : warning 240: assigned value is never used
 (symbol "tmpobjid")
d:\UG\gamemodes\maps/mape.inc(1437) : warning 240: assigned value is never used
 (symbol "tmpobjid")
d:\UG\gamemodes\maps/mape.inc(1438) : warning 240: assigned value is never used
 (symbol "tmpobjid")
d:\UG\gamemodes\maps/mape.inc(1439) : warning 240: assigned value is never used
 (symbol "tmpobjid")
d:\UG\gamemodes\maps/mape.inc(1440) : warning 240: assigned value is never used
 (symbol "tmpobjid")
d:\UG\gamemodes\maps/mape.inc(1441) : warning 240: assigned value is never used
 (symbol "tmpobjid")
d:\UG\gamemodes\maps/mape.inc(1861) : warning 240: assigned value is never used
 (symbol "bankaigg")
d:\UG\gamemodes\maps/mape.inc(1862) : warning 240: assigned value is never used
 (symbol "bankaigg")
d:\UG\gamemodes\maps/mape.inc(1863) : warning 240: assigned value is never used
 (symbol "bankaigg")
d:\UG\gamemodes\maps/mape.inc(1864) : warning 240: assigned value is never used
 (symbol "bankaigg")
d:\UG\gamemodes\maps/mape.inc(1865) : warning 240: assigned value is never used
 (symbol "bankaigg")
d:\UG\gamemodes\maps/mape.inc(1866) : warning 240: assigned value is never used
 (symbol "bankaigg")
d:\UG\gamemodes\maps/mape.inc(1867) : warning 240: assigned value is never used
 (symbol "bankaigg")
d:\UG\gamemodes\maps/mape.inc(1868) : warning 240: assigned value is never used
 (symbol "bankaigg")
d:\UG\gamemodes\maps/mape.inc(1869) : warning 240: assigned value is never used
 (symbol "bankaigg")
d:\UG\gamemodes\maps/mape.inc(1870) : warning 240: assigned value is never used
 (symbol "bankaigg")
d:\UG\gamemodes\maps/mape.inc(1871) : warning 240: assigned value is never used
 (symbol "bankaigg")
d:\UG\gamemodes\maps/mape.inc(1872) : warning 240: assigned value is never used
 (symbol "bankaigg")
d:\UG\gamemodes\maps/mape.inc(1873) : warning 240: assigned value is never used
 (symbol "bankaigg")
d:\UG\gamemodes\maps/mape.inc(1874) : warning 240: assigned value is never used
 (symbol "bankaigg")
d:\UG\gamemodes\maps/mape.inc(1875) : warning 240: assigned value is never used
 (symbol "bankaigg")
d:\UG\gamemodes\maps/mape.inc(1876) : warning 240: assigned value is never used
 (symbol "bankaigg")
d:\UG\gamemodes\maps/mape.inc(1877) : warning 240: assigned value is never used
 (symbol "bankaigg")
d:\UG\gamemodes\maps/mape.inc(1878) : warning 240: assigned value is never used
 (symbol "bankaigg")
d:\UG\gamemodes\maps/mape.inc(1879) : warning 240: assigned value is never used
 (symbol "bankaigg")
d:\UG\gamemodes\maps/mape.inc(1880) : warning 240: assigned value is never used
 (symbol "bankaigg")
d:\UG\gamemodes\maps/mape.inc(1881) : warning 240: assigned value is never used
 (symbol "bankaigg")
d:\UG\gamemodes\maps/mape.inc(1882) : warning 240: assigned value is never used
 (symbol "bankaigg")
d:\UG\gamemodes\maps/mape.inc(1883) : warning 240: assigned value is never used
 (symbol "bankaigg")
d:\UG\gamemodes\maps/mape.inc(1884) : warning 240: assigned value is never used
 (symbol "bankaigg")
d:\UG\gamemodes\maps/mape.inc(1885) : warning 240: assigned value is never used
 (symbol "bankaigg")
d:\UG\gamemodes\maps/mape.inc(1886) : warning 240: assigned value is never used
 (symbol "bankaigg")
d:\UG\gamemodes\maps/mape.inc(1887) : warning 240: assigned value is never used
 (symbol "bankaigg")
d:\UG\gamemodes\maps/mape.inc(1888) : warning 240: assigned value is never used
 (symbol "bankaigg")
d:\UG\gamemodes\maps/mape.inc(1889) : warning 240: assigned value is never used
 (symbol "bankaigg")
d:\UG\gamemodes\maps/mape.inc(1890) : warning 240: assigned value is never used
 (symbol "bankaigg")
d:\UG\gamemodes\maps/mape.inc(1891) : warning 240: assigned value is never used
 (symbol "bankaigg")
d:\UG\gamemodes\maps/mape.inc(1892) : warning 240: assigned value is never used
 (symbol "bankaigg")
d:\UG\gamemodes\maps/mape.inc(1893) : warning 240: assigned value is never used
 (symbol "bankaigg")
d:\UG\gamemodes\maps/mape.inc(1894) : warning 240: assigned value is never used
 (symbol "bankaigg")
d:\UG\gamemodes\maps/mape.inc(1895) : warning 240: assigned value is never used
 (symbol "bankaigg")
d:\UG\gamemodes\maps/mape.inc(1896) : warning 240: assigned value is never used
 (symbol "bankaigg")
d:\UG\gamemodes\maps/mape.inc(1897) : warning 240: assigned value is never used
 (symbol "bankaigg")
d:\UG\gamemodes\maps/mape.inc(1898) : warning 240: assigned value is never used
 (symbol "bankaigg")
d:\UG\gamemodes\maps/mape.inc(1899) : warning 240: assigned value is never used
 (symbol "bankaigg")
d:\UG\gamemodes\maps/mape.inc(1900) : warning 240: assigned value is never used
 (symbol "bankaigg")
d:\UG\gamemodes\maps/mape.inc(1901) : warning 240: assigned value is never used
 (symbol "bankaigg")
d:\UG\gamemodes\maps/mape.inc(1902) : warning 240: assigned value is never used
 (symbol "bankaigg")
d:\UG\gamemodes\maps/mape.inc(1903) : warning 240: assigned value is never used
 (symbol "bankaigg")
d:\UG\gamemodes\maps/mape.inc(1904) : warning 240: assigned value is never used
 (symbol "bankaigg")
d:\UG\gamemodes\maps/mape.inc(1905) : warning 240: assigned value is never used
 (symbol "bankaigg")
d:\UG\gamemodes\maps/mape.inc(1906) : warning 240: assigned value is never used
 (symbol "bankaigg")
d:\UG\gamemodes\maps/mape.inc(1907) : warning 240: assigned value is never used
 (symbol "bankaigg")
d:\UG\gamemodes\maps/mape.inc(1908) : warning 240: assigned value is never used
 (symbol "bankaigg")
d:\UG\gamemodes\maps/mape.inc(1909) : warning 240: assigned value is never used
 (symbol "bankaigg")
d:\UG\gamemodes\maps/mape.inc(1910) : warning 240: assigned value is never used
 (symbol "bankaigg")
d:\UG\gamemodes\maps/mape.inc(1911) : warning 240: assigned value is never used
 (symbol "bankaigg")
d:\UG\gamemodes\maps/mape.inc(1912) : warning 240: assigned value is never used
 (symbol "bankaigg")
d:\UG\gamemodes\maps/mape.inc(1913) : warning 240: assigned value is never used
 (symbol "bankaigg")
d:\UG\gamemodes\maps/mape.inc(1914) : warning 240: assigned value is never used
 (symbol "bankaigg")
d:\UG\gamemodes\maps/mape.inc(1915) : warning 240: assigned value is never used
 (symbol "bankaigg")
d:\UG\gamemodes\maps/mape.inc(1916) : warning 240: assigned value is never used
 (symbol "bankaigg")
d:\UG\gamemodes\maps/mape.inc(1917) : warning 240: assigned value is never used
 (symbol "bankaigg")
d:\UG\gamemodes\maps/mape.inc(1918) : warning 240: assigned value is never used
 (symbol "bankaigg")
d:\UG\gamemodes\maps/mape.inc(1919) : warning 240: assigned value is never used
 (symbol "bankaigg")
d:\UG\gamemodes\maps/mape.inc(1920) : warning 240: assigned value is never used
 (symbol "bankaigg")
d:\UG\gamemodes\maps/mape.inc(1921) : warning 240: assigned value is never used
 (symbol "bankaigg")
d:\UG\gamemodes\maps/mape.inc(1922) : warning 240: assigned value is never used
 (symbol "bankaigg")
d:\UG\gamemodes\maps/mape.inc(1923) : warning 240: assigned value is never used
 (symbol "bankaigg")
d:\UG\gamemodes\maps/mape.inc(1924) : warning 240: assigned value is never used
 (symbol "bankaigg")
d:\UG\gamemodes\maps/mape.inc(1925) : warning 240: assigned value is never used
 (symbol "bankaigg")
d:\UG\gamemodes\maps/mape.inc(1926) : warning 240: assigned value is never used
 (symbol "bankaigg")
d:\UG\gamemodes\maps/mape.inc(1927) : warning 240: assigned value is never used
 (symbol "bankaigg")
d:\UG\gamemodes\maps/mape.inc(1928) : warning 240: assigned value is never used
 (symbol "bankaigg")
d:\UG\gamemodes\maps/mape.inc(1929) : warning 240: assigned value is never used
 (symbol "bankaigg")
d:\UG\gamemodes\maps/mape.inc(1930) : warning 240: assigned value is never used
 (symbol "bankaigg")
d:\UG\gamemodes\maps/mape.inc(1931) : warning 240: assigned value is never used
 (symbol "bankaigg")
d:\UG\gamemodes\maps/mape.inc(1932) : warning 240: assigned value is never used
 (symbol "bankaigg")
d:\UG\gamemodes\maps/mape.inc(1933) : warning 240: assigned value is never used
 (symbol "bankaigg")
d:\UG\gamemodes\maps/mape.inc(1934) : warning 240: assigned value is never used
 (symbol "bankaigg")
d:\UG\gamemodes\maps/mape.inc(1935) : warning 240: assigned value is never used
 (symbol "bankaigg")
d:\UG\gamemodes\maps/mape.inc(1936) : warning 240: assigned value is never used
 (symbol "bankaigg")
d:\UG\gamemodes\maps/mape.inc(1937) : warning 240: assigned value is never used
 (symbol "bankaigg")
d:\UG\gamemodes\maps/mape.inc(1938) : warning 240: assigned value is never used
 (symbol "bankaigg")
d:\UG\gamemodes\maps/mape.inc(1939) : warning 240: assigned value is never used
 (symbol "bankaigg")
d:\UG\gamemodes\maps/mape.inc(1940) : warning 240: assigned value is never used
 (symbol "bankaigg")
d:\UG\gamemodes\maps/mape.inc(1941) : warning 240: assigned value is never used
 (symbol "bankaigg")
d:\UG\gamemodes\maps/mape.inc(2446) : warning 240: assigned value is never used
 (symbol "bankaig")
d:\UG\gamemodes\maps/mape.inc(2447) : warning 240: assigned value is never used
 (symbol "bankaig")
d:\UG\gamemodes\maps/mape.inc(2448) : warning 240: assigned value is never used
 (symbol "bankaig")
d:\UG\gamemodes\maps/mape.inc(2449) : warning 240: assigned value is never used
 (symbol "bankaig")
d:\UG\gamemodes\maps/mape.inc(2450) : warning 240: assigned value is never used
 (symbol "bankaig")
d:\UG\gamemodes\maps/mape.inc(2451) : warning 240: assigned value is never used
 (symbol "bankaig")
d:\UG\gamemodes\maps/mape.inc(2452) : warning 240: assigned value is never used
 (symbol "bankaig")
d:\UG\gamemodes\maps/mape.inc(2453) : warning 240: assigned value is never used
 (symbol "bankaig")
d:\UG\gamemodes\maps/mape.inc(2454) : warning 240: assigned value is never used
 (symbol "bankaig")
d:\UG\gamemodes\maps/mape.inc(2455) : warning 240: assigned value is never used
 (symbol "bankaig")
d:\UG\gamemodes\maps/mape.inc(2456) : warning 240: assigned value is never used
 (symbol "bankaig")
d:\UG\gamemodes\maps/mape.inc(2457) : warning 240: assigned value is never used
 (symbol "bankaig")
d:\UG\gamemodes\maps/mape.inc(2458) : warning 240: assigned value is never used
 (symbol "bankaig")
d:\UG\gamemodes\maps/mape.inc(2459) : warning 240: assigned value is never used
 (symbol "bankaig")
d:\UG\gamemodes\maps/mape.inc(2460) : warning 240: assigned value is never used
 (symbol "bankaig")
d:\UG\gamemodes\maps/mape.inc(2461) : warning 240: assigned value is never used
 (symbol "bankaig")
d:\UG\gamemodes\maps/mape.inc(2462) : warning 240: assigned value is never used
 (symbol "bankaig")
d:\UG\gamemodes\maps/mape.inc(2463) : warning 240: assigned value is never used
 (symbol "bankaig")
d:\UG\gamemodes\maps/mape.inc(2464) : warning 240: assigned value is never used
 (symbol "bankaig")
d:\UG\gamemodes\maps/mape.inc(2465) : warning 240: assigned value is never used
 (symbol "bankaig")
d:\UG\gamemodes\maps/mape.inc(2466) : warning 240: assigned value is never used
 (symbol "bankaig")
d:\UG\gamemodes\maps/mape.inc(2467) : warning 240: assigned value is never used
 (symbol "bankaig")
d:\UG\gamemodes\maps/mape.inc(2468) : warning 240: assigned value is never used
 (symbol "bankaig")
d:\UG\gamemodes\maps/mape.inc(2469) : warning 240: assigned value is never used
 (symbol "bankaig")
d:\UG\gamemodes\maps/mape.inc(2470) : warning 240: assigned value is never used
 (symbol "bankaig")
d:\UG\gamemodes\maps/mape.inc(2471) : warning 240: assigned value is never used
 (symbol "bankaig")
d:\UG\gamemodes\maps/mape.inc(2472) : warning 240: assigned value is never used
 (symbol "bankaig")
d:\UG\gamemodes\maps/mape.inc(2473) : warning 240: assigned value is never used
 (symbol "bankaig")
d:\UG\gamemodes\maps/mape.inc(2474) : warning 240: assigned value is never used
 (symbol "bankaig")
d:\UG\gamemodes\maps/mape.inc(2475) : warning 240: assigned value is never used
 (symbol "bankaig")
d:\UG\gamemodes\maps/mape.inc(2476) : warning 240: assigned value is never used
 (symbol "bankaig")
d:\UG\gamemodes\maps/mape.inc(2477) : warning 240: assigned value is never used
 (symbol "bankaig")
d:\UG\gamemodes\maps/mape.inc(2478) : warning 240: assigned value is never used
 (symbol "bankaig")
d:\UG\gamemodes\maps/mape.inc(2479) : warning 240: assigned value is never used
 (symbol "bankaig")
d:\UG\gamemodes\maps/mape.inc(2480) : warning 240: assigned value is never used
 (symbol "bankaig")
d:\UG\gamemodes\maps/mape.inc(2481) : warning 240: assigned value is never used
 (symbol "bankaig")
d:\UG\gamemodes\maps/mape.inc(2482) : warning 240: assigned value is never used
 (symbol "bankaig")
d:\UG\gamemodes\maps/mape.inc(2483) : warning 240: assigned value is never used
 (symbol "bankaig")
d:\UG\gamemodes\maps/mape.inc(2484) : warning 240: assigned value is never used
 (symbol "bankaig")
d:\UG\gamemodes\maps/mape.inc(2485) : warning 240: assigned value is never used
 (symbol "bankaig")
d:\UG\gamemodes\maps/mape.inc(2486) : warning 240: assigned value is never used
 (symbol "bankaig")
d:\UG\gamemodes\maps/mape.inc(2487) : warning 240: assigned value is never used
 (symbol "bankaig")
d:\UG\gamemodes\maps/mape.inc(2488) : warning 240: assigned value is never used
 (symbol "bankaig")
d:\UG\gamemodes\maps/mape.inc(2489) : warning 240: assigned value is never used
 (symbol "bankaig")
d:\UG\gamemodes\maps/mape.inc(2490) : warning 240: assigned value is never used
 (symbol "bankaig")
d:\UG\gamemodes\maps/mape.inc(2491) : warning 240: assigned value is never used
 (symbol "bankaig")
d:\UG\gamemodes\maps/mape.inc(2492) : warning 240: assigned value is never used
 (symbol "bankaig")
d:\UG\gamemodes\maps/mape.inc(2493) : warning 240: assigned value is never used
 (symbol "bankaig")
d:\UG\gamemodes\maps/mape.inc(2494) : warning 240: assigned value is never used
 (symbol "bankaig")
d:\UG\gamemodes\maps/mape.inc(2495) : warning 240: assigned value is never used
 (symbol "bankaig")
d:\UG\gamemodes\maps/mape.inc(2496) : warning 240: assigned value is never used
 (symbol "bankaig")
d:\UG\gamemodes\maps/mape.inc(2497) : warning 240: assigned value is never used
 (symbol "bankaig")
d:\UG\gamemodes\maps/mape.inc(2498) : warning 240: assigned value is never used
 (symbol "bankaig")
d:\UG\gamemodes\maps/mape.inc(2499) : warning 240: assigned value is never used
 (symbol "bankaig")
d:\UG\gamemodes\maps/mape.inc(2500) : warning 240: assigned value is never used
 (symbol "bankaig")
d:\UG\gamemodes\maps/mape.inc(2501) : warning 240: assigned value is never used
 (symbol "bankaig")
d:\UG\gamemodes\maps/mape.inc(2502) : warning 240: assigned value is never used
 (symbol "bankaig")
d:\UG\gamemodes\maps/mape.inc(2503) : warning 240: assigned value is never used
 (symbol "bankaig")
d:\UG\gamemodes\maps/mape.inc(2504) : warning 240: assigned value is never used
 (symbol "bankaig")
d:\UG\gamemodes\maps/mape.inc(2505) : warning 240: assigned value is never used
 (symbol "bankaig")
d:\UG\gamemodes\maps/mape.inc(2506) : warning 240: assigned value is never used
 (symbol "bankaig")
d:\UG\gamemodes\maps/mape.inc(2507) : warning 240: assigned value is never used
 (symbol "bankaig")
d:\UG\gamemodes\maps/mape.inc(2508) : warning 240: assigned value is never used
 (symbol "bankaig")
d:\UG\gamemodes\maps/mape.inc(2509) : warning 240: assigned value is never used
 (symbol "bankaig")
d:\UG\gamemodes\maps/mape.inc(2510) : warning 240: assigned value is never used
 (symbol "bankaig")
d:\UG\gamemodes\maps/mape.inc(2511) : warning 240: assigned value is never used
 (symbol "bankaig")
d:\UG\gamemodes\maps/mape.inc(2512) : warning 240: assigned value is never used
 (symbol "bankaig")
d:\UG\gamemodes\maps/mape.inc(2513) : warning 240: assigned value is never used
 (symbol "bankaig")
d:\UG\gamemodes\maps/mape.inc(2514) : warning 240: assigned value is never used
 (symbol "bankaig")
d:\UG\gamemodes\maps/mape.inc(2515) : warning 240: assigned value is never used
 (symbol "bankaig")
d:\UG\gamemodes\maps/mape.inc(2516) : warning 240: assigned value is never used
 (symbol "bankaig")
d:\UG\gamemodes\maps/mape.inc(2517) : warning 240: assigned value is never used
 (symbol "bankaig")
d:\UG\gamemodes\maps/mape.inc(2518) : warning 240: assigned value is never used
 (symbol "bankaig")
d:\UG\gamemodes\maps/mape.inc(2519) : warning 240: assigned value is never used
 (symbol "bankaig")
d:\UG\gamemodes\maps/mape.inc(2520) : warning 240: assigned value is never used
 (symbol "bankaig")
d:\UG\gamemodes\maps/mape.inc(2521) : warning 240: assigned value is never used
 (symbol "bankaig")
d:\UG\gamemodes\maps/mape.inc(2522) : warning 240: assigned value is never used
 (symbol "bankaig")
d:\UG\gamemodes\maps/mape.inc(2523) : warning 240: assigned value is never used
 (symbol "bankaig")
d:\UG\gamemodes\maps/mape.inc(2524) : warning 240: assigned value is never used
 (symbol "bankaig")
d:\UG\gamemodes\maps/mape.inc(2525) : warning 240: assigned value is never used
 (symbol "bankaig")
d:\UG\gamemodes\maps/mape.inc(2526) : warning 240: assigned value is never used
 (symbol "bankaig")
d:\UG\gamemodes\maps/mape.inc(2527) : warning 240: assigned value is never used
 (symbol "bankaig")
d:\UG\gamemodes\maps/mape.inc(2528) : warning 240: assigned value is never used
 (symbol "bankaig")
d:\UG\gamemodes\maps/mape.inc(2529) : warning 240: assigned value is never used
 (symbol "bankaig")
d:\UG\gamemodes\maps/mape.inc(2530) : warning 240: assigned value is never used
 (symbol "bankaig")
d:\UG\gamemodes\maps/mape.inc(2531) : warning 240: assigned value is never used
 (symbol "bankaig")
d:\UG\gamemodes\maps/mape.inc(2532) : warning 240: assigned value is never used
 (symbol "bankaig")
d:\UG\gamemodes\maps/mape.inc(2533) : warning 240: assigned value is never used
 (symbol "bankaig")
d:\UG\gamemodes\maps/mape.inc(2534) : warning 240: assigned value is never used
 (symbol "bankaig")
d:\UG\gamemodes\maps/mape.inc(2535) : warning 240: assigned value is never used
 (symbol "bankaig")
d:\UG\gamemodes\maps/mape.inc(2536) : warning 240: assigned value is never used
 (symbol "bankaig")
d:\UG\gamemodes\maps/mape.inc(2537) : warning 240: assigned value is never used
 (symbol "bankaig")
d:\UG\gamemodes\maps/mape.inc(2538) : warning 240: assigned value is never used
 (symbol "bankaig")
d:\UG\gamemodes\maps/mape.inc(2539) : warning 240: assigned value is never used
 (symbol "bankaig")
d:\UG\gamemodes\maps/mape.inc(2540) : warning 240: assigned value is never used
 (symbol "bankaig")
d:\UG\gamemodes\maps/mape.inc(2541) : warning 240: assigned value is never used
 (symbol "bankaig")
d:\UG\gamemodes\maps/mape.inc(2542) : warning 240: assigned value is never used
 (symbol "bankaig")
d:\UG\gamemodes\maps/mape.inc(2543) : warning 240: assigned value is never used
 (symbol "bankaig")
d:\UG\gamemodes\maps/mape.inc(2544) : warning 240: assigned value is never used
 (symbol "bankaig")
d:\UG\gamemodes\maps/mape.inc(2545) : warning 240: assigned value is never used
 (symbol "bankaig")
d:\UG\gamemodes\maps/mape.inc(2546) : warning 240: assigned value is never used
 (symbol "bankaig")
d:\UG\gamemodes\maps/mape.inc(2547) : warning 240: assigned value is never used
 (symbol "bankaig")
d:\UG\gamemodes\maps/mape.inc(2548) : warning 240: assigned value is never used
 (symbol "bankaig")
d:\UG\gamemodes\maps/mape.inc(2549) : warning 240: assigned value is never used
 (symbol "bankaig")
d:\UG\gamemodes\maps/mape.inc(2550) : warning 240: assigned value is never used
 (symbol "bankaig")
d:\UG\gamemodes\maps/mape.inc(2551) : warning 240: assigned value is never used
 (symbol "bankaig")
d:\UG\gamemodes\maps/mape.inc(2552) : warning 240: assigned value is never used
 (symbol "bankaig")
d:\UG\gamemodes\maps/mape.inc(2553) : warning 240: assigned value is never used
 (symbol "bankaig")
d:\UG\gamemodes\maps/mape.inc(2554) : warning 240: assigned value is never used
 (symbol "bankaig")
d:\UG\gamemodes\maps/mape.inc(2555) : warning 240: assigned value is never used
 (symbol "bankaig")
d:\UG\gamemodes\maps/mape.inc(2556) : warning 240: assigned value is never used
 (symbol "bankaig")
d:\UG\gamemodes\maps/mape.inc(2557) : warning 240: assigned value is never used
 (symbol "bankaig")
d:\UG\gamemodes\maps/mape.inc(2558) : warning 240: assigned value is never used
 (symbol "bankaig")
d:\UG\gamemodes\maps/mape.inc(2559) : warning 240: assigned value is never used
 (symbol "bankaig")
d:\UG\gamemodes\maps/mape.inc(2560) : warning 240: assigned value is never used
 (symbol "bankaig")
d:\UG\gamemodes\maps/mape.inc(2561) : warning 240: assigned value is never used
 (symbol "bankaig")
d:\UG\gamemodes\maps/mape.inc(2562) : warning 240: assigned value is never used
 (symbol "bankaig")
d:\UG\gamemodes\maps/mape.inc(2563) : warning 240: assigned value is never used
 (symbol "bankaig")
d:\UG\gamemodes\maps/mape.inc(2564) : warning 240: assigned value is never used
 (symbol "bankaig")
d:\UG\gamemodes\maps/mape.inc(2565) : warning 240: assigned value is never used
 (symbol "bankaig")
d:\UG\gamemodes\maps/mape.inc(2566) : warning 240: assigned value is never used
 (symbol "bankaig")
d:\UG\gamemodes\maps/mape.inc(2567) : warning 240: assigned value is never used
 (symbol "bankaig")
d:\UG\gamemodes\maps/mape.inc(2568) : warning 240: assigned value is never used
 (symbol "bankaig")
d:\UG\gamemodes\maps/mape.inc(2569) : warning 240: assigned value is never used
 (symbol "bankaig")
d:\UG\gamemodes\maps/mape.inc(2570) : warning 240: assigned value is never used
 (symbol "bankaig")
d:\UG\gamemodes\maps/mape.inc(2571) : warning 240: assigned value is never used
 (symbol "bankaig")
d:\UG\gamemodes\maps/mape.inc(2572) : warning 240: assigned value is never used
 (symbol "bankaig")
d:\UG\gamemodes\maps/mape.inc(2573) : warning 240: assigned value is never used
 (symbol "bankaig")
d:\UG\gamemodes\maps/mape.inc(2574) : warning 240: assigned value is never used
 (symbol "bankaig")
d:\UG\gamemodes\maps/mape.inc(2575) : warning 240: assigned value is never used
 (symbol "bankaig")
d:\UG\gamemodes\maps/mape.inc(2576) : warning 240: assigned value is never used
 (symbol "bankaig")
d:\UG\gamemodes\maps/mape.inc(2577) : warning 240: assigned value is never used
 (symbol "bankaig")
d:\UG\gamemodes\maps/mape.inc(2578) : warning 240: assigned value is never used
 (symbol "bankaig")
d:\UG\gamemodes\maps/mape.inc(2579) : warning 240: assigned value is never used
 (symbol "bankaig")
d:\UG\gamemodes\maps/mape.inc(2580) : warning 240: assigned value is never used
 (symbol "bankaig")
d:\UG\gamemodes\maps/mape.inc(2581) : warning 240: assigned value is never used
 (symbol "bankaig")
d:\UG\gamemodes\maps/mape.inc(2582) : warning 240: assigned value is never used
 (symbol "bankaig")
d:\UG\gamemodes\maps/mape.inc(2583) : warning 240: assigned value is never used
 (symbol "bankaig")
d:\UG\gamemodes\maps/mape.inc(2584) : warning 240: assigned value is never used
 (symbol "bankaig")
d:\UG\gamemodes\maps/mape.inc(2585) : warning 240: assigned value is never used
 (symbol "bankaig")
d:\UG\gamemodes\maps/mape.inc(2586) : warning 240: assigned value is never used
 (symbol "bankaig")
d:\UG\gamemodes\maps/mape.inc(2587) : warning 240: assigned value is never used
 (symbol "bankaig")
d:\UG\gamemodes\maps/mape.inc(2588) : warning 240: assigned value is never used
 (symbol "bankaig")
d:\UG\gamemodes\maps/mape.inc(2589) : warning 240: assigned value is never used
 (symbol "bankaig")
d:\UG\gamemodes\maps/mape.inc(2590) : warning 240: assigned value is never used
 (symbol "bankaig")
d:\UG\gamemodes\maps/mape.inc(2591) : warning 240: assigned value is never used
 (symbol "bankaig")
d:\UG\gamemodes\maps/mape.inc(2592) : warning 240: assigned value is never used
 (symbol "bankaig")
d:\UG\gamemodes\maps/mape.inc(2593) : warning 240: assigned value is never used
 (symbol "bankaig")
d:\UG\gamemodes\maps/mape.inc(2594) : warning 240: assigned value is never used
 (symbol "bankaig")
d:\UG\gamemodes\maps/mape.inc(2595) : warning 240: assigned value is never used
 (symbol "bankaig")
d:\UG\gamemodes\maps/mape.inc(2596) : warning 240: assigned value is never used
 (symbol "bankaig")
d:\UG\gamemodes\maps/mape.inc(2597) : warning 240: assigned value is never used
 (symbol "bankaig")
d:\UG\gamemodes\maps/mape.inc(2598) : warning 240: assigned value is never used
 (symbol "bankaig")
d:\UG\gamemodes\maps/mape.inc(2656) : warning 240: assigned value is never used
 (symbol "sefbanke")
d:\UG\gamemodes\maps/mape.inc(2657) : warning 240: assigned value is never used
 (symbol "sefbanke")
d:\UG\gamemodes\maps/mape.inc(2658) : warning 240: assigned value is never used
 (symbol "sefbanke")
d:\UG\gamemodes\maps/mape.inc(2659) : warning 240: assigned value is never used
 (symbol "sefbanke")
d:\UG\gamemodes\maps/mape.inc(2660) : warning 240: assigned value is never used
 (symbol "sefbanke")
d:\UG\gamemodes\maps/mape.inc(2661) : warning 240: assigned value is never used
 (symbol "sefbanke")
d:\UG\gamemodes\maps/mape.inc(2662) : warning 240: assigned value is never used
 (symbol "sefbanke")
d:\UG\gamemodes\maps/mape.inc(2663) : warning 240: assigned value is never used
 (symbol "sefbanke")
d:\UG\gamemodes\maps/mape.inc(2664) : warning 240: assigned value is never used
 (symbol "sefbanke")
d:\UG\gamemodes\maps/mape.inc(2665) : warning 240: assigned value is never used
 (symbol "sefbanke")
d:\UG\gamemodes\maps/mape.inc(2666) : warning 240: assigned value is never used
 (symbol "sefbanke")
d:\UG\gamemodes\maps/mape.inc(2667) : warning 240: assigned value is never used
 (symbol "sefbanke")
d:\UG\gamemodes\maps/mape.inc(2668) : warning 240: assigned value is never used
 (symbol "sefbanke")
d:\UG\gamemodes\maps/mape.inc(2669) : warning 240: assigned value is never used
 (symbol "sefbanke")
d:\UG\gamemodes\maps/mape.inc(2670) : warning 240: assigned value is never used
 (symbol "sefbanke")
d:\UG\gamemodes\maps/mape.inc(2671) : warning 240: assigned value is never used
 (symbol "sefbanke")
d:\UG\gamemodes\maps/mape.inc(2672) : warning 240: assigned value is never used
 (symbol "sefbanke")
d:\UG\gamemodes\maps/mape.inc(2673) : warning 240: assigned value is never used
 (symbol "sefbanke")
d:\UG\gamemodes\maps/mape.inc(2674) : warning 240: assigned value is never used
 (symbol "sefbanke")
d:\UG\gamemodes\maps/mape.inc(2675) : warning 240: assigned value is never used
 (symbol "sefbanke")
d:\UG\gamemodes\maps/mape.inc(2676) : warning 240: assigned value is never used
 (symbol "sefbanke")
d:\UG\gamemodes\maps/mape.inc(2677) : warning 240: assigned value is never used
 (symbol "sefbanke")
d:\UG\gamemodes\maps/mape.inc(2678) : warning 240: assigned value is never used
 (symbol "sefbanke")
d:\UG\gamemodes\maps/mape.inc(2679) : warning 240: assigned value is never used
 (symbol "sefbanke")
d:\UG\gamemodes\maps/mape.inc(2680) : warning 240: assigned value is never used
 (symbol "sefbanke")
d:\UG\gamemodes\maps/mape.inc(2681) : warning 240: assigned value is never used
 (symbol "sefbanke")
d:\UG\gamemodes\maps/mape.inc(2682) : warning 240: assigned value is never used
 (symbol "sefbanke")
d:\UG\gamemodes\maps/mape.inc(2683) : warning 240: assigned value is never used
 (symbol "sefbanke")
d:\UG\gamemodes\maps/mape.inc(2684) : warning 240: assigned value is never used
 (symbol "sefbanke")
d:\UG\gamemodes\maps/mape.inc(2685) : warning 240: assigned value is never used
 (symbol "sefbanke")
d:\UG\gamemodes\maps/mape.inc(2686) : warning 240: assigned value is never used
 (symbol "sefbanke")
d:\UG\gamemodes\maps/mape.inc(2687) : warning 240: assigned value is never used
 (symbol "sefbanke")
d:\UG\gamemodes\maps/mape.inc(2688) : warning 240: assigned value is never used
 (symbol "sefbanke")
d:\UG\gamemodes\maps/mape.inc(2689) : warning 240: assigned value is never used
 (symbol "sefbanke")
d:\UG\gamemodes\maps/mape.inc(2690) : warning 240: assigned value is never used
 (symbol "sefbanke")
d:\UG\gamemodes\maps/mape.inc(2691) : warning 240: assigned value is never used
 (symbol "sefbanke")
d:\UG\gamemodes\maps/mape.inc(2692) : warning 240: assigned value is never used
 (symbol "sefbanke")
d:\UG\gamemodes\maps/mape.inc(2693) : warning 240: assigned value is never used
 (symbol "sefbanke")
d:\UG\gamemodes\maps/mape.inc(2694) : warning 240: assigned value is never used
 (symbol "sefbanke")
d:\UG\gamemodes\maps/mape.inc(2695) : warning 240: assigned value is never used
 (symbol "sefbanke")
d:\UG\gamemodes\maps/mape.inc(2696) : warning 240: assigned value is never used
 (symbol "sefbanke")
d:\UG\gamemodes\maps/mape.inc(2697) : warning 240: assigned value is never used
 (symbol "sefbanke")
d:\UG\gamemodes\maps/mape.inc(2698) : warning 240: assigned value is never used
 (symbol "sefbanke")
d:\UG\gamemodes\maps/mape.inc(2699) : warning 240: assigned value is never used
 (symbol "sefbanke")
d:\UG\gamemodes\maps/mape.inc(2700) : warning 240: assigned value is never used
 (symbol "sefbanke")
d:\UG\gamemodes\maps/mape.inc(2701) : warning 240: assigned value is never used
 (symbol "sefbanke")
d:\UG\gamemodes\maps/mape.inc(2702) : warning 240: assigned value is never used
 (symbol "sefbanke")
d:\UG\gamemodes\maps/mape.inc(2703) : warning 240: assigned value is never used
 (symbol "sefbanke")
d:\UG\gamemodes\maps/mape.inc(2704) : warning 240: assigned value is never used
 (symbol "sefbanke")
d:\UG\gamemodes\maps/mape.inc(1442) : warning 240: assigned value is never used
 (symbol "tmpobjid")
d:\UG\gamemodes\maps/mape.inc(2933) : warning 240: assigned value is never used
 (symbol "tmpobjid")
d:\UG\gamemodes\maps/mape.inc(2934) : warning 240: assigned value is never used
 (symbol "tmpobjid")
d:\UG\gamemodes\maps/mape.inc(2935) : warning 240: assigned value is never used
 (symbol "tmpobjid")
d:\UG\gamemodes\maps/mape.inc(2936) : warning 240: assigned value is never used
 (symbol "tmpobjid")
d:\UG\gamemodes\maps/mape.inc(2937) : warning 240: assigned value is never used
 (symbol "tmpobjid")
d:\UG\gamemodes\maps/mape.inc(2938) : warning 240: assigned value is never used
 (symbol "tmpobjid")
d:\UG\gamemodes\maps/mape.inc(2939) : warning 240: assigned value is never used
 (symbol "tmpobjid")
d:\UG\gamemodes\maps/mape.inc(2940) : warning 240: assigned value is never used
 (symbol "tmpobjid")
d:\UG\gamemodes\maps/mape.inc(2941) : warning 240: assigned value is never used
 (symbol "tmpobjid")
d:\UG\gamemodes\maps/mape.inc(2942) : warning 240: assigned value is never used
 (symbol "tmpobjid")
d:\UG\gamemodes\maps/mape.inc(2943) : warning 240: assigned value is never used
 (symbol "tmpobjid")
d:\UG\gamemodes\maps/mape.inc(2944) : warning 240: assigned value is never used
 (symbol "tmpobjid")
d:\UG\gamemodes\maps/mape.inc(2945) : warning 240: assigned value is never used
 (symbol "tmpobjid")
d:\UG\gamemodes\maps/mape.inc(2946) : warning 240: assigned value is never used
 (symbol "tmpobjid")
d:\UG\gamemodes\maps/mape.inc(2947) : warning 240: assigned value is never used
 (symbol "tmpobjid")
d:\UG\gamemodes\maps/mape.inc(2948) : warning 240: assigned value is never used
 (symbol "tmpobjid")
d:\UG\gamemodes\maps/mape.inc(2949) : warning 240: assigned value is never used
 (symbol "tmpobjid")
d:\UG\gamemodes\maps/mape.inc(2950) : warning 240: assigned value is never used
 (symbol "tmpobjid")
d:\UG\gamemodes\maps/mape.inc(2951) : warning 240: assigned value is never used
 (symbol "tmpobjid")
d:\UG\gamemodes\maps/mape.inc(2952) : warning 240: assigned value is never used
 (symbol "tmpobjid")
d:\UG\gamemodes\maps/mape.inc(2953) : warning 240: assigned value is never used
 (symbol "tmpobjid")
d:\UG\gamemodes\maps/mape.inc(2954) : warning 240: assigned value is never used
 (symbol "tmpobjid")
d:\UG\gamemodes\maps/mape.inc(2955) : warning 240: assigned value is never used
 (symbol "tmpobjid")
d:\UG\gamemodes\maps/mape.inc(2956) : warning 240: assigned value is never used
 (symbol "tmpobjid")
d:\UG\gamemodes\maps/mape.inc(2957) : warning 240: assigned value is never used
 (symbol "tmpobjid")
d:\UG\gamemodes\maps/mape.inc(2958) : warning 240: assigned value is never used
 (symbol "tmpobjid")
d:\UG\gamemodes\maps/mape.inc(2959) : warning 240: assigned value is never used
 (symbol "tmpobjid")
d:\UG\gamemodes\maps/mape.inc(2960) : warning 240: assigned value is never used
 (symbol "tmpobjid")
d:\UG\gamemodes\maps/mape.inc(2961) : warning 240: assigned value is never used
 (symbol "tmpobjid")
d:\UG\gamemodes\maps/mape.inc(2962) : warning 240: assigned value is never used
 (symbol "tmpobjid")
d:\UG\gamemodes\maps/mape.inc(2963) : warning 240: assigned value is never used
 (symbol "tmpobjid")
d:\UG\gamemodes\maps/mape.inc(2964) : warning 240: assigned value is never used
 (symbol "tmpobjid")
d:\UG\gamemodes\maps/mape.inc(2965) : warning 240: assigned value is never used
 (symbol "tmpobjid")
d:\UG\gamemodes\maps/mape.inc(2966) : warning 240: assigned value is never used
 (symbol "tmpobjid")
d:\UG\gamemodes\maps/mape.inc(2967) : warning 240: assigned value is never used
 (symbol "tmpobjid")
d:\UG\gamemodes\maps/mape.inc(2968) : warning 240: assigned value is never used
 (symbol "tmpobjid")
d:\UG\gamemodes\maps/mape.inc(2969) : warning 240: assigned value is never used
 (symbol "tmpobjid")
d:\UG\gamemodes\maps/mape.inc(2970) : warning 240: assigned value is never used
 (symbol "tmpobjid")
d:\UG\gamemodes\maps/mape.inc(2971) : warning 240: assigned value is never used
 (symbol "tmpobjid")
d:\UG\gamemodes\maps/mape.inc(2972) : warning 240: assigned value is never used
 (symbol "tmpobjid")
d:\UG\gamemodes\maps/mape.inc(2973) : warning 240: assigned value is never used
 (symbol "tmpobjid")
d:\UG\gamemodes\maps/mape.inc(2974) : warning 240: assigned value is never used
 (symbol "tmpobjid")
d:\UG\gamemodes\maps/mape.inc(2975) : warning 240: assigned value is never used
 (symbol "tmpobjid")
d:\UG\gamemodes\maps/mape.inc(2976) : warning 240: assigned value is never used
 (symbol "tmpobjid")
d:\UG\gamemodes\maps/mape.inc(2977) : warning 240: assigned value is never used
 (symbol "tmpobjid")
d:\UG\gamemodes\maps/mape.inc(2978) : warning 240: assigned value is never used
 (symbol "tmpobjid")
d:\UG\gamemodes\maps/mape.inc(2979) : warning 240: assigned value is never used
 (symbol "tmpobjid")
d:\UG\gamemodes\maps/mape.inc(2980) : warning 240: assigned value is never used
 (symbol "tmpobjid")
d:\UG\gamemodes\maps/mape.inc(2981) : warning 240: assigned value is never used
 (symbol "tmpobjid")
d:\UG\gamemodes\maps/mape.inc(2982) : warning 240: assigned value is never used
 (symbol "tmpobjid")
d:\UG\gamemodes\maps/mape.inc(2983) : warning 240: assigned value is never used
 (symbol "tmpobjid")
d:\UG\gamemodes\maps/mape.inc(2984) : warning 240: assigned value is never used
 (symbol "tmpobjid")
d:\UG\gamemodes\maps/mape.inc(2985) : warning 240: assigned value is never used
 (symbol "tmpobjid")
d:\UG\gamemodes\maps/mape.inc(2986) : warning 240: assigned value is never used
 (symbol "tmpobjid")
d:\UG\gamemodes\maps/mape.inc(2987) : warning 240: assigned value is never used
 (symbol "tmpobjid")
d:\UG\gamemodes\maps/mape.inc(2988) : warning 240: assigned value is never used
 (symbol "tmpobjid")
d:\UG\gamemodes\maps/mape.inc(2989) : warning 240: assigned value is never used
 (symbol "tmpobjid")
d:\UG\gamemodes\maps/mape.inc(2990) : warning 240: assigned value is never used
 (symbol "tmpobjid")
d:\UG\gamemodes\maps/mape.inc(2991) : warning 240: assigned value is never used
 (symbol "tmpobjid")
d:\UG\gamemodes\maps/mape.inc(2992) : warning 240: assigned value is never used
 (symbol "tmpobjid")
d:\UG\gamemodes\maps/mape.inc(2993) : warning 240: assigned value is never used
 (symbol "tmpobjid")
d:\UG\gamemodes\maps/mape.inc(2994) : warning 240: assigned value is never used
 (symbol "tmpobjid")
d:\UG\gamemodes\maps/mape.inc(2995) : warning 240: assigned value is never used
 (symbol "tmpobjid")
d:\UG\gamemodes\maps/mape.inc(2996) : warning 240: assigned value is never used
 (symbol "tmpobjid")
d:\UG\gamemodes\maps/mape.inc(2997) : warning 240: assigned value is never used
 (symbol "tmpobjid")
d:\UG\gamemodes\maps/mape.inc(2998) : warning 240: assigned value is never used
 (symbol "tmpobjid")
d:\UG\gamemodes\maps/mape.inc(2999) : warning 240: assigned value is never used
 (symbol "tmpobjid")
d:\UG\gamemodes\maps/mape.inc(3000) : warning 240: assigned value is never used
 (symbol "tmpobjid")
d:\UG\gamemodes\maps/mape.inc(3001) : warning 240: assigned value is never used
 (symbol "tmpobjid")
d:\UG\gamemodes\maps/mape.inc(3002) : warning 240: assigned value is never used
 (symbol "tmpobjid")
d:\UG\gamemodes\maps/mape.inc(3003) : warning 240: assigned value is never used
 (symbol "tmpobjid")
d:\UG\gamemodes\maps/mape.inc(3004) : warning 240: assigned value is never used
 (symbol "tmpobjid")
d:\UG\gamemodes\maps/mape.inc(3005) : warning 240: assigned value is never used
 (symbol "tmpobjid")
d:\UG\gamemodes\maps/mape.inc(3006) : warning 240: assigned value is never used
 (symbol "tmpobjid")
d:\UG\gamemodes\maps/mape.inc(3007) : warning 240: assigned value is never used
 (symbol "tmpobjid")
d:\UG\gamemodes\maps/mape.inc(3008) : warning 240: assigned value is never used
 (symbol "tmpobjid")
d:\UG\gamemodes\maps/mape.inc(3009) : warning 240: assigned value is never used
 (symbol "tmpobjid")
d:\UG\gamemodes\maps/mape.inc(3010) : warning 240: assigned value is never used
 (symbol "tmpobjid")
d:\UG\gamemodes\maps/mape.inc(3011) : warning 240: assigned value is never used
 (symbol "tmpobjid")
d:\UG\gamemodes\maps/mape.inc(3012) : warning 240: assigned value is never used
 (symbol "tmpobjid")
d:\UG\gamemodes\maps/mape.inc(3013) : warning 240: assigned value is never used
 (symbol "tmpobjid")
d:\UG\gamemodes\maps/mape.inc(3014) : warning 240: assigned value is never used
 (symbol "tmpobjid")
d:\UG\gamemodes\maps/mape.inc(3015) : warning 240: assigned value is never used
 (symbol "tmpobjid")
d:\UG\gamemodes\maps/mape.inc(3016) : warning 240: assigned value is never used
 (symbol "tmpobjid")
d:\UG\gamemodes\maps/mape.inc(3017) : warning 240: assigned value is never used
 (symbol "tmpobjid")
d:\UG\gamemodes\maps/mape.inc(3018) : warning 240: assigned value is never used
 (symbol "tmpobjid")
d:\UG\gamemodes\maps/mape.inc(3019) : warning 240: assigned value is never used
 (symbol "tmpobjid")
d:\UG\gamemodes\maps/mape.inc(3020) : warning 240: assigned value is never used
 (symbol "tmpobjid")
d:\UG\gamemodes\maps/mape.inc(3021) : warning 240: assigned value is never used
 (symbol "tmpobjid")
d:\UG\gamemodes\maps/mape.inc(3022) : warning 240: assigned value is never used
 (symbol "tmpobjid")
d:\UG\gamemodes\maps/mape.inc(3023) : warning 240: assigned value is never used
 (symbol "tmpobjid")
d:\UG\gamemodes\maps/mape.inc(3024) : warning 240: assigned value is never used
 (symbol "tmpobjid")
d:\UG\gamemodes\maps/mape.inc(3025) : warning 240: assigned value is never used
 (symbol "tmpobjid")
d:\UG\gamemodes\maps/mape.inc(3026) : warning 240: assigned value is never used
 (symbol "tmpobjid")
d:\UG\gamemodes\maps/mape.inc(3027) : warning 240: assigned value is never used
 (symbol "tmpobjid")
d:\UG\gamemodes\maps/mape.inc(3028) : warning 240: assigned value is never used
 (symbol "tmpobjid")
d:\UG\gamemodes\maps/mape.inc(3029) : warning 240: assigned value is never used
 (symbol "tmpobjid")
d:\UG\gamemodes\maps/mape.inc(3030) : warning 240: assigned value is never used
 (symbol "tmpobjid")
d:\UG\gamemodes\maps/mape.inc(3031) : warning 240: assigned value is never used
 (symbol "tmpobjid")
d:\UG\gamemodes\maps/mape.inc(3032) : warning 240: assigned value is never used
 (symbol "tmpobjid")
d:\UG\gamemodes\maps/mape.inc(3033) : warning 240: assigned value is never used
 (symbol "tmpobjid")
d:\UG\gamemodes\maps/mape.inc(3034) : warning 240: assigned value is never used
 (symbol "tmpobjid")
d:\UG\gamemodes\maps/mape.inc(3035) : warning 240: assigned value is never used
 (symbol "tmpobjid")
d:\UG\gamemodes\maps/mape.inc(3036) : warning 240: assigned value is never used
 (symbol "tmpobjid")
d:\UG\gamemodes\maps/mape.inc(3165) : warning 240: assigned value is never used
 (symbol "tmpobjid")
d:\UG\gamemodes\maps/mape.inc(3166) : warning 240: assigned value is never used
 (symbol "tmpobjid")
d:\UG\gamemodes\maps/mape.inc(3167) : warning 240: assigned value is never used
 (symbol "tmpobjid")
d:\UG\gamemodes\maps/mape.inc(3168) : warning 240: assigned value is never used
 (symbol "tmpobjid")
d:\UG\gamemodes\maps/mape.inc(3169) : warning 240: assigned value is never used
 (symbol "tmpobjid")
d:\UG\gamemodes\maps/mape.inc(3170) : warning 240: assigned value is never used
 (symbol "tmpobjid")
d:\UG\gamemodes\maps/mape.inc(3171) : warning 240: assigned value is never used
 (symbol "tmpobjid")
d:\UG\gamemodes\maps/mape.inc(3172) : warning 240: assigned value is never used
 (symbol "tmpobjid")
d:\UG\gamemodes\maps/mape.inc(3173) : warning 240: assigned value is never used
 (symbol "tmpobjid")
d:\UG\gamemodes\maps/mape.inc(3174) : warning 240: assigned value is never used
 (symbol "tmpobjid")
d:\UG\gamemodes\maps/mape.inc(3175) : warning 240: assigned value is never used
 (symbol "tmpobjid")
d:\UG\gamemodes\maps/mape.inc(3176) : warning 240: assigned value is never used
 (symbol "tmpobjid")
d:\UG\gamemodes\maps/mape.inc(3177) : warning 240: assigned value is never used
 (symbol "tmpobjid")
d:\UG\gamemodes\maps/mape.inc(3178) : warning 240: assigned value is never used
 (symbol "tmpobjid")
d:\UG\gamemodes\maps/mape.inc(3179) : warning 240: assigned value is never used
 (symbol "tmpobjid")
d:\UG\gamemodes\maps/mape.inc(3180) : warning 240: assigned value is never used
 (symbol "tmpobjid")
d:\UG\gamemodes\maps/mape.inc(3181) : warning 240: assigned value is never used
 (symbol "tmpobjid")
d:\UG\gamemodes\maps/mape.inc(3182) : warning 240: assigned value is never used
 (symbol "tmpobjid")
d:\UG\gamemodes\maps/mape.inc(3183) : warning 240: assigned value is never used
 (symbol "tmpobjid")
d:\UG\gamemodes\maps/mape.inc(3316) : warning 240: assigned value is never used
 (symbol "tmpobjid")
d:\UG\gamemodes\maps/mape.inc(3317) : warning 240: assigned value is never used
 (symbol "tmpobjid")
d:\UG\gamemodes\maps/mape.inc(3318) : warning 240: assigned value is never used
 (symbol "tmpobjid")
d:\UG\gamemodes\maps/mape.inc(3319) : warning 240: assigned value is never used
 (symbol "tmpobjid")
d:\UG\gamemodes\maps/mape.inc(3320) : warning 240: assigned value is never used
 (symbol "tmpobjid")
d:\UG\gamemodes\maps/mape.inc(3321) : warning 240: assigned value is never used
 (symbol "tmpobjid")
d:\UG\gamemodes\maps/mape.inc(3322) : warning 240: assigned value is never used
 (symbol "tmpobjid")
d:\UG\gamemodes\maps/mape.inc(3323) : warning 240: assigned value is never used
 (symbol "tmpobjid")
d:\UG\gamemodes\maps/mape.inc(3324) : warning 240: assigned value is never used
 (symbol "tmpobjid")
d:\UG\gamemodes\maps/mape.inc(3325) : warning 240: assigned value is never used
 (symbol "tmpobjid")
d:\UG\gamemodes\maps/mape.inc(3326) : warning 240: assigned value is never used
 (symbol "tmpobjid")
d:\UG\gamemodes\maps/mape.inc(3327) : warning 240: assigned value is never used
 (symbol "tmpobjid")
d:\UG\gamemodes\maps/mape.inc(3328) : warning 240: assigned value is never used
 (symbol "tmpobjid")
d:\UG\gamemodes\maps/mape.inc(3329) : warning 240: assigned value is never used
 (symbol "tmpobjid")
d:\UG\gamemodes\maps/mape.inc(3330) : warning 240: assigned value is never used
 (symbol "tmpobjid")
d:\UG\gamemodes\maps/mape.inc(3331) : warning 240: assigned value is never used
 (symbol "tmpobjid")
d:\UG\gamemodes\maps/mape.inc(3332) : warning 240: assigned value is never used
 (symbol "tmpobjid")
d:\UG\gamemodes\maps/mape.inc(3333) : warning 240: assigned value is never used
 (symbol "tmpobjid")
d:\UG\gamemodes\maps/mape.inc(3334) : warning 240: assigned value is never used
 (symbol "tmpobjid")
d:\UG\gamemodes\maps/mape.inc(3335) : warning 240: assigned value is never used
 (symbol "tmpobjid")
d:\UG\gamemodes\maps/mape.inc(3336) : warning 240: assigned value is never used
 (symbol "tmpobjid")
d:\UG\gamemodes\maps/mape.inc(3337) : warning 240: assigned value is never used
 (symbol "tmpobjid")
d:\UG\gamemodes\maps/mape.inc(3338) : warning 240: assigned value is never used
 (symbol "tmpobjid")
d:\UG\gamemodes\maps/mape.inc(3339) : warning 240: assigned value is never used
 (symbol "tmpobjid")
d:\UG\gamemodes\maps/mape.inc(3340) : warning 240: assigned value is never used
 (symbol "tmpobjid")
d:\UG\gamemodes\maps/mape.inc(3341) : warning 240: assigned value is never used
 (symbol "tmpobjid")
d:\UG\gamemodes\maps/mape.inc(3342) : warning 240: assigned value is never used
 (symbol "tmpobjid")
d:\UG\gamemodes\maps/mape.inc(3343) : warning 240: assigned value is never used
 (symbol "tmpobjid")
d:\UG\gamemodes\maps/mape.inc(3344) : warning 240: assigned value is never used
 (symbol "tmpobjid")
d:\UG\gamemodes\maps/mape.inc(3345) : warning 240: assigned value is never used
 (symbol "tmpobjid")
d:\UG\gamemodes\maps/mape.inc(3346) : warning 240: assigned value is never used
 (symbol "tmpobjid")
d:\UG\gamemodes\maps/mape.inc(3347) : warning 240: assigned value is never used
 (symbol "tmpobjid")
d:\UG\gamemodes\maps/mape.inc(3493) : warning 240: assigned value is never used
 (symbol "tmpobjid")
d:\UG\gamemodes\maps/mape.inc(3494) : warning 240: assigned value is never used
 (symbol "tmpobjid")
d:\UG\gamemodes\maps/mape.inc(3495) : warning 240: assigned value is never used
 (symbol "tmpobjid")
d:\UG\gamemodes\maps/mape.inc(3496) : warning 240: assigned value is never used
 (symbol "tmpobjid")
d:\UG\gamemodes\maps/mape.inc(3497) : warning 240: assigned value is never used
 (symbol "tmpobjid")
d:\UG\gamemodes\maps/mape.inc(3498) : warning 240: assigned value is never used
 (symbol "tmpobjid")
d:\UG\gamemodes\maps/mape.inc(3499) : warning 240: assigned value is never used
 (symbol "tmpobjid")
d:\UG\gamemodes\maps/mape.inc(3500) : warning 240: assigned value is never used
 (symbol "tmpobjid")
d:\UG\gamemodes\maps/mape.inc(3501) : warning 240: assigned value is never used
 (symbol "tmpobjid")
d:\UG\gamemodes\maps/mape.inc(3502) : warning 240: assigned value is never used
 (symbol "tmpobjid")
d:\UG\gamemodes\maps/mape.inc(3503) : warning 240: assigned value is never used
 (symbol "tmpobjid")
d:\UG\gamemodes\maps/mape.inc(3504) : warning 240: assigned value is never used
 (symbol "tmpobjid")
d:\UG\gamemodes\maps/mape.inc(3505) : warning 240: assigned value is never used
 (symbol "tmpobjid")
d:\UG\gamemodes\maps/mape.inc(3506) : warning 240: assigned value is never used
 (symbol "tmpobjid")
d:\UG\gamemodes\maps/mape.inc(3507) : warning 240: assigned value is never used
 (symbol "tmpobjid")
d:\UG\gamemodes\maps/mape.inc(3508) : warning 240: assigned value is never used
 (symbol "tmpobjid")
d:\UG\gamemodes\maps/mape.inc(3509) : warning 240: assigned value is never used
 (symbol "tmpobjid")
d:\UG\gamemodes\maps/mape.inc(3510) : warning 240: assigned value is never used
 (symbol "tmpobjid")
d:\UG\gamemodes\maps/mape.inc(3511) : warning 240: assigned value is never used
 (symbol "tmpobjid")
d:\UG\gamemodes\maps/mape.inc(3512) : warning 240: assigned value is never used
 (symbol "tmpobjid")
d:\UG\gamemodes\maps/mape.inc(3513) : warning 240: assigned value is never used
 (symbol "tmpobjid")
d:\UG\gamemodes\maps/mape.inc(3514) : warning 240: assigned value is never used
 (symbol "tmpobjid")
d:\UG\gamemodes\maps/mape.inc(3515) : warning 240: assigned value is never used
 (symbol "tmpobjid")
d:\UG\gamemodes\maps/mape.inc(3516) : warning 240: assigned value is never used
 (symbol "tmpobjid")
d:\UG\gamemodes\maps/mape.inc(3517) : warning 240: assigned value is never used
 (symbol "tmpobjid")
d:\UG\gamemodes\maps/mape.inc(3518) : warning 240: assigned value is never used
 (symbol "tmpobjid")
d:\UG\gamemodes\maps/mape.inc(3519) : warning 240: assigned value is never used
 (symbol "tmpobjid")
d:\UG\gamemodes\maps/mape.inc(3520) : warning 240: assigned value is never used
 (symbol "tmpobjid")
d:\UG\gamemodes\maps/mape.inc(3521) : warning 240: assigned value is never used
 (symbol "tmpobjid")
d:\UG\gamemodes\maps/mape.inc(3522) : warning 240: assigned value is never used
 (symbol "tmpobjid")
d:\UG\gamemodes\maps/mape.inc(3523) : warning 240: assigned value is never used
 (symbol "tmpobjid")
d:\UG\gamemodes\maps/mape.inc(3524) : warning 240: assigned value is never used
 (symbol "tmpobjid")
d:\UG\gamemodes\maps/mape.inc(3525) : warning 240: assigned value is never used
 (symbol "tmpobjid")
d:\UG\gamemodes\maps/mape.inc(3526) : warning 240: assigned value is never used
 (symbol "tmpobjid")
d:\UG\gamemodes\maps/mape.inc(3527) : warning 240: assigned value is never used
 (symbol "tmpobjid")
d:\UG\gamemodes\maps/mape.inc(3528) : warning 240: assigned value is never used
 (symbol "tmpobjid")
d:\UG\gamemodes\maps/mape.inc(3529) : warning 240: assigned value is never used
 (symbol "tmpobjid")
d:\UG\gamemodes\maps/mape.inc(3530) : warning 240: assigned value is never used
 (symbol "tmpobjid")
d:\UG\gamemodes\maps/mape.inc(3531) : warning 240: assigned value is never used
 (symbol "tmpobjid")
d:\UG\gamemodes\maps/mape.inc(3532) : warning 240: assigned value is never used
 (symbol "tmpobjid")
d:\UG\gamemodes\maps/mape.inc(3533) : warning 240: assigned value is never used
 (symbol "tmpobjid")
d:\UG\gamemodes\maps/mape.inc(3644) : warning 240: assigned value is never used
 (symbol "tmpobjid")
d:\UG\gamemodes\maps/mape.inc(3645) : warning 240: assigned value is never used
 (symbol "tmpobjid")
d:\UG\gamemodes\maps/mape.inc(3646) : warning 240: assigned value is never used
 (symbol "tmpobjid")
d:\UG\gamemodes\maps/mape.inc(3647) : warning 240: assigned value is never used
 (symbol "tmpobjid")
d:\UG\gamemodes\maps/mape.inc(3648) : warning 240: assigned value is never used
 (symbol "tmpobjid")
d:\UG\gamemodes\maps/mape.inc(3649) : warning 240: assigned value is never used
 (symbol "tmpobjid")
d:\UG\gamemodes\maps/mape.inc(3650) : warning 240: assigned value is never used
 (symbol "tmpobjid")
d:\UG\gamemodes\maps/mape.inc(3651) : warning 240: assigned value is never used
 (symbol "tmpobjid")
d:\UG\gamemodes\maps/mape.inc(3652) : warning 240: assigned value is never used
 (symbol "tmpobjid")
d:\UG\gamemodes\maps/mape.inc(3653) : warning 240: assigned value is never used
 (symbol "tmpobjid")
d:\UG\gamemodes\maps/mape.inc(3654) : warning 240: assigned value is never used
 (symbol "tmpobjid")
d:\UG\gamemodes\maps/mape.inc(3655) : warning 240: assigned value is never used
 (symbol "tmpobjid")
d:\UG\gamemodes\maps/mape.inc(3656) : warning 240: assigned value is never used
 (symbol "tmpobjid")
d:\UG\gamemodes\maps/mape.inc(3657) : warning 240: assigned value is never used
 (symbol "tmpobjid")
d:\UG\gamemodes\maps/mape.inc(3658) : warning 240: assigned value is never used
 (symbol "tmpobjid")
d:\UG\gamemodes\maps/mape.inc(3659) : warning 240: assigned value is never used
 (symbol "tmpobjid")
d:\UG\gamemodes\maps/mape.inc(3660) : warning 240: assigned value is never used
 (symbol "tmpobjid")
d:\UG\gamemodes\maps/mape.inc(3661) : warning 240: assigned value is never used
 (symbol "tmpobjid")
d:\UG\gamemodes\maps/mape.inc(3662) : warning 240: assigned value is never used
 (symbol "tmpobjid")
d:\UG\gamemodes\maps/mape.inc(3663) : warning 240: assigned value is never used
 (symbol "tmpobjid")
d:\UG\gamemodes\maps/mape.inc(3664) : warning 240: assigned value is never used
 (symbol "tmpobjid")
d:\UG\gamemodes\maps/mape.inc(3665) : warning 240: assigned value is never used
 (symbol "tmpobjid")
d:\UG\gamemodes\maps/mape.inc(3666) : warning 240: assigned value is never used
 (symbol "tmpobjid")
d:\UG\gamemodes\maps/mape.inc(3667) : warning 240: assigned value is never used
 (symbol "tmpobjid")
d:\UG\gamemodes\maps/mape.inc(3759) : warning 240: assigned value is never used
 (symbol "tmpobjid")
d:\UG\gamemodes\maps/mape.inc(3760) : warning 240: assigned value is never used
 (symbol "tmpobjid")
d:\UG\gamemodes\maps/mape.inc(3761) : warning 240: assigned value is never used
 (symbol "tmpobjid")
d:\UG\gamemodes\maps/mape.inc(3762) : warning 240: assigned value is never used
 (symbol "tmpobjid")
d:\UG\gamemodes\maps/mape.inc(3994) : warning 240: assigned value is never used
 (symbol "tmpobjid")
d:\UG\gamemodes\maps/mape.inc(3995) : warning 240: assigned value is never used
 (symbol "tmpobjid")
d:\UG\gamemodes\maps/mape.inc(3996) : warning 240: assigned value is never used
 (symbol "tmpobjid")
d:\UG\gamemodes\maps/mape.inc(3997) : warning 240: assigned value is never used
 (symbol "tmpobjid")
d:\UG\gamemodes\maps/mape.inc(3998) : warning 240: assigned value is never used
 (symbol "tmpobjid")
d:\UG\gamemodes\maps/mape.inc(3999) : warning 240: assigned value is never used
 (symbol "tmpobjid")
d:\UG\gamemodes\maps/mape.inc(4000) : warning 240: assigned value is never used
 (symbol "tmpobjid")
d:\UG\gamemodes\maps/mape.inc(4001) : warning 240: assigned value is never used
 (symbol "tmpobjid")
d:\UG\gamemodes\maps/mape.inc(4002) : warning 240: assigned value is never used
 (symbol "tmpobjid")
d:\UG\gamemodes\maps/mape.inc(4003) : warning 240: assigned value is never used
 (symbol "tmpobjid")
d:\UG\gamemodes\maps/mape.inc(4004) : warning 240: assigned value is never used
 (symbol "tmpobjid")
d:\UG\gamemodes\maps/mape.inc(4005) : warning 240: assigned value is never used
 (symbol "tmpobjid")
d:\UG\gamemodes\maps/mape.inc(4006) : warning 240: assigned value is never used
 (symbol "tmpobjid")
d:\UG\gamemodes\maps/mape.inc(4007) : warning 240: assigned value is never used
 (symbol "tmpobjid")
d:\UG\gamemodes\maps/mape.inc(4008) : warning 240: assigned value is never used
 (symbol "tmpobjid")
d:\UG\gamemodes\maps/mape.inc(4009) : warning 240: assigned value is never used
 (symbol "tmpobjid")
d:\UG\gamemodes\maps/mape.inc(4010) : warning 240: assigned value is never used
 (symbol "tmpobjid")
d:\UG\gamemodes\maps/mape.inc(4011) : warning 240: assigned value is never used
 (symbol "tmpobjid")
d:\UG\gamemodes\maps/mape.inc(4012) : warning 240: assigned value is never used
 (symbol "tmpobjid")
d:\UG\gamemodes\maps/mape.inc(4013) : warning 240: assigned value is never used
 (symbol "tmpobjid")
d:\UG\gamemodes\maps/mape.inc(4014) : warning 240: assigned value is never used
 (symbol "tmpobjid")
d:\UG\gamemodes\maps/mape.inc(4015) : warning 240: assigned value is never used
 (symbol "tmpobjid")
d:\UG\gamemodes\maps/mape.inc(4016) : warning 240: assigned value is never used
 (symbol "tmpobjid")
d:\UG\gamemodes\maps/mape.inc(4017) : warning 240: assigned value is never used
 (symbol "tmpobjid")
d:\UG\gamemodes\maps/mape.inc(4018) : warning 240: assigned value is never used
 (symbol "tmpobjid")
d:\UG\gamemodes\maps/mape.inc(4019) : warning 240: assigned value is never used
 (symbol "tmpobjid")
d:\UG\gamemodes\maps/mape.inc(4020) : warning 240: assigned value is never used
 (symbol "tmpobjid")
d:\UG\gamemodes\maps/mape.inc(4021) : warning 240: assigned value is never used
 (symbol "tmpobjid")
d:\UG\gamemodes\maps/mape.inc(4022) : warning 240: assigned value is never used
 (symbol "tmpobjid")
d:\UG\gamemodes\maps/mape.inc(4023) : warning 240: assigned value is never used
 (symbol "tmpobjid")
d:\UG\gamemodes\maps/mape.inc(4024) : warning 240: assigned value is never used
 (symbol "tmpobjid")
d:\UG\gamemodes\maps/mape.inc(4025) : warning 240: assigned value is never used
 (symbol "tmpobjid")
d:\UG\gamemodes\maps/mape.inc(4026) : warning 240: assigned value is never used
 (symbol "tmpobjid")
d:\UG\gamemodes\maps/mape.inc(4027) : warning 240: assigned value is never used
 (symbol "tmpobjid")
d:\UG\gamemodes\maps/mape.inc(4028) : warning 240: assigned value is never used
 (symbol "tmpobjid")
d:\UG\gamemodes\maps/mape.inc(4029) : warning 240: assigned value is never used
 (symbol "tmpobjid")
d:\UG\gamemodes\maps/mape.inc(4030) : warning 240: assigned value is never used
 (symbol "tmpobjid")
d:\UG\gamemodes\maps/mape.inc(4031) : warning 240: assigned value is never used
 (symbol "tmpobjid")
d:\UG\gamemodes\maps/mape.inc(4032) : warning 240: assigned value is never used
 (symbol "tmpobjid")
d:\UG\gamemodes\maps/mape.inc(4033) : warning 240: assigned value is never used
 (symbol "tmpobjid")
d:\UG\gamemodes\maps/mape.inc(4034) : warning 240: assigned value is never used
 (symbol "tmpobjid")
d:\UG\gamemodes\maps/mape.inc(4035) : warning 240: assigned value is never used
 (symbol "tmpobjid")
d:\UG\gamemodes\maps/mape.inc(4036) : warning 240: assigned value is never used
 (symbol "tmpobjid")
d:\UG\gamemodes\maps/mape.inc(4037) : warning 240: assigned value is never used
 (symbol "tmpobjid")
d:\UG\gamemodes\maps/mape.inc(4038) : warning 240: assigned value is never used
 (symbol "tmpobjid")
d:\UG\gamemodes\maps/mape.inc(4039) : warning 240: assigned value is never used
 (symbol "tmpobjid")
d:\UG\gamemodes\maps/mape.inc(4040) : warning 240: assigned value is never used
 (symbol "tmpobjid")
d:\UG\gamemodes\maps/mape.inc(4652) : warning 240: assigned value is never used
 (symbol "tmpobjid")
d:\UG\gamemodes\maps/mape.inc(4653) : warning 240: assigned value is never used
 (symbol "tmpobjid")
d:\UG\gamemodes\maps/mape.inc(4654) : warning 240: assigned value is never used
 (symbol "tmpobjid")
d:\UG\gamemodes\maps/mape.inc(4655) : warning 240: assigned value is never used
 (symbol "tmpobjid")
d:\UG\gamemodes\maps/mape.inc(4656) : warning 240: assigned value is never used
 (symbol "tmpobjid")
d:\UG\gamemodes\maps/mape.inc(4657) : warning 240: assigned value is never used
 (symbol "tmpobjid")
d:\UG\gamemodes\maps/mape.inc(4658) : warning 240: assigned value is never used
 (symbol "tmpobjid")
d:\UG\gamemodes\maps/mape.inc(4659) : warning 240: assigned value is never used
 (symbol "tmpobjid")
d:\UG\gamemodes\maps/mape.inc(4660) : warning 240: assigned value is never used
 (symbol "tmpobjid")
d:\UG\gamemodes\maps/mape.inc(4661) : warning 240: assigned value is never used
 (symbol "tmpobjid")
d:\UG\gamemodes\maps/mape.inc(4662) : warning 240: assigned value is never used
 (symbol "tmpobjid")
d:\UG\gamemodes\maps/mape.inc(4663) : warning 240: assigned value is never used
 (symbol "tmpobjid")
d:\UG\gamemodes\maps/mape.inc(4664) : warning 240: assigned value is never used
 (symbol "tmpobjid")
d:\UG\gamemodes\maps/mape.inc(4665) : warning 240: assigned value is never used
 (symbol "tmpobjid")
d:\UG\gamemodes\maps/mape.inc(4666) : warning 240: assigned value is never used
 (symbol "tmpobjid")
d:\UG\gamemodes\maps/mape.inc(4667) : warning 240: assigned value is never used
 (symbol "tmpobjid")
d:\UG\gamemodes\maps/mape.inc(4668) : warning 240: assigned value is never used
 (symbol "tmpobjid")
d:\UG\gamemodes\maps/mape.inc(4669) : warning 240: assigned value is never used
 (symbol "tmpobjid")
d:\UG\gamemodes\maps/mape.inc(4670) : warning 240: assigned value is never used
 (symbol "tmpobjid")
d:\UG\gamemodes\maps/mape.inc(4671) : warning 240: assigned value is never used
 (symbol "tmpobjid")
d:\UG\gamemodes\maps/mape.inc(4672) : warning 240: assigned value is never used
 (symbol "tmpobjid")
d:\UG\gamemodes\maps/mape.inc(4673) : warning 240: assigned value is never used
 (symbol "tmpobjid")
d:\UG\gamemodes\maps/mape.inc(4674) : warning 240: assigned value is never used
 (symbol "tmpobjid")
d:\UG\gamemodes\maps/mape.inc(4675) : warning 240: assigned value is never used
 (symbol "tmpobjid")
d:\UG\gamemodes\maps/mape.inc(4676) : warning 240: assigned value is never used
 (symbol "tmpobjid")
d:\UG\gamemodes\maps/mape.inc(4677) : warning 240: assigned value is never used
 (symbol "tmpobjid")
d:\UG\gamemodes\maps/mape.inc(4678) : warning 240: assigned value is never used
 (symbol "tmpobjid")
d:\UG\gamemodes\maps/mape.inc(4679) : warning 240: assigned value is never used
 (symbol "tmpobjid")
d:\UG\gamemodes\maps/mape.inc(4680) : warning 240: assigned value is never used
 (symbol "tmpobjid")
d:\UG\gamemodes\maps/mape.inc(4681) : warning 240: assigned value is never used
 (symbol "tmpobjid")
d:\UG\gamemodes\maps/mape.inc(4682) : warning 240: assigned value is never used
 (symbol "tmpobjid")
d:\UG\gamemodes\maps/mape.inc(4683) : warning 240: assigned value is never used
 (symbol "tmpobjid")
d:\UG\gamemodes\maps/mape.inc(4684) : warning 240: assigned value is never used
 (symbol "tmpobjid")
d:\UG\gamemodes\maps/mape.inc(4685) : warning 240: assigned value is never used
 (symbol "tmpobjid")
d:\UG\gamemodes\maps/mape.inc(4686) : warning 240: assigned value is never used
 (symbol "tmpobjid")
d:\UG\gamemodes\maps/mape.inc(4687) : warning 240: assigned value is never used
 (symbol "tmpobjid")
d:\UG\gamemodes\maps/mape.inc(4688) : warning 240: assigned value is never used
 (symbol "tmpobjid")
d:\UG\gamemodes\maps/mape.inc(4689) : warning 240: assigned value is never used
 (symbol "tmpobjid")
d:\UG\gamemodes\maps/mape.inc(4690) : warning 240: assigned value is never used
 (symbol "tmpobjid")
d:\UG\gamemodes\maps/mape.inc(4691) : warning 240: assigned value is never used
 (symbol "tmpobjid")
d:\UG\gamemodes\maps/mape.inc(4692) : warning 240: assigned value is never used
 (symbol "tmpobjid")
d:\UG\gamemodes\maps/mape.inc(4693) : warning 240: assigned value is never used
 (symbol "tmpobjid")
d:\UG\gamemodes\maps/mape.inc(4694) : warning 240: assigned value is never used
 (symbol "tmpobjid")
d:\UG\gamemodes\maps/mape.inc(4695) : warning 240: assigned value is never used
 (symbol "tmpobjid")
d:\UG\gamemodes\maps/mape.inc(4696) : warning 240: assigned value is never used
 (symbol "tmpobjid")
d:\UG\gamemodes\maps/mape.inc(4697) : warning 240: assigned value is never used
 (symbol "tmpobjid")
d:\UG\gamemodes\maps/mape.inc(4698) : warning 240: assigned value is never used
 (symbol "tmpobjid")
d:\UG\gamemodes\maps/mape.inc(4699) : warning 240: assigned value is never used
 (symbol "tmpobjid")
d:\UG\gamemodes\maps/mape.inc(4700) : warning 240: assigned value is never used
 (symbol "tmpobjid")
d:\UG\gamemodes\maps/mape.inc(4701) : warning 240: assigned value is never used
 (symbol "tmpobjid")
d:\UG\gamemodes\maps/mape.inc(4702) : warning 240: assigned value is never used
 (symbol "tmpobjid")
d:\UG\gamemodes\maps/mape.inc(4703) : warning 240: assigned value is never used
 (symbol "tmpobjid")
d:\UG\gamemodes\maps/mape.inc(4704) : warning 240: assigned value is never used
 (symbol "tmpobjid")
d:\UG\gamemodes\maps/mape.inc(4705) : warning 240: assigned value is never used
 (symbol "tmpobjid")
d:\UG\gamemodes\maps/mape.inc(4706) : warning 240: assigned value is never used
 (symbol "tmpobjid")
d:\UG\gamemodes\maps/mape.inc(4707) : warning 240: assigned value is never used
 (symbol "tmpobjid")
d:\UG\gamemodes\maps/mape.inc(4708) : warning 240: assigned value is never used
 (symbol "tmpobjid")
d:\UG\gamemodes\maps/mape.inc(4709) : warning 240: assigned value is never used
 (symbol "tmpobjid")
d:\UG\gamemodes\maps/mape.inc(4710) : warning 240: assigned value is never used
 (symbol "tmpobjid")
d:\UG\gamemodes\maps/mape.inc(4711) : warning 240: assigned value is never used
 (symbol "tmpobjid")
d:\UG\gamemodes\maps/mape.inc(4712) : warning 240: assigned value is never used
 (symbol "tmpobjid")
d:\UG\gamemodes\maps/mape.inc(4713) : warning 240: assigned value is never used
 (symbol "tmpobjid")
d:\UG\gamemodes\maps/mape.inc(4714) : warning 240: assigned value is never used
 (symbol "tmpobjid")
d:\UG\gamemodes\maps/mape.inc(4715) : warning 240: assigned value is never used
 (symbol "tmpobjid")
d:\UG\gamemodes\maps/mape.inc(4716) : warning 240: assigned value is never used
 (symbol "tmpobjid")
d:\UG\gamemodes\maps/mape.inc(4717) : warning 240: assigned value is never used
 (symbol "tmpobjid")
d:\UG\gamemodes\maps/mape.inc(4718) : warning 240: assigned value is never used
 (symbol "tmpobjid")
d:\UG\gamemodes\maps/mape.inc(4719) : warning 240: assigned value is never used
 (symbol "tmpobjid")
d:\UG\gamemodes\maps/mape.inc(4720) : warning 240: assigned value is never used
 (symbol "tmpobjid")
d:\UG\gamemodes\maps/mape.inc(4721) : warning 240: assigned value is never used
 (symbol "tmpobjid")
d:\UG\gamemodes\maps/mape.inc(4722) : warning 240: assigned value is never used
 (symbol "tmpobjid")
d:\UG\gamemodes\maps/mape.inc(4723) : warning 240: assigned value is never used
 (symbol "tmpobjid")
d:\UG\gamemodes\maps/mape.inc(4724) : warning 240: assigned value is never used
 (symbol "tmpobjid")
d:\UG\gamemodes\maps/mape.inc(4725) : warning 240: assigned value is never used
 (symbol "tmpobjid")
d:\UG\gamemodes\maps/mape.inc(4726) : warning 240: assigned value is never used
 (symbol "tmpobjid")
d:\UG\gamemodes\maps/mape.inc(4727) : warning 240: assigned value is never used
 (symbol "tmpobjid")
d:\UG\gamemodes\maps/mape.inc(4728) : warning 240: assigned value is never used
 (symbol "tmpobjid")
d:\UG\gamemodes\maps/mape.inc(4729) : warning 240: assigned value is never used
 (symbol "tmpobjid")
d:\UG\gamemodes\maps/mape.inc(4730) : warning 240: assigned value is never used
 (symbol "tmpobjid")
d:\UG\gamemodes\maps/mape.inc(4731) : warning 240: assigned value is never used
 (symbol "tmpobjid")
d:\UG\gamemodes\maps/mape.inc(4732) : warning 240: assigned value is never used
 (symbol "tmpobjid")
d:\UG\gamemodes\maps/mape.inc(4733) : warning 240: assigned value is never used
 (symbol "tmpobjid")
d:\UG\gamemodes\maps/mape.inc(4734) : warning 240: assigned value is never used
 (symbol "tmpobjid")
d:\UG\gamemodes\maps/mape.inc(4735) : warning 240: assigned value is never used
 (symbol "tmpobjid")
d:\UG\gamemodes\maps/mape.inc(4736) : warning 240: assigned value is never used
 (symbol "tmpobjid")
d:\UG\gamemodes\maps/mape.inc(4737) : warning 240: assigned value is never used
 (symbol "tmpobjid")
d:\UG\gamemodes\maps/mape.inc(4738) : warning 240: assigned value is never used
 (symbol "tmpobjid")
d:\UG\gamemodes\maps/mape.inc(4739) : warning 240: assigned value is never used
 (symbol "tmpobjid")
d:\UG\gamemodes\maps/mape.inc(4740) : warning 240: assigned value is never used
 (symbol "tmpobjid")
d:\UG\gamemodes\maps/mape.inc(4741) : warning 240: assigned value is never used
 (symbol "tmpobjid")
d:\UG\gamemodes\maps/mape.inc(4742) : warning 240: assigned value is never used
 (symbol "tmpobjid")
d:\UG\gamemodes\maps/mape.inc(4743) : warning 240: assigned value is never used
 (symbol "tmpobjid")
d:\UG\gamemodes\maps/mape.inc(4744) : warning 240: assigned value is never used
 (symbol "tmpobjid")
d:\UG\gamemodes\maps/mape.inc(4745) : warning 240: assigned value is never used
 (symbol "tmpobjid")
d:\UG\gamemodes\maps/mape.inc(4746) : warning 240: assigned value is never used
 (symbol "tmpobjid")
d:\UG\gamemodes\maps/mape.inc(4747) : warning 240: assigned value is never used
 (symbol "tmpobjid")
d:\UG\gamemodes\maps/mape.inc(4748) : warning 240: assigned value is never used
 (symbol "tmpobjid")
d:\UG\gamemodes\maps/mape.inc(4749) : warning 240: assigned value is never used
 (symbol "tmpobjid")
d:\UG\gamemodes\maps/mape.inc(4750) : warning 240: assigned value is never used
 (symbol "tmpobjid")
d:\UG\gamemodes\maps/mape.inc(4751) : warning 240: assigned value is never used
 (symbol "tmpobjid")
d:\UG\gamemodes\maps/mape.inc(4752) : warning 240: assigned value is never used
 (symbol "tmpobjid")
d:\UG\gamemodes\maps/mape.inc(4753) : warning 240: assigned value is never used
 (symbol "tmpobjid")
d:\UG\gamemodes\maps/mape.inc(4754) : warning 240: assigned value is never used
 (symbol "tmpobjid")
d:\UG\gamemodes\maps/mape.inc(4755) : warning 240: assigned value is never used
 (symbol "tmpobjid")
d:\UG\gamemodes\maps/mape.inc(4756) : warning 240: assigned value is never used
 (symbol "tmpobjid")
d:\UG\gamemodes\maps/mape.inc(4757) : warning 240: assigned value is never used
 (symbol "tmpobjid")
d:\UG\gamemodes\maps/mape.inc(4758) : warning 240: assigned value is never used
 (symbol "tmpobjid")
d:\UG\gamemodes\maps/mape.inc(4782) : warning 239: literal array/string passed 
to a non-const parameter
d:\UG\gamemodes\maps/mape.inc(4782) : warning 239: literal array/string passed 
to a non-const parameter
d:\UG\gamemodes\maps/mape.inc(4783) : warning 239: literal array/string passed 
to a non-const parameter
d:\UG\gamemodes\maps/mape.inc(4783) : warning 239: literal array/string passed 
to a non-const parameter
d:\UG\gamemodes\maps/mape.inc(5036) : warning 240: assigned value is never used
 (symbol "VWKuca")
d:\UG\gamemodes\maps/mape.inc(5037) : warning 240: assigned value is never used
 (symbol "VWKuca")
d:\UG\gamemodes\maps/mape.inc(5038) : warning 240: assigned value is never used
 (symbol "VWKuca")
d:\UG\gamemodes\maps/mape.inc(5039) : warning 240: assigned value is never used
 (symbol "VWKuca")
d:\UG\gamemodes\maps/mape.inc(5040) : warning 240: assigned value is never used
 (symbol "VWKuca")
d:\UG\gamemodes\maps/mape.inc(5041) : warning 240: assigned value is never used
 (symbol "VWKuca")
d:\UG\gamemodes\maps/mape.inc(5042) : warning 240: assigned value is never used
 (symbol "VWKuca")
d:\UG\gamemodes\maps/mape.inc(5043) : warning 240: assigned value is never used
 (symbol "VWKuca")
d:\UG\gamemodes\maps/mape.inc(5044) : warning 240: assigned value is never used
 (symbol "VWKuca")
d:\UG\gamemodes\maps/mape.inc(5045) : warning 240: assigned value is never used
 (symbol "VWKuca")
d:\UG\gamemodes\maps/mape.inc(5046) : warning 240: assigned value is never used
 (symbol "VWKuca")
d:\UG\gamemodes\maps/mape.inc(5047) : warning 240: assigned value is never used
 (symbol "VWKuca")
d:\UG\gamemodes\maps/mape.inc(5048) : warning 240: assigned value is never used
 (symbol "VWKuca")
d:\UG\gamemodes\maps/mape.inc(5049) : warning 240: assigned value is never used
 (symbol "VWKuca")
d:\UG\gamemodes\maps/mape.inc(5050) : warning 240: assigned value is never used
 (symbol "VWKuca")
d:\UG\gamemodes\maps/mape.inc(5051) : warning 240: assigned value is never used
 (symbol "VWKuca")
d:\UG\gamemodes\maps/mape.inc(5052) : warning 240: assigned value is never used
 (symbol "VWKuca")
d:\UG\gamemodes\maps/mape.inc(5053) : warning 240: assigned value is never used
 (symbol "VWKuca")
d:\UG\gamemodes\maps/mape.inc(5054) : warning 240: assigned value is never used
 (symbol "VWKuca")
d:\UG\gamemodes\maps/mape.inc(5055) : warning 240: assigned value is never used
 (symbol "VWKuca")
d:\UG\gamemodes\maps/mape.inc(5056) : warning 240: assigned value is never used
 (symbol "VWKuca")
d:\UG\gamemodes\maps/mape.inc(5057) : warning 240: assigned value is never used
 (symbol "VWKuca")
d:\UG\gamemodes\maps/mape.inc(5058) : warning 240: assigned value is never used
 (symbol "VWKuca")
d:\UG\gamemodes\maps/mape.inc(5059) : warning 240: assigned value is never used
 (symbol "VWKuca")
d:\UG\gamemodes\maps/mape.inc(5060) : warning 240: assigned value is never used
 (symbol "VWKuca")
d:\UG\gamemodes\maps/mape.inc(5061) : warning 240: assigned value is never used
 (symbol "VWKuca")
d:\UG\gamemodes\maps/mape.inc(5062) : warning 240: assigned value is never used
 (symbol "VWKuca")
d:\UG\gamemodes\maps/mape.inc(5063) : warning 240: assigned value is never used
 (symbol "VWKuca")
d:\UG\gamemodes\maps/mape.inc(5064) : warning 240: assigned value is never used
 (symbol "VWKuca")
d:\UG\gamemodes\maps/mape.inc(5065) : warning 240: assigned value is never used
 (symbol "VWKuca")
d:\UG\gamemodes\maps/mape.inc(5066) : warning 240: assigned value is never used
 (symbol "VWKuca")
d:\UG\gamemodes\maps/mape.inc(5067) : warning 240: assigned value is never used
 (symbol "VWKuca")
d:\UG\gamemodes\maps/mape.inc(5068) : warning 240: assigned value is never used
 (symbol "VWKuca")
d:\UG\gamemodes\maps/mape.inc(5069) : warning 240: assigned value is never used
 (symbol "VWKuca")
d:\UG\gamemodes\maps/mape.inc(5070) : warning 240: assigned value is never used
 (symbol "VWKuca")
d:\UG\gamemodes\maps/mape.inc(5071) : warning 240: assigned value is never used
 (symbol "VWKuca")
d:\UG\gamemodes\maps/mape.inc(5072) : warning 240: assigned value is never used
 (symbol "VWKuca")
d:\UG\gamemodes\maps/mape.inc(5073) : warning 240: assigned value is never used
 (symbol "VWKuca")
d:\UG\gamemodes\maps/mape.inc(5074) : warning 240: assigned value is never used
 (symbol "VWKuca")
d:\UG\gamemodes\maps/mape.inc(5075) : warning 240: assigned value is never used
 (symbol "VWKuca")
d:\UG\gamemodes\maps/mape.inc(5076) : warning 240: assigned value is never used
 (symbol "VWKuca")
d:\UG\gamemodes\maps/mape.inc(5077) : warning 240: assigned value is never used
 (symbol "VWKuca")
d:\UG\gamemodes\maps/mape.inc(5078) : warning 240: assigned value is never used
 (symbol "VWKuca")
d:\UG\gamemodes\maps/mape.inc(5079) : warning 240: assigned value is never used
 (symbol "VWKuca")
d:\UG\gamemodes\maps/mape.inc(5080) : warning 240: assigned value is never used
 (symbol "VWKuca")
d:\UG\gamemodes\maps/mape.inc(5081) : warning 240: assigned value is never used
 (symbol "VWKuca")
d:\UG\gamemodes\maps/mape.inc(5082) : warning 240: assigned value is never used
 (symbol "VWKuca")
d:\UG\gamemodes\maps/mape.inc(5083) : warning 240: assigned value is never used
 (symbol "VWKuca")
d:\UG\gamemodes\maps/mape.inc(5084) : warning 240: assigned value is never used
 (symbol "VWKuca")
d:\UG\gamemodes\maps/mape.inc(5085) : warning 240: assigned value is never used
 (symbol "VWKuca")
d:\UG\gamemodes\maps/mape.inc(5086) : warning 240: assigned value is never used
 (symbol "VWKuca")
d:\UG\gamemodes\maps/mape.inc(5087) : warning 240: assigned value is never used
 (symbol "VWKuca")
d:\UG\gamemodes\maps/mape.inc(5088) : warning 240: assigned value is never used
 (symbol "VWKuca")
d:\UG\gamemodes\maps/mape.inc(5089) : warning 240: assigned value is never used
 (symbol "VWKuca")
d:\UG\gamemodes\maps/mape.inc(5090) : warning 240: assigned value is never used
 (symbol "VWKuca")
d:\UG\gamemodes\maps/mape.inc(5091) : warning 240: assigned value is never used
 (symbol "VWKuca")
d:\UG\gamemodes\maps/mape.inc(5092) : warning 240: assigned value is never used
 (symbol "VWKuca")
d:\UG\gamemodes\maps/mape.inc(5093) : warning 240: assigned value is never used
 (symbol "VWKuca")
d:\UG\gamemodes\maps/mape.inc(5094) : warning 240: assigned value is never used
 (symbol "VWKuca")
d:\UG\gamemodes\maps/mape.inc(5095) : warning 240: assigned value is never used
 (symbol "VWKuca")
d:\UG\gamemodes\maps/mape.inc(5096) : warning 240: assigned value is never used
 (symbol "VWKuca")
d:\UG\gamemodes\maps/mape.inc(5097) : warning 240: assigned value is never used
 (symbol "VWKuca")
d:\UG\gamemodes\maps/mape.inc(5098) : warning 240: assigned value is never used
 (symbol "VWKuca")
d:\UG\gamemodes\maps/mape.inc(5099) : warning 240: assigned value is never used
 (symbol "VWKuca")
d:\UG\gamemodes\maps/mape.inc(5100) : warning 240: assigned value is never used
 (symbol "VWKuca")
d:\UG\gamemodes\maps/mape.inc(5101) : warning 240: assigned value is never used
 (symbol "VWKuca")
d:\UG\gamemodes\maps/mape.inc(5102) : warning 240: assigned value is never used
 (symbol "VWKuca")
d:\UG\gamemodes\maps/mape.inc(5103) : warning 240: assigned value is never used
 (symbol "VWKuca")
d:\UG\gamemodes\maps/mape.inc(5104) : warning 240: assigned value is never used
 (symbol "VWKuca")
d:\UG\gamemodes\maps/mape.inc(5105) : warning 240: assigned value is never used
 (symbol "VWKuca")
d:\UG\gamemodes\maps/mape.inc(5106) : warning 240: assigned value is never used
 (symbol "VWKuca")
d:\UG\gamemodes\maps/mape.inc(5107) : warning 240: assigned value is never used
 (symbol "VWKuca")
d:\UG\gamemodes\maps/mape.inc(5108) : warning 240: assigned value is never used
 (symbol "VWKuca")
d:\UG\gamemodes\maps/mape.inc(5109) : warning 240: assigned value is never used
 (symbol "VWKuca")
d:\UG\gamemodes\maps/mape.inc(5110) : warning 240: assigned value is never used
 (symbol "VWKuca")
d:\UG\gamemodes\maps/mape.inc(5111) : warning 240: assigned value is never used
 (symbol "VWKuca")
d:\UG\gamemodes\maps/mape.inc(5112) : warning 240: assigned value is never used
 (symbol "VWKuca")
d:\UG\gamemodes\maps/mape.inc(5113) : warning 240: assigned value is never used
 (symbol "VWKuca")
d:\UG\gamemodes\maps/mape.inc(5114) : warning 240: assigned value is never used
 (symbol "VWKuca")
d:\UG\gamemodes\maps/mape.inc(5115) : warning 240: assigned value is never used
 (symbol "VWKuca")
d:\UG\gamemodes\maps/mape.inc(5116) : warning 240: assigned value is never used
 (symbol "VWKuca")
d:\UG\gamemodes\maps/mape.inc(5117) : warning 240: assigned value is never used
 (symbol "VWKuca")
d:\UG\gamemodes\maps/mape.inc(5118) : warning 240: assigned value is never used
 (symbol "VWKuca")
d:\UG\gamemodes\maps/mape.inc(5119) : warning 240: assigned value is never used
 (symbol "VWKuca")
d:\UG\gamemodes\maps/mape.inc(5120) : warning 240: assigned value is never used
 (symbol "VWKuca")
d:\UG\gamemodes\maps/mape.inc(5121) : warning 240: assigned value is never used
 (symbol "VWKuca")
d:\UG\gamemodes\maps/mape.inc(5122) : warning 240: assigned value is never used
 (symbol "VWKuca")
d:\UG\gamemodes\maps/mape.inc(5123) : warning 240: assigned value is never used
 (symbol "VWKuca")
d:\UG\gamemodes\maps/mape.inc(5124) : warning 240: assigned value is never used
 (symbol "VWKuca")
d:\UG\gamemodes\maps/mape.inc(5125) : warning 240: assigned value is never used
 (symbol "VWKuca")
d:\UG\gamemodes\maps/mape.inc(5126) : warning 240: assigned value is never used
 (symbol "VWKuca")
d:\UG\gamemodes\maps/mape.inc(5127) : warning 240: assigned value is never used
 (symbol "VWKuca")
d:\UG\gamemodes\maps/mape.inc(5128) : warning 240: assigned value is never used
 (symbol "VWKuca")
d:\UG\gamemodes\maps/mape.inc(5129) : warning 240: assigned value is never used
 (symbol "VWKuca")
d:\UG\gamemodes\maps/mape.inc(5130) : warning 240: assigned value is never used
 (symbol "VWKuca")
d:\UG\gamemodes\maps/mape.inc(5131) : warning 240: assigned value is never used
 (symbol "VWKuca")
d:\UG\gamemodes\maps/mape.inc(5132) : warning 240: assigned value is never used
 (symbol "VWKuca")
d:\UG\gamemodes\maps/mape.inc(5133) : warning 240: assigned value is never used
 (symbol "VWKuca")
d:\UG\gamemodes\maps/mape.inc(5134) : warning 240: assigned value is never used
 (symbol "VWKuca")
d:\UG\gamemodes\maps/mape.inc(5135) : warning 240: assigned value is never used
 (symbol "VWKuca")
d:\UG\gamemodes\maps/mape.inc(5136) : warning 240: assigned value is never used
 (symbol "VWKuca")
d:\UG\gamemodes\maps/mape.inc(5137) : warning 240: assigned value is never used
 (symbol "VWKuca")
d:\UG\gamemodes\maps/mape.inc(4759) : warning 240: assigned value is never used
 (symbol "tmpobjid")
d:\UG\gamemodes\maps/mape.inc(5314) : warning 240: assigned value is never used
 (symbol "tmpobjid")
d:\UG\gamemodes\maps/mape.inc(5315) : warning 240: assigned value is never used
 (symbol "tmpobjid")
d:\UG\gamemodes\maps/mape.inc(5316) : warning 240: assigned value is never used
 (symbol "tmpobjid")
d:\UG\gamemodes\maps/mape.inc(5317) : warning 240: assigned value is never used
 (symbol "tmpobjid")
d:\UG\gamemodes\maps/mape.inc(5318) : warning 240: assigned value is never used
 (symbol "tmpobjid")
d:\UG\gamemodes\maps/mape.inc(5319) : warning 240: assigned value is never used
 (symbol "tmpobjid")
d:\UG\gamemodes\maps/mape.inc(5320) : warning 240: assigned value is never used
 (symbol "tmpobjid")
d:\UG\gamemodes\maps/mape.inc(5321) : warning 240: assigned value is never used
 (symbol "tmpobjid")
d:\UG\gamemodes\maps/mape.inc(5322) : warning 240: assigned value is never used
 (symbol "tmpobjid")
d:\UG\gamemodes\maps/mape.inc(5323) : warning 240: assigned value is never used
 (symbol "tmpobjid")
d:\UG\gamemodes\maps/mape.inc(5324) : warning 240: assigned value is never used
 (symbol "tmpobjid")
d:\UG\gamemodes\maps/mape.inc(5325) : warning 240: assigned value is never used
 (symbol "tmpobjid")
d:\UG\gamemodes\maps/mape.inc(5326) : warning 240: assigned value is never used
 (symbol "tmpobjid")
d:\UG\gamemodes\maps/mape.inc(5327) : warning 240: assigned value is never used
 (symbol "tmpobjid")
d:\UG\gamemodes\maps/mape.inc(5328) : warning 240: assigned value is never used
 (symbol "tmpobjid")
d:\UG\gamemodes\maps/mape.inc(5329) : warning 240: assigned value is never used
 (symbol "tmpobjid")
d:\UG\gamemodes\maps/mape.inc(5330) : warning 240: assigned value is never used
 (symbol "tmpobjid")
d:\UG\gamemodes\maps/mape.inc(5331) : warning 240: assigned value is never used
 (symbol "tmpobjid")
d:\UG\gamemodes\maps/mape.inc(5332) : warning 240: assigned value is never used
 (symbol "tmpobjid")
d:\UG\gamemodes\maps/mape.inc(5333) : warning 240: assigned value is never used
 (symbol "tmpobjid")
d:\UG\gamemodes\maps/mape.inc(5334) : warning 240: assigned value is never used
 (symbol "tmpobjid")
d:\UG\gamemodes\maps/mape.inc(5335) : warning 240: assigned value is never used
 (symbol "tmpobjid")
d:\UG\gamemodes\maps/mape.inc(5336) : warning 240: assigned value is never used
 (symbol "tmpobjid")
d:\UG\gamemodes\maps/mape.inc(5337) : warning 240: assigned value is never used
 (symbol "tmpobjid")
d:\UG\gamemodes\maps/mape.inc(5338) : warning 240: assigned value is never used
 (symbol "tmpobjid")
d:\UG\gamemodes\maps/mape.inc(5339) : warning 240: assigned value is never used
 (symbol "tmpobjid")
d:\UG\gamemodes\maps/mape.inc(5340) : warning 240: assigned value is never used
 (symbol "tmpobjid")
d:\UG\gamemodes\maps/mape.inc(5341) : warning 240: assigned value is never used
 (symbol "tmpobjid")
d:\UG\gamemodes\maps/mape.inc(5342) : warning 240: assigned value is never used
 (symbol "tmpobjid")
d:\UG\gamemodes\maps/mape.inc(5343) : warning 240: assigned value is never used
 (symbol "tmpobjid")
d:\UG\gamemodes\maps/mape.inc(5344) : warning 240: assigned value is never used
 (symbol "tmpobjid")
d:\UG\gamemodes\maps/mape.inc(5345) : warning 240: assigned value is never used
 (symbol "tmpobjid")
d:\UG\gamemodes\maps/mape.inc(5346) : warning 240: assigned value is never used
 (symbol "tmpobjid")
d:\UG\gamemodes\maps/mape.inc(5347) : warning 240: assigned value is never used
 (symbol "tmpobjid")
d:\UG\gamemodes\maps/mape.inc(5348) : warning 240: assigned value is never used
 (symbol "tmpobjid")
d:\UG\gamemodes\maps/mape.inc(5349) : warning 240: assigned value is never used
 (symbol "tmpobjid")
d:\UG\gamemodes\maps/mape.inc(5350) : warning 240: assigned value is never used
 (symbol "tmpobjid")
d:\UG\gamemodes\maps/mape.inc(5355) : warning 217: loose indentation
d:\UG\gamemodes\maps/mape.inc(5351) : warning 240: assigned value is never used
 (symbol "tmpobjid")
d:\UG\gamemodes\maps/mape.inc(5561) : warning 240: assigned value is never used
 (symbol "tmpobjid")
d:\UG\gamemodes\maps/mape.inc(5562) : warning 240: assigned value is never used
 (symbol "tmpobjid")
d:\UG\gamemodes\maps/mape.inc(5563) : warning 240: assigned value is never used
 (symbol "tmpobjid")
d:\UG\gamemodes\maps/mape.inc(5564) : warning 240: assigned value is never used
 (symbol "tmpobjid")
d:\UG\gamemodes\maps/mape.inc(5565) : warning 240: assigned value is never used
 (symbol "tmpobjid")
d:\UG\gamemodes\maps/mape.inc(5566) : warning 240: assigned value is never used
 (symbol "tmpobjid")
d:\UG\gamemodes\maps/mape.inc(5567) : warning 240: assigned value is never used
 (symbol "tmpobjid")
d:\UG\gamemodes\maps/mape.inc(5568) : warning 240: assigned value is never used
 (symbol "tmpobjid")
d:\UG\gamemodes\maps/mape.inc(5569) : warning 240: assigned value is never used
 (symbol "tmpobjid")
d:\UG\gamemodes\maps/mape.inc(5570) : warning 240: assigned value is never used
 (symbol "tmpobjid")
d:\UG\gamemodes\maps/mape.inc(5571) : warning 240: assigned value is never used
 (symbol "tmpobjid")
d:\UG\gamemodes\maps/mape.inc(5572) : warning 240: assigned value is never used
 (symbol "tmpobjid")
d:\UG\gamemodes\maps/mape.inc(5573) : warning 240: assigned value is never used
 (symbol "tmpobjid")
d:\UG\gamemodes\maps/mape.inc(5574) : warning 240: assigned value is never used
 (symbol "tmpobjid")
d:\UG\gamemodes\maps/mape.inc(5575) : warning 240: assigned value is never used
 (symbol "tmpobjid")
d:\UG\gamemodes\maps/mape.inc(5576) : warning 240: assigned value is never used
 (symbol "tmpobjid")
d:\UG\gamemodes\maps/mape.inc(5577) : warning 240: assigned value is never used
 (symbol "tmpobjid")
d:\UG\gamemodes\maps/mape.inc(5578) : warning 240: assigned value is never used
 (symbol "tmpobjid")
d:\UG\gamemodes\maps/mape.inc(5579) : warning 240: assigned value is never used
 (symbol "tmpobjid")
d:\UG\gamemodes\maps/mape.inc(5580) : warning 240: assigned value is never used
 (symbol "tmpobjid")
d:\UG\gamemodes\maps/mape.inc(5581) : warning 240: assigned value is never used
 (symbol "tmpobjid")
d:\UG\gamemodes\maps/mape.inc(5582) : warning 240: assigned value is never used
 (symbol "tmpobjid")
d:\UG\gamemodes\maps/mape.inc(5583) : warning 240: assigned value is never used
 (symbol "tmpobjid")
d:\UG\gamemodes\maps/mape.inc(5584) : warning 240: assigned value is never used
 (symbol "tmpobjid")
d:\UG\gamemodes\maps/mape.inc(5585) : warning 240: assigned value is never used
 (symbol "tmpobjid")
d:\UG\gamemodes\maps/mape.inc(5586) : warning 240: assigned value is never used
 (symbol "tmpobjid")
d:\UG\gamemodes\maps/mape.inc(5587) : warning 240: assigned value is never used
 (symbol "tmpobjid")
d:\UG\gamemodes\maps/mape.inc(5588) : warning 240: assigned value is never used
 (symbol "tmpobjid")
d:\UG\gamemodes\maps/mape.inc(5589) : warning 240: assigned value is never used
 (symbol "tmpobjid")
d:\UG\gamemodes\maps/mape.inc(5590) : warning 240: assigned value is never used
 (symbol "tmpobjid")
d:\UG\gamemodes\maps/mape.inc(5591) : warning 240: assigned value is never used
 (symbol "tmpobjid")
d:\UG\gamemodes\maps/mape.inc(5594) : warning 217: loose indentation
d:\UG\gamemodes\maps/mape.inc(5592) : warning 240: assigned value is never used
 (symbol "tmpobjid")
d:\UG\gamemodes\maps/mape.inc(5597) : warning 240: assigned value is never used
 (symbol "tmpobjid")
d:\UG\gamemodes\maps/mape.inc(5598) : warning 240: assigned value is never used
 (symbol "tmpobjid")
d:\UG\gamemodes\maps/mape.inc(5599) : warning 240: assigned value is never used
 (symbol "tmpobjid")
d:\UG\gamemodes\maps/mape.inc(5600) : warning 240: assigned value is never used
 (symbol "tmpobjid")
d:\UG\gamemodes\maps/mape.inc(5601) : warning 240: assigned value is never used
 (symbol "tmpobjid")
d:\UG\gamemodes\maps/mape.inc(5602) : warning 240: assigned value is never used
 (symbol "tmpobjid")
d:\UG\gamemodes\maps/mape.inc(5603) : warning 240: assigned value is never used
 (symbol "tmpobjid")
d:\UG\gamemodes\maps/mape.inc(5604) : warning 240: assigned value is never used
 (symbol "tmpobjid")
d:\UG\gamemodes\maps/mape.inc(5605) : warning 240: assigned value is never used
 (symbol "tmpobjid")
d:\UG\gamemodes\maps/mape.inc(5606) : warning 240: assigned value is never used
 (symbol "tmpobjid")
d:\UG\gamemodes\maps/mape.inc(5607) : warning 240: assigned value is never used
 (symbol "tmpobjid")
d:\UG\gamemodes\maps/mape.inc(5608) : warning 240: assigned value is never used
 (symbol "tmpobjid")
d:\UG\gamemodes\maps/mape.inc(5609) : warning 240: assigned value is never used
 (symbol "tmpobjid")
d:\UG\gamemodes\maps/mape.inc(5610) : warning 240: assigned value is never used
 (symbol "tmpobjid")
d:\UG\gamemodes\maps/mape.inc(5611) : warning 240: assigned value is never used
 (symbol "tmpobjid")
d:\UG\gamemodes\maps/mape.inc(5612) : warning 240: assigned value is never used
 (symbol "tmpobjid")
d:\UG\gamemodes\maps/mape.inc(5613) : warning 240: assigned value is never used
 (symbol "tmpobjid")
d:\UG\gamemodes\maps/mape.inc(5614) : warning 240: assigned value is never used
 (symbol "tmpobjid")
d:\UG\gamemodes\maps/mape.inc(5615) : warning 240: assigned value is never used
 (symbol "tmpobjid")
d:\UG\gamemodes\maps/mape.inc(5616) : warning 240: assigned value is never used
 (symbol "tmpobjid")
d:\UG\gamemodes\maps/mape.inc(5617) : warning 240: assigned value is never used
 (symbol "tmpobjid")
d:\UG\gamemodes\maps/mape.inc(5618) : warning 240: assigned value is never used
 (symbol "tmpobjid")
d:\UG\gamemodes\maps/mape.inc(5619) : warning 240: assigned value is never used
 (symbol "tmpobjid")
d:\UG\gamemodes\maps/mape.inc(5620) : warning 240: assigned value is never used
 (symbol "tmpobjid")
d:\UG\gamemodes\maps/mape.inc(5621) : warning 240: assigned value is never used
 (symbol "tmpobjid")
d:\UG\gamemodes\maps/mape.inc(5622) : warning 240: assigned value is never used
 (symbol "tmpobjid")
d:\UG\gamemodes\maps/mape.inc(5623) : warning 240: assigned value is never used
 (symbol "tmpobjid")
d:\UG\gamemodes\maps/mape.inc(5624) : warning 240: assigned value is never used
 (symbol "tmpobjid")
d:\UG\gamemodes\maps/mape.inc(5625) : warning 240: assigned value is never used
 (symbol "tmpobjid")
d:\UG\gamemodes\maps/mape.inc(5626) : warning 240: assigned value is never used
 (symbol "tmpobjid")
d:\UG\gamemodes\maps/mape.inc(5627) : warning 240: assigned value is never used
 (symbol "tmpobjid")
d:\UG\gamemodes\maps/mape.inc(5628) : warning 240: assigned value is never used
 (symbol "tmpobjid")
d:\UG\gamemodes\maps/mape.inc(5629) : warning 240: assigned value is never used
 (symbol "tmpobjid")
d:\UG\gamemodes\maps/mape.inc(5630) : warning 240: assigned value is never used
 (symbol "tmpobjid")
d:\UG\gamemodes\maps/mape.inc(5631) : warning 240: assigned value is never used
 (symbol "tmpobjid")
d:\UG\gamemodes\maps/mape.inc(5632) : warning 240: assigned value is never used
 (symbol "tmpobjid")
d:\UG\gamemodes\maps/mape.inc(5633) : warning 240: assigned value is never used
 (symbol "tmpobjid")
d:\UG\gamemodes\maps/mape.inc(5634) : warning 240: assigned value is never used
 (symbol "tmpobjid")
d:\UG\gamemodes\maps/mape.inc(5635) : warning 240: assigned value is never used
 (symbol "tmpobjid")
d:\UG\gamemodes\maps/mape.inc(5636) : warning 240: assigned value is never used
 (symbol "tmpobjid")
d:\UG\gamemodes\maps/mape.inc(5637) : warning 240: assigned value is never used
 (symbol "tmpobjid")
d:\UG\gamemodes\maps/mape.inc(5638) : warning 240: assigned value is never used
 (symbol "tmpobjid")
d:\UG\gamemodes\maps/mape.inc(5639) : warning 240: assigned value is never used
 (symbol "tmpobjid")
d:\UG\gamemodes\maps/mape.inc(5640) : warning 240: assigned value is never used
 (symbol "tmpobjid")
d:\UG\gamemodes\maps/mape.inc(5641) : warning 240: assigned value is never used
 (symbol "tmpobjid")
d:\UG\gamemodes\maps/mape.inc(5642) : warning 240: assigned value is never used
 (symbol "tmpobjid")
d:\UG\gamemodes\maps/mape.inc(5643) : warning 240: assigned value is never used
 (symbol "tmpobjid")
d:\UG\gamemodes\maps/mape.inc(5644) : warning 240: assigned value is never used
 (symbol "tmpobjid")
d:\UG\gamemodes\maps/mape.inc(5645) : warning 240: assigned value is never used
 (symbol "tmpobjid")
d:\UG\gamemodes\maps/mape.inc(5646) : warning 240: assigned value is never used
 (symbol "tmpobjid")
d:\UG\gamemodes\maps/mape.inc(5647) : warning 240: assigned value is never used
 (symbol "tmpobjid")
d:\UG\gamemodes\maps/mape.inc(5648) : warning 240: assigned value is never used
 (symbol "tmpobjid")
d:\UG\gamemodes\maps/mape.inc(5649) : warning 240: assigned value is never used
 (symbol "tmpobjid")
d:\UG\gamemodes\maps/mape.inc(5650) : warning 240: assigned value is never used
 (symbol "tmpobjid")
d:\UG\gamemodes\maps/mape.inc(5651) : warning 240: assigned value is never used
 (symbol "tmpobjid")
d:\UG\gamemodes\maps/mape.inc(5652) : warning 240: assigned value is never used
 (symbol "tmpobjid")
d:\UG\gamemodes\maps/mape.inc(5653) : warning 240: assigned value is never used
 (symbol "tmpobjid")
d:\UG\gamemodes\maps/mape.inc(5654) : warning 240: assigned value is never used
 (symbol "tmpobjid")
d:\UG\gamemodes\maps/mape.inc(5655) : warning 240: assigned value is never used
 (symbol "tmpobjid")
d:\UG\gamemodes\maps/mape.inc(5656) : warning 240: assigned value is never used
 (symbol "tmpobjid")
d:\UG\gamemodes\maps/mape.inc(5657) : warning 240: assigned value is never used
 (symbol "tmpobjid")
d:\UG\gamemodes\maps/mape.inc(5658) : warning 240: assigned value is never used
 (symbol "tmpobjid")
d:\UG\gamemodes\maps/mape.inc(5659) : warning 240: assigned value is never used
 (symbol "tmpobjid")
d:\UG\gamemodes\maps/mape.inc(5660) : warning 240: assigned value is never used
 (symbol "tmpobjid")
d:\UG\gamemodes\maps/mape.inc(5661) : warning 240: assigned value is never used
 (symbol "tmpobjid")
d:\UG\gamemodes\maps/mape.inc(5662) : warning 240: assigned value is never used
 (symbol "tmpobjid")
d:\UG\gamemodes\maps/mape.inc(5663) : warning 240: assigned value is never used
 (symbol "tmpobjid")
d:\UG\gamemodes\maps/mape.inc(5664) : warning 240: assigned value is never used
 (symbol "tmpobjid")
d:\UG\gamemodes\maps/mape.inc(5665) : warning 240: assigned value is never used
 (symbol "tmpobjid")
d:\UG\gamemodes\maps/mape.inc(5666) : warning 240: assigned value is never used
 (symbol "tmpobjid")
d:\UG\gamemodes\maps/mape.inc(5667) : warning 240: assigned value is never used
 (symbol "tmpobjid")
d:\UG\gamemodes\maps/mape.inc(5668) : warning 240: assigned value is never used
 (symbol "tmpobjid")
d:\UG\gamemodes\maps/mape.inc(5669) : warning 240: assigned value is never used
 (symbol "tmpobjid")
d:\UG\gamemodes\maps/mape.inc(5670) : warning 240: assigned value is never used
 (symbol "tmpobjid")
d:\UG\gamemodes\maps/mape.inc(5671) : warning 240: assigned value is never used
 (symbol "tmpobjid")
d:\UG\gamemodes\maps/mape.inc(5672) : warning 240: assigned value is never used
 (symbol "tmpobjid")
d:\UG\gamemodes\maps/mape.inc(5673) : warning 240: assigned value is never used
 (symbol "tmpobjid")
d:\UG\gamemodes\maps/mape.inc(5674) : warning 240: assigned value is never used
 (symbol "tmpobjid")
d:\UG\gamemodes\maps/mape.inc(5675) : warning 240: assigned value is never used
 (symbol "tmpobjid")
d:\UG\gamemodes\maps/mape.inc(5676) : warning 240: assigned value is never used
 (symbol "tmpobjid")
d:\UG\gamemodes\maps/mape.inc(5677) : warning 240: assigned value is never used
 (symbol "tmpobjid")
d:\UG\gamemodes\maps/mape.inc(5678) : warning 240: assigned value is never used
 (symbol "tmpobjid")
d:\UG\gamemodes\maps/mape.inc(5679) : warning 240: assigned value is never used
 (symbol "tmpobjid")
d:\UG\gamemodes\maps/mape.inc(5680) : warning 240: assigned value is never used
 (symbol "tmpobjid")
d:\UG\gamemodes\maps/mape.inc(5681) : warning 240: assigned value is never used
 (symbol "tmpobjid")
d:\UG\gamemodes\maps/mape.inc(5682) : warning 240: assigned value is never used
 (symbol "tmpobjid")
d:\UG\gamemodes\maps/mape.inc(5683) : warning 240: assigned value is never used
 (symbol "tmpobjid")
d:\UG\gamemodes\maps/mape.inc(5684) : warning 240: assigned value is never used
 (symbol "tmpobjid")
d:\UG\gamemodes\maps/mape.inc(5685) : warning 240: assigned value is never used
 (symbol "tmpobjid")
d:\UG\gamemodes\maps/mape.inc(5686) : warning 240: assigned value is never used
 (symbol "tmpobjid")
d:\UG\gamemodes\maps/mape.inc(5687) : warning 240: assigned value is never used
 (symbol "tmpobjid")
d:\UG\gamemodes\maps/mape.inc(5688) : warning 240: assigned value is never used
 (symbol "tmpobjid")
d:\UG\gamemodes\maps/mape.inc(5689) : warning 240: assigned value is never used
 (symbol "tmpobjid")
d:\UG\gamemodes\maps/mape.inc(5690) : warning 240: assigned value is never used
 (symbol "tmpobjid")
d:\UG\gamemodes\maps/mape.inc(5691) : warning 240: assigned value is never used
 (symbol "tmpobjid")
d:\UG\gamemodes\maps/mape.inc(5692) : warning 240: assigned value is never used
 (symbol "tmpobjid")
d:\UG\gamemodes\maps/mape.inc(5693) : warning 240: assigned value is never used
 (symbol "tmpobjid")
d:\UG\gamemodes\maps/mape.inc(5694) : warning 240: assigned value is never used
 (symbol "tmpobjid")
d:\UG\gamemodes\maps/mape.inc(5695) : warning 240: assigned value is never used
 (symbol "tmpobjid")
d:\UG\gamemodes\maps/mape.inc(5696) : warning 240: assigned value is never used
 (symbol "tmpobjid")
d:\UG\gamemodes\maps/mape.inc(5697) : warning 240: assigned value is never used
 (symbol "tmpobjid")
d:\UG\gamemodes\maps/mape.inc(5698) : warning 240: assigned value is never used
 (symbol "tmpobjid")
d:\UG\gamemodes\maps/mape.inc(5699) : warning 240: assigned value is never used
 (symbol "tmpobjid")
d:\UG\gamemodes\maps/mape.inc(5700) : warning 240: assigned value is never used
 (symbol "tmpobjid")
d:\UG\gamemodes\maps/mape.inc(5701) : warning 240: assigned value is never used
 (symbol "tmpobjid")
d:\UG\gamemodes\maps/mape.inc(5702) : warning 240: assigned value is never used
 (symbol "tmpobjid")
d:\UG\gamemodes\maps/mape.inc(5703) : warning 240: assigned value is never used
 (symbol "tmpobjid")
d:\UG\gamemodes\maps/mape.inc(5704) : warning 240: assigned value is never used
 (symbol "tmpobjid")
d:\UG\gamemodes\maps/mape.inc(5705) : warning 240: assigned value is never used
 (symbol "tmpobjid")
d:\UG\gamemodes\maps/mape.inc(5706) : warning 240: assigned value is never used
 (symbol "tmpobjid")
d:\UG\gamemodes\maps/mape.inc(5707) : warning 240: assigned value is never used
 (symbol "tmpobjid")
d:\UG\gamemodes\maps/mape.inc(5708) : warning 240: assigned value is never used
 (symbol "tmpobjid")
d:\UG\gamemodes\maps/mape.inc(5709) : warning 240: assigned value is never used
 (symbol "tmpobjid")
d:\UG\gamemodes\maps/mape.inc(5710) : warning 240: assigned value is never used
 (symbol "tmpobjid")
d:\UG\gamemodes\maps/mape.inc(5711) : warning 240: assigned value is never used
 (symbol "tmpobjid")
d:\UG\gamemodes\maps/mape.inc(5712) : warning 240: assigned value is never used
 (symbol "tmpobjid")
d:\UG\gamemodes\maps/mape.inc(5713) : warning 240: assigned value is never used
 (symbol "tmpobjid")
d:\UG\gamemodes\maps/mape.inc(5714) : warning 240: assigned value is never used
 (symbol "tmpobjid")
d:\UG\gamemodes\maps/mape.inc(5715) : warning 240: assigned value is never used
 (symbol "tmpobjid")
d:\UG\gamemodes\maps/mape.inc(5716) : warning 240: assigned value is never used
 (symbol "tmpobjid")
d:\UG\gamemodes\maps/mape.inc(5717) : warning 240: assigned value is never used
 (symbol "tmpobjid")
d:\UG\gamemodes\maps/mape.inc(5718) : warning 240: assigned value is never used
 (symbol "tmpobjid")
d:\UG\gamemodes\maps/mape.inc(5719) : warning 240: assigned value is never used
 (symbol "tmpobjid")
d:\UG\gamemodes\maps/mape.inc(5720) : warning 240: assigned value is never used
 (symbol "tmpobjid")
d:\UG\gamemodes\maps/mape.inc(5721) : warning 240: assigned value is never used
 (symbol "tmpobjid")
d:\UG\gamemodes\maps/mape.inc(5722) : warning 240: assigned value is never used
 (symbol "tmpobjid")
d:\UG\gamemodes\maps/mape.inc(5723) : warning 240: assigned value is never used
 (symbol "tmpobjid")
d:\UG\gamemodes\maps/mape.inc(5724) : warning 240: assigned value is never used
 (symbol "tmpobjid")
d:\UG\gamemodes\maps/mape.inc(5725) : warning 240: assigned value is never used
 (symbol "tmpobjid")
d:\UG\gamemodes\maps/mape.inc(5726) : warning 240: assigned value is never used
 (symbol "tmpobjid")
d:\UG\gamemodes\maps/mape.inc(5727) : warning 240: assigned value is never used
 (symbol "tmpobjid")
d:\UG\gamemodes\maps/mape.inc(5728) : warning 240: assigned value is never used
 (symbol "tmpobjid")
d:\UG\gamemodes\maps/mape.inc(5729) : warning 240: assigned value is never used
 (symbol "tmpobjid")
d:\UG\gamemodes\maps/mape.inc(5730) : warning 240: assigned value is never used
 (symbol "tmpobjid")
d:\UG\gamemodes\maps/mape.inc(5731) : warning 240: assigned value is never used
 (symbol "tmpobjid")
d:\UG\gamemodes\maps/mape.inc(5732) : warning 240: assigned value is never used
 (symbol "tmpobjid")
d:\UG\gamemodes\maps/mape.inc(5733) : warning 240: assigned value is never used
 (symbol "tmpobjid")
d:\UG\gamemodes\maps/mape.inc(5734) : warning 240: assigned value is never used
 (symbol "tmpobjid")
d:\UG\gamemodes\maps/mape.inc(5735) : warning 240: assigned value is never used
 (symbol "tmpobjid")
d:\UG\gamemodes\maps/mape.inc(5736) : warning 240: assigned value is never used
 (symbol "tmpobjid")
d:\UG\gamemodes\maps/mape.inc(5737) : warning 240: assigned value is never used
 (symbol "tmpobjid")
d:\UG\gamemodes\maps/mape.inc(5738) : warning 240: assigned value is never used
 (symbol "tmpobjid")
d:\UG\gamemodes\maps/mape.inc(5739) : warning 240: assigned value is never used
 (symbol "tmpobjid")
d:\UG\gamemodes\maps/mape.inc(5740) : warning 240: assigned value is never used
 (symbol "tmpobjid")
d:\UG\gamemodes\maps/mape.inc(5741) : warning 240: assigned value is never used
 (symbol "tmpobjid")
d:\UG\gamemodes\maps/mape.inc(5742) : warning 240: assigned value is never used
 (symbol "tmpobjid")
d:\UG\gamemodes\maps/mape.inc(5743) : warning 240: assigned value is never used
 (symbol "tmpobjid")
d:\UG\gamemodes\maps/mape.inc(5744) : warning 240: assigned value is never used
 (symbol "tmpobjid")
d:\UG\gamemodes\maps/mape.inc(5745) : warning 240: assigned value is never used
 (symbol "tmpobjid")
d:\UG\gamemodes\maps/mape.inc(5746) : warning 240: assigned value is never used
 (symbol "tmpobjid")
d:\UG\gamemodes\maps/mape.inc(5747) : warning 240: assigned value is never used
 (symbol "tmpobjid")
d:\UG\gamemodes\maps/mape.inc(5748) : warning 240: assigned value is never used
 (symbol "tmpobjid")
d:\UG\gamemodes\maps/mape.inc(5749) : warning 240: assigned value is never used
 (symbol "tmpobjid")
d:\UG\gamemodes\maps/mape.inc(5750) : warning 240: assigned value is never used
 (symbol "tmpobjid")
d:\UG\gamemodes\maps/mape.inc(5751) : warning 240: assigned value is never used
 (symbol "tmpobjid")
d:\UG\gamemodes\maps/mape.inc(5752) : warning 240: assigned value is never used
 (symbol "tmpobjid")
d:\UG\gamemodes\maps/mape.inc(5753) : warning 240: assigned value is never used
 (symbol "tmpobjid")
d:\UG\gamemodes\maps/mape.inc(5754) : warning 240: assigned value is never used
 (symbol "tmpobjid")
d:\UG\gamemodes\maps/mape.inc(5755) : warning 240: assigned value is never used
 (symbol "tmpobjid")
d:\UG\gamemodes\maps/mape.inc(5756) : warning 240: assigned value is never used
 (symbol "tmpobjid")
d:\UG\gamemodes\maps/mape.inc(5757) : warning 240: assigned value is never used
 (symbol "tmpobjid")
d:\UG\gamemodes\maps/mape.inc(5758) : warning 240: assigned value is never used
 (symbol "tmpobjid")
d:\UG\gamemodes\maps/mape.inc(5759) : warning 240: assigned value is never used
 (symbol "tmpobjid")
d:\UG\gamemodes\maps/mape.inc(5760) : warning 240: assigned value is never used
 (symbol "tmpobjid")
d:\UG\gamemodes\maps/mape.inc(5761) : warning 240: assigned value is never used
 (symbol "tmpobjid")
d:\UG\gamemodes\maps/mape.inc(5762) : warning 240: assigned value is never used
 (symbol "tmpobjid")
d:\UG\gamemodes\maps/mape.inc(5763) : warning 240: assigned value is never used
 (symbol "tmpobjid")
d:\UG\gamemodes\maps/mape.inc(5764) : warning 240: assigned value is never used
 (symbol "tmpobjid")
d:\UG\gamemodes\maps/mape.inc(5765) : warning 240: assigned value is never used
 (symbol "tmpobjid")
d:\UG\gamemodes\maps/mape.inc(5766) : warning 240: assigned value is never used
 (symbol "tmpobjid")
d:\UG\gamemodes\maps/mape.inc(5767) : warning 240: assigned value is never used
 (symbol "tmpobjid")
d:\UG\gamemodes\maps/mape.inc(5768) : warning 240: assigned value is never used
 (symbol "tmpobjid")
d:\UG\gamemodes\maps/mape.inc(5769) : warning 240: assigned value is never used
 (symbol "tmpobjid")
d:\UG\gamemodes\maps/mape.inc(5770) : warning 240: assigned value is never used
 (symbol "tmpobjid")
d:\UG\gamemodes\maps/mape.inc(5771) : warning 240: assigned value is never used
 (symbol "tmpobjid")
d:\UG\gamemodes\maps/mape.inc(5772) : warning 240: assigned value is never used
 (symbol "tmpobjid")
d:\UG\gamemodes\maps/mape.inc(5773) : warning 240: assigned value is never used
 (symbol "tmpobjid")
d:\UG\gamemodes\maps/mape.inc(5774) : warning 240: assigned value is never used
 (symbol "tmpobjid")
d:\UG\gamemodes\maps/mape.inc(5775) : warning 240: assigned value is never used
 (symbol "tmpobjid")
d:\UG\gamemodes\maps/mape.inc(5776) : warning 240: assigned value is never used
 (symbol "tmpobjid")
d:\UG\gamemodes\maps/mape.inc(5777) : warning 240: assigned value is never used
 (symbol "tmpobjid")
d:\UG\gamemodes\maps/mape.inc(5778) : warning 240: assigned value is never used
 (symbol "tmpobjid")
d:\UG\gamemodes\maps/mape.inc(5779) : warning 240: assigned value is never used
 (symbol "tmpobjid")
d:\UG\gamemodes\maps/mape.inc(5780) : warning 240: assigned value is never used
 (symbol "tmpobjid")
d:\UG\gamemodes\maps/mape.inc(5781) : warning 240: assigned value is never used
 (symbol "tmpobjid")
d:\UG\gamemodes\maps/mape.inc(5782) : warning 240: assigned value is never used
 (symbol "tmpobjid")
d:\UG\gamemodes\maps/mape.inc(5783) : warning 240: assigned value is never used
 (symbol "tmpobjid")
d:\UG\gamemodes\maps/mape.inc(5784) : warning 240: assigned value is never used
 (symbol "tmpobjid")
d:\UG\gamemodes\maps/mape.inc(5785) : warning 240: assigned value is never used
 (symbol "tmpobjid")
d:\UG\gamemodes\maps/mape.inc(5786) : warning 240: assigned value is never used
 (symbol "tmpobjid")
d:\UG\gamemodes\maps/mape.inc(5787) : warning 240: assigned value is never used
 (symbol "tmpobjid")
d:\UG\gamemodes\maps/mape.inc(5788) : warning 240: assigned value is never used
 (symbol "tmpobjid")
d:\UG\gamemodes\maps/mape.inc(5789) : warning 240: assigned value is never used
 (symbol "tmpobjid")
d:\UG\gamemodes\maps/mape.inc(5790) : warning 240: assigned value is never used
 (symbol "tmpobjid")
d:\UG\gamemodes\maps/mape.inc(5791) : warning 240: assigned value is never used
 (symbol "tmpobjid")
d:\UG\gamemodes\maps/mape.inc(5792) : warning 240: assigned value is never used
 (symbol "tmpobjid")
d:\UG\gamemodes\maps/mape.inc(5793) : warning 240: assigned value is never used
 (symbol "tmpobjid")
d:\UG\gamemodes\maps/mape.inc(5794) : warning 240: assigned value is never used
 (symbol "tmpobjid")
d:\UG\gamemodes\maps/mape.inc(5795) : warning 240: assigned value is never used
 (symbol "tmpobjid")
d:\UG\gamemodes\maps/mape.inc(5796) : warning 240: assigned value is never used
 (symbol "tmpobjid")
d:\UG\gamemodes\maps/mape.inc(5797) : warning 240: assigned value is never used
 (symbol "tmpobjid")
d:\UG\gamemodes\maps/mape.inc(5798) : warning 240: assigned value is never used
 (symbol "tmpobjid")
d:\UG\gamemodes\maps/mape.inc(5799) : warning 240: assigned value is never used
 (symbol "tmpobjid")
d:\UG\gamemodes\maps/mape.inc(5800) : warning 240: assigned value is never used
 (symbol "tmpobjid")
d:\UG\gamemodes\maps/mape.inc(5801) : warning 240: assigned value is never used
 (symbol "tmpobjid")
d:\UG\gamemodes\maps/mape.inc(5802) : warning 240: assigned value is never used
 (symbol "tmpobjid")
d:\UG\gamemodes\maps/mape.inc(5803) : warning 240: assigned value is never used
 (symbol "tmpobjid")
d:\UG\gamemodes\maps/mape.inc(5804) : warning 240: assigned value is never used
 (symbol "tmpobjid")
d:\UG\gamemodes\maps/mape.inc(5805) : warning 240: assigned value is never used
 (symbol "tmpobjid")
d:\UG\gamemodes\maps/mape.inc(5806) : warning 240: assigned value is never used
 (symbol "tmpobjid")
d:\UG\gamemodes\maps/mape.inc(5807) : warning 240: assigned value is never used
 (symbol "tmpobjid")
d:\UG\gamemodes\maps/mape.inc(5808) : warning 240: assigned value is never used
 (symbol "tmpobjid")
d:\UG\gamemodes\maps/mape.inc(5809) : warning 240: assigned value is never used
 (symbol "tmpobjid")
d:\UG\gamemodes\maps/mape.inc(5810) : warning 240: assigned value is never used
 (symbol "tmpobjid")
d:\UG\gamemodes\maps/mape.inc(5811) : warning 240: assigned value is never used
 (symbol "tmpobjid")
d:\UG\gamemodes\maps/mape.inc(5812) : warning 240: assigned value is never used
 (symbol "tmpobjid")
d:\UG\gamemodes\maps/mape.inc(5813) : warning 240: assigned value is never used
 (symbol "tmpobjid")
d:\UG\gamemodes\maps/mape.inc(5814) : warning 240: assigned value is never used
 (symbol "tmpobjid")
d:\UG\gamemodes\maps/mape.inc(5815) : warning 240: assigned value is never used
 (symbol "tmpobjid")
d:\UG\gamemodes\maps/mape.inc(5816) : warning 240: assigned value is never used
 (symbol "tmpobjid")
d:\UG\gamemodes\maps/mape.inc(5817) : warning 240: assigned value is never used
 (symbol "tmpobjid")
d:\UG\gamemodes\maps/mape.inc(5819) : warning 240: assigned value is never used
 (symbol "tmpobjid")
d:\UG\gamemodes\maps/mape.inc(5820) : warning 240: assigned value is never used
 (symbol "tmpobjid")
d:\UG\gamemodes\maps/mape.inc(5821) : warning 240: assigned value is never used
 (symbol "tmpobjid")
d:\UG\gamemodes\maps/mape.inc(5822) : warning 240: assigned value is never used
 (symbol "tmpobjid")
d:\UG\gamemodes\maps/mape.inc(5823) : warning 240: assigned value is never used
 (symbol "tmpobjid")
d:\UG\gamemodes\maps/mape.inc(5824) : warning 240: assigned value is never used
 (symbol "tmpobjid")
d:\UG\gamemodes\maps/mape.inc(5825) : warning 240: assigned value is never used
 (symbol "tmpobjid")
d:\UG\gamemodes\maps/mape.inc(5826) : warning 240: assigned value is never used
 (symbol "tmpobjid")
d:\UG\gamemodes\maps/mape.inc(5827) : warning 240: assigned value is never used
 (symbol "tmpobjid")
d:\UG\gamemodes\maps/mape.inc(5828) : warning 240: assigned value is never used
 (symbol "tmpobjid")
d:\UG\gamemodes\maps/mape.inc(5829) : warning 240: assigned value is never used
 (symbol "tmpobjid")
d:\UG\gamemodes\maps/mape.inc(5830) : warning 240: assigned value is never used
 (symbol "tmpobjid")
d:\UG\gamemodes\maps/mape.inc(5831) : warning 240: assigned value is never used
 (symbol "tmpobjid")
d:\UG\gamemodes\maps/mape.inc(5832) : warning 240: assigned value is never used
 (symbol "tmpobjid")
d:\UG\gamemodes\maps/mape.inc(5833) : warning 240: assigned value is never used
 (symbol "tmpobjid")
d:\UG\gamemodes\maps/mape.inc(5834) : warning 240: assigned value is never used
 (symbol "tmpobjid")
d:\UG\gamemodes\maps/mape.inc(5835) : warning 240: assigned value is never used
 (symbol "tmpobjid")
d:\UG\gamemodes\maps/mape.inc(5836) : warning 240: assigned value is never used
 (symbol "tmpobjid")
d:\UG\gamemodes\maps/mape.inc(5837) : warning 240: assigned value is never used
 (symbol "tmpobjid")
d:\UG\gamemodes\maps/mape.inc(5838) : warning 240: assigned value is never used
 (symbol "tmpobjid")
d:\UG\gamemodes\maps/mape.inc(5839) : warning 240: assigned value is never used
 (symbol "tmpobjid")
d:\UG\gamemodes\maps/mape.inc(5840) : warning 240: assigned value is never used
 (symbol "tmpobjid")
d:\UG\gamemodes\maps/mape.inc(5841) : warning 240: assigned value is never used
 (symbol "tmpobjid")
d:\UG\gamemodes\maps/mape.inc(5842) : warning 240: assigned value is never used
 (symbol "tmpobjid")
d:\UG\gamemodes\maps/mape.inc(5843) : warning 240: assigned value is never used
 (symbol "tmpobjid")
d:\UG\gamemodes\maps/mape.inc(5844) : warning 240: assigned value is never used
 (symbol "tmpobjid")
d:\UG\gamemodes\maps/mape.inc(5845) : warning 240: assigned value is never used
 (symbol "tmpobjid")
d:\UG\gamemodes\maps/mape.inc(5846) : warning 240: assigned value is never used
 (symbol "tmpobjid")
d:\UG\gamemodes\maps/mape.inc(5847) : warning 240: assigned value is never used
 (symbol "tmpobjid")
d:\UG\gamemodes\maps/mape.inc(5848) : warning 240: assigned value is never used
 (symbol "tmpobjid")
d:\UG\gamemodes\maps/mape.inc(5849) : warning 240: assigned value is never used
 (symbol "tmpobjid")
d:\UG\gamemodes\maps/mape.inc(5850) : warning 240: assigned value is never used
 (symbol "tmpobjid")
d:\UG\gamemodes\maps/mape.inc(5851) : warning 240: assigned value is never used
 (symbol "tmpobjid")
d:\UG\gamemodes\maps/mape.inc(5852) : warning 240: assigned value is never used
 (symbol "tmpobjid")
d:\UG\gamemodes\maps/mape.inc(5853) : warning 240: assigned value is never used
 (symbol "tmpobjid")
d:\UG\gamemodes\maps/mape.inc(5854) : warning 240: assigned value is never used
 (symbol "tmpobjid")
d:\UG\gamemodes\maps/mape.inc(5855) : warning 240: assigned value is never used
 (symbol "tmpobjid")
d:\UG\gamemodes\maps/mape.inc(5856) : warning 240: assigned value is never used
 (symbol "tmpobjid")
d:\UG\gamemodes\maps/mape.inc(5857) : warning 240: assigned value is never used
 (symbol "tmpobjid")
d:\UG\gamemodes\maps/mape.inc(5858) : warning 240: assigned value is never used
 (symbol "tmpobjid")
d:\UG\gamemodes\maps/mape.inc(5859) : warning 240: assigned value is never used
 (symbol "tmpobjid")
d:\UG\gamemodes\maps/mape.inc(5860) : warning 240: assigned value is never used
 (symbol "tmpobjid")
d:\UG\gamemodes\maps/mape.inc(5861) : warning 240: assigned value is never used
 (symbol "tmpobjid")
d:\UG\gamemodes\maps/mape.inc(5862) : warning 240: assigned value is never used
 (symbol "tmpobjid")
d:\UG\gamemodes\maps/mape.inc(5863) : warning 240: assigned value is never used
 (symbol "tmpobjid")
d:\UG\gamemodes\maps/mape.inc(5864) : warning 240: assigned value is never used
 (symbol "tmpobjid")
d:\UG\gamemodes\maps/mape.inc(5865) : warning 240: assigned value is never used
 (symbol "tmpobjid")
d:\UG\gamemodes\maps/mape.inc(5866) : warning 240: assigned value is never used
 (symbol "tmpobjid")
d:\UG\gamemodes\maps/mape.inc(5867) : warning 240: assigned value is never used
 (symbol "tmpobjid")
d:\UG\gamemodes\maps/mape.inc(5868) : warning 240: assigned value is never used
 (symbol "tmpobjid")
d:\UG\gamemodes\maps/mape.inc(5869) : warning 240: assigned value is never used
 (symbol "tmpobjid")
d:\UG\gamemodes\maps/mape.inc(5870) : warning 240: assigned value is never used
 (symbol "tmpobjid")
d:\UG\gamemodes\maps/mape.inc(5871) : warning 240: assigned value is never used
 (symbol "tmpobjid")
d:\UG\gamemodes\maps/mape.inc(5872) : warning 240: assigned value is never used
 (symbol "tmpobjid")
d:\UG\gamemodes\maps/mape.inc(5873) : warning 240: assigned value is never used
 (symbol "tmpobjid")
d:\UG\gamemodes\maps/mape.inc(5874) : warning 240: assigned value is never used
 (symbol "tmpobjid")
d:\UG\gamemodes\maps/mape.inc(5875) : warning 240: assigned value is never used
 (symbol "tmpobjid")
d:\UG\gamemodes\maps/mape.inc(5876) : warning 240: assigned value is never used
 (symbol "tmpobjid")
d:\UG\gamemodes\maps/mape.inc(5877) : warning 240: assigned value is never used
 (symbol "tmpobjid")
d:\UG\gamemodes\maps/mape.inc(5878) : warning 240: assigned value is never used
 (symbol "tmpobjid")
d:\UG\gamemodes\maps/mape.inc(5879) : warning 240: assigned value is never used
 (symbol "tmpobjid")
d:\UG\gamemodes\maps/mape.inc(5880) : warning 240: assigned value is never used
 (symbol "tmpobjid")
d:\UG\gamemodes\maps/mape.inc(5881) : warning 240: assigned value is never used
 (symbol "tmpobjid")
d:\UG\gamemodes\maps/mape.inc(5882) : warning 240: assigned value is never used
 (symbol "tmpobjid")
d:\UG\gamemodes\maps/mape.inc(5883) : warning 240: assigned value is never used
 (symbol "tmpobjid")
d:\UG\gamemodes\maps/mape.inc(5884) : warning 240: assigned value is never used
 (symbol "tmpobjid")
d:\UG\gamemodes\maps/mape.inc(5885) : warning 240: assigned value is never used
 (symbol "tmpobjid")
d:\UG\gamemodes\maps/mape.inc(5886) : warning 240: assigned value is never used
 (symbol "tmpobjid")
d:\UG\gamemodes\maps/mape.inc(5887) : warning 240: assigned value is never used
 (symbol "tmpobjid")
d:\UG\gamemodes\maps/mape.inc(5888) : warning 240: assigned value is never used
 (symbol "tmpobjid")
d:\UG\gamemodes\maps/mape.inc(5889) : warning 240: assigned value is never used
 (symbol "tmpobjid")
d:\UG\gamemodes\maps/mape.inc(5890) : warning 240: assigned value is never used
 (symbol "tmpobjid")
d:\UG\gamemodes\maps/mape.inc(5891) : warning 240: assigned value is never used
 (symbol "tmpobjid")
d:\UG\gamemodes\maps/mape.inc(5892) : warning 240: assigned value is never used
 (symbol "tmpobjid")
d:\UG\gamemodes\maps/mape.inc(5893) : warning 240: assigned value is never used
 (symbol "tmpobjid")
d:\UG\gamemodes\maps/mape.inc(5894) : warning 240: assigned value is never used
 (symbol "tmpobjid")
d:\UG\gamemodes\maps/mape.inc(5895) : warning 240: assigned value is never used
 (symbol "tmpobjid")
d:\UG\gamemodes\maps/mape.inc(5896) : warning 240: assigned value is never used
 (symbol "tmpobjid")
d:\UG\gamemodes\maps/mape.inc(5897) : warning 240: assigned value is never used
 (symbol "tmpobjid")
d:\UG\gamemodes\maps/mape.inc(5898) : warning 240: assigned value is never used
 (symbol "tmpobjid")
d:\UG\gamemodes\maps/mape.inc(5899) : warning 240: assigned value is never used
 (symbol "tmpobjid")
d:\UG\gamemodes\maps/mape.inc(5900) : warning 240: assigned value is never used
 (symbol "tmpobjid")
d:\UG\gamemodes\maps/mape.inc(5901) : warning 240: assigned value is never used
 (symbol "tmpobjid")
d:\UG\gamemodes\maps/mape.inc(5902) : warning 240: assigned value is never used
 (symbol "tmpobjid")
d:\UG\gamemodes\maps/mape.inc(5903) : warning 240: assigned value is never used
 (symbol "tmpobjid")
d:\UG\gamemodes\maps/mape.inc(5904) : warning 240: assigned value is never used
 (symbol "tmpobjid")
d:\UG\gamemodes\maps/mape.inc(5905) : warning 240: assigned value is never used
 (symbol "tmpobjid")
d:\UG\gamemodes\maps/mape.inc(5906) : warning 240: assigned value is never used
 (symbol "tmpobjid")
d:\UG\gamemodes\maps/mape.inc(6454) : warning 240: assigned value is never used
 (symbol "tmpobjid")
d:\UG\gamemodes\maps/mape.inc(6455) : warning 240: assigned value is never used
 (symbol "tmpobjid")
d:\UG\gamemodes\maps/mape.inc(6456) : warning 240: assigned value is never used
 (symbol "tmpobjid")
d:\UG\gamemodes\maps/mape.inc(6457) : warning 240: assigned value is never used
 (symbol "tmpobjid")
d:\UG\gamemodes\maps/mape.inc(6458) : warning 240: assigned value is never used
 (symbol "tmpobjid")
d:\UG\gamemodes\maps/mape.inc(6459) : warning 240: assigned value is never used
 (symbol "tmpobjid")
d:\UG\gamemodes\maps/mape.inc(6460) : warning 240: assigned value is never used
 (symbol "tmpobjid")
d:\UG\gamemodes\maps/mape.inc(6461) : warning 240: assigned value is never used
 (symbol "tmpobjid")
d:\UG\gamemodes\maps/mape.inc(6462) : warning 240: assigned value is never used
 (symbol "tmpobjid")
d:\UG\gamemodes\maps/mape.inc(6463) : warning 240: assigned value is never used
 (symbol "tmpobjid")
d:\UG\gamemodes\maps/mape.inc(6464) : warning 240: assigned value is never used
 (symbol "tmpobjid")
d:\UG\gamemodes\maps/mape.inc(6465) : warning 240: assigned value is never used
 (symbol "tmpobjid")
d:\UG\gamemodes\maps/mape.inc(6466) : warning 240: assigned value is never used
 (symbol "tmpobjid")
d:\UG\gamemodes\maps/mape.inc(6467) : warning 240: assigned value is never used
 (symbol "tmpobjid")
d:\UG\gamemodes\maps/mape.inc(6468) : warning 240: assigned value is never used
 (symbol "tmpobjid")
d:\UG\gamemodes\maps/mape.inc(6469) : warning 240: assigned value is never used
 (symbol "tmpobjid")
d:\UG\gamemodes\maps/mape.inc(6470) : warning 240: assigned value is never used
 (symbol "tmpobjid")
d:\UG\gamemodes\maps/mape.inc(6471) : warning 240: assigned value is never used
 (symbol "tmpobjid")
d:\UG\gamemodes\maps/mape.inc(6472) : warning 240: assigned value is never used
 (symbol "tmpobjid")
d:\UG\gamemodes\maps/mape.inc(6473) : warning 240: assigned value is never used
 (symbol "tmpobjid")
d:\UG\gamemodes\maps/mape.inc(6474) : warning 240: assigned value is never used
 (symbol "tmpobjid")
d:\UG\gamemodes\maps/mape.inc(6475) : warning 240: assigned value is never used
 (symbol "tmpobjid")
d:\UG\gamemodes\maps/mape.inc(6476) : warning 240: assigned value is never used
 (symbol "tmpobjid")
d:\UG\gamemodes\maps/mape.inc(6477) : warning 240: assigned value is never used
 (symbol "tmpobjid")
d:\UG\gamemodes\maps/mape.inc(6478) : warning 240: assigned value is never used
 (symbol "tmpobjid")
d:\UG\gamemodes\maps/mape.inc(6479) : warning 240: assigned value is never used
 (symbol "tmpobjid")
d:\UG\gamemodes\maps/mape.inc(6480) : warning 240: assigned value is never used
 (symbol "tmpobjid")
d:\UG\gamemodes\maps/mape.inc(6481) : warning 240: assigned value is never used
 (symbol "tmpobjid")
d:\UG\gamemodes\maps/mape.inc(6482) : warning 240: assigned value is never used
 (symbol "tmpobjid")
d:\UG\gamemodes\maps/mape.inc(6483) : warning 240: assigned value is never used
 (symbol "tmpobjid")
d:\UG\gamemodes\maps/mape.inc(6484) : warning 240: assigned value is never used
 (symbol "tmpobjid")
d:\UG\gamemodes\maps/mape.inc(6485) : warning 240: assigned value is never used
 (symbol "tmpobjid")
d:\UG\gamemodes\maps/mape.inc(6486) : warning 240: assigned value is never used
 (symbol "tmpobjid")
d:\UG\gamemodes\maps/mape.inc(6487) : warning 240: assigned value is never used
 (symbol "tmpobjid")
d:\UG\gamemodes\maps/mape.inc(6488) : warning 240: assigned value is never used
 (symbol "tmpobjid")
d:\UG\gamemodes\maps/mape.inc(6489) : warning 240: assigned value is never used
 (symbol "tmpobjid")
d:\UG\gamemodes\maps/mape.inc(6490) : warning 240: assigned value is never used
 (symbol "tmpobjid")
d:\UG\gamemodes\maps/mape.inc(6491) : warning 240: assigned value is never used
 (symbol "tmpobjid")
d:\UG\gamemodes\maps/mape.inc(6492) : warning 240: assigned value is never used
 (symbol "tmpobjid")
d:\UG\gamemodes\maps/mape.inc(6493) : warning 240: assigned value is never used
 (symbol "tmpobjid")
d:\UG\gamemodes\maps/mape.inc(6494) : warning 240: assigned value is never used
 (symbol "tmpobjid")
d:\UG\gamemodes\maps/mape.inc(6495) : warning 240: assigned value is never used
 (symbol "tmpobjid")
d:\UG\gamemodes\maps/mape.inc(6496) : warning 240: assigned value is never used
 (symbol "tmpobjid")
d:\UG\gamemodes\maps/mape.inc(6497) : warning 240: assigned value is never used
 (symbol "tmpobjid")
d:\UG\gamemodes\maps/mape.inc(6498) : warning 240: assigned value is never used
 (symbol "tmpobjid")
d:\UG\gamemodes\maps/mape.inc(6499) : warning 240: assigned value is never used
 (symbol "tmpobjid")
d:\UG\gamemodes\maps/mape.inc(6500) : warning 240: assigned value is never used
 (symbol "tmpobjid")
d:\UG\gamemodes\maps/mape.inc(6501) : warning 240: assigned value is never used
 (symbol "tmpobjid")
d:\UG\gamemodes\maps/mape.inc(6502) : warning 240: assigned value is never used
 (symbol "tmpobjid")
d:\UG\gamemodes\maps/mape.inc(6503) : warning 240: assigned value is never used
 (symbol "tmpobjid")
d:\UG\gamemodes\maps/mape.inc(6504) : warning 240: assigned value is never used
 (symbol "tmpobjid")
d:\UG\gamemodes\maps/mape.inc(6505) : warning 240: assigned value is never used
 (symbol "tmpobjid")
d:\UG\gamemodes\maps/mape.inc(6506) : warning 240: assigned value is never used
 (symbol "tmpobjid")
d:\UG\gamemodes\maps/mape.inc(6507) : warning 240: assigned value is never used
 (symbol "tmpobjid")
d:\UG\gamemodes\maps/mape.inc(6508) : warning 240: assigned value is never used
 (symbol "tmpobjid")
d:\UG\gamemodes\maps/mape.inc(6509) : warning 240: assigned value is never used
 (symbol "tmpobjid")
d:\UG\gamemodes\maps/mape.inc(6510) : warning 240: assigned value is never used
 (symbol "tmpobjid")
d:\UG\gamemodes\maps/mape.inc(6511) : warning 240: assigned value is never used
 (symbol "tmpobjid")
d:\UG\gamemodes\maps/mape.inc(6512) : warning 240: assigned value is never used
 (symbol "tmpobjid")
d:\UG\gamemodes\maps/mape.inc(6513) : warning 240: assigned value is never used
 (symbol "tmpobjid")
d:\UG\gamemodes\maps/mape.inc(6514) : warning 240: assigned value is never used
 (symbol "tmpobjid")
d:\UG\gamemodes\maps/mape.inc(6515) : warning 240: assigned value is never used
 (symbol "tmpobjid")
d:\UG\gamemodes\maps/mape.inc(6516) : warning 240: assigned value is never used
 (symbol "tmpobjid")
d:\UG\gamemodes\maps/mape.inc(6517) : warning 240: assigned value is never used
 (symbol "tmpobjid")
d:\UG\gamemodes\maps/mape.inc(6518) : warning 240: assigned value is never used
 (symbol "tmpobjid")
d:\UG\gamemodes\maps/mape.inc(6519) : warning 240: assigned value is never used
 (symbol "tmpobjid")
d:\UG\gamemodes\maps/mape.inc(6520) : warning 240: assigned value is never used
 (symbol "tmpobjid")
d:\UG\gamemodes\maps/mape.inc(6521) : warning 240: assigned value is never used
 (symbol "tmpobjid")
d:\UG\gamemodes\maps/mape.inc(6522) : warning 240: assigned value is never used
 (symbol "tmpobjid")
d:\UG\gamemodes\maps/mape.inc(6523) : warning 240: assigned value is never used
 (symbol "tmpobjid")
d:\UG\gamemodes\maps/mape.inc(6524) : warning 240: assigned value is never used
 (symbol "tmpobjid")
d:\UG\gamemodes\maps/mape.inc(6525) : warning 240: assigned value is never used
 (symbol "tmpobjid")
d:\UG\gamemodes\maps/mape.inc(6526) : warning 240: assigned value is never used
 (symbol "tmpobjid")
d:\UG\gamemodes\maps/mape.inc(6527) : warning 240: assigned value is never used
 (symbol "tmpobjid")
d:\UG\gamemodes\maps/mape.inc(6528) : warning 240: assigned value is never used
 (symbol "tmpobjid")
d:\UG\gamemodes\maps/mape.inc(6529) : warning 240: assigned value is never used
 (symbol "tmpobjid")
d:\UG\gamemodes\maps/mape.inc(6530) : warning 240: assigned value is never used
 (symbol "tmpobjid")
d:\UG\gamemodes\maps/mape.inc(6531) : warning 240: assigned value is never used
 (symbol "tmpobjid")
d:\UG\gamemodes\maps/mape.inc(6532) : warning 240: assigned value is never used
 (symbol "tmpobjid")
d:\UG\gamemodes\maps/mape.inc(6533) : warning 240: assigned value is never used
 (symbol "tmpobjid")
d:\UG\gamemodes\maps/mape.inc(6534) : warning 240: assigned value is never used
 (symbol "tmpobjid")
d:\UG\gamemodes\maps/mape.inc(6535) : warning 240: assigned value is never used
 (symbol "tmpobjid")
d:\UG\gamemodes\maps/mape.inc(6536) : warning 240: assigned value is never used
 (symbol "tmpobjid")
d:\UG\gamemodes\maps/mape.inc(6537) : warning 240: assigned value is never used
 (symbol "tmpobjid")
d:\UG\gamemodes\maps/mape.inc(6538) : warning 240: assigned value is never used
 (symbol "tmpobjid")
d:\UG\gamemodes\maps/mape.inc(6539) : warning 240: assigned value is never used
 (symbol "tmpobjid")
d:\UG\gamemodes\maps/mape.inc(6540) : warning 240: assigned value is never used
 (symbol "tmpobjid")
d:\UG\gamemodes\maps/mape.inc(6541) : warning 240: assigned value is never used
 (symbol "tmpobjid")
d:\UG\gamemodes\maps/mape.inc(6542) : warning 240: assigned value is never used
 (symbol "tmpobjid")
d:\UG\gamemodes\maps/mape.inc(6543) : warning 240: assigned value is never used
 (symbol "tmpobjid")
d:\UG\gamemodes\maps/mape.inc(6544) : warning 240: assigned value is never used
 (symbol "tmpobjid")
d:\UG\gamemodes\maps/mape.inc(6545) : warning 240: assigned value is never used
 (symbol "tmpobjid")
d:\UG\gamemodes\maps/mape.inc(6546) : warning 240: assigned value is never used
 (symbol "tmpobjid")
d:\UG\gamemodes\maps/mape.inc(6547) : warning 240: assigned value is never used
 (symbol "tmpobjid")
d:\UG\gamemodes\maps/mape.inc(6548) : warning 240: assigned value is never used
 (symbol "tmpobjid")
d:\UG\gamemodes\maps/mape.inc(6549) : warning 240: assigned value is never used
 (symbol "tmpobjid")
d:\UG\gamemodes\maps/mape.inc(6550) : warning 240: assigned value is never used
 (symbol "tmpobjid")
d:\UG\gamemodes\maps/mape.inc(6551) : warning 240: assigned value is never used
 (symbol "tmpobjid")
d:\UG\gamemodes\maps/mape.inc(6552) : warning 240: assigned value is never used
 (symbol "tmpobjid")
d:\UG\gamemodes\maps/mape.inc(6553) : warning 240: assigned value is never used
 (symbol "tmpobjid")
d:\UG\gamemodes\maps/mape.inc(6554) : warning 240: assigned value is never used
 (symbol "tmpobjid")
d:\UG\gamemodes\maps/mape.inc(6555) : warning 240: assigned value is never used
 (symbol "tmpobjid")
d:\UG\gamemodes\maps/mape.inc(6556) : warning 240: assigned value is never used
 (symbol "tmpobjid")
d:\UG\gamemodes\maps/mape.inc(6557) : warning 240: assigned value is never used
 (symbol "tmpobjid")
d:\UG\gamemodes\maps/mape.inc(6558) : warning 240: assigned value is never used
 (symbol "tmpobjid")
d:\UG\gamemodes\maps/mape.inc(6559) : warning 240: assigned value is never used
 (symbol "tmpobjid")
d:\UG\gamemodes\maps/mape.inc(6560) : warning 240: assigned value is never used
 (symbol "tmpobjid")
d:\UG\gamemodes\maps/mape.inc(6561) : warning 240: assigned value is never used
 (symbol "tmpobjid")
d:\UG\gamemodes\maps/mape.inc(6562) : warning 240: assigned value is never used
 (symbol "tmpobjid")
d:\UG\gamemodes\maps/mape.inc(6563) : warning 240: assigned value is never used
 (symbol "tmpobjid")
d:\UG\gamemodes\maps/mape.inc(6564) : warning 240: assigned value is never used
 (symbol "tmpobjid")
d:\UG\gamemodes\maps/mape.inc(6565) : warning 240: assigned value is never used
 (symbol "tmpobjid")
d:\UG\gamemodes\maps/mape.inc(6566) : warning 240: assigned value is never used
 (symbol "tmpobjid")
d:\UG\gamemodes\maps/mape.inc(6567) : warning 240: assigned value is never used
 (symbol "tmpobjid")
d:\UG\gamemodes\maps/mape.inc(6568) : warning 240: assigned value is never used
 (symbol "tmpobjid")
d:\UG\gamemodes\maps/mape.inc(6569) : warning 240: assigned value is never used
 (symbol "tmpobjid")
d:\UG\gamemodes\maps/mape.inc(6571) : warning 240: assigned value is never used
 (symbol "tmpobjid")
d:\UG\gamemodes\maps/mape.inc(6572) : warning 240: assigned value is never used
 (symbol "tmpobjid")
d:\UG\gamemodes\maps/mape.inc(6573) : warning 240: assigned value is never used
 (symbol "tmpobjid")
d:\UG\gamemodes\maps/mape.inc(6574) : warning 240: assigned value is never used
 (symbol "tmpobjid")
d:\UG\gamemodes\maps/mape.inc(6575) : warning 240: assigned value is never used
 (symbol "tmpobjid")
d:\UG\gamemodes\maps/mape.inc(6577) : warning 240: assigned value is never used
 (symbol "tmpobjid")
d:\UG\gamemodes\maps/mape.inc(6578) : warning 240: assigned value is never used
 (symbol "tmpobjid")
d:\UG\gamemodes\maps/mape.inc(6579) : warning 240: assigned value is never used
 (symbol "tmpobjid")
d:\UG\gamemodes\maps/mape.inc(6580) : warning 240: assigned value is never used
 (symbol "tmpobjid")
d:\UG\gamemodes\maps/mape.inc(6581) : warning 240: assigned value is never used
 (symbol "tmpobjid")
d:\UG\gamemodes\maps/mape.inc(6582) : warning 240: assigned value is never used
 (symbol "tmpobjid")
d:\UG\gamemodes\maps/mape.inc(6583) : warning 240: assigned value is never used
 (symbol "tmpobjid")
d:\UG\gamemodes\maps/mape.inc(6584) : warning 240: assigned value is never used
 (symbol "tmpobjid")
d:\UG\gamemodes\maps/mape.inc(6585) : warning 240: assigned value is never used
 (symbol "tmpobjid")
d:\UG\gamemodes\maps/mape.inc(6586) : warning 240: assigned value is never used
 (symbol "tmpobjid")
d:\UG\gamemodes\maps/mape.inc(6587) : warning 240: assigned value is never used
 (symbol "tmpobjid")
d:\UG\gamemodes\maps/mape.inc(6588) : warning 240: assigned value is never used
 (symbol "tmpobjid")
d:\UG\gamemodes\maps/mape.inc(6589) : warning 240: assigned value is never used
 (symbol "tmpobjid")
d:\UG\gamemodes\maps/mape.inc(6590) : warning 240: assigned value is never used
 (symbol "tmpobjid")
d:\UG\gamemodes\maps/mape.inc(6591) : warning 240: assigned value is never used
 (symbol "tmpobjid")
d:\UG\gamemodes\maps/mape.inc(6592) : warning 240: assigned value is never used
 (symbol "tmpobjid")
d:\UG\gamemodes\maps/mape.inc(6593) : warning 240: assigned value is never used
 (symbol "tmpobjid")
d:\UG\gamemodes\maps/mape.inc(6594) : warning 240: assigned value is never used
 (symbol "tmpobjid")
d:\UG\gamemodes\maps/mape.inc(6595) : warning 240: assigned value is never used
 (symbol "tmpobjid")
d:\UG\gamemodes\maps/mape.inc(6596) : warning 240: assigned value is never used
 (symbol "tmpobjid")
d:\UG\gamemodes\maps/mape.inc(6597) : warning 240: assigned value is never used
 (symbol "tmpobjid")
d:\UG\gamemodes\maps/mape.inc(6598) : warning 240: assigned value is never used
 (symbol "tmpobjid")
d:\UG\gamemodes\maps/mape.inc(6599) : warning 240: assigned value is never used
 (symbol "tmpobjid")
d:\UG\gamemodes\maps/mape.inc(6600) : warning 240: assigned value is never used
 (symbol "tmpobjid")
d:\UG\gamemodes\maps/mape.inc(6601) : warning 240: assigned value is never used
 (symbol "tmpobjid")
d:\UG\gamemodes\maps/mape.inc(6602) : warning 240: assigned value is never used
 (symbol "tmpobjid")
d:\UG\gamemodes\maps/mape.inc(6603) : warning 240: assigned value is never used
 (symbol "tmpobjid")
d:\UG\gamemodes\maps/mape.inc(6604) : warning 240: assigned value is never used
 (symbol "tmpobjid")
d:\UG\gamemodes\maps/mape.inc(6605) : warning 240: assigned value is never used
 (symbol "tmpobjid")
d:\UG\gamemodes\maps/mape.inc(6606) : warning 240: assigned value is never used
 (symbol "tmpobjid")
d:\UG\gamemodes\maps/mape.inc(6607) : warning 240: assigned value is never used
 (symbol "tmpobjid")
d:\UG\gamemodes\maps/mape.inc(6608) : warning 240: assigned value is never used
 (symbol "tmpobjid")
d:\UG\gamemodes\maps/mape.inc(6609) : warning 240: assigned value is never used
 (symbol "tmpobjid")
d:\UG\gamemodes\maps/mape.inc(6610) : warning 240: assigned value is never used
 (symbol "tmpobjid")
d:\UG\gamemodes\maps/mape.inc(6611) : warning 240: assigned value is never used
 (symbol "tmpobjid")
d:\UG\gamemodes\maps/mape.inc(6612) : warning 240: assigned value is never used
 (symbol "tmpobjid")
d:\UG\gamemodes\maps/mape.inc(6613) : warning 240: assigned value is never used
 (symbol "tmpobjid")
d:\UG\gamemodes\maps/mape.inc(6614) : warning 240: assigned value is never used
 (symbol "tmpobjid")
d:\UG\gamemodes\maps/mape.inc(6615) : warning 240: assigned value is never used
 (symbol "tmpobjid")
d:\UG\gamemodes\maps/mape.inc(6733) : warning 240: assigned value is never used
 (symbol "bikesalon")
d:\UG\gamemodes\maps/mape.inc(6734) : warning 240: assigned value is never used
 (symbol "bikesalon")
d:\UG\gamemodes\maps/mape.inc(6735) : warning 240: assigned value is never used
 (symbol "bikesalon")
d:\UG\gamemodes\maps/mape.inc(6736) : warning 240: assigned value is never used
 (symbol "bikesalon")
d:\UG\gamemodes\maps/mape.inc(6737) : warning 240: assigned value is never used
 (symbol "bikesalon")
d:\UG\gamemodes\maps/mape.inc(6738) : warning 240: assigned value is never used
 (symbol "bikesalon")
d:\UG\gamemodes\maps/mape.inc(6739) : warning 240: assigned value is never used
 (symbol "bikesalon")
d:\UG\gamemodes\maps/mape.inc(6740) : warning 240: assigned value is never used
 (symbol "bikesalon")
d:\UG\gamemodes\maps/mape.inc(6741) : warning 240: assigned value is never used
 (symbol "bikesalon")
d:\UG\gamemodes\maps/mape.inc(6742) : warning 240: assigned value is never used
 (symbol "bikesalon")
d:\UG\gamemodes\maps/mape.inc(6743) : warning 240: assigned value is never used
 (symbol "bikesalon")
d:\UG\gamemodes\maps/mape.inc(6744) : warning 240: assigned value is never used
 (symbol "bikesalon")
d:\UG\gamemodes\maps/mape.inc(6745) : warning 240: assigned value is never used
 (symbol "bikesalon")
d:\UG\gamemodes\maps/mape.inc(6746) : warning 240: assigned value is never used
 (symbol "bikesalon")
d:\UG\gamemodes\maps/mape.inc(6747) : warning 240: assigned value is never used
 (symbol "bikesalon")
d:\UG\gamemodes\maps/mape.inc(6748) : warning 240: assigned value is never used
 (symbol "bikesalon")
d:\UG\gamemodes\maps/mape.inc(6749) : warning 240: assigned value is never used
 (symbol "bikesalon")
d:\UG\gamemodes\maps/mape.inc(6750) : warning 240: assigned value is never used
 (symbol "bikesalon")
d:\UG\gamemodes\maps/mape.inc(6751) : warning 240: assigned value is never used
 (symbol "bikesalon")
d:\UG\gamemodes\maps/mape.inc(6752) : warning 240: assigned value is never used
 (symbol "bikesalon")
d:\UG\gamemodes\maps/mape.inc(6753) : warning 240: assigned value is never used
 (symbol "bikesalon")
d:\UG\gamemodes\maps/mape.inc(6754) : warning 240: assigned value is never used
 (symbol "bikesalon")
d:\UG\gamemodes\maps/mape.inc(6755) : warning 240: assigned value is never used
 (symbol "bikesalon")
d:\UG\gamemodes\maps/mape.inc(6756) : warning 240: assigned value is never used
 (symbol "bikesalon")
d:\UG\gamemodes\maps/mape.inc(6757) : warning 240: assigned value is never used
 (symbol "bikesalon")
d:\UG\gamemodes\maps/mape.inc(6758) : warning 240: assigned value is never used
 (symbol "bikesalon")
d:\UG\gamemodes\maps/mape.inc(6759) : warning 240: assigned value is never used
 (symbol "bikesalon")
d:\UG\gamemodes\maps/mape.inc(6760) : warning 240: assigned value is never used
 (symbol "bikesalon")
d:\UG\gamemodes\maps/mape.inc(6761) : warning 240: assigned value is never used
 (symbol "bikesalon")
d:\UG\gamemodes\maps/mape.inc(6762) : warning 240: assigned value is never used
 (symbol "bikesalon")
d:\UG\gamemodes\maps/mape.inc(6763) : warning 240: assigned value is never used
 (symbol "bikesalon")
d:\UG\gamemodes\maps/mape.inc(6768) : warning 239: literal array/string passed 
to a non-const parameter
d:\UG\gamemodes\maps/mape.inc(6768) : warning 239: literal array/string passed 
to a non-const parameter
d:\UG\gamemodes\maps/mape.inc(6770) : warning 239: literal array/string passed 
to a non-const parameter
d:\UG\gamemodes\maps/mape.inc(6770) : warning 239: literal array/string passed 
to a non-const parameter
d:\UG\gamemodes\maps/mape.inc(6772) : warning 239: literal array/string passed 
to a non-const parameter
d:\UG\gamemodes\maps/mape.inc(6772) : warning 239: literal array/string passed 
to a non-const parameter
d:\UG\gamemodes\maps/mape.inc(6774) : warning 239: literal array/string passed 
to a non-const parameter
d:\UG\gamemodes\maps/mape.inc(6774) : warning 239: literal array/string passed 
to a non-const parameter
d:\UG\gamemodes\maps/mape.inc(6776) : warning 239: literal array/string passed 
to a non-const parameter
d:\UG\gamemodes\maps/mape.inc(6776) : warning 239: literal array/string passed 
to a non-const parameter
d:\UG\gamemodes\maps/mape.inc(6778) : warning 239: literal array/string passed 
to a non-const parameter
d:\UG\gamemodes\maps/mape.inc(6778) : warning 239: literal array/string passed 
to a non-const parameter
d:\UG\gamemodes\maps/mape.inc(6780) : warning 239: literal array/string passed 
to a non-const parameter
d:\UG\gamemodes\maps/mape.inc(6780) : warning 239: literal array/string passed 
to a non-const parameter
d:\UG\gamemodes\maps/mape.inc(6782) : warning 239: literal array/string passed 
to a non-const parameter
d:\UG\gamemodes\maps/mape.inc(6782) : warning 239: literal array/string passed 
to a non-const parameter
d:\UG\gamemodes\maps/mape.inc(6784) : warning 239: literal array/string passed 
to a non-const parameter
d:\UG\gamemodes\maps/mape.inc(6784) : warning 239: literal array/string passed 
to a non-const parameter
d:\UG\gamemodes\maps/mape.inc(6786) : warning 239: literal array/string passed 
to a non-const parameter
d:\UG\gamemodes\maps/mape.inc(6786) : warning 239: literal array/string passed 
to a non-const parameter
d:\UG\gamemodes\maps/mape.inc(6788) : warning 239: literal array/string passed 
to a non-const parameter
d:\UG\gamemodes\maps/mape.inc(6788) : warning 239: literal array/string passed 
to a non-const parameter
d:\UG\gamemodes\maps/mape.inc(6790) : warning 239: literal array/string passed 
to a non-const parameter
d:\UG\gamemodes\maps/mape.inc(6790) : warning 239: literal array/string passed 
to a non-const parameter
d:\UG\gamemodes\maps/mape.inc(6792) : warning 239: literal array/string passed 
to a non-const parameter
d:\UG\gamemodes\maps/mape.inc(6792) : warning 239: literal array/string passed 
to a non-const parameter
d:\UG\gamemodes\maps/mape.inc(6794) : warning 239: literal array/string passed 
to a non-const parameter
d:\UG\gamemodes\maps/mape.inc(6794) : warning 239: literal array/string passed 
to a non-const parameter
d:\UG\gamemodes\maps/mape.inc(6796) : warning 239: literal array/string passed 
to a non-const parameter
d:\UG\gamemodes\maps/mape.inc(6796) : warning 239: literal array/string passed 
to a non-const parameter
d:\UG\gamemodes\maps/mape.inc(6798) : warning 239: literal array/string passed 
to a non-const parameter
d:\UG\gamemodes\maps/mape.inc(6798) : warning 239: literal array/string passed 
to a non-const parameter
d:\UG\gamemodes\maps/mape.inc(6800) : warning 239: literal array/string passed 
to a non-const parameter
d:\UG\gamemodes\maps/mape.inc(6800) : warning 239: literal array/string passed 
to a non-const parameter
d:\UG\gamemodes\maps/mape.inc(6802) : warning 239: literal array/string passed 
to a non-const parameter
d:\UG\gamemodes\maps/mape.inc(6802) : warning 239: literal array/string passed 
to a non-const parameter
d:\UG\gamemodes\maps/mape.inc(6804) : warning 213: tag mismatch: expected tag "
bool", but found none ("_")
d:\UG\gamemodes\maps/mape.inc(6806) : warning 239: literal array/string passed 
to a non-const parameter
d:\UG\gamemodes\maps/mape.inc(6806) : warning 239: literal array/string passed 
to a non-const parameter
d:\UG\gamemodes\maps/mape.inc(6808) : warning 213: tag mismatch: expected tag "
bool", but found none ("_")
d:\UG\gamemodes\maps/mape.inc(6810) : warning 239: literal array/string passed 
to a non-const parameter
d:\UG\gamemodes\maps/mape.inc(6810) : warning 239: literal array/string passed 
to a non-const parameter
d:\UG\gamemodes\maps/mape.inc(6812) : warning 239: literal array/string passed 
to a non-const parameter
d:\UG\gamemodes\maps/mape.inc(6812) : warning 239: literal array/string passed 
to a non-const parameter
d:\UG\gamemodes\maps/mape.inc(6814) : warning 239: literal array/string passed 
to a non-const parameter
d:\UG\gamemodes\maps/mape.inc(6814) : warning 239: literal array/string passed 
to a non-const parameter
d:\UG\gamemodes\maps/mape.inc(6816) : warning 239: literal array/string passed 
to a non-const parameter
d:\UG\gamemodes\maps/mape.inc(6816) : warning 239: literal array/string passed 
to a non-const parameter
d:\UG\gamemodes\maps/mape.inc(6818) : warning 239: literal array/string passed 
to a non-const parameter
d:\UG\gamemodes\maps/mape.inc(6818) : warning 239: literal array/string passed 
to a non-const parameter
d:\UG\gamemodes\maps/mape.inc(6820) : warning 239: literal array/string passed 
to a non-const parameter
d:\UG\gamemodes\maps/mape.inc(6820) : warning 239: literal array/string passed 
to a non-const parameter
d:\UG\gamemodes\maps/mape.inc(6822) : warning 239: literal array/string passed 
to a non-const parameter
d:\UG\gamemodes\maps/mape.inc(6822) : warning 239: literal array/string passed 
to a non-const parameter
d:\UG\gamemodes\maps/mape.inc(6824) : warning 239: literal array/string passed 
to a non-const parameter
d:\UG\gamemodes\maps/mape.inc(6824) : warning 239: literal array/string passed 
to a non-const parameter
d:\UG\gamemodes\maps/mape.inc(6826) : warning 239: literal array/string passed 
to a non-const parameter
d:\UG\gamemodes\maps/mape.inc(6826) : warning 239: literal array/string passed 
to a non-const parameter
d:\UG\gamemodes\maps/mape.inc(6828) : warning 213: tag mismatch: expected tag "
bool", but found none ("_")
d:\UG\gamemodes\maps/mape.inc(6830) : warning 213: tag mismatch: expected tag "
bool", but found none ("_")
d:\UG\gamemodes\maps/mape.inc(6832) : warning 239: literal array/string passed 
to a non-const parameter
d:\UG\gamemodes\maps/mape.inc(6832) : warning 239: literal array/string passed 
to a non-const parameter
d:\UG\gamemodes\maps/mape.inc(6834) : warning 239: literal array/string passed 
to a non-const parameter
d:\UG\gamemodes\maps/mape.inc(6834) : warning 239: literal array/string passed 
to a non-const parameter
d:\UG\gamemodes\maps/mape.inc(6836) : warning 239: literal array/string passed 
to a non-const parameter
d:\UG\gamemodes\maps/mape.inc(6836) : warning 239: literal array/string passed 
to a non-const parameter
d:\UG\gamemodes\maps/mape.inc(6838) : warning 239: literal array/string passed 
to a non-const parameter
d:\UG\gamemodes\maps/mape.inc(6838) : warning 239: literal array/string passed 
to a non-const parameter
d:\UG\gamemodes\maps/mape.inc(6840) : warning 239: literal array/string passed 
to a non-const parameter
d:\UG\gamemodes\maps/mape.inc(6840) : warning 239: literal array/string passed 
to a non-const parameter
d:\UG\gamemodes\maps/mape.inc(6842) : warning 239: literal array/string passed 
to a non-const parameter
d:\UG\gamemodes\maps/mape.inc(6842) : warning 239: literal array/string passed 
to a non-const parameter
d:\UG\gamemodes\maps/mape.inc(6844) : warning 239: literal array/string passed 
to a non-const parameter
d:\UG\gamemodes\maps/mape.inc(6844) : warning 239: literal array/string passed 
to a non-const parameter
d:\UG\gamemodes\maps/mape.inc(6846) : warning 239: literal array/string passed 
to a non-const parameter
d:\UG\gamemodes\maps/mape.inc(6846) : warning 239: literal array/string passed 
to a non-const parameter
d:\UG\gamemodes\maps/mape.inc(6848) : warning 239: literal array/string passed 
to a non-const parameter
d:\UG\gamemodes\maps/mape.inc(6848) : warning 239: literal array/string passed 
to a non-const parameter
d:\UG\gamemodes\maps/mape.inc(6850) : warning 239: literal array/string passed 
to a non-const parameter
d:\UG\gamemodes\maps/mape.inc(6850) : warning 239: literal array/string passed 
to a non-const parameter
d:\UG\gamemodes\maps/mape.inc(6852) : warning 239: literal array/string passed 
to a non-const parameter
d:\UG\gamemodes\maps/mape.inc(6852) : warning 239: literal array/string passed 
to a non-const parameter
d:\UG\gamemodes\maps/mape.inc(6854) : warning 239: literal array/string passed 
to a non-const parameter
d:\UG\gamemodes\maps/mape.inc(6854) : warning 239: literal array/string passed 
to a non-const parameter
d:\UG\gamemodes\maps/mape.inc(6856) : warning 239: literal array/string passed 
to a non-const parameter
d:\UG\gamemodes\maps/mape.inc(6856) : warning 239: literal array/string passed 
to a non-const parameter
d:\UG\gamemodes\maps/mape.inc(6858) : warning 239: literal array/string passed 
to a non-const parameter
d:\UG\gamemodes\maps/mape.inc(6858) : warning 239: literal array/string passed 
to a non-const parameter
d:\UG\gamemodes\maps/mape.inc(6860) : warning 239: literal array/string passed 
to a non-const parameter
d:\UG\gamemodes\maps/mape.inc(6860) : warning 239: literal array/string passed 
to a non-const parameter
d:\UG\gamemodes\maps/mape.inc(6862) : warning 213: tag mismatch: expected tag "
bool", but found none ("_")
d:\UG\gamemodes\maps/mape.inc(6864) : warning 213: tag mismatch: expected tag "
bool", but found none ("_")
d:\UG\gamemodes\maps/mape.inc(6866) : warning 213: tag mismatch: expected tag "
bool", but found none ("_")
d:\UG\gamemodes\maps/mape.inc(6868) : warning 213: tag mismatch: expected tag "
bool", but found none ("_")
d:\UG\gamemodes\maps/mape.inc(6872) : warning 240: assigned value is never used
 (symbol "superbikes")
d:\UG\gamemodes\maps/mape.inc(6873) : warning 240: assigned value is never used
 (symbol "superbikes")
d:\UG\gamemodes\maps/mape.inc(6874) : warning 240: assigned value is never used
 (symbol "superbikes")
d:\UG\gamemodes\maps/mape.inc(6875) : warning 240: assigned value is never used
 (symbol "superbikes")
d:\UG\gamemodes\maps/mape.inc(6876) : warning 240: assigned value is never used
 (symbol "superbikes")
d:\UG\gamemodes\maps/mape.inc(6877) : warning 240: assigned value is never used
 (symbol "superbikes")
d:\UG\gamemodes\maps/mape.inc(6878) : warning 240: assigned value is never used
 (symbol "superbikes")
d:\UG\gamemodes\maps/mape.inc(6879) : warning 240: assigned value is never used
 (symbol "superbikes")
d:\UG\gamemodes\maps/mape.inc(6880) : warning 240: assigned value is never used
 (symbol "superbikes")
d:\UG\gamemodes\maps/mape.inc(6881) : warning 240: assigned value is never used
 (symbol "superbikes")
d:\UG\gamemodes\maps/mape.inc(6882) : warning 240: assigned value is never used
 (symbol "superbikes")
d:\UG\gamemodes\maps/mape.inc(6883) : warning 240: assigned value is never used
 (symbol "superbikes")
d:\UG\gamemodes\maps/mape.inc(6884) : warning 240: assigned value is never used
 (symbol "superbikes")
d:\UG\gamemodes\maps/mape.inc(6885) : warning 240: assigned value is never used
 (symbol "superbikes")
d:\UG\gamemodes\maps/mape.inc(6886) : warning 240: assigned value is never used
 (symbol "superbikes")
d:\UG\gamemodes\maps/mape.inc(6887) : warning 240: assigned value is never used
 (symbol "superbikes")
d:\UG\gamemodes\maps/mape.inc(6888) : warning 240: assigned value is never used
 (symbol "superbikes")
d:\UG\gamemodes\maps/mape.inc(6889) : warning 240: assigned value is never used
 (symbol "superbikes")
d:\UG\gamemodes\maps/mape.inc(6890) : warning 240: assigned value is never used
 (symbol "superbikes")
d:\UG\gamemodes\maps/mape.inc(6891) : warning 240: assigned value is never used
 (symbol "superbikes")
d:\UG\gamemodes\maps/mape.inc(6892) : warning 240: assigned value is never used
 (symbol "superbikes")
d:\UG\gamemodes\maps/mape.inc(6893) : warning 240: assigned value is never used
 (symbol "superbikes")
d:\UG\gamemodes\maps/mape.inc(6894) : warning 240: assigned value is never used
 (symbol "superbikes")
d:\UG\gamemodes\maps/mape.inc(6895) : warning 240: assigned value is never used
 (symbol "superbikes")
d:\UG\gamemodes\maps/mape.inc(6896) : warning 240: assigned value is never used
 (symbol "superbikes")
d:\UG\gamemodes\maps/mape.inc(6616) : warning 240: assigned value is never used
 (symbol "tmpobjid")
d:\UG\gamemodes\maps/mape.inc(7374) : warning 240: assigned value is never used
 (symbol "tmpobjid")
d:\UG\gamemodes\maps/mape.inc(7375) : warning 240: assigned value is never used
 (symbol "tmpobjid")
d:\UG\gamemodes\maps/mape.inc(7376) : warning 240: assigned value is never used
 (symbol "tmpobjid")
d:\UG\gamemodes\maps/mape.inc(7377) : warning 240: assigned value is never used
 (symbol "tmpobjid")
d:\UG\gamemodes\maps/mape.inc(7378) : warning 240: assigned value is never used
 (symbol "tmpobjid")
d:\UG\gamemodes\maps/mape.inc(7379) : warning 240: assigned value is never used
 (symbol "tmpobjid")
d:\UG\gamemodes\maps/mape.inc(7380) : warning 240: assigned value is never used
 (symbol "tmpobjid")
d:\UG\gamemodes\maps/mape.inc(7381) : warning 240: assigned value is never used
 (symbol "tmpobjid")
d:\UG\gamemodes\maps/mape.inc(7382) : warning 240: assigned value is never used
 (symbol "tmpobjid")
d:\UG\gamemodes\maps/mape.inc(7383) : warning 240: assigned value is never used
 (symbol "tmpobjid")
d:\UG\gamemodes\maps/mape.inc(7384) : warning 240: assigned value is never used
 (symbol "tmpobjid")
d:\UG\gamemodes\maps/mape.inc(7385) : warning 240: assigned value is never used
 (symbol "tmpobjid")
d:\UG\gamemodes\maps/mape.inc(7386) : warning 240: assigned value is never used
 (symbol "tmpobjid")
d:\UG\gamemodes\maps/mape.inc(7387) : warning 240: assigned value is never used
 (symbol "tmpobjid")
d:\UG\gamemodes\maps/mape.inc(7388) : warning 240: assigned value is never used
 (symbol "tmpobjid")
d:\UG\gamemodes\maps/mape.inc(7389) : warning 240: assigned value is never used
 (symbol "tmpobjid")
d:\UG\gamemodes\maps/mape.inc(7390) : warning 240: assigned value is never used
 (symbol "tmpobjid")
d:\UG\gamemodes\maps/mape.inc(7391) : warning 240: assigned value is never used
 (symbol "tmpobjid")
d:\UG\gamemodes\maps/mape.inc(7392) : warning 240: assigned value is never used
 (symbol "tmpobjid")
d:\UG\gamemodes\maps/mape.inc(7393) : warning 240: assigned value is never used
 (symbol "tmpobjid")
d:\UG\gamemodes\maps/mape.inc(7394) : warning 240: assigned value is never used
 (symbol "tmpobjid")
d:\UG\gamemodes\maps/mape.inc(7395) : warning 240: assigned value is never used
 (symbol "tmpobjid")
d:\UG\gamemodes\maps/mape.inc(7396) : warning 240: assigned value is never used
 (symbol "tmpobjid")
d:\UG\gamemodes\maps/mape.inc(7397) : warning 240: assigned value is never used
 (symbol "tmpobjid")
d:\UG\gamemodes\maps/mape.inc(7398) : warning 240: assigned value is never used
 (symbol "tmpobjid")
d:\UG\gamemodes\maps/mape.inc(7399) : warning 240: assigned value is never used
 (symbol "tmpobjid")
d:\UG\gamemodes\maps/mape.inc(7400) : warning 240: assigned value is never used
 (symbol "tmpobjid")
d:\UG\gamemodes\maps/mape.inc(7401) : warning 240: assigned value is never used
 (symbol "tmpobjid")
d:\UG\gamemodes\maps/mape.inc(7402) : warning 240: assigned value is never used
 (symbol "tmpobjid")
d:\UG\gamemodes\maps/mape.inc(7403) : warning 240: assigned value is never used
 (symbol "tmpobjid")
d:\UG\gamemodes\maps/mape.inc(7404) : warning 240: assigned value is never used
 (symbol "tmpobjid")
d:\UG\gamemodes\maps/mape.inc(7405) : warning 240: assigned value is never used
 (symbol "tmpobjid")
d:\UG\gamemodes\maps/mape.inc(7406) : warning 240: assigned value is never used
 (symbol "tmpobjid")
d:\UG\gamemodes\maps/mape.inc(7407) : warning 240: assigned value is never used
 (symbol "tmpobjid")
d:\UG\gamemodes\maps/mape.inc(7408) : warning 240: assigned value is never used
 (symbol "tmpobjid")
d:\UG\gamemodes\maps/mape.inc(7409) : warning 240: assigned value is never used
 (symbol "tmpobjid")
d:\UG\gamemodes\maps/mape.inc(7410) : warning 240: assigned value is never used
 (symbol "tmpobjid")
d:\UG\gamemodes\maps/mape.inc(7411) : warning 240: assigned value is never used
 (symbol "tmpobjid")
d:\UG\gamemodes\maps/mape.inc(7412) : warning 240: assigned value is never used
 (symbol "tmpobjid")
d:\UG\gamemodes\maps/mape.inc(7413) : warning 240: assigned value is never used
 (symbol "tmpobjid")
d:\UG\gamemodes\maps/mape.inc(7414) : warning 240: assigned value is never used
 (symbol "tmpobjid")
d:\UG\gamemodes\maps/mape.inc(7415) : warning 240: assigned value is never used
 (symbol "tmpobjid")
d:\UG\gamemodes\maps/mape.inc(7416) : warning 240: assigned value is never used
 (symbol "tmpobjid")
d:\UG\gamemodes\maps/mape.inc(7417) : warning 240: assigned value is never used
 (symbol "tmpobjid")
d:\UG\gamemodes\maps/mape.inc(7418) : warning 240: assigned value is never used
 (symbol "tmpobjid")
d:\UG\gamemodes\maps/mape.inc(7419) : warning 240: assigned value is never used
 (symbol "tmpobjid")
d:\UG\gamemodes\maps/mape.inc(7420) : warning 240: assigned value is never used
 (symbol "tmpobjid")
d:\UG\gamemodes\maps/mape.inc(7421) : warning 240: assigned value is never used
 (symbol "tmpobjid")
d:\UG\gamemodes\maps/mape.inc(7422) : warning 240: assigned value is never used
 (symbol "tmpobjid")
d:\UG\gamemodes\maps/mape.inc(7423) : warning 240: assigned value is never used
 (symbol "tmpobjid")
d:\UG\gamemodes\maps/mape.inc(7424) : warning 240: assigned value is never used
 (symbol "tmpobjid")
d:\UG\gamemodes\maps/mape.inc(7425) : warning 240: assigned value is never used
 (symbol "tmpobjid")
d:\UG\gamemodes\maps/mape.inc(7426) : warning 240: assigned value is never used
 (symbol "tmpobjid")
d:\UG\gamemodes\maps/mape.inc(7427) : warning 240: assigned value is never used
 (symbol "tmpobjid")
d:\UG\gamemodes\maps/mape.inc(7428) : warning 240: assigned value is never used
 (symbol "tmpobjid")
d:\UG\gamemodes\maps/mape.inc(7429) : warning 240: assigned value is never used
 (symbol "tmpobjid")
d:\UG\gamemodes\maps/mape.inc(7430) : warning 240: assigned value is never used
 (symbol "tmpobjid")
d:\UG\gamemodes\maps/mape.inc(7431) : warning 240: assigned value is never used
 (symbol "tmpobjid")
d:\UG\gamemodes\maps/mape.inc(7435) : warning 213: tag mismatch: expected tag "
bool", but found none ("_")
d:\UG\gamemodes\maps/mape.inc(7438) : warning 213: tag mismatch: expected tag "
bool", but found none ("_")
d:\UG\gamemodes\maps/mape.inc(7441) : warning 213: tag mismatch: expected tag "
bool", but found none ("_")
d:\UG\gamemodes\maps/mape.inc(7444) : warning 213: tag mismatch: expected tag "
bool", but found none ("_")
d:\UG\gamemodes\maps/mape.inc(7447) : warning 213: tag mismatch: expected tag "
bool", but found none ("_")
d:\UG\gamemodes\maps/mape.inc(7450) : warning 213: tag mismatch: expected tag "
bool", but found none ("_")
d:\UG\gamemodes\maps/mape.inc(7453) : warning 213: tag mismatch: expected tag "
bool", but found none ("_")
d:\UG\gamemodes\maps/mape.inc(7456) : warning 213: tag mismatch: expected tag "
bool", but found none ("_")
d:\UG\gamemodes\maps/mape.inc(7508) : warning 239: literal array/string passed 
to a non-const parameter
d:\UG\gamemodes\maps/mape.inc(7508) : warning 239: literal array/string passed 
to a non-const parameter
d:\UG\gamemodes\maps/mape.inc(7509) : warning 239: literal array/string passed 
to a non-const parameter
d:\UG\gamemodes\maps/mape.inc(7509) : warning 239: literal array/string passed 
to a non-const parameter
d:\UG\gamemodes\maps/mape.inc(7510) : warning 239: literal array/string passed 
to a non-const parameter
d:\UG\gamemodes\maps/mape.inc(7510) : warning 239: literal array/string passed 
to a non-const parameter
d:\UG\gamemodes\maps/mape.inc(8762) : warning 239: literal array/string passed 
to a non-const parameter
d:\UG\gamemodes\maps/mape.inc(8762) : warning 239: literal array/string passed 
to a non-const parameter
d:\UG\gamemodes\maps/mape.inc(8763) : warning 239: literal array/string passed 
to a non-const parameter
d:\UG\gamemodes\maps/mape.inc(8763) : warning 239: literal array/string passed 
to a non-const parameter
d:\UG\gamemodes\maps/mape.inc(8764) : warning 239: literal array/string passed 
to a non-const parameter
d:\UG\gamemodes\maps/mape.inc(8764) : warning 239: literal array/string passed 
to a non-const parameter
d:\UG\gamemodes\maps/mape.inc(8765) : warning 239: literal array/string passed 
to a non-const parameter
d:\UG\gamemodes\maps/mape.inc(8765) : warning 239: literal array/string passed 
to a non-const parameter
d:\UG\gamemodes\maps/mape.inc(8766) : warning 239: literal array/string passed 
to a non-const parameter
d:\UG\gamemodes\maps/mape.inc(8766) : warning 239: literal array/string passed 
to a non-const parameter
d:\UG\gamemodes\maps/mape.inc(8767) : warning 239: literal array/string passed 
to a non-const parameter
d:\UG\gamemodes\maps/mape.inc(8767) : warning 239: literal array/string passed 
to a non-const parameter
d:\UG\gamemodes\maps/mape.inc(8768) : warning 239: literal array/string passed 
to a non-const parameter
d:\UG\gamemodes\maps/mape.inc(8768) : warning 239: literal array/string passed 
to a non-const parameter
d:\UG\gamemodes\maps/mape.inc(8769) : warning 239: literal array/string passed 
to a non-const parameter
d:\UG\gamemodes\maps/mape.inc(8769) : warning 239: literal array/string passed 
to a non-const parameter
d:\UG\gamemodes\maps/mape.inc(8771) : warning 239: literal array/string passed 
to a non-const parameter
d:\UG\gamemodes\maps/mape.inc(8771) : warning 239: literal array/string passed 
to a non-const parameter
d:\UG\gamemodes\maps/mape.inc(8772) : warning 239: literal array/string passed 
to a non-const parameter
d:\UG\gamemodes\maps/mape.inc(8772) : warning 239: literal array/string passed 
to a non-const parameter
d:\UG\gamemodes\maps/mape.inc(8773) : warning 239: literal array/string passed 
to a non-const parameter
d:\UG\gamemodes\maps/mape.inc(8773) : warning 239: literal array/string passed 
to a non-const parameter
d:\UG\gamemodes\maps/mape.inc(8774) : warning 239: literal array/string passed 
to a non-const parameter
d:\UG\gamemodes\maps/mape.inc(8774) : warning 239: literal array/string passed 
to a non-const parameter
d:\UG\gamemodes\maps/mape.inc(8775) : warning 239: literal array/string passed 
to a non-const parameter
d:\UG\gamemodes\maps/mape.inc(8775) : warning 239: literal array/string passed 
to a non-const parameter
d:\UG\gamemodes\maps/mape.inc(8776) : warning 239: literal array/string passed 
to a non-const parameter
d:\UG\gamemodes\maps/mape.inc(8776) : warning 239: literal array/string passed 
to a non-const parameter
d:\UG\gamemodes\maps/mape.inc(8819) : warning 240: assigned value is never used
 (symbol "tuneljl")
d:\UG\gamemodes\maps/mape.inc(8824) : warning 240: assigned value is never used
 (symbol "tuneljl")
d:\UG\gamemodes\maps/mape.inc(8937) : warning 240: assigned value is never used
 (symbol "tuneljl")
d:\UG\gamemodes\maps/mape.inc(8938) : warning 240: assigned value is never used
 (symbol "tuneljl")
d:\UG\gamemodes\maps/mape.inc(8939) : warning 240: assigned value is never used
 (symbol "tuneljl")
d:\UG\gamemodes\maps/mape.inc(8940) : warning 240: assigned value is never used
 (symbol "tuneljl")
d:\UG\gamemodes\maps/mape.inc(8941) : warning 240: assigned value is never used
 (symbol "tuneljl")
d:\UG\gamemodes\maps/mape.inc(8942) : warning 240: assigned value is never used
 (symbol "tuneljl")
d:\UG\gamemodes\maps/mape.inc(8943) : warning 240: assigned value is never used
 (symbol "tuneljl")
d:\UG\gamemodes\maps/mape.inc(8944) : warning 240: assigned value is never used
 (symbol "tuneljl")
d:\UG\gamemodes\maps/mape.inc(8947) : warning 217: loose indentation
d:\UG\gamemodes\maps/mape.inc(8948) : warning 217: loose indentation
d:\UG\gamemodes\maps/mape.inc(9013) : warning 217: loose indentation
d:\UG\gamemodes\maps/mape.inc(9014) : warning 217: loose indentation
d:\UG\gamemodes\maps/mape.inc(9403) : warning 240: assigned value is never used
 (symbol "TehPregled")
d:\UG\gamemodes\maps/mape.inc(9404) : warning 240: assigned value is never used
 (symbol "TehPregled")
d:\UG\gamemodes\maps/mape.inc(9405) : warning 240: assigned value is never used
 (symbol "TehPregled")
d:\UG\gamemodes\maps/mape.inc(9406) : warning 240: assigned value is never used
 (symbol "TehPregled")
d:\UG\gamemodes\maps/mape.inc(9407) : warning 240: assigned value is never used
 (symbol "TehPregled")
d:\UG\gamemodes\maps/mape.inc(9408) : warning 240: assigned value is never used
 (symbol "TehPregled")
d:\UG\gamemodes\maps/mape.inc(9409) : warning 240: assigned value is never used
 (symbol "TehPregled")
d:\UG\gamemodes\maps/mape.inc(9410) : warning 240: assigned value is never used
 (symbol "TehPregled")
d:\UG\gamemodes\maps/mape.inc(9411) : warning 240: assigned value is never used
 (symbol "TehPregled")
d:\UG\gamemodes\maps/mape.inc(9415) : warning 240: assigned value is never used
 (symbol "TehPregled")
d:\UG\gamemodes\maps/mape.inc(9416) : warning 240: assigned value is never used
 (symbol "TehPregled")
d:\UG\gamemodes\maps/mape.inc(9417) : warning 240: assigned value is never used
 (symbol "TehPregled")
d:\UG\gamemodes\maps/mape.inc(9418) : warning 240: assigned value is never used
 (symbol "TehPregled")
d:\UG\gamemodes\maps/mape.inc(9419) : warning 240: assigned value is never used
 (symbol "TehPregled")
d:\UG\gamemodes\maps/mape.inc(9420) : warning 240: assigned value is never used
 (symbol "TehPregled")
d:\UG\gamemodes\maps/mape.inc(9421) : warning 240: assigned value is never used
 (symbol "TehPregled")
d:\UG\gamemodes\maps/mape.inc(9422) : warning 240: assigned value is never used
 (symbol "TehPregled")
d:\UG\gamemodes\maps/mape.inc(9423) : warning 240: assigned value is never used
 (symbol "TehPregled")
d:\UG\gamemodes\maps/mape.inc(9424) : warning 240: assigned value is never used
 (symbol "TehPregled")
d:\UG\gamemodes\maps/mape.inc(9425) : warning 240: assigned value is never used
 (symbol "TehPregled")
d:\UG\gamemodes\maps/mape.inc(9426) : warning 240: assigned value is never used
 (symbol "TehPregled")
d:\UG\gamemodes\maps/mape.inc(9427) : warning 240: assigned value is never used
 (symbol "TehPregled")
d:\UG\gamemodes\maps/mape.inc(9428) : warning 240: assigned value is never used
 (symbol "TehPregled")
d:\UG\gamemodes\maps/mape.inc(9429) : warning 240: assigned value is never used
 (symbol "TehPregled")
d:\UG\gamemodes\maps/mape.inc(9430) : warning 240: assigned value is never used
 (symbol "TehPregled")
d:\UG\gamemodes\maps/mape.inc(9431) : warning 240: assigned value is never used
 (symbol "TehPregled")
d:\UG\gamemodes\maps/mape.inc(9432) : warning 240: assigned value is never used
 (symbol "TehPregled")
d:\UG\gamemodes\maps/mape.inc(9433) : warning 240: assigned value is never used
 (symbol "TehPregled")
d:\UG\gamemodes\maps/mape.inc(9434) : warning 240: assigned value is never used
 (symbol "TehPregled")
d:\UG\gamemodes\maps/mape.inc(9435) : warning 240: assigned value is never used
 (symbol "TehPregled")
d:\UG\gamemodes\maps/mape.inc(9436) : warning 240: assigned value is never used
 (symbol "TehPregled")
d:\UG\gamemodes\maps/mape.inc(9437) : warning 240: assigned value is never used
 (symbol "TehPregled")
d:\UG\gamemodes\maps/mape.inc(9438) : warning 240: assigned value is never used
 (symbol "TehPregled")
d:\UG\gamemodes\maps/mape.inc(9439) : warning 240: assigned value is never used
 (symbol "TehPregled")
d:\UG\gamemodes\maps/mape.inc(9440) : warning 240: assigned value is never used
 (symbol "TehPregled")
d:\UG\gamemodes\maps/mape.inc(9441) : warning 240: assigned value is never used
 (symbol "TehPregled")
d:\UG\gamemodes\maps/mape.inc(9442) : warning 240: assigned value is never used
 (symbol "TehPregled")
d:\UG\gamemodes\maps/mape.inc(9443) : warning 240: assigned value is never used
 (symbol "TehPregled")
d:\UG\gamemodes\maps/mape.inc(9444) : warning 240: assigned value is never used
 (symbol "TehPregled")
d:\UG\gamemodes\maps/mape.inc(9445) : warning 240: assigned value is never used
 (symbol "TehPregled")
d:\UG\gamemodes\maps/mape.inc(9446) : warning 240: assigned value is never used
 (symbol "TehPregled")
d:\UG\gamemodes\maps/mape.inc(9447) : warning 240: assigned value is never used
 (symbol "TehPregled")
d:\UG\gamemodes\maps/mape.inc(9448) : warning 240: assigned value is never used
 (symbol "TehPregled")
d:\UG\gamemodes\maps/mape.inc(9449) : warning 240: assigned value is never used
 (symbol "TehPregled")
d:\UG\gamemodes\maps/mape.inc(9450) : warning 240: assigned value is never used
 (symbol "TehPregled")
d:\UG\gamemodes\maps/mape.inc(9451) : warning 240: assigned value is never used
 (symbol "TehPregled")
d:\UG\gamemodes\maps/mape.inc(9452) : warning 240: assigned value is never used
 (symbol "TehPregled")
d:\UG\gamemodes\maps/mape.inc(9453) : warning 240: assigned value is never used
 (symbol "TehPregled")
d:\UG\gamemodes\maps/mape.inc(9454) : warning 240: assigned value is never used
 (symbol "TehPregled")
d:\UG\gamemodes\maps/mape.inc(9455) : warning 240: assigned value is never used
 (symbol "TehPregled")
d:\UG\gamemodes\maps/mape.inc(9456) : warning 240: assigned value is never used
 (symbol "TehPregled")
d:\UG\gamemodes\maps/mape.inc(9950) : warning 240: assigned value is never used
 (symbol "Adminkuce")
d:\UG\gamemodes\maps/mape.inc(9951) : warning 240: assigned value is never used
 (symbol "Adminkuce")
d:\UG\gamemodes\maps/mape.inc(9952) : warning 240: assigned value is never used
 (symbol "Adminkuce")
d:\UG\gamemodes\maps/mape.inc(9953) : warning 240: assigned value is never used
 (symbol "Adminkuce")
d:\UG\gamemodes\maps/mape.inc(9954) : warning 240: assigned value is never used
 (symbol "Adminkuce")
d:\UG\gamemodes\maps/mape.inc(9955) : warning 240: assigned value is never used
 (symbol "Adminkuce")
d:\UG\gamemodes\maps/mape.inc(9956) : warning 240: assigned value is never used
 (symbol "Adminkuce")
d:\UG\gamemodes\maps/mape.inc(9957) : warning 240: assigned value is never used
 (symbol "Adminkuce")
d:\UG\gamemodes\maps/mape.inc(9958) : warning 240: assigned value is never used
 (symbol "Adminkuce")
d:\UG\gamemodes\maps/mape.inc(9959) : warning 240: assigned value is never used
 (symbol "Adminkuce")
d:\UG\gamemodes\maps/mape.inc(9960) : warning 240: assigned value is never used
 (symbol "Adminkuce")
d:\UG\gamemodes\maps/mape.inc(9961) : warning 240: assigned value is never used
 (symbol "Adminkuce")
d:\UG\gamemodes\maps/mape.inc(9962) : warning 240: assigned value is never used
 (symbol "Adminkuce")
d:\UG\gamemodes\maps/mape.inc(9963) : warning 240: assigned value is never used
 (symbol "Adminkuce")
d:\UG\gamemodes\maps/mape.inc(9964) : warning 240: assigned value is never used
 (symbol "Adminkuce")
d:\UG\gamemodes\maps/mape.inc(9965) : warning 240: assigned value is never used
 (symbol "Adminkuce")
d:\UG\gamemodes\maps/mape.inc(9966) : warning 240: assigned value is never used
 (symbol "Adminkuce")
d:\UG\gamemodes\maps/mape.inc(9967) : warning 240: assigned value is never used
 (symbol "Adminkuce")
d:\UG\gamemodes\maps/mape.inc(9968) : warning 240: assigned value is never used
 (symbol "Adminkuce")
d:\UG\gamemodes\maps/mape.inc(9969) : warning 240: assigned value is never used
 (symbol "Adminkuce")
d:\UG\gamemodes\maps/mape.inc(9970) : warning 240: assigned value is never used
 (symbol "Adminkuce")
d:\UG\gamemodes\maps/mape.inc(9971) : warning 240: assigned value is never used
 (symbol "Adminkuce")
d:\UG\gamemodes\maps/mape.inc(9972) : warning 240: assigned value is never used
 (symbol "Adminkuce")
d:\UG\gamemodes\maps/mape.inc(9973) : warning 240: assigned value is never used
 (symbol "Adminkuce")
d:\UG\gamemodes\maps/mape.inc(9974) : warning 240: assigned value is never used
 (symbol "Adminkuce")
d:\UG\gamemodes\maps/mape.inc(9975) : warning 240: assigned value is never used
 (symbol "Adminkuce")
d:\UG\gamemodes\maps/mape.inc(9976) : warning 240: assigned value is never used
 (symbol "Adminkuce")
d:\UG\gamemodes\maps/mape.inc(9977) : warning 240: assigned value is never used
 (symbol "Adminkuce")
d:\UG\gamemodes\maps/mape.inc(9978) : warning 240: assigned value is never used
 (symbol "Adminkuce")
d:\UG\gamemodes\maps/mape.inc(9979) : warning 240: assigned value is never used
 (symbol "Adminkuce")
d:\UG\gamemodes\maps/mape.inc(9980) : warning 240: assigned value is never used
 (symbol "Adminkuce")
d:\UG\gamemodes\maps/mape.inc(9981) : warning 240: assigned value is never used
 (symbol "Adminkuce")
d:\UG\gamemodes\maps/mape.inc(9982) : warning 240: assigned value is never used
 (symbol "Adminkuce")
d:\UG\gamemodes\maps/mape.inc(9983) : warning 240: assigned value is never used
 (symbol "Adminkuce")
d:\UG\gamemodes\maps/mape.inc(9984) : warning 240: assigned value is never used
 (symbol "Adminkuce")
d:\UG\gamemodes\maps/mape.inc(9985) : warning 240: assigned value is never used
 (symbol "Adminkuce")
d:\UG\gamemodes\maps/mape.inc(9986) : warning 240: assigned value is never used
 (symbol "Adminkuce")
d:\UG\gamemodes\maps/mape.inc(9987) : warning 240: assigned value is never used
 (symbol "Adminkuce")
d:\UG\gamemodes\maps/mape.inc(9988) : warning 240: assigned value is never used
 (symbol "Adminkuce")
d:\UG\gamemodes\maps/mape.inc(9989) : warning 240: assigned value is never used
 (symbol "Adminkuce")
d:\UG\gamemodes\maps/mape.inc(9990) : warning 240: assigned value is never used
 (symbol "Adminkuce")
d:\UG\gamemodes\maps/mape.inc(9991) : warning 240: assigned value is never used
 (symbol "Adminkuce")
d:\UG\gamemodes\maps/mape.inc(9992) : warning 240: assigned value is never used
 (symbol "Adminkuce")
d:\UG\gamemodes\maps/mape.inc(9993) : warning 240: assigned value is never used
 (symbol "Adminkuce")
d:\UG\gamemodes\maps/mape.inc(9994) : warning 240: assigned value is never used
 (symbol "Adminkuce")
d:\UG\gamemodes\maps/mape.inc(9995) : warning 240: assigned value is never used
 (symbol "Adminkuce")
d:\UG\gamemodes\maps/mape.inc(9996) : warning 240: assigned value is never used
 (symbol "Adminkuce")
d:\UG\gamemodes\maps/mape.inc(9997) : warning 240: assigned value is never used
 (symbol "Adminkuce")
d:\UG\gamemodes\maps/mape.inc(9998) : warning 240: assigned value is never used
 (symbol "Adminkuce")
d:\UG\gamemodes\maps/mape.inc(9999) : warning 240: assigned value is never used
 (symbol "Adminkuce")
d:\UG\gamemodes\maps/mape.inc(10000) : warning 240: assigned value is never use
d (symbol "Adminkuce")
d:\UG\gamemodes\maps/mape.inc(10001) : warning 240: assigned value is never use
d (symbol "Adminkuce")
d:\UG\gamemodes\maps/mape.inc(10002) : warning 240: assigned value is never use
d (symbol "Adminkuce")
d:\UG\gamemodes\maps/mape.inc(10003) : warning 240: assigned value is never use
d (symbol "Adminkuce")
d:\UG\gamemodes\maps/mape.inc(10004) : warning 240: assigned value is never use
d (symbol "Adminkuce")
d:\UG\gamemodes\maps/mape.inc(10005) : warning 240: assigned value is never use
d (symbol "Adminkuce")
d:\UG\gamemodes\maps/mape.inc(10006) : warning 240: assigned value is never use
d (symbol "Adminkuce")
d:\UG\gamemodes\maps/mape.inc(10007) : warning 240: assigned value is never use
d (symbol "Adminkuce")
d:\UG\gamemodes\maps/mape.inc(10008) : warning 240: assigned value is never use
d (symbol "Adminkuce")
d:\UG\gamemodes\maps/mape.inc(10009) : warning 240: assigned value is never use
d (symbol "Adminkuce")
d:\UG\gamemodes\maps/mape.inc(10010) : warning 240: assigned value is never use
d (symbol "Adminkuce")
d:\UG\gamemodes\maps/mape.inc(10011) : warning 240: assigned value is never use
d (symbol "Adminkuce")
d:\UG\gamemodes\maps/mape.inc(10012) : warning 240: assigned value is never use
d (symbol "Adminkuce")
d:\UG\gamemodes\maps/mape.inc(10013) : warning 240: assigned value is never use
d (symbol "Adminkuce")
d:\UG\gamemodes\maps/mape.inc(10014) : warning 240: assigned value is never use
d (symbol "Adminkuce")
d:\UG\gamemodes\maps/mape.inc(10015) : warning 240: assigned value is never use
d (symbol "Adminkuce")
d:\UG\gamemodes\maps/mape.inc(10016) : warning 240: assigned value is never use
d (symbol "Adminkuce")
d:\UG\gamemodes\maps/mape.inc(10017) : warning 240: assigned value is never use
d (symbol "Adminkuce")
d:\UG\gamemodes\maps/mape.inc(10018) : warning 240: assigned value is never use
d (symbol "Adminkuce")
d:\UG\gamemodes\maps/mape.inc(10019) : warning 240: assigned value is never use
d (symbol "Adminkuce")
d:\UG\gamemodes\maps/mape.inc(10020) : warning 240: assigned value is never use
d (symbol "Adminkuce")
d:\UG\gamemodes\maps/mape.inc(10021) : warning 240: assigned value is never use
d (symbol "Adminkuce")
d:\UG\gamemodes\maps/mape.inc(10022) : warning 240: assigned value is never use
d (symbol "Adminkuce")
d:\UG\gamemodes\maps/mape.inc(10023) : warning 240: assigned value is never use
d (symbol "Adminkuce")
d:\UG\gamemodes\maps/mape.inc(10024) : warning 240: assigned value is never use
d (symbol "Adminkuce")
d:\UG\gamemodes\maps/mape.inc(10025) : warning 240: assigned value is never use
d (symbol "Adminkuce")
d:\UG\gamemodes\maps/mape.inc(10026) : warning 240: assigned value is never use
d (symbol "Adminkuce")
d:\UG\gamemodes\maps/mape.inc(10027) : warning 240: assigned value is never use
d (symbol "Adminkuce")
d:\UG\gamemodes\maps/mape.inc(10028) : warning 240: assigned value is never use
d (symbol "Adminkuce")
d:\UG\gamemodes\maps/mape.inc(10029) : warning 240: assigned value is never use
d (symbol "Adminkuce")
d:\UG\gamemodes\maps/mape.inc(10030) : warning 240: assigned value is never use
d (symbol "Adminkuce")
d:\UG\gamemodes\maps/mape.inc(10031) : warning 240: assigned value is never use
d (symbol "Adminkuce")
d:\UG\gamemodes\maps/mape.inc(10032) : warning 240: assigned value is never use
d (symbol "Adminkuce")
d:\UG\gamemodes\maps/mape.inc(10033) : warning 240: assigned value is never use
d (symbol "Adminkuce")
d:\UG\gamemodes\maps/mape.inc(10034) : warning 240: assigned value is never use
d (symbol "Adminkuce")
d:\UG\gamemodes\maps/mape.inc(10035) : warning 240: assigned value is never use
d (symbol "Adminkuce")
d:\UG\gamemodes\maps/mape.inc(10036) : warning 240: assigned value is never use
d (symbol "Adminkuce")
d:\UG\gamemodes\maps/mape.inc(10037) : warning 240: assigned value is never use
d (symbol "Adminkuce")
d:\UG\gamemodes\maps/mape.inc(10038) : warning 240: assigned value is never use
d (symbol "Adminkuce")
d:\UG\gamemodes\maps/mape.inc(10039) : warning 240: assigned value is never use
d (symbol "Adminkuce")
d:\UG\gamemodes\maps/mape.inc(10040) : warning 240: assigned value is never use
d (symbol "Adminkuce")
d:\UG\gamemodes\maps/mape.inc(10041) : warning 240: assigned value is never use
d (symbol "Adminkuce")
d:\UG\gamemodes\maps/mape.inc(10042) : warning 240: assigned value is never use
d (symbol "Adminkuce")
d:\UG\gamemodes\maps/mape.inc(10043) : warning 240: assigned value is never use
d (symbol "Adminkuce")
d:\UG\gamemodes\maps/mape.inc(10044) : warning 240: assigned value is never use
d (symbol "Adminkuce")
d:\UG\gamemodes\maps/mape.inc(10045) : warning 240: assigned value is never use
d (symbol "Adminkuce")
d:\UG\gamemodes\maps/mape.inc(10046) : warning 240: assigned value is never use
d (symbol "Adminkuce")
d:\UG\gamemodes\maps/mape.inc(10047) : warning 240: assigned value is never use
d (symbol "Adminkuce")
d:\UG\gamemodes\maps/mape.inc(10048) : warning 240: assigned value is never use
d (symbol "Adminkuce")
d:\UG\gamemodes\maps/mape.inc(10049) : warning 240: assigned value is never use
d (symbol "Adminkuce")
d:\UG\gamemodes\maps/mape.inc(10050) : warning 240: assigned value is never use
d (symbol "Adminkuce")
d:\UG\gamemodes\maps/mape.inc(10051) : warning 240: assigned value is never use
d (symbol "Adminkuce")
d:\UG\gamemodes\maps/mape.inc(10052) : warning 240: assigned value is never use
d (symbol "Adminkuce")
d:\UG\gamemodes\maps/mape.inc(10053) : warning 240: assigned value is never use
d (symbol "Adminkuce")
d:\UG\gamemodes\maps/mape.inc(10054) : warning 240: assigned value is never use
d (symbol "Adminkuce")
d:\UG\gamemodes\maps/mape.inc(10055) : warning 240: assigned value is never use
d (symbol "Adminkuce")
d:\UG\gamemodes\maps/mape.inc(10056) : warning 240: assigned value is never use
d (symbol "Adminkuce")
d:\UG\gamemodes\maps/mape.inc(10057) : warning 240: assigned value is never use
d (symbol "Adminkuce")
d:\UG\gamemodes\maps/mape.inc(10058) : warning 240: assigned value is never use
d (symbol "Adminkuce")
d:\UG\gamemodes\maps/mape.inc(10059) : warning 240: assigned value is never use
d (symbol "Adminkuce")
d:\UG\gamemodes\maps/mape.inc(10060) : warning 240: assigned value is never use
d (symbol "Adminkuce")
d:\UG\gamemodes\maps/mape.inc(10061) : warning 240: assigned value is never use
d (symbol "Adminkuce")
d:\UG\gamemodes\maps/mape.inc(10062) : warning 240: assigned value is never use
d (symbol "Adminkuce")
d:\UG\gamemodes\maps/mape.inc(10063) : warning 240: assigned value is never use
d (symbol "Adminkuce")
d:\UG\gamemodes\maps/mape.inc(10064) : warning 240: assigned value is never use
d (symbol "Adminkuce")
d:\UG\gamemodes\maps/mape.inc(10065) : warning 240: assigned value is never use
d (symbol "Adminkuce")
d:\UG\gamemodes\maps/mape.inc(10066) : warning 240: assigned value is never use
d (symbol "Adminkuce")
d:\UG\gamemodes\maps/mape.inc(10067) : warning 240: assigned value is never use
d (symbol "Adminkuce")
d:\UG\gamemodes\maps/mape.inc(10068) : warning 240: assigned value is never use
d (symbol "Adminkuce")
d:\UG\gamemodes\maps/mape.inc(10069) : warning 240: assigned value is never use
d (symbol "Adminkuce")
d:\UG\gamemodes\maps/mape.inc(10070) : warning 240: assigned value is never use
d (symbol "Adminkuce")
d:\UG\gamemodes\maps/mape.inc(10071) : warning 240: assigned value is never use
d (symbol "Adminkuce")
d:\UG\gamemodes\maps/mape.inc(10072) : warning 240: assigned value is never use
d (symbol "Adminkuce")
d:\UG\gamemodes\maps/mape.inc(10073) : warning 240: assigned value is never use
d (symbol "Adminkuce")
d:\UG\gamemodes\maps/mape.inc(10074) : warning 240: assigned value is never use
d (symbol "Adminkuce")
d:\UG\gamemodes\maps/mape.inc(10075) : warning 240: assigned value is never use
d (symbol "Adminkuce")
d:\UG\gamemodes\maps/mape.inc(10076) : warning 240: assigned value is never use
d (symbol "Adminkuce")
d:\UG\gamemodes\maps/mape.inc(10077) : warning 240: assigned value is never use
d (symbol "Adminkuce")
d:\UG\gamemodes\maps/mape.inc(10078) : warning 240: assigned value is never use
d (symbol "Adminkuce")
d:\UG\gamemodes\maps/mape.inc(10079) : warning 240: assigned value is never use
d (symbol "Adminkuce")
d:\UG\gamemodes\maps/mape.inc(10080) : warning 240: assigned value is never use
d (symbol "Adminkuce")
d:\UG\gamemodes\maps/mape.inc(10081) : warning 240: assigned value is never use
d (symbol "Adminkuce")
d:\UG\gamemodes\maps/mape.inc(10082) : warning 240: assigned value is never use
d (symbol "Adminkuce")
d:\UG\gamemodes\maps/mape.inc(10083) : warning 240: assigned value is never use
d (symbol "Adminkuce")
d:\UG\gamemodes\maps/mape.inc(10084) : warning 240: assigned value is never use
d (symbol "Adminkuce")
d:\UG\gamemodes\maps/mape.inc(10085) : warning 240: assigned value is never use
d (symbol "Adminkuce")
d:\UG\gamemodes\maps/mape.inc(10086) : warning 240: assigned value is never use
d (symbol "Adminkuce")
d:\UG\gamemodes\maps/mape.inc(10087) : warning 240: assigned value is never use
d (symbol "Adminkuce")
d:\UG\gamemodes\maps/mape.inc(10088) : warning 240: assigned value is never use
d (symbol "Adminkuce")
d:\UG\gamemodes\maps/mape.inc(10089) : warning 240: assigned value is never use
d (symbol "Adminkuce")
d:\UG\gamemodes\maps/mape.inc(10090) : warning 240: assigned value is never use
d (symbol "Adminkuce")
d:\UG\gamemodes\maps/mape.inc(10091) : warning 240: assigned value is never use
d (symbol "Adminkuce")
d:\UG\gamemodes\maps/mape.inc(10092) : warning 240: assigned value is never use
d (symbol "Adminkuce")
d:\UG\gamemodes\maps/mape.inc(10093) : warning 240: assigned value is never use
d (symbol "Adminkuce")
d:\UG\gamemodes\maps/mape.inc(10094) : warning 240: assigned value is never use
d (symbol "Adminkuce")
d:\UG\gamemodes\maps/mape.inc(10095) : warning 240: assigned value is never use
d (symbol "Adminkuce")
d:\UG\gamemodes\maps/mape.inc(10096) : warning 240: assigned value is never use
d (symbol "Adminkuce")
d:\UG\gamemodes\maps/mape.inc(10097) : warning 240: assigned value is never use
d (symbol "Adminkuce")
d:\UG\gamemodes\maps/mape.inc(10098) : warning 240: assigned value is never use
d (symbol "Adminkuce")
d:\UG\gamemodes\maps/mape.inc(10099) : warning 240: assigned value is never use
d (symbol "Adminkuce")
d:\UG\gamemodes\maps/mape.inc(10100) : warning 240: assigned value is never use
d (symbol "Adminkuce")
d:\UG\gamemodes\maps/mape.inc(10101) : warning 240: assigned value is never use
d (symbol "Adminkuce")
d:\UG\gamemodes\maps/mape.inc(10102) : warning 240: assigned value is never use
d (symbol "Adminkuce")
d:\UG\gamemodes\maps/mape.inc(10103) : warning 240: assigned value is never use
d (symbol "Adminkuce")
d:\UG\gamemodes\maps/mape.inc(10104) : warning 240: assigned value is never use
d (symbol "Adminkuce")
d:\UG\gamemodes\maps/mape.inc(10105) : warning 240: assigned value is never use
d (symbol "Adminkuce")
d:\UG\gamemodes\maps/mape.inc(10106) : warning 240: assigned value is never use
d (symbol "Adminkuce")
d:\UG\gamemodes\maps/mape.inc(10107) : warning 240: assigned value is never use
d (symbol "Adminkuce")
d:\UG\gamemodes\maps/mape.inc(10108) : warning 240: assigned value is never use
d (symbol "Adminkuce")
d:\UG\gamemodes\maps/mape.inc(10109) : warning 240: assigned value is never use
d (symbol "Adminkuce")
d:\UG\gamemodes\maps/mape.inc(10110) : warning 240: assigned value is never use
d (symbol "Adminkuce")
d:\UG\gamemodes\maps/mape.inc(10111) : warning 240: assigned value is never use
d (symbol "Adminkuce")
d:\UG\gamemodes\maps/mape.inc(10112) : warning 240: assigned value is never use
d (symbol "Adminkuce")
d:\UG\gamemodes\maps/mape.inc(10113) : warning 240: assigned value is never use
d (symbol "Adminkuce")
d:\UG\gamemodes\maps/mape.inc(10114) : warning 240: assigned value is never use
d (symbol "Adminkuce")
d:\UG\gamemodes\maps/mape.inc(10115) : warning 240: assigned value is never use
d (symbol "Adminkuce")
d:\UG\gamemodes\maps/mape.inc(10116) : warning 240: assigned value is never use
d (symbol "Adminkuce")
d:\UG\gamemodes\maps/mape.inc(10117) : warning 240: assigned value is never use
d (symbol "Adminkuce")
d:\UG\gamemodes\maps/mape.inc(10118) : warning 240: assigned value is never use
d (symbol "Adminkuce")
d:\UG\gamemodes\maps/mape.inc(10119) : warning 240: assigned value is never use
d (symbol "Adminkuce")
d:\UG\gamemodes\maps/mape.inc(10120) : warning 240: assigned value is never use
d (symbol "Adminkuce")
d:\UG\gamemodes\maps/mape.inc(10121) : warning 240: assigned value is never use
d (symbol "Adminkuce")
d:\UG\gamemodes\maps/mape.inc(10122) : warning 240: assigned value is never use
d (symbol "Adminkuce")
d:\UG\gamemodes\maps/mape.inc(10123) : warning 240: assigned value is never use
d (symbol "Adminkuce")
d:\UG\gamemodes\maps/mape.inc(10124) : warning 240: assigned value is never use
d (symbol "Adminkuce")
d:\UG\gamemodes\maps/mape.inc(10125) : warning 240: assigned value is never use
d (symbol "Adminkuce")
d:\UG\gamemodes\maps/mape.inc(10126) : warning 240: assigned value is never use
d (symbol "Adminkuce")
d:\UG\gamemodes\maps/mape.inc(10127) : warning 240: assigned value is never use
d (symbol "Adminkuce")
d:\UG\gamemodes\maps/mape.inc(10128) : warning 240: assigned value is never use
d (symbol "Adminkuce")
d:\UG\gamemodes\maps/mape.inc(10129) : warning 240: assigned value is never use
d (symbol "Adminkuce")
d:\UG\gamemodes\maps/mape.inc(10130) : warning 240: assigned value is never use
d (symbol "Adminkuce")
d:\UG\gamemodes\maps/mape.inc(10131) : warning 240: assigned value is never use
d (symbol "Adminkuce")
d:\UG\gamemodes\maps/mape.inc(10132) : warning 240: assigned value is never use
d (symbol "Adminkuce")
d:\UG\gamemodes\maps/mape.inc(10133) : warning 240: assigned value is never use
d (symbol "Adminkuce")
d:\UG\gamemodes\maps/mape.inc(10134) : warning 240: assigned value is never use
d (symbol "Adminkuce")
d:\UG\gamemodes\maps/mape.inc(10135) : warning 240: assigned value is never use
d (symbol "Adminkuce")
d:\UG\gamemodes\maps/mape.inc(10136) : warning 240: assigned value is never use
d (symbol "Adminkuce")
d:\UG\gamemodes\maps/mape.inc(10137) : warning 240: assigned value is never use
d (symbol "Adminkuce")
d:\UG\gamemodes\maps/mape.inc(10138) : warning 240: assigned value is never use
d (symbol "Adminkuce")
d:\UG\gamemodes\maps/mape.inc(10139) : warning 240: assigned value is never use
d (symbol "Adminkuce")
d:\UG\gamemodes\maps/mape.inc(7432) : warning 240: assigned value is never used
 (symbol "tmpobjid")
d:\UG\gamemodes\maps/mape.inc(10507) : warning 240: assigned value is never use
d (symbol "tmpobjid")
d:\UG\gamemodes\maps/mape.inc(10508) : warning 240: assigned value is never use
d (symbol "tmpobjid")
d:\UG\gamemodes\maps/mape.inc(10509) : warning 240: assigned value is never use
d (symbol "tmpobjid")
d:\UG\gamemodes\maps/mape.inc(10510) : warning 240: assigned value is never use
d (symbol "tmpobjid")
d:\UG\gamemodes\maps/mape.inc(10511) : warning 240: assigned value is never use
d (symbol "tmpobjid")
d:\UG\gamemodes\maps/mape.inc(10512) : warning 240: assigned value is never use
d (symbol "tmpobjid")
d:\UG\gamemodes\maps/mape.inc(10513) : warning 240: assigned value is never use
d (symbol "tmpobjid")
d:\UG\gamemodes\maps/mape.inc(10514) : warning 240: assigned value is never use
d (symbol "tmpobjid")
d:\UG\gamemodes\maps/mape.inc(10515) : warning 240: assigned value is never use
d (symbol "tmpobjid")
d:\UG\gamemodes\maps/mape.inc(10516) : warning 240: assigned value is never use
d (symbol "tmpobjid")
d:\UG\gamemodes\maps/mape.inc(10517) : warning 240: assigned value is never use
d (symbol "tmpobjid")
d:\UG\gamemodes\maps/mape.inc(10518) : warning 240: assigned value is never use
d (symbol "tmpobjid")
d:\UG\gamemodes\maps/mape.inc(10519) : warning 240: assigned value is never use
d (symbol "tmpobjid")
d:\UG\gamemodes\maps/mape.inc(10520) : warning 240: assigned value is never use
d (symbol "tmpobjid")
d:\UG\gamemodes\maps/mape.inc(10521) : warning 240: assigned value is never use
d (symbol "tmpobjid")
d:\UG\gamemodes\maps/mape.inc(10522) : warning 240: assigned value is never use
d (symbol "tmpobjid")
d:\UG\gamemodes\maps/mape.inc(10523) : warning 240: assigned value is never use
d (symbol "tmpobjid")
d:\UG\gamemodes\maps/mape.inc(10524) : warning 240: assigned value is never use
d (symbol "tmpobjid")
d:\UG\gamemodes\maps/mape.inc(10525) : warning 240: assigned value is never use
d (symbol "tmpobjid")
d:\UG\gamemodes\maps/mape.inc(10526) : warning 240: assigned value is never use
d (symbol "tmpobjid")
d:\UG\gamemodes\maps/mape.inc(10527) : warning 240: assigned value is never use
d (symbol "tmpobjid")
d:\UG\gamemodes\maps/mape.inc(10528) : warning 240: assigned value is never use
d (symbol "tmpobjid")
d:\UG\gamemodes\maps/mape.inc(10529) : warning 240: assigned value is never use
d (symbol "tmpobjid")
d:\UG\gamemodes\maps/mape.inc(10530) : warning 240: assigned value is never use
d (symbol "tmpobjid")
d:\UG\gamemodes\maps/mape.inc(10531) : warning 240: assigned value is never use
d (symbol "tmpobjid")
d:\UG\gamemodes\maps/mape.inc(10532) : warning 240: assigned value is never use
d (symbol "tmpobjid")
d:\UG\gamemodes\maps/mape.inc(10533) : warning 240: assigned value is never use
d (symbol "tmpobjid")
d:\UG\gamemodes\maps/mape.inc(10534) : warning 240: assigned value is never use
d (symbol "tmpobjid")
d:\UG\gamemodes\maps/mape.inc(10535) : warning 240: assigned value is never use
d (symbol "tmpobjid")
d:\UG\gamemodes\maps/mape.inc(10536) : warning 240: assigned value is never use
d (symbol "tmpobjid")
d:\UG\gamemodes\maps/mape.inc(10537) : warning 240: assigned value is never use
d (symbol "tmpobjid")
d:\UG\gamemodes\maps/mape.inc(10538) : warning 240: assigned value is never use
d (symbol "tmpobjid")
d:\UG\gamemodes\maps/mape.inc(10539) : warning 240: assigned value is never use
d (symbol "tmpobjid")
d:\UG\gamemodes\maps/mape.inc(10540) : warning 240: assigned value is never use
d (symbol "tmpobjid")
d:\UG\gamemodes\maps/mape.inc(10541) : warning 240: assigned value is never use
d (symbol "tmpobjid")
d:\UG\gamemodes\maps/mape.inc(10542) : warning 240: assigned value is never use
d (symbol "tmpobjid")
d:\UG\gamemodes\maps/mape.inc(10543) : warning 240: assigned value is never use
d (symbol "tmpobjid")
d:\UG\gamemodes\maps/mape.inc(10544) : warning 240: assigned value is never use
d (symbol "tmpobjid")
d:\UG\gamemodes\maps/mape.inc(10545) : warning 240: assigned value is never use
d (symbol "tmpobjid")
d:\UG\gamemodes\maps/mape.inc(10546) : warning 240: assigned value is never use
d (symbol "tmpobjid")
d:\UG\gamemodes\maps/mape.inc(10547) : warning 240: assigned value is never use
d (symbol "tmpobjid")
d:\UG\gamemodes\maps/mape.inc(10548) : warning 240: assigned value is never use
d (symbol "tmpobjid")
d:\UG\gamemodes\maps/mape.inc(10549) : warning 240: assigned value is never use
d (symbol "tmpobjid")
d:\UG\gamemodes\maps/mape.inc(10550) : warning 240: assigned value is never use
d (symbol "tmpobjid")
d:\UG\gamemodes\maps/mape.inc(10551) : warning 240: assigned value is never use
d (symbol "tmpobjid")
d:\UG\gamemodes\maps/mape.inc(10552) : warning 240: assigned value is never use
d (symbol "tmpobjid")
d:\UG\gamemodes\maps/mape.inc(10553) : warning 240: assigned value is never use
d (symbol "tmpobjid")
d:\UG\gamemodes\maps/mape.inc(10554) : warning 240: assigned value is never use
d (symbol "tmpobjid")
d:\UG\gamemodes\maps/mape.inc(10555) : warning 240: assigned value is never use
d (symbol "tmpobjid")
d:\UG\gamemodes\maps/mape.inc(10556) : warning 240: assigned value is never use
d (symbol "tmpobjid")
d:\UG\gamemodes\maps/mape.inc(10557) : warning 240: assigned value is never use
d (symbol "tmpobjid")
d:\UG\gamemodes\maps/mape.inc(10558) : warning 240: assigned value is never use
d (symbol "tmpobjid")
d:\UG\gamemodes\maps/mape.inc(10559) : warning 240: assigned value is never use
d (symbol "tmpobjid")
d:\UG\gamemodes\maps/mape.inc(10560) : warning 240: assigned value is never use
d (symbol "tmpobjid")
d:\UG\gamemodes\maps/mape.inc(10561) : warning 240: assigned value is never use
d (symbol "tmpobjid")
d:\UG\gamemodes\maps/mape.inc(10562) : warning 240: assigned value is never use
d (symbol "tmpobjid")
d:\UG\gamemodes\maps/mape.inc(10563) : warning 240: assigned value is never use
d (symbol "tmpobjid")
d:\UG\gamemodes\maps/mape.inc(10564) : warning 240: assigned value is never use
d (symbol "tmpobjid")
d:\UG\gamemodes\maps/mape.inc(10565) : warning 240: assigned value is never use
d (symbol "tmpobjid")
d:\UG\gamemodes\maps/mape.inc(10566) : warning 240: assigned value is never use
d (symbol "tmpobjid")
d:\UG\gamemodes\maps/mape.inc(10567) : warning 240: assigned value is never use
d (symbol "tmpobjid")
d:\UG\gamemodes\maps/mape.inc(10568) : warning 240: assigned value is never use
d (symbol "tmpobjid")
d:\UG\gamemodes\maps/mape.inc(10569) : warning 240: assigned value is never use
d (symbol "tmpobjid")
d:\UG\gamemodes\maps/mape.inc(10570) : warning 240: assigned value is never use
d (symbol "tmpobjid")
d:\UG\gamemodes\maps/mape.inc(10571) : warning 240: assigned value is never use
d (symbol "tmpobjid")
d:\UG\gamemodes\maps/mape.inc(10572) : warning 240: assigned value is never use
d (symbol "tmpobjid")
d:\UG\gamemodes\maps/mape.inc(10573) : warning 240: assigned value is never use
d (symbol "tmpobjid")
d:\UG\gamemodes\maps/mape.inc(10574) : warning 240: assigned value is never use
d (symbol "tmpobjid")
d:\UG\gamemodes\maps/mape.inc(10575) : warning 240: assigned value is never use
d (symbol "tmpobjid")
d:\UG\gamemodes\maps/mape.inc(10576) : warning 240: assigned value is never use
d (symbol "tmpobjid")
d:\UG\gamemodes\maps/mape.inc(10577) : warning 240: assigned value is never use
d (symbol "tmpobjid")
d:\UG\gamemodes\maps/mape.inc(10578) : warning 240: assigned value is never use
d (symbol "tmpobjid")
d:\UG\gamemodes\maps/mape.inc(10579) : warning 240: assigned value is never use
d (symbol "tmpobjid")
d:\UG\gamemodes\maps/mape.inc(10580) : warning 240: assigned value is never use
d (symbol "tmpobjid")
d:\UG\gamemodes\maps/mape.inc(10581) : warning 240: assigned value is never use
d (symbol "tmpobjid")
d:\UG\gamemodes\maps/mape.inc(10582) : warning 240: assigned value is never use
d (symbol "tmpobjid")
d:\UG\gamemodes\maps/mape.inc(10583) : warning 240: assigned value is never use
d (symbol "tmpobjid")
d:\UG\gamemodes\maps/mape.inc(10584) : warning 240: assigned value is never use
d (symbol "tmpobjid")
d:\UG\gamemodes\maps/mape.inc(10585) : warning 240: assigned value is never use
d (symbol "tmpobjid")
d:\UG\gamemodes\maps/mape.inc(10586) : warning 240: assigned value is never use
d (symbol "tmpobjid")
d:\UG\gamemodes\maps/mape.inc(10587) : warning 240: assigned value is never use
d (symbol "tmpobjid")
d:\UG\gamemodes\maps/mape.inc(10588) : warning 240: assigned value is never use
d (symbol "tmpobjid")
d:\UG\gamemodes\maps/mape.inc(10589) : warning 240: assigned value is never use
d (symbol "tmpobjid")
d:\UG\gamemodes\maps/mape.inc(10590) : warning 240: assigned value is never use
d (symbol "tmpobjid")
d:\UG\gamemodes\maps/mape.inc(10591) : warning 240: assigned value is never use
d (symbol "tmpobjid")
d:\UG\gamemodes\maps/mape.inc(10592) : warning 240: assigned value is never use
d (symbol "tmpobjid")
d:\UG\gamemodes\maps/mape.inc(10593) : warning 240: assigned value is never use
d (symbol "tmpobjid")
d:\UG\gamemodes\maps/mape.inc(10594) : warning 240: assigned value is never use
d (symbol "tmpobjid")
d:\UG\gamemodes\maps/mape.inc(10595) : warning 240: assigned value is never use
d (symbol "tmpobjid")
d:\UG\gamemodes\maps/mape.inc(10596) : warning 240: assigned value is never use
d (symbol "tmpobjid")
d:\UG\gamemodes\maps/mape.inc(10597) : warning 240: assigned value is never use
d (symbol "tmpobjid")
d:\UG\gamemodes\maps/mape.inc(10598) : warning 240: assigned value is never use
d (symbol "tmpobjid")
d:\UG\gamemodes\maps/mape.inc(10599) : warning 240: assigned value is never use
d (symbol "tmpobjid")
d:\UG\gamemodes\maps/mape.inc(10600) : warning 240: assigned value is never use
d (symbol "tmpobjid")
d:\UG\gamemodes\maps/mape.inc(10601) : warning 240: assigned value is never use
d (symbol "tmpobjid")
d:\UG\gamemodes\maps/mape.inc(10602) : warning 240: assigned value is never use
d (symbol "tmpobjid")
d:\UG\gamemodes\maps/mape.inc(10603) : warning 240: assigned value is never use
d (symbol "tmpobjid")
d:\UG\gamemodes\maps/mape.inc(10604) : warning 240: assigned value is never use
d (symbol "tmpobjid")
d:\UG\gamemodes\maps/mape.inc(10605) : warning 240: assigned value is never use
d (symbol "tmpobjid")
d:\UG\gamemodes\maps/mape.inc(10606) : warning 240: assigned value is never use
d (symbol "tmpobjid")
d:\UG\gamemodes\maps/mape.inc(10607) : warning 240: assigned value is never use
d (symbol "tmpobjid")
d:\UG\gamemodes\maps/mape.inc(10608) : warning 240: assigned value is never use
d (symbol "tmpobjid")
d:\UG\gamemodes\maps/mape.inc(10609) : warning 240: assigned value is never use
d (symbol "tmpobjid")
d:\UG\gamemodes\maps/mape.inc(10610) : warning 240: assigned value is never use
d (symbol "tmpobjid")
d:\UG\gamemodes\maps/mape.inc(10611) : warning 240: assigned value is never use
d (symbol "tmpobjid")
d:\UG\gamemodes\maps/mape.inc(10612) : warning 240: assigned value is never use
d (symbol "tmpobjid")
d:\UG\gamemodes\maps/mape.inc(10613) : warning 240: assigned value is never use
d (symbol "tmpobjid")
d:\UG\gamemodes\maps/mape.inc(10614) : warning 240: assigned value is never use
d (symbol "tmpobjid")
d:\UG\gamemodes\maps/mape.inc(10615) : warning 240: assigned value is never use
d (symbol "tmpobjid")
d:\UG\gamemodes\maps/mape.inc(10616) : warning 240: assigned value is never use
d (symbol "tmpobjid")
d:\UG\gamemodes\maps/mape.inc(10617) : warning 240: assigned value is never use
d (symbol "tmpobjid")
d:\UG\gamemodes\maps/mape.inc(10618) : warning 240: assigned value is never use
d (symbol "tmpobjid")
d:\UG\gamemodes\maps/mape.inc(10619) : warning 240: assigned value is never use
d (symbol "tmpobjid")
d:\UG\gamemodes\maps/mape.inc(10620) : warning 240: assigned value is never use
d (symbol "tmpobjid")
d:\UG\gamemodes\maps/mape.inc(10621) : warning 240: assigned value is never use
d (symbol "tmpobjid")
d:\UG\gamemodes\maps/mape.inc(10622) : warning 240: assigned value is never use
d (symbol "tmpobjid")
d:\UG\gamemodes\maps/mape.inc(10623) : warning 240: assigned value is never use
d (symbol "tmpobjid")
d:\UG\gamemodes\maps/mape.inc(10624) : warning 240: assigned value is never use
d (symbol "tmpobjid")
d:\UG\gamemodes\maps/mape.inc(10625) : warning 240: assigned value is never use
d (symbol "tmpobjid")
d:\UG\gamemodes\maps/mape.inc(10626) : warning 240: assigned value is never use
d (symbol "tmpobjid")
d:\UG\gamemodes\maps/mape.inc(10627) : warning 240: assigned value is never use
d (symbol "tmpobjid")
d:\UG\gamemodes\maps/mape.inc(10628) : warning 240: assigned value is never use
d (symbol "tmpobjid")
d:\UG\gamemodes\maps/mape.inc(10629) : warning 240: assigned value is never use
d (symbol "tmpobjid")
d:\UG\gamemodes\maps/mape.inc(10630) : warning 240: assigned value is never use
d (symbol "tmpobjid")
d:\UG\gamemodes\maps/mape.inc(10631) : warning 240: assigned value is never use
d (symbol "tmpobjid")
d:\UG\gamemodes\maps/mape.inc(10632) : warning 240: assigned value is never use
d (symbol "tmpobjid")
d:\UG\gamemodes\maps/mape.inc(10633) : warning 240: assigned value is never use
d (symbol "tmpobjid")
d:\UG\gamemodes\maps/mape.inc(10634) : warning 240: assigned value is never use
d (symbol "tmpobjid")
d:\UG\gamemodes\maps/mape.inc(10635) : warning 240: assigned value is never use
d (symbol "tmpobjid")
d:\UG\gamemodes\maps/mape.inc(10636) : warning 240: assigned value is never use
d (symbol "tmpobjid")
d:\UG\gamemodes\maps/mape.inc(10637) : warning 240: assigned value is never use
d (symbol "tmpobjid")
d:\UG\gamemodes\maps/mape.inc(10638) : warning 240: assigned value is never use
d (symbol "tmpobjid")
d:\UG\gamemodes\maps/mape.inc(10639) : warning 240: assigned value is never use
d (symbol "tmpobjid")
d:\UG\gamemodes\maps/mape.inc(10640) : warning 240: assigned value is never use
d (symbol "tmpobjid")
d:\UG\gamemodes\maps/mape.inc(10641) : warning 240: assigned value is never use
d (symbol "tmpobjid")
d:\UG\gamemodes\maps/mape.inc(10642) : warning 240: assigned value is never use
d (symbol "tmpobjid")
d:\UG\gamemodes\maps/mape.inc(10643) : warning 240: assigned value is never use
d (symbol "tmpobjid")
d:\UG\gamemodes\maps/mape.inc(10644) : warning 240: assigned value is never use
d (symbol "tmpobjid")
d:\UG\gamemodes\maps/mape.inc(10645) : warning 240: assigned value is never use
d (symbol "tmpobjid")
d:\UG\gamemodes\maps/mape.inc(10646) : warning 240: assigned value is never use
d (symbol "tmpobjid")
d:\UG\gamemodes\maps/mape.inc(10647) : warning 240: assigned value is never use
d (symbol "tmpobjid")
d:\UG\gamemodes\maps/mape.inc(10648) : warning 240: assigned value is never use
d (symbol "tmpobjid")
d:\UG\gamemodes\maps/mape.inc(10649) : warning 240: assigned value is never use
d (symbol "tmpobjid")
d:\UG\gamemodes\maps/mape.inc(10650) : warning 240: assigned value is never use
d (symbol "tmpobjid")
d:\UG\gamemodes\maps/mape.inc(10651) : warning 240: assigned value is never use
d (symbol "tmpobjid")
d:\UG\gamemodes\maps/mape.inc(10652) : warning 240: assigned value is never use
d (symbol "tmpobjid")
d:\UG\gamemodes\maps/mape.inc(10653) : warning 240: assigned value is never use
d (symbol "tmpobjid")
d:\UG\gamemodes\maps/mape.inc(10654) : warning 240: assigned value is never use
d (symbol "tmpobjid")
d:\UG\gamemodes\maps/mape.inc(10655) : warning 240: assigned value is never use
d (symbol "tmpobjid")
d:\UG\gamemodes\maps/mape.inc(10656) : warning 240: assigned value is never use
d (symbol "tmpobjid")
d:\UG\gamemodes\maps/mape.inc(10657) : warning 240: assigned value is never use
d (symbol "tmpobjid")
d:\UG\gamemodes\maps/mape.inc(10658) : warning 240: assigned value is never use
d (symbol "tmpobjid")
d:\UG\gamemodes\maps/mape.inc(10659) : warning 240: assigned value is never use
d (symbol "tmpobjid")
d:\UG\gamemodes\maps/mape.inc(10660) : warning 240: assigned value is never use
d (symbol "tmpobjid")
d:\UG\gamemodes\maps/mape.inc(10661) : warning 240: assigned value is never use
d (symbol "tmpobjid")
d:\UG\gamemodes\maps/mape.inc(10662) : warning 240: assigned value is never use
d (symbol "tmpobjid")
d:\UG\gamemodes\maps/mape.inc(10663) : warning 240: assigned value is never use
d (symbol "tmpobjid")
d:\UG\gamemodes\maps/mape.inc(10664) : warning 240: assigned value is never use
d (symbol "tmpobjid")
d:\UG\gamemodes\maps/mape.inc(10665) : warning 240: assigned value is never use
d (symbol "tmpobjid")
d:\UG\gamemodes\maps/mape.inc(10666) : warning 240: assigned value is never use
d (symbol "tmpobjid")
d:\UG\gamemodes\maps/mape.inc(10667) : warning 240: assigned value is never use
d (symbol "tmpobjid")
d:\UG\gamemodes\maps/mape.inc(10668) : warning 240: assigned value is never use
d (symbol "tmpobjid")
d:\UG\gamemodes\maps/mape.inc(10669) : warning 240: assigned value is never use
d (symbol "tmpobjid")
d:\UG\gamemodes\maps/mape.inc(10670) : warning 240: assigned value is never use
d (symbol "tmpobjid")
d:\UG\gamemodes\maps/mape.inc(10671) : warning 240: assigned value is never use
d (symbol "tmpobjid")
d:\UG\gamemodes\maps/mape.inc(10672) : warning 240: assigned value is never use
d (symbol "tmpobjid")
d:\UG\gamemodes\maps/mape.inc(10673) : warning 240: assigned value is never use
d (symbol "tmpobjid")
d:\UG\gamemodes\maps/mape.inc(10674) : warning 240: assigned value is never use
d (symbol "tmpobjid")
d:\UG\gamemodes\maps/mape.inc(10798) : warning 240: assigned value is never use
d (symbol "vikendicaint")
d:\UG\gamemodes\maps/mape.inc(10799) : warning 240: assigned value is never use
d (symbol "vikendicaint")
d:\UG\gamemodes\maps/mape.inc(10800) : warning 240: assigned value is never use
d (symbol "vikendicaint")
d:\UG\gamemodes\maps/mape.inc(10801) : warning 240: assigned value is never use
d (symbol "vikendicaint")
d:\UG\gamemodes\maps/mape.inc(10802) : warning 240: assigned value is never use
d (symbol "vikendicaint")
d:\UG\gamemodes\maps/mape.inc(10803) : warning 240: assigned value is never use
d (symbol "vikendicaint")
d:\UG\gamemodes\maps/mape.inc(10804) : warning 240: assigned value is never use
d (symbol "vikendicaint")
d:\UG\gamemodes\maps/mape.inc(10805) : warning 240: assigned value is never use
d (symbol "vikendicaint")
d:\UG\gamemodes\maps/mape.inc(10806) : warning 240: assigned value is never use
d (symbol "vikendicaint")
d:\UG\gamemodes\maps/mape.inc(10807) : warning 240: assigned value is never use
d (symbol "vikendicaint")
d:\UG\gamemodes\maps/mape.inc(10808) : warning 240: assigned value is never use
d (symbol "vikendicaint")
d:\UG\gamemodes\maps/mape.inc(10809) : warning 240: assigned value is never use
d (symbol "vikendicaint")
d:\UG\gamemodes\maps/mape.inc(10810) : warning 240: assigned value is never use
d (symbol "vikendicaint")
d:\UG\gamemodes\maps/mape.inc(10811) : warning 240: assigned value is never use
d (symbol "vikendicaint")
d:\UG\gamemodes\maps/mape.inc(10812) : warning 240: assigned value is never use
d (symbol "vikendicaint")
d:\UG\gamemodes\maps/mape.inc(10813) : warning 240: assigned value is never use
d (symbol "vikendicaint")
d:\UG\gamemodes\maps/mape.inc(10814) : warning 240: assigned value is never use
d (symbol "vikendicaint")
d:\UG\gamemodes\maps/mape.inc(10815) : warning 240: assigned value is never use
d (symbol "vikendicaint")
d:\UG\gamemodes\maps/mape.inc(10816) : warning 240: assigned value is never use
d (symbol "vikendicaint")
d:\UG\gamemodes\maps/mape.inc(10817) : warning 240: assigned value is never use
d (symbol "vikendicaint")
d:\UG\gamemodes\maps/mape.inc(10818) : warning 240: assigned value is never use
d (symbol "vikendicaint")
d:\UG\gamemodes\maps/mape.inc(10819) : warning 240: assigned value is never use
d (symbol "vikendicaint")
d:\UG\gamemodes\maps/mape.inc(10820) : warning 240: assigned value is never use
d (symbol "vikendicaint")
d:\UG\gamemodes\maps/mape.inc(10821) : warning 240: assigned value is never use
d (symbol "vikendicaint")
d:\UG\gamemodes\maps/mape.inc(10822) : warning 240: assigned value is never use
d (symbol "vikendicaint")
d:\UG\gamemodes\maps/mape.inc(10823) : warning 240: assigned value is never use
d (symbol "vikendicaint")
d:\UG\gamemodes\maps/mape.inc(10824) : warning 240: assigned value is never use
d (symbol "vikendicaint")
d:\UG\gamemodes\maps/mape.inc(10825) : warning 240: assigned value is never use
d (symbol "vikendicaint")
d:\UG\gamemodes\maps/mape.inc(10826) : warning 240: assigned value is never use
d (symbol "vikendicaint")
d:\UG\gamemodes\maps/mape.inc(10827) : warning 240: assigned value is never use
d (symbol "vikendicaint")
d:\UG\gamemodes\maps/mape.inc(10828) : warning 240: assigned value is never use
d (symbol "vikendicaint")
d:\UG\gamemodes\maps/mape.inc(10829) : warning 240: assigned value is never use
d (symbol "vikendicaint")
d:\UG\gamemodes\maps/mape.inc(10830) : warning 240: assigned value is never use
d (symbol "vikendicaint")
d:\UG\gamemodes\maps/mape.inc(10831) : warning 240: assigned value is never use
d (symbol "vikendicaint")
d:\UG\gamemodes\maps/mape.inc(10832) : warning 240: assigned value is never use
d (symbol "vikendicaint")
d:\UG\gamemodes\maps/mape.inc(10833) : warning 240: assigned value is never use
d (symbol "vikendicaint")
d:\UG\gamemodes\maps/mape.inc(10834) : warning 240: assigned value is never use
d (symbol "vikendicaint")
d:\UG\gamemodes\maps/mape.inc(10835) : warning 240: assigned value is never use
d (symbol "vikendicaint")
d:\UG\gamemodes\maps/mape.inc(10836) : warning 240: assigned value is never use
d (symbol "vikendicaint")
d:\UG\gamemodes\maps/mape.inc(10837) : warning 240: assigned value is never use
d (symbol "vikendicaint")
d:\UG\gamemodes\maps/mape.inc(10838) : warning 240: assigned value is never use
d (symbol "vikendicaint")
d:\UG\gamemodes\maps/mape.inc(10839) : warning 240: assigned value is never use
d (symbol "vikendicaint")
d:\UG\gamemodes\maps/mape.inc(10840) : warning 240: assigned value is never use
d (symbol "vikendicaint")
d:\UG\gamemodes\maps/mape.inc(10841) : warning 240: assigned value is never use
d (symbol "vikendicaint")
d:\UG\gamemodes\maps/mape.inc(10842) : warning 240: assigned value is never use
d (symbol "vikendicaint")
d:\UG\gamemodes\maps/mape.inc(10843) : warning 240: assigned value is never use
d (symbol "vikendicaint")
d:\UG\gamemodes\maps/mape.inc(10844) : warning 240: assigned value is never use
d (symbol "vikendicaint")
d:\UG\gamemodes\maps/mape.inc(10845) : warning 240: assigned value is never use
d (symbol "vikendicaint")
d:\UG\gamemodes\maps/mape.inc(10846) : warning 240: assigned value is never use
d (symbol "vikendicaint")
d:\UG\gamemodes\maps/mape.inc(10847) : warning 240: assigned value is never use
d (symbol "vikendicaint")
d:\UG\gamemodes\maps/mape.inc(10848) : warning 240: assigned value is never use
d (symbol "vikendicaint")
d:\UG\gamemodes\maps/mape.inc(10849) : warning 240: assigned value is never use
d (symbol "vikendicaint")
d:\UG\gamemodes\maps/mape.inc(10850) : warning 240: assigned value is never use
d (symbol "vikendicaint")
d:\UG\gamemodes\maps/mape.inc(10851) : warning 240: assigned value is never use
d (symbol "vikendicaint")
d:\UG\gamemodes\maps/mape.inc(10852) : warning 240: assigned value is never use
d (symbol "vikendicaint")
d:\UG\gamemodes\maps/mape.inc(10853) : warning 240: assigned value is never use
d (symbol "vikendicaint")
d:\UG\gamemodes\maps/mape.inc(10854) : warning 240: assigned value is never use
d (symbol "vikendicaint")
d:\UG\gamemodes\maps/mape.inc(11012) : warning 240: assigned value is never use
d (symbol "mafijaint")
d:\UG\gamemodes\maps/mape.inc(11013) : warning 240: assigned value is never use
d (symbol "mafijaint")
d:\UG\gamemodes\maps/mape.inc(11014) : warning 240: assigned value is never use
d (symbol "mafijaint")
d:\UG\gamemodes\maps/mape.inc(11015) : warning 240: assigned value is never use
d (symbol "mafijaint")
d:\UG\gamemodes\maps/mape.inc(11016) : warning 240: assigned value is never use
d (symbol "mafijaint")
d:\UG\gamemodes\maps/mape.inc(11017) : warning 240: assigned value is never use
d (symbol "mafijaint")
d:\UG\gamemodes\maps/mape.inc(11018) : warning 240: assigned value is never use
d (symbol "mafijaint")
d:\UG\gamemodes\maps/mape.inc(11019) : warning 240: assigned value is never use
d (symbol "mafijaint")
d:\UG\gamemodes\maps/mape.inc(11020) : warning 240: assigned value is never use
d (symbol "mafijaint")
d:\UG\gamemodes\maps/mape.inc(11021) : warning 240: assigned value is never use
d (symbol "mafijaint")
d:\UG\gamemodes\maps/mape.inc(11022) : warning 240: assigned value is never use
d (symbol "mafijaint")
d:\UG\gamemodes\maps/mape.inc(11023) : warning 240: assigned value is never use
d (symbol "mafijaint")
d:\UG\gamemodes\maps/mape.inc(11024) : warning 240: assigned value is never use
d (symbol "mafijaint")
d:\UG\gamemodes\maps/mape.inc(11025) : warning 240: assigned value is never use
d (symbol "mafijaint")
d:\UG\gamemodes\maps/mape.inc(11026) : warning 240: assigned value is never use
d (symbol "mafijaint")
d:\UG\gamemodes\maps/mape.inc(11027) : warning 240: assigned value is never use
d (symbol "mafijaint")
d:\UG\gamemodes\maps/mape.inc(11028) : warning 240: assigned value is never use
d (symbol "mafijaint")
d:\UG\gamemodes\maps/mape.inc(11029) : warning 240: assigned value is never use
d (symbol "mafijaint")
d:\UG\gamemodes\maps/mape.inc(11030) : warning 240: assigned value is never use
d (symbol "mafijaint")
d:\UG\gamemodes\maps/mape.inc(11031) : warning 240: assigned value is never use
d (symbol "mafijaint")
d:\UG\gamemodes\maps/mape.inc(11032) : warning 240: assigned value is never use
d (symbol "mafijaint")
d:\UG\gamemodes\maps/mape.inc(11033) : warning 240: assigned value is never use
d (symbol "mafijaint")
d:\UG\gamemodes\maps/mape.inc(11034) : warning 240: assigned value is never use
d (symbol "mafijaint")
d:\UG\gamemodes\maps/mape.inc(11035) : warning 240: assigned value is never use
d (symbol "mafijaint")
d:\UG\gamemodes\maps/mape.inc(11036) : warning 240: assigned value is never use
d (symbol "mafijaint")
d:\UG\gamemodes\maps/mape.inc(11037) : warning 240: assigned value is never use
d (symbol "mafijaint")
d:\UG\gamemodes\maps/mape.inc(11038) : warning 240: assigned value is never use
d (symbol "mafijaint")
d:\UG\gamemodes\maps/mape.inc(11039) : warning 240: assigned value is never use
d (symbol "mafijaint")
d:\UG\gamemodes\maps/mape.inc(11040) : warning 240: assigned value is never use
d (symbol "mafijaint")
d:\UG\gamemodes\maps/mape.inc(11041) : warning 240: assigned value is never use
d (symbol "mafijaint")
d:\UG\gamemodes\maps/mape.inc(11042) : warning 240: assigned value is never use
d (symbol "mafijaint")
d:\UG\gamemodes\maps/mape.inc(11043) : warning 240: assigned value is never use
d (symbol "mafijaint")
d:\UG\gamemodes\maps/mape.inc(11044) : warning 240: assigned value is never use
d (symbol "mafijaint")
d:\UG\gamemodes\maps/mape.inc(11045) : warning 240: assigned value is never use
d (symbol "mafijaint")
d:\UG\gamemodes\maps/mape.inc(11046) : warning 240: assigned value is never use
d (symbol "mafijaint")
d:\UG\gamemodes\maps/mape.inc(11047) : warning 240: assigned value is never use
d (symbol "mafijaint")
d:\UG\gamemodes\maps/mape.inc(11048) : warning 240: assigned value is never use
d (symbol "mafijaint")
d:\UG\gamemodes\maps/mape.inc(11049) : warning 240: assigned value is never use
d (symbol "mafijaint")
d:\UG\gamemodes\maps/mape.inc(11050) : warning 240: assigned value is never use
d (symbol "mafijaint")
d:\UG\gamemodes\maps/mape.inc(11051) : warning 240: assigned value is never use
d (symbol "mafijaint")
d:\UG\gamemodes\maps/mape.inc(11052) : warning 240: assigned value is never use
d (symbol "mafijaint")
d:\UG\gamemodes\maps/mape.inc(11053) : warning 240: assigned value is never use
d (symbol "mafijaint")
d:\UG\gamemodes\maps/mape.inc(11054) : warning 240: assigned value is never use
d (symbol "mafijaint")
d:\UG\gamemodes\maps/mape.inc(11055) : warning 240: assigned value is never use
d (symbol "mafijaint")
d:\UG\gamemodes\maps/mape.inc(11056) : warning 240: assigned value is never use
d (symbol "mafijaint")
d:\UG\gamemodes\maps/mape.inc(11057) : warning 240: assigned value is never use
d (symbol "mafijaint")
d:\UG\gamemodes\maps/mape.inc(11058) : warning 240: assigned value is never use
d (symbol "mafijaint")
d:\UG\gamemodes\maps/mape.inc(11059) : warning 240: assigned value is never use
d (symbol "mafijaint")
d:\UG\gamemodes\maps/mape.inc(11060) : warning 240: assigned value is never use
d (symbol "mafijaint")
d:\UG\gamemodes\maps/mape.inc(11061) : warning 240: assigned value is never use
d (symbol "mafijaint")
d:\UG\gamemodes\maps/mape.inc(11062) : warning 240: assigned value is never use
d (symbol "mafijaint")
d:\UG\gamemodes\maps/mape.inc(11063) : warning 240: assigned value is never use
d (symbol "mafijaint")
d:\UG\gamemodes\maps/mape.inc(11064) : warning 240: assigned value is never use
d (symbol "mafijaint")
d:\UG\gamemodes\maps/mape.inc(11065) : warning 240: assigned value is never use
d (symbol "mafijaint")
d:\UG\gamemodes\maps/mape.inc(11066) : warning 240: assigned value is never use
d (symbol "mafijaint")
d:\UG\gamemodes\maps/mape.inc(11067) : warning 240: assigned value is never use
d (symbol "mafijaint")
d:\UG\gamemodes\maps/mape.inc(11068) : warning 240: assigned value is never use
d (symbol "mafijaint")
d:\UG\gamemodes\maps/mape.inc(11069) : warning 240: assigned value is never use
d (symbol "mafijaint")
d:\UG\gamemodes\maps/mape.inc(11070) : warning 240: assigned value is never use
d (symbol "mafijaint")
d:\UG\gamemodes\maps/mape.inc(11071) : warning 240: assigned value is never use
d (symbol "mafijaint")
d:\UG\gamemodes\maps/mape.inc(11072) : warning 240: assigned value is never use
d (symbol "mafijaint")
d:\UG\gamemodes\maps/mape.inc(11073) : warning 240: assigned value is never use
d (symbol "mafijaint")
d:\UG\gamemodes\maps/mape.inc(11074) : warning 240: assigned value is never use
d (symbol "mafijaint")
d:\UG\gamemodes\maps/mape.inc(11075) : warning 240: assigned value is never use
d (symbol "mafijaint")
d:\UG\gamemodes\maps/mape.inc(11076) : warning 240: assigned value is never use
d (symbol "mafijaint")
d:\UG\gamemodes\maps/mape.inc(11077) : warning 240: assigned value is never use
d (symbol "mafijaint")
d:\UG\gamemodes\maps/mape.inc(11078) : warning 240: assigned value is never use
d (symbol "mafijaint")
d:\UG\gamemodes\maps/mape.inc(11079) : warning 240: assigned value is never use
d (symbol "mafijaint")
d:\UG\gamemodes\maps/mape.inc(11080) : warning 240: assigned value is never use
d (symbol "mafijaint")
d:\UG\gamemodes\maps/mape.inc(11081) : warning 240: assigned value is never use
d (symbol "mafijaint")
d:\UG\gamemodes\maps/mape.inc(11082) : warning 240: assigned value is never use
d (symbol "mafijaint")
d:\UG\gamemodes\maps/mape.inc(10675) : warning 240: assigned value is never use
d (symbol "tmpobjid")
d:\UG\gamemodes\maps/mape.inc(11495) : warning 240: assigned value is never use
d (symbol "tmpobjid")
d:\UG\gamemodes\maps/mape.inc(11496) : warning 240: assigned value is never use
d (symbol "tmpobjid")
d:\UG\gamemodes\maps/mape.inc(11497) : warning 240: assigned value is never use
d (symbol "tmpobjid")
d:\UG\gamemodes\maps/mape.inc(11498) : warning 240: assigned value is never use
d (symbol "tmpobjid")
d:\UG\gamemodes\maps/mape.inc(11499) : warning 240: assigned value is never use
d (symbol "tmpobjid")
d:\UG\gamemodes\maps/mape.inc(11500) : warning 240: assigned value is never use
d (symbol "tmpobjid")
d:\UG\gamemodes\maps/mape.inc(11501) : warning 240: assigned value is never use
d (symbol "tmpobjid")
d:\UG\gamemodes\maps/mape.inc(11502) : warning 240: assigned value is never use
d (symbol "tmpobjid")
d:\UG\gamemodes\maps/mape.inc(11503) : warning 240: assigned value is never use
d (symbol "tmpobjid")
d:\UG\gamemodes\maps/mape.inc(11504) : warning 240: assigned value is never use
d (symbol "tmpobjid")
d:\UG\gamemodes\maps/mape.inc(11505) : warning 240: assigned value is never use
d (symbol "tmpobjid")
d:\UG\gamemodes\maps/mape.inc(11506) : warning 240: assigned value is never use
d (symbol "tmpobjid")
d:\UG\gamemodes\maps/mape.inc(11507) : warning 240: assigned value is never use
d (symbol "tmpobjid")
d:\UG\gamemodes\maps/mape.inc(11508) : warning 240: assigned value is never use
d (symbol "tmpobjid")
d:\UG\gamemodes\maps/mape.inc(11509) : warning 240: assigned value is never use
d (symbol "tmpobjid")
d:\UG\gamemodes\maps/mape.inc(11510) : warning 240: assigned value is never use
d (symbol "tmpobjid")
d:\UG\gamemodes\maps/mape.inc(11511) : warning 240: assigned value is never use
d (symbol "tmpobjid")
d:\UG\gamemodes\maps/mape.inc(11512) : warning 240: assigned value is never use
d (symbol "tmpobjid")
d:\UG\gamemodes\maps/mape.inc(11513) : warning 240: assigned value is never use
d (symbol "tmpobjid")
d:\UG\gamemodes\maps/mape.inc(11514) : warning 240: assigned value is never use
d (symbol "tmpobjid")
d:\UG\gamemodes\maps/mape.inc(11515) : warning 240: assigned value is never use
d (symbol "tmpobjid")
d:\UG\gamemodes\maps/mape.inc(11516) : warning 240: assigned value is never use
d (symbol "tmpobjid")
d:\UG\gamemodes\maps/mape.inc(11517) : warning 240: assigned value is never use
d (symbol "tmpobjid")
d:\UG\gamemodes\maps/mape.inc(11518) : warning 240: assigned value is never use
d (symbol "tmpobjid")
d:\UG\gamemodes\maps/mape.inc(11519) : warning 240: assigned value is never use
d (symbol "tmpobjid")
d:\UG\gamemodes\maps/mape.inc(11520) : warning 240: assigned value is never use
d (symbol "tmpobjid")
d:\UG\gamemodes\maps/mape.inc(11521) : warning 240: assigned value is never use
d (symbol "tmpobjid")
d:\UG\gamemodes\maps/mape.inc(11522) : warning 240: assigned value is never use
d (symbol "tmpobjid")
d:\UG\gamemodes\maps/mape.inc(11523) : warning 240: assigned value is never use
d (symbol "tmpobjid")
d:\UG\gamemodes\maps/mape.inc(11524) : warning 240: assigned value is never use
d (symbol "tmpobjid")
d:\UG\gamemodes\maps/mape.inc(11525) : warning 240: assigned value is never use
d (symbol "tmpobjid")
d:\UG\gamemodes\maps/mape.inc(11526) : warning 240: assigned value is never use
d (symbol "tmpobjid")
d:\UG\gamemodes\maps/mape.inc(11527) : warning 240: assigned value is never use
d (symbol "tmpobjid")
d:\UG\gamemodes\maps/mape.inc(11528) : warning 240: assigned value is never use
d (symbol "tmpobjid")
d:\UG\gamemodes\maps/mape.inc(11529) : warning 240: assigned value is never use
d (symbol "tmpobjid")
d:\UG\gamemodes\maps/mape.inc(11530) : warning 240: assigned value is never use
d (symbol "tmpobjid")
d:\UG\gamemodes\maps/mape.inc(11531) : warning 240: assigned value is never use
d (symbol "tmpobjid")
d:\UG\gamemodes\maps/mape.inc(11532) : warning 240: assigned value is never use
d (symbol "tmpobjid")
d:\UG\gamemodes\maps/mape.inc(11533) : warning 240: assigned value is never use
d (symbol "tmpobjid")
d:\UG\gamemodes\maps/mape.inc(11534) : warning 240: assigned value is never use
d (symbol "tmpobjid")
d:\UG\gamemodes\maps/mape.inc(11535) : warning 240: assigned value is never use
d (symbol "tmpobjid")
d:\UG\gamemodes\maps/mape.inc(11536) : warning 240: assigned value is never use
d (symbol "tmpobjid")
d:\UG\gamemodes\maps/mape.inc(11537) : warning 240: assigned value is never use
d (symbol "tmpobjid")
d:\UG\gamemodes\maps/mape.inc(11538) : warning 240: assigned value is never use
d (symbol "tmpobjid")
d:\UG\gamemodes\maps/mape.inc(11539) : warning 240: assigned value is never use
d (symbol "tmpobjid")
d:\UG\gamemodes\maps/mape.inc(11540) : warning 240: assigned value is never use
d (symbol "tmpobjid")
d:\UG\gamemodes\maps/mape.inc(11541) : warning 240: assigned value is never use
d (symbol "tmpobjid")
d:\UG\gamemodes\maps/mape.inc(11542) : warning 240: assigned value is never use
d (symbol "tmpobjid")
d:\UG\gamemodes\maps/mape.inc(11543) : warning 240: assigned value is never use
d (symbol "tmpobjid")
d:\UG\gamemodes\maps/mape.inc(11544) : warning 240: assigned value is never use
d (symbol "tmpobjid")
d:\UG\gamemodes\maps/mape.inc(11545) : warning 240: assigned value is never use
d (symbol "tmpobjid")
d:\UG\gamemodes\maps/mape.inc(11546) : warning 240: assigned value is never use
d (symbol "tmpobjid")
d:\UG\gamemodes\maps/mape.inc(11547) : warning 240: assigned value is never use
d (symbol "tmpobjid")
d:\UG\gamemodes\maps/mape.inc(11548) : warning 240: assigned value is never use
d (symbol "tmpobjid")
d:\UG\gamemodes\maps/mape.inc(11549) : warning 240: assigned value is never use
d (symbol "tmpobjid")
d:\UG\gamemodes\maps/mape.inc(11550) : warning 240: assigned value is never use
d (symbol "tmpobjid")
d:\UG\gamemodes\maps/mape.inc(11551) : warning 240: assigned value is never use
d (symbol "tmpobjid")
d:\UG\gamemodes\maps/mape.inc(11552) : warning 240: assigned value is never use
d (symbol "tmpobjid")
d:\UG\gamemodes\maps/mape.inc(11553) : warning 240: assigned value is never use
d (symbol "tmpobjid")
d:\UG\gamemodes\maps/mape.inc(11554) : warning 240: assigned value is never use
d (symbol "tmpobjid")
d:\UG\gamemodes\maps/mape.inc(11555) : warning 240: assigned value is never use
d (symbol "tmpobjid")
d:\UG\gamemodes\maps/mape.inc(11556) : warning 240: assigned value is never use
d (symbol "tmpobjid")
d:\UG\gamemodes\maps/mape.inc(11557) : warning 240: assigned value is never use
d (symbol "tmpobjid")
d:\UG\gamemodes\maps/mape.inc(11558) : warning 240: assigned value is never use
d (symbol "tmpobjid")
d:\UG\gamemodes\maps/mape.inc(11559) : warning 240: assigned value is never use
d (symbol "tmpobjid")
d:\UG\gamemodes\maps/mape.inc(11560) : warning 240: assigned value is never use
d (symbol "tmpobjid")
d:\UG\gamemodes\maps/mape.inc(11561) : warning 240: assigned value is never use
d (symbol "tmpobjid")
d:\UG\gamemodes\maps/mape.inc(11562) : warning 240: assigned value is never use
d (symbol "tmpobjid")
d:\UG\gamemodes\maps/mape.inc(11563) : warning 240: assigned value is never use
d (symbol "tmpobjid")
d:\UG\gamemodes\maps/mape.inc(11564) : warning 240: assigned value is never use
d (symbol "tmpobjid")
d:\UG\gamemodes\maps/mape.inc(11565) : warning 240: assigned value is never use
d (symbol "tmpobjid")
d:\UG\gamemodes\maps/mape.inc(11566) : warning 240: assigned value is never use
d (symbol "tmpobjid")
d:\UG\gamemodes\maps/mape.inc(11567) : warning 240: assigned value is never use
d (symbol "tmpobjid")
d:\UG\gamemodes\maps/mape.inc(11568) : warning 240: assigned value is never use
d (symbol "tmpobjid")
d:\UG\gamemodes\maps/mape.inc(11569) : warning 240: assigned value is never use
d (symbol "tmpobjid")
d:\UG\gamemodes\maps/mape.inc(11570) : warning 240: assigned value is never use
d (symbol "tmpobjid")
d:\UG\gamemodes\maps/mape.inc(11571) : warning 240: assigned value is never use
d (symbol "tmpobjid")
d:\UG\gamemodes\maps/mape.inc(11572) : warning 240: assigned value is never use
d (symbol "tmpobjid")
d:\UG\gamemodes\maps/mape.inc(11573) : warning 240: assigned value is never use
d (symbol "tmpobjid")
d:\UG\gamemodes\maps/mape.inc(11574) : warning 240: assigned value is never use
d (symbol "tmpobjid")
d:\UG\gamemodes\maps/mape.inc(11575) : warning 240: assigned value is never use
d (symbol "tmpobjid")
d:\UG\gamemodes\maps/mape.inc(11576) : warning 240: assigned value is never use
d (symbol "tmpobjid")
d:\UG\gamemodes\maps/mape.inc(11577) : warning 240: assigned value is never use
d (symbol "tmpobjid")
d:\UG\gamemodes\maps/mape.inc(11578) : warning 240: assigned value is never use
d (symbol "tmpobjid")
d:\UG\gamemodes\maps/mape.inc(11579) : warning 240: assigned value is never use
d (symbol "tmpobjid")
d:\UG\gamemodes\maps/mape.inc(11580) : warning 240: assigned value is never use
d (symbol "tmpobjid")
d:\UG\gamemodes\maps/mape.inc(11581) : warning 240: assigned value is never use
d (symbol "tmpobjid")
d:\UG\gamemodes\maps/mape.inc(11582) : warning 240: assigned value is never use
d (symbol "tmpobjid")
d:\UG\gamemodes\maps/mape.inc(11583) : warning 240: assigned value is never use
d (symbol "tmpobjid")
d:\UG\gamemodes\maps/mape.inc(11584) : warning 240: assigned value is never use
d (symbol "tmpobjid")
d:\UG\gamemodes\maps/mape.inc(11585) : warning 240: assigned value is never use
d (symbol "tmpobjid")
d:\UG\gamemodes\maps/mape.inc(11586) : warning 240: assigned value is never use
d (symbol "tmpobjid")
d:\UG\gamemodes\maps/mape.inc(11587) : warning 240: assigned value is never use
d (symbol "tmpobjid")
d:\UG\gamemodes\maps/mape.inc(11588) : warning 240: assigned value is never use
d (symbol "tmpobjid")
d:\UG\gamemodes\maps/mape.inc(11589) : warning 240: assigned value is never use
d (symbol "tmpobjid")
d:\UG\gamemodes\maps/mape.inc(11590) : warning 240: assigned value is never use
d (symbol "tmpobjid")
d:\UG\gamemodes\maps/mape.inc(11591) : warning 240: assigned value is never use
d (symbol "tmpobjid")
d:\UG\gamemodes\maps/mape.inc(11592) : warning 240: assigned value is never use
d (symbol "tmpobjid")
d:\UG\gamemodes\maps/mape.inc(11593) : warning 240: assigned value is never use
d (symbol "tmpobjid")
d:\UG\gamemodes\maps/mape.inc(11594) : warning 240: assigned value is never use
d (symbol "tmpobjid")
d:\UG\gamemodes\maps/mape.inc(11595) : warning 240: assigned value is never use
d (symbol "tmpobjid")
d:\UG\gamemodes\maps/mape.inc(11596) : warning 240: assigned value is never use
d (symbol "tmpobjid")
d:\UG\gamemodes\maps/mape.inc(11597) : warning 240: assigned value is never use
d (symbol "tmpobjid")
d:\UG\gamemodes\maps/mape.inc(11598) : warning 240: assigned value is never use
d (symbol "tmpobjid")
d:\UG\gamemodes\maps/mape.inc(11599) : warning 240: assigned value is never use
d (symbol "tmpobjid")
d:\UG\gamemodes\maps/mape.inc(11600) : warning 240: assigned value is never use
d (symbol "tmpobjid")
d:\UG\gamemodes\maps/mape.inc(11601) : warning 240: assigned value is never use
d (symbol "tmpobjid")
d:\UG\gamemodes\maps/mape.inc(11602) : warning 240: assigned value is never use
d (symbol "tmpobjid")
d:\UG\gamemodes\maps/mape.inc(11603) : warning 240: assigned value is never use
d (symbol "tmpobjid")
d:\UG\gamemodes\maps/mape.inc(11604) : warning 240: assigned value is never use
d (symbol "tmpobjid")
d:\UG\gamemodes\maps/mape.inc(11605) : warning 240: assigned value is never use
d (symbol "tmpobjid")
d:\UG\gamemodes\maps/mape.inc(11606) : warning 240: assigned value is never use
d (symbol "tmpobjid")
d:\UG\gamemodes\maps/mape.inc(11607) : warning 240: assigned value is never use
d (symbol "tmpobjid")
d:\UG\gamemodes\maps/mape.inc(11608) : warning 240: assigned value is never use
d (symbol "tmpobjid")
d:\UG\gamemodes\maps/mape.inc(11609) : warning 240: assigned value is never use
d (symbol "tmpobjid")
d:\UG\gamemodes\maps/mape.inc(11610) : warning 240: assigned value is never use
d (symbol "tmpobjid")
d:\UG\gamemodes\maps/mape.inc(11611) : warning 240: assigned value is never use
d (symbol "tmpobjid")
d:\UG\gamemodes\maps/mape.inc(11612) : warning 240: assigned value is never use
d (symbol "tmpobjid")
d:\UG\gamemodes\maps/mape.inc(11613) : warning 240: assigned value is never use
d (symbol "tmpobjid")
d:\UG\gamemodes\maps/mape.inc(11614) : warning 240: assigned value is never use
d (symbol "tmpobjid")
d:\UG\gamemodes\maps/mape.inc(11615) : warning 240: assigned value is never use
d (symbol "tmpobjid")
d:\UG\gamemodes\maps/mape.inc(11616) : warning 240: assigned value is never use
d (symbol "tmpobjid")
d:\UG\gamemodes\maps/mape.inc(11617) : warning 240: assigned value is never use
d (symbol "tmpobjid")
d:\UG\gamemodes\maps/mape.inc(11618) : warning 240: assigned value is never use
d (symbol "tmpobjid")
d:\UG\gamemodes\maps/mape.inc(11619) : warning 240: assigned value is never use
d (symbol "tmpobjid")
d:\UG\gamemodes\maps/mape.inc(11620) : warning 240: assigned value is never use
d (symbol "tmpobjid")
d:\UG\gamemodes\maps/mape.inc(11621) : warning 240: assigned value is never use
d (symbol "tmpobjid")
d:\UG\gamemodes\maps/mape.inc(11622) : warning 240: assigned value is never use
d (symbol "tmpobjid")
d:\UG\gamemodes\maps/mape.inc(11623) : warning 240: assigned value is never use
d (symbol "tmpobjid")
d:\UG\gamemodes\maps/mape.inc(11624) : warning 240: assigned value is never use
d (symbol "tmpobjid")
d:\UG\gamemodes\maps/mape.inc(11625) : warning 240: assigned value is never use
d (symbol "tmpobjid")
d:\UG\gamemodes\maps/mape.inc(11626) : warning 240: assigned value is never use
d (symbol "tmpobjid")
d:\UG\gamemodes\maps/mape.inc(11627) : warning 240: assigned value is never use
d (symbol "tmpobjid")
d:\UG\gamemodes\maps/mape.inc(11628) : warning 240: assigned value is never use
d (symbol "tmpobjid")
d:\UG\gamemodes\maps/mape.inc(11629) : warning 240: assigned value is never use
d (symbol "tmpobjid")
d:\UG\gamemodes\maps/mape.inc(11630) : warning 240: assigned value is never use
d (symbol "tmpobjid")
d:\UG\gamemodes\maps/mape.inc(11631) : warning 240: assigned value is never use
d (symbol "tmpobjid")
d:\UG\gamemodes\maps/mape.inc(11632) : warning 240: assigned value is never use
d (symbol "tmpobjid")
d:\UG\gamemodes\maps/mape.inc(11633) : warning 240: assigned value is never use
d (symbol "tmpobjid")
d:\UG\gamemodes\maps/mape.inc(11634) : warning 240: assigned value is never use
d (symbol "tmpobjid")
d:\UG\gamemodes\maps/mape.inc(11635) : warning 240: assigned value is never use
d (symbol "tmpobjid")
d:\UG\gamemodes\maps/mape.inc(11636) : warning 240: assigned value is never use
d (symbol "tmpobjid")
d:\UG\gamemodes\maps/mape.inc(11637) : warning 240: assigned value is never use
d (symbol "tmpobjid")
d:\UG\gamemodes\maps/mape.inc(11638) : warning 240: assigned value is never use
d (symbol "tmpobjid")
d:\UG\gamemodes\maps/mape.inc(11639) : warning 240: assigned value is never use
d (symbol "tmpobjid")
d:\UG\gamemodes\maps/mape.inc(11640) : warning 240: assigned value is never use
d (symbol "tmpobjid")
d:\UG\gamemodes\maps/mape.inc(11641) : warning 240: assigned value is never use
d (symbol "tmpobjid")
d:\UG\gamemodes\maps/mape.inc(11642) : warning 240: assigned value is never use
d (symbol "tmpobjid")
d:\UG\gamemodes\maps/mape.inc(11643) : warning 240: assigned value is never use
d (symbol "tmpobjid")
d:\UG\gamemodes\maps/mape.inc(11644) : warning 240: assigned value is never use
d (symbol "tmpobjid")
d:\UG\gamemodes\maps/mape.inc(11645) : warning 240: assigned value is never use
d (symbol "tmpobjid")
d:\UG\gamemodes\maps/mape.inc(11646) : warning 240: assigned value is never use
d (symbol "tmpobjid")
d:\UG\gamemodes\maps/mape.inc(11647) : warning 240: assigned value is never use
d (symbol "tmpobjid")
d:\UG\gamemodes\maps/mape.inc(11648) : warning 240: assigned value is never use
d (symbol "tmpobjid")
d:\UG\gamemodes\maps/mape.inc(11649) : warning 240: assigned value is never use
d (symbol "tmpobjid")
d:\UG\gamemodes\maps/mape.inc(11650) : warning 240: assigned value is never use
d (symbol "tmpobjid")
d:\UG\gamemodes\maps/mape.inc(11651) : warning 240: assigned value is never use
d (symbol "tmpobjid")
d:\UG\gamemodes\maps/mape.inc(11652) : warning 240: assigned value is never use
d (symbol "tmpobjid")
d:\UG\gamemodes\maps/mape.inc(11653) : warning 240: assigned value is never use
d (symbol "tmpobjid")
d:\UG\gamemodes\maps/mape.inc(11654) : warning 240: assigned value is never use
d (symbol "tmpobjid")
d:\UG\gamemodes\maps/mape.inc(11655) : warning 240: assigned value is never use
d (symbol "tmpobjid")
d:\UG\gamemodes\maps/mape.inc(11656) : warning 240: assigned value is never use
d (symbol "tmpobjid")
d:\UG\gamemodes\maps/mape.inc(11657) : warning 240: assigned value is never use
d (symbol "tmpobjid")
d:\UG\gamemodes\maps/mape.inc(11658) : warning 240: assigned value is never use
d (symbol "tmpobjid")
d:\UG\gamemodes\maps/mape.inc(11659) : warning 240: assigned value is never use
d (symbol "tmpobjid")
d:\UG\gamemodes\maps/mape.inc(11660) : warning 240: assigned value is never use
d (symbol "tmpobjid")
d:\UG\gamemodes\maps/mape.inc(11661) : warning 240: assigned value is never use
d (symbol "tmpobjid")
d:\UG\gamemodes\maps/mape.inc(11662) : warning 240: assigned value is never use
d (symbol "tmpobjid")
d:\UG\gamemodes\maps/mape.inc(11663) : warning 240: assigned value is never use
d (symbol "tmpobjid")
d:\UG\gamemodes\maps/mape.inc(11664) : warning 240: assigned value is never use
d (symbol "tmpobjid")
d:\UG\gamemodes\maps/mape.inc(11665) : warning 240: assigned value is never use
d (symbol "tmpobjid")
d:\UG\gamemodes\maps/mape.inc(11666) : warning 240: assigned value is never use
d (symbol "tmpobjid")
d:\UG\gamemodes\maps/mape.inc(11667) : warning 240: assigned value is never use
d (symbol "tmpobjid")
d:\UG\gamemodes\maps/mape.inc(11668) : warning 240: assigned value is never use
d (symbol "tmpobjid")
d:\UG\gamemodes\maps/mape.inc(11669) : warning 240: assigned value is never use
d (symbol "tmpobjid")
d:\UG\gamemodes\maps/mape.inc(11670) : warning 240: assigned value is never use
d (symbol "tmpobjid")
d:\UG\gamemodes\maps/mape.inc(11671) : warning 240: assigned value is never use
d (symbol "tmpobjid")
d:\UG\gamemodes\maps/mape.inc(11672) : warning 240: assigned value is never use
d (symbol "tmpobjid")
d:\UG\gamemodes\maps/mape.inc(11673) : warning 240: assigned value is never use
d (symbol "tmpobjid")
d:\UG\gamemodes\maps/mape.inc(11674) : warning 240: assigned value is never use
d (symbol "tmpobjid")
d:\UG\gamemodes\maps/mape.inc(11675) : warning 240: assigned value is never use
d (symbol "tmpobjid")
d:\UG\gamemodes\maps/mape.inc(11676) : warning 240: assigned value is never use
d (symbol "tmpobjid")
d:\UG\gamemodes\maps/mape.inc(11677) : warning 240: assigned value is never use
d (symbol "tmpobjid")
d:\UG\gamemodes\maps/mape.inc(11678) : warning 240: assigned value is never use
d (symbol "tmpobjid")
d:\UG\gamemodes\maps/mape.inc(11679) : warning 240: assigned value is never use
d (symbol "tmpobjid")
d:\UG\gamemodes\maps/mape.inc(11680) : warning 240: assigned value is never use
d (symbol "tmpobjid")
d:\UG\gamemodes\maps/mape.inc(11681) : warning 240: assigned value is never use
d (symbol "tmpobjid")
d:\UG\gamemodes\maps/mape.inc(11682) : warning 240: assigned value is never use
d (symbol "tmpobjid")
d:\UG\gamemodes\maps/mape.inc(11683) : warning 240: assigned value is never use
d (symbol "tmpobjid")
d:\UG\gamemodes\maps/mape.inc(11684) : warning 240: assigned value is never use
d (symbol "tmpobjid")
d:\UG\gamemodes\maps/mape.inc(11685) : warning 240: assigned value is never use
d (symbol "tmpobjid")
d:\UG\gamemodes\maps/mape.inc(11686) : warning 240: assigned value is never use
d (symbol "tmpobjid")
d:\UG\gamemodes\maps/mape.inc(11687) : warning 240: assigned value is never use
d (symbol "tmpobjid")
d:\UG\gamemodes\maps/mape.inc(11688) : warning 240: assigned value is never use
d (symbol "tmpobjid")
d:\UG\gamemodes\maps/mape.inc(11689) : warning 240: assigned value is never use
d (symbol "tmpobjid")
d:\UG\gamemodes\maps/mape.inc(11690) : warning 240: assigned value is never use
d (symbol "tmpobjid")
d:\UG\gamemodes\maps/mape.inc(11691) : warning 240: assigned value is never use
d (symbol "tmpobjid")
d:\UG\gamemodes\maps/mape.inc(11692) : warning 240: assigned value is never use
d (symbol "tmpobjid")
d:\UG\gamemodes\maps/mape.inc(11693) : warning 240: assigned value is never use
d (symbol "tmpobjid")
d:\UG\gamemodes\maps/mape.inc(11694) : warning 240: assigned value is never use
d (symbol "tmpobjid")
d:\UG\gamemodes\maps/mape.inc(11695) : warning 240: assigned value is never use
d (symbol "tmpobjid")
d:\UG\gamemodes\maps/mape.inc(11696) : warning 240: assigned value is never use
d (symbol "tmpobjid")
d:\UG\gamemodes\maps/mape.inc(11697) : warning 240: assigned value is never use
d (symbol "tmpobjid")
d:\UG\gamemodes\maps/mape.inc(11698) : warning 240: assigned value is never use
d (symbol "tmpobjid")
d:\UG\gamemodes\maps/mape.inc(11699) : warning 240: assigned value is never use
d (symbol "tmpobjid")
d:\UG\gamemodes\maps/mape.inc(11700) : warning 240: assigned value is never use
d (symbol "tmpobjid")
d:\UG\gamemodes\maps/mape.inc(11701) : warning 240: assigned value is never use
d (symbol "tmpobjid")
d:\UG\gamemodes\maps/mape.inc(11702) : warning 240: assigned value is never use
d (symbol "tmpobjid")
d:\UG\gamemodes\maps/mape.inc(11703) : warning 240: assigned value is never use
d (symbol "tmpobjid")
d:\UG\gamemodes\maps/mape.inc(11704) : warning 240: assigned value is never use
d (symbol "tmpobjid")
d:\UG\gamemodes\maps/mape.inc(11705) : warning 240: assigned value is never use
d (symbol "tmpobjid")
d:\UG\gamemodes\maps/mape.inc(11706) : warning 240: assigned value is never use
d (symbol "tmpobjid")
d:\UG\gamemodes\maps/mape.inc(11707) : warning 240: assigned value is never use
d (symbol "tmpobjid")
d:\UG\gamemodes\maps/mape.inc(11708) : warning 240: assigned value is never use
d (symbol "tmpobjid")
d:\UG\gamemodes\maps/mape.inc(11709) : warning 240: assigned value is never use
d (symbol "tmpobjid")
d:\UG\gamemodes\maps/mape.inc(11710) : warning 240: assigned value is never use
d (symbol "tmpobjid")
d:\UG\gamemodes\maps/mape.inc(11711) : warning 240: assigned value is never use
d (symbol "tmpobjid")
d:\UG\gamemodes\maps/mape.inc(11712) : warning 240: assigned value is never use
d (symbol "tmpobjid")
d:\UG\gamemodes\maps/mape.inc(11713) : warning 240: assigned value is never use
d (symbol "tmpobjid")
d:\UG\gamemodes\maps/mape.inc(11714) : warning 240: assigned value is never use
d (symbol "tmpobjid")
d:\UG\gamemodes\maps/mape.inc(11715) : warning 240: assigned value is never use
d (symbol "tmpobjid")
d:\UG\gamemodes\maps/mape.inc(11716) : warning 240: assigned value is never use
d (symbol "tmpobjid")
d:\UG\gamemodes\maps/mape.inc(11717) : warning 240: assigned value is never use
d (symbol "tmpobjid")
d:\UG\gamemodes\maps/mape.inc(11718) : warning 240: assigned value is never use
d (symbol "tmpobjid")
d:\UG\gamemodes\maps/mape.inc(11719) : warning 240: assigned value is never use
d (symbol "tmpobjid")
d:\UG\gamemodes\maps/mape.inc(11720) : warning 240: assigned value is never use
d (symbol "tmpobjid")
d:\UG\gamemodes\maps/mape.inc(11721) : warning 240: assigned value is never use
d (symbol "tmpobjid")
d:\UG\gamemodes\maps/mape.inc(11722) : warning 240: assigned value is never use
d (symbol "tmpobjid")
d:\UG\gamemodes\maps/mape.inc(11723) : warning 240: assigned value is never use
d (symbol "tmpobjid")
d:\UG\gamemodes\maps/mape.inc(11724) : warning 240: assigned value is never use
d (symbol "tmpobjid")
d:\UG\gamemodes\maps/mape.inc(11725) : warning 240: assigned value is never use
d (symbol "tmpobjid")
d:\UG\gamemodes\maps/mape.inc(11726) : warning 240: assigned value is never use
d (symbol "tmpobjid")
d:\UG\gamemodes\maps/mape.inc(11727) : warning 240: assigned value is never use
d (symbol "tmpobjid")
d:\UG\gamemodes\maps/mape.inc(11728) : warning 240: assigned value is never use
d (symbol "tmpobjid")
d:\UG\gamemodes\maps/mape.inc(11729) : warning 240: assigned value is never use
d (symbol "tmpobjid")
d:\UG\gamemodes\maps/mape.inc(11730) : warning 240: assigned value is never use
d (symbol "tmpobjid")
d:\UG\gamemodes\maps/mape.inc(11731) : warning 240: assigned value is never use
d (symbol "tmpobjid")
d:\UG\gamemodes\maps/mape.inc(11732) : warning 240: assigned value is never use
d (symbol "tmpobjid")
d:\UG\gamemodes\maps/mape.inc(11733) : warning 240: assigned value is never use
d (symbol "tmpobjid")
d:\UG\gamemodes\maps/mape.inc(11734) : warning 240: assigned value is never use
d (symbol "tmpobjid")
d:\UG\gamemodes\maps/mape.inc(11735) : warning 240: assigned value is never use
d (symbol "tmpobjid")
d:\UG\gamemodes\maps/mape.inc(11736) : warning 240: assigned value is never use
d (symbol "tmpobjid")
d:\UG\gamemodes\maps/mape.inc(11737) : warning 240: assigned value is never use
d (symbol "tmpobjid")
d:\UG\gamemodes\maps/mape.inc(11738) : warning 240: assigned value is never use
d (symbol "tmpobjid")
d:\UG\gamemodes\maps/mape.inc(11845) : warning 240: assigned value is never use
d (symbol "meridianint")
d:\UG\gamemodes\maps/mape.inc(11846) : warning 240: assigned value is never use
d (symbol "meridianint")
d:\UG\gamemodes\maps/mape.inc(11847) : warning 240: assigned value is never use
d (symbol "meridianint")
d:\UG\gamemodes\maps/mape.inc(11848) : warning 240: assigned value is never use
d (symbol "meridianint")
d:\UG\gamemodes\maps/mape.inc(11849) : warning 240: assigned value is never use
d (symbol "meridianint")
d:\UG\gamemodes\maps/mape.inc(11850) : warning 240: assigned value is never use
d (symbol "meridianint")
d:\UG\gamemodes\maps/mape.inc(11851) : warning 240: assigned value is never use
d (symbol "meridianint")
d:\UG\gamemodes\maps/mape.inc(11852) : warning 240: assigned value is never use
d (symbol "meridianint")
d:\UG\gamemodes\maps/mape.inc(11853) : warning 240: assigned value is never use
d (symbol "meridianint")
d:\UG\gamemodes\maps/mape.inc(11854) : warning 240: assigned value is never use
d (symbol "meridianint")
d:\UG\gamemodes\maps/mape.inc(11855) : warning 240: assigned value is never use
d (symbol "meridianint")
d:\UG\gamemodes\maps/mape.inc(11856) : warning 240: assigned value is never use
d (symbol "meridianint")
d:\UG\gamemodes\maps/mape.inc(11857) : warning 240: assigned value is never use
d (symbol "meridianint")
d:\UG\gamemodes\maps/mape.inc(11858) : warning 240: assigned value is never use
d (symbol "meridianint")
d:\UG\gamemodes\maps/mape.inc(11859) : warning 240: assigned value is never use
d (symbol "meridianint")
d:\UG\gamemodes\maps/mape.inc(11860) : warning 240: assigned value is never use
d (symbol "meridianint")
d:\UG\gamemodes\maps/mape.inc(11861) : warning 240: assigned value is never use
d (symbol "meridianint")
d:\UG\gamemodes\maps/mape.inc(11862) : warning 240: assigned value is never use
d (symbol "meridianint")
d:\UG\gamemodes\maps/mape.inc(11863) : warning 240: assigned value is never use
d (symbol "meridianint")
d:\UG\gamemodes\maps/mape.inc(11864) : warning 240: assigned value is never use
d (symbol "meridianint")
d:\UG\gamemodes\maps/mape.inc(11865) : warning 240: assigned value is never use
d (symbol "meridianint")
d:\UG\gamemodes\maps/mape.inc(11866) : warning 240: assigned value is never use
d (symbol "meridianint")
d:\UG\gamemodes\maps/mape.inc(11867) : warning 240: assigned value is never use
d (symbol "meridianint")
d:\UG\gamemodes\maps/mape.inc(11868) : warning 240: assigned value is never use
d (symbol "meridianint")
d:\UG\gamemodes\maps/mape.inc(11869) : warning 240: assigned value is never use
d (symbol "meridianint")
d:\UG\gamemodes\maps/mape.inc(11870) : warning 240: assigned value is never use
d (symbol "meridianint")
d:\UG\gamemodes\maps/mape.inc(11871) : warning 240: assigned value is never use
d (symbol "meridianint")
d:\UG\gamemodes\maps/mape.inc(11872) : warning 240: assigned value is never use
d (symbol "meridianint")
d:\UG\gamemodes\maps/mape.inc(11873) : warning 240: assigned value is never use
d (symbol "meridianint")
d:\UG\gamemodes\maps/mape.inc(11874) : warning 240: assigned value is never use
d (symbol "meridianint")
d:\UG\gamemodes\maps/mape.inc(11875) : warning 240: assigned value is never use
d (symbol "meridianint")
d:\UG\gamemodes\maps/mape.inc(11876) : warning 240: assigned value is never use
d (symbol "meridianint")
d:\UG\gamemodes\maps/mape.inc(11877) : warning 240: assigned value is never use
d (symbol "meridianint")
d:\UG\gamemodes\maps/mape.inc(11878) : warning 240: assigned value is never use
d (symbol "meridianint")
d:\UG\gamemodes\maps/mape.inc(11739) : warning 240: assigned value is never use
d (symbol "tmpobjid")
d:\UG\gamemodes\maps/mape.inc(12031) : warning 240: assigned value is never use
d (symbol "tmpobjid")
d:\UG\gamemodes\maps/mape.inc(12032) : warning 240: assigned value is never use
d (symbol "tmpobjid")
d:\UG\gamemodes\maps/mape.inc(12033) : warning 240: assigned value is never use
d (symbol "tmpobjid")
d:\UG\gamemodes\maps/mape.inc(12034) : warning 240: assigned value is never use
d (symbol "tmpobjid")
d:\UG\gamemodes\maps/mape.inc(12035) : warning 240: assigned value is never use
d (symbol "tmpobjid")
d:\UG\gamemodes\maps/mape.inc(12036) : warning 240: assigned value is never use
d (symbol "tmpobjid")
d:\UG\gamemodes\maps/mape.inc(12037) : warning 240: assigned value is never use
d (symbol "tmpobjid")
d:\UG\gamemodes\maps/mape.inc(12038) : warning 240: assigned value is never use
d (symbol "tmpobjid")
d:\UG\gamemodes\maps/mape.inc(12039) : warning 240: assigned value is never use
d (symbol "tmpobjid")
d:\UG\gamemodes\maps/mape.inc(12040) : warning 240: assigned value is never use
d (symbol "tmpobjid")
d:\UG\gamemodes\maps/mape.inc(12041) : warning 240: assigned value is never use
d (symbol "tmpobjid")
d:\UG\gamemodes\maps/mape.inc(12042) : warning 240: assigned value is never use
d (symbol "tmpobjid")
d:\UG\gamemodes\maps/mape.inc(12043) : warning 240: assigned value is never use
d (symbol "tmpobjid")
d:\UG\gamemodes\maps/mape.inc(12044) : warning 240: assigned value is never use
d (symbol "tmpobjid")
d:\UG\gamemodes\maps/mape.inc(12045) : warning 240: assigned value is never use
d (symbol "tmpobjid")
d:\UG\gamemodes\maps/mape.inc(12046) : warning 240: assigned value is never use
d (symbol "tmpobjid")
d:\UG\gamemodes\maps/mape.inc(12290) : warning 240: assigned value is never use
d (symbol "tmpobjid")
d:\UG\gamemodes\maps/mape.inc(12291) : warning 240: assigned value is never use
d (symbol "tmpobjid")
d:\UG\gamemodes\maps/mape.inc(12292) : warning 240: assigned value is never use
d (symbol "tmpobjid")
d:\UG\gamemodes\maps/mape.inc(12293) : warning 240: assigned value is never use
d (symbol "tmpobjid")
d:\UG\gamemodes\maps/mape.inc(12294) : warning 240: assigned value is never use
d (symbol "tmpobjid")
d:\UG\gamemodes\maps/mape.inc(12295) : warning 240: assigned value is never use
d (symbol "tmpobjid")
d:\UG\gamemodes\maps/mape.inc(12296) : warning 240: assigned value is never use
d (symbol "tmpobjid")
d:\UG\gamemodes\maps/mape.inc(12297) : warning 240: assigned value is never use
d (symbol "tmpobjid")
d:\UG\gamemodes\maps/mape.inc(12298) : warning 240: assigned value is never use
d (symbol "tmpobjid")
d:\UG\gamemodes\maps/mape.inc(12299) : warning 240: assigned value is never use
d (symbol "tmpobjid")
d:\UG\gamemodes\maps/mape.inc(12300) : warning 240: assigned value is never use
d (symbol "tmpobjid")
d:\UG\gamemodes\maps/mape.inc(12301) : warning 240: assigned value is never use
d (symbol "tmpobjid")
d:\UG\gamemodes\maps/mape.inc(12302) : warning 240: assigned value is never use
d (symbol "tmpobjid")
d:\UG\gamemodes\maps/mape.inc(12303) : warning 240: assigned value is never use
d (symbol "tmpobjid")
d:\UG\gamemodes\maps/mape.inc(12304) : warning 240: assigned value is never use
d (symbol "tmpobjid")
d:\UG\gamemodes\maps/mape.inc(12305) : warning 240: assigned value is never use
d (symbol "tmpobjid")
d:\UG\gamemodes\maps/mape.inc(12306) : warning 240: assigned value is never use
d (symbol "tmpobjid")
d:\UG\gamemodes\maps/mape.inc(12307) : warning 240: assigned value is never use
d (symbol "tmpobjid")
d:\UG\gamemodes\maps/mape.inc(12308) : warning 240: assigned value is never use
d (symbol "tmpobjid")
d:\UG\gamemodes\maps/mape.inc(12309) : warning 240: assigned value is never use
d (symbol "tmpobjid")
d:\UG\gamemodes\maps/mape.inc(12310) : warning 240: assigned value is never use
d (symbol "tmpobjid")
d:\UG\gamemodes\maps/mape.inc(12311) : warning 240: assigned value is never use
d (symbol "tmpobjid")
d:\UG\gamemodes\maps/mape.inc(12312) : warning 240: assigned value is never use
d (symbol "tmpobjid")
d:\UG\gamemodes\maps/mape.inc(12313) : warning 240: assigned value is never use
d (symbol "tmpobjid")
d:\UG\gamemodes\maps/mape.inc(12314) : warning 240: assigned value is never use
d (symbol "tmpobjid")
d:\UG\gamemodes\maps/mape.inc(12315) : warning 240: assigned value is never use
d (symbol "tmpobjid")
d:\UG\gamemodes\maps/mape.inc(12316) : warning 240: assigned value is never use
d (symbol "tmpobjid")
d:\UG\gamemodes\maps/mape.inc(12317) : warning 240: assigned value is never use
d (symbol "tmpobjid")
d:\UG\gamemodes\maps/mape.inc(12318) : warning 240: assigned value is never use
d (symbol "tmpobjid")
d:\UG\gamemodes\maps/mape.inc(12319) : warning 240: assigned value is never use
d (symbol "tmpobjid")
d:\UG\gamemodes\maps/mape.inc(12320) : warning 240: assigned value is never use
d (symbol "tmpobjid")
d:\UG\gamemodes\maps/mape.inc(12321) : warning 240: assigned value is never use
d (symbol "tmpobjid")
d:\UG\gamemodes\maps/mape.inc(12322) : warning 240: assigned value is never use
d (symbol "tmpobjid")
d:\UG\gamemodes\maps/mape.inc(12323) : warning 240: assigned value is never use
d (symbol "tmpobjid")
d:\UG\gamemodes\maps/mape.inc(12324) : warning 240: assigned value is never use
d (symbol "tmpobjid")
d:\UG\gamemodes\maps/mape.inc(12325) : warning 240: assigned value is never use
d (symbol "tmpobjid")
d:\UG\gamemodes\maps/mape.inc(12326) : warning 240: assigned value is never use
d (symbol "tmpobjid")
d:\UG\gamemodes\maps/mape.inc(12327) : warning 240: assigned value is never use
d (symbol "tmpobjid")
d:\UG\gamemodes\maps/mape.inc(12328) : warning 240: assigned value is never use
d (symbol "tmpobjid")
d:\UG\gamemodes\maps/mape.inc(12329) : warning 240: assigned value is never use
d (symbol "tmpobjid")
d:\UG\gamemodes\maps/mape.inc(12330) : warning 240: assigned value is never use
d (symbol "tmpobjid")
d:\UG\gamemodes\maps/mape.inc(12331) : warning 240: assigned value is never use
d (symbol "tmpobjid")
d:\UG\gamemodes\maps/mape.inc(12332) : warning 240: assigned value is never use
d (symbol "tmpobjid")
d:\UG\gamemodes\maps/mape.inc(12333) : warning 240: assigned value is never use
d (symbol "tmpobjid")
d:\UG\gamemodes\maps/mape.inc(12334) : warning 240: assigned value is never use
d (symbol "tmpobjid")
d:\UG\gamemodes\maps/mape.inc(12335) : warning 240: assigned value is never use
d (symbol "tmpobjid")
d:\UG\gamemodes\maps/mape.inc(12336) : warning 240: assigned value is never use
d (symbol "tmpobjid")
d:\UG\gamemodes\maps/mape.inc(12337) : warning 240: assigned value is never use
d (symbol "tmpobjid")
d:\UG\gamemodes\maps/mape.inc(12338) : warning 240: assigned value is never use
d (symbol "tmpobjid")
d:\UG\gamemodes\maps/mape.inc(12339) : warning 240: assigned value is never use
d (symbol "tmpobjid")
d:\UG\gamemodes\maps/mape.inc(12340) : warning 240: assigned value is never use
d (symbol "tmpobjid")
d:\UG\gamemodes\maps/mape.inc(12341) : warning 240: assigned value is never use
d (symbol "tmpobjid")
d:\UG\gamemodes\maps/mape.inc(12342) : warning 240: assigned value is never use
d (symbol "tmpobjid")
d:\UG\gamemodes\maps/mape.inc(12343) : warning 240: assigned value is never use
d (symbol "tmpobjid")
d:\UG\gamemodes\maps/mape.inc(12344) : warning 240: assigned value is never use
d (symbol "tmpobjid")
d:\UG\gamemodes\maps/mape.inc(12345) : warning 240: assigned value is never use
d (symbol "tmpobjid")
d:\UG\gamemodes\maps/mape.inc(12346) : warning 240: assigned value is never use
d (symbol "tmpobjid")
d:\UG\gamemodes\maps/mape.inc(12347) : warning 240: assigned value is never use
d (symbol "tmpobjid")
d:\UG\gamemodes\maps/mape.inc(12348) : warning 240: assigned value is never use
d (symbol "tmpobjid")
d:\UG\gamemodes\maps/mape.inc(12349) : warning 240: assigned value is never use
d (symbol "tmpobjid")
d:\UG\gamemodes\maps/mape.inc(12556) : warning 240: assigned value is never use
d (symbol "tmpobjid")
d:\UG\gamemodes\maps/mape.inc(12557) : warning 240: assigned value is never use
d (symbol "tmpobjid")
d:\UG\gamemodes\maps/mape.inc(12558) : warning 240: assigned value is never use
d (symbol "tmpobjid")
d:\UG\gamemodes\maps/mape.inc(12559) : warning 240: assigned value is never use
d (symbol "tmpobjid")
d:\UG\gamemodes\maps/mape.inc(12560) : warning 240: assigned value is never use
d (symbol "tmpobjid")
d:\UG\gamemodes\maps/mape.inc(12561) : warning 240: assigned value is never use
d (symbol "tmpobjid")
d:\UG\gamemodes\maps/mape.inc(12562) : warning 240: assigned value is never use
d (symbol "tmpobjid")
d:\UG\gamemodes\maps/mape.inc(12563) : warning 240: assigned value is never use
d (symbol "tmpobjid")
d:\UG\gamemodes\maps/mape.inc(12564) : warning 240: assigned value is never use
d (symbol "tmpobjid")
d:\UG\gamemodes\maps/mape.inc(12565) : warning 240: assigned value is never use
d (symbol "tmpobjid")
d:\UG\gamemodes\maps/mape.inc(12566) : warning 240: assigned value is never use
d (symbol "tmpobjid")
d:\UG\gamemodes\maps/mape.inc(12567) : warning 240: assigned value is never use
d (symbol "tmpobjid")
d:\UG\gamemodes\maps/mape.inc(12568) : warning 240: assigned value is never use
d (symbol "tmpobjid")
d:\UG\gamemodes\maps/mape.inc(12569) : warning 240: assigned value is never use
d (symbol "tmpobjid")
d:\UG\gamemodes\maps/mape.inc(12570) : warning 240: assigned value is never use
d (symbol "tmpobjid")
d:\UG\gamemodes\maps/mape.inc(12571) : warning 240: assigned value is never use
d (symbol "tmpobjid")
d:\UG\gamemodes\maps/mape.inc(12572) : warning 240: assigned value is never use
d (symbol "tmpobjid")
d:\UG\gamemodes\maps/mape.inc(12573) : warning 240: assigned value is never use
d (symbol "tmpobjid")
d:\UG\gamemodes\maps/mape.inc(12574) : warning 240: assigned value is never use
d (symbol "tmpobjid")
d:\UG\gamemodes\maps/mape.inc(12575) : warning 240: assigned value is never use
d (symbol "tmpobjid")
d:\UG\gamemodes\maps/mape.inc(12576) : warning 240: assigned value is never use
d (symbol "tmpobjid")
d:\UG\gamemodes\maps/mape.inc(12577) : warning 240: assigned value is never use
d (symbol "tmpobjid")
d:\UG\gamemodes\maps/mape.inc(12578) : warning 240: assigned value is never use
d (symbol "tmpobjid")
d:\UG\gamemodes\maps/mape.inc(12579) : warning 240: assigned value is never use
d (symbol "tmpobjid")
d:\UG\gamemodes\maps/mape.inc(12580) : warning 240: assigned value is never use
d (symbol "tmpobjid")
d:\UG\gamemodes\maps/mape.inc(12581) : warning 240: assigned value is never use
d (symbol "tmpobjid")
d:\UG\gamemodes\maps/mape.inc(12582) : warning 240: assigned value is never use
d (symbol "tmpobjid")
d:\UG\gamemodes\maps/mape.inc(12583) : warning 240: assigned value is never use
d (symbol "tmpobjid")
d:\UG\gamemodes\maps/mape.inc(12584) : warning 240: assigned value is never use
d (symbol "tmpobjid")
d:\UG\gamemodes\maps/mape.inc(12585) : warning 240: assigned value is never use
d (symbol "tmpobjid")
d:\UG\gamemodes\maps/mape.inc(12586) : warning 240: assigned value is never use
d (symbol "tmpobjid")
d:\UG\gamemodes\maps/mape.inc(12587) : warning 240: assigned value is never use
d (symbol "tmpobjid")
d:\UG\gamemodes\maps/mape.inc(12588) : warning 240: assigned value is never use
d (symbol "tmpobjid")
d:\UG\gamemodes\maps/mape.inc(12787) : warning 240: assigned value is never use
d (symbol "centralnizatvorbyfish")
d:\UG\gamemodes\maps/mape.inc(12788) : warning 240: assigned value is never use
d (symbol "centralnizatvorbyfish")
d:\UG\gamemodes\maps/mape.inc(12789) : warning 240: assigned value is never use
d (symbol "centralnizatvorbyfish")
d:\UG\gamemodes\maps/mape.inc(12790) : warning 240: assigned value is never use
d (symbol "centralnizatvorbyfish")
d:\UG\gamemodes\maps/mape.inc(12791) : warning 240: assigned value is never use
d (symbol "centralnizatvorbyfish")
d:\UG\gamemodes\maps/mape.inc(12792) : warning 240: assigned value is never use
d (symbol "centralnizatvorbyfish")
d:\UG\gamemodes\maps/mape.inc(12793) : warning 240: assigned value is never use
d (symbol "centralnizatvorbyfish")
d:\UG\gamemodes\maps/mape.inc(12794) : warning 240: assigned value is never use
d (symbol "centralnizatvorbyfish")
d:\UG\gamemodes\maps/mape.inc(12795) : warning 240: assigned value is never use
d (symbol "centralnizatvorbyfish")
d:\UG\gamemodes\maps/mape.inc(12796) : warning 240: assigned value is never use
d (symbol "centralnizatvorbyfish")
d:\UG\gamemodes\maps/mape.inc(12797) : warning 240: assigned value is never use
d (symbol "centralnizatvorbyfish")
d:\UG\gamemodes\maps/mape.inc(12798) : warning 240: assigned value is never use
d (symbol "centralnizatvorbyfish")
d:\UG\gamemodes\maps/mape.inc(12799) : warning 240: assigned value is never use
d (symbol "centralnizatvorbyfish")
d:\UG\gamemodes\maps/mape.inc(12800) : warning 240: assigned value is never use
d (symbol "centralnizatvorbyfish")
d:\UG\gamemodes\maps/mape.inc(12801) : warning 240: assigned value is never use
d (symbol "centralnizatvorbyfish")
d:\UG\gamemodes\maps/mape.inc(12802) : warning 240: assigned value is never use
d (symbol "centralnizatvorbyfish")
d:\UG\gamemodes\maps/mape.inc(12803) : warning 240: assigned value is never use
d (symbol "centralnizatvorbyfish")
d:\UG\gamemodes\maps/mape.inc(12804) : warning 240: assigned value is never use
d (symbol "centralnizatvorbyfish")
d:\UG\gamemodes\maps/mape.inc(12805) : warning 240: assigned value is never use
d (symbol "centralnizatvorbyfish")
d:\UG\gamemodes\maps/mape.inc(12806) : warning 240: assigned value is never use
d (symbol "centralnizatvorbyfish")
d:\UG\gamemodes\maps/mape.inc(12807) : warning 240: assigned value is never use
d (symbol "centralnizatvorbyfish")
d:\UG\gamemodes\maps/mape.inc(12808) : warning 240: assigned value is never use
d (symbol "centralnizatvorbyfish")
d:\UG\gamemodes\maps/mape.inc(12809) : warning 240: assigned value is never use
d (symbol "centralnizatvorbyfish")
d:\UG\gamemodes\maps/mape.inc(12810) : warning 240: assigned value is never use
d (symbol "centralnizatvorbyfish")
d:\UG\gamemodes\maps/mape.inc(12811) : warning 240: assigned value is never use
d (symbol "centralnizatvorbyfish")
d:\UG\gamemodes\maps/mape.inc(12812) : warning 240: assigned value is never use
d (symbol "centralnizatvorbyfish")
d:\UG\gamemodes\maps/mape.inc(12813) : warning 240: assigned value is never use
d (symbol "centralnizatvorbyfish")
d:\UG\gamemodes\maps/mape.inc(12814) : warning 240: assigned value is never use
d (symbol "centralnizatvorbyfish")
d:\UG\gamemodes\maps/mape.inc(12815) : warning 240: assigned value is never use
d (symbol "centralnizatvorbyfish")
d:\UG\gamemodes\maps/mape.inc(12816) : warning 240: assigned value is never use
d (symbol "centralnizatvorbyfish")
d:\UG\gamemodes\maps/mape.inc(12817) : warning 240: assigned value is never use
d (symbol "centralnizatvorbyfish")
d:\UG\gamemodes\maps/mape.inc(12818) : warning 240: assigned value is never use
d (symbol "centralnizatvorbyfish")
d:\UG\gamemodes\maps/mape.inc(12819) : warning 240: assigned value is never use
d (symbol "centralnizatvorbyfish")
d:\UG\gamemodes\maps/mape.inc(12820) : warning 240: assigned value is never use
d (symbol "centralnizatvorbyfish")
d:\UG\gamemodes\maps/mape.inc(12821) : warning 240: assigned value is never use
d (symbol "centralnizatvorbyfish")
d:\UG\gamemodes\maps/mape.inc(12822) : warning 240: assigned value is never use
d (symbol "centralnizatvorbyfish")
d:\UG\gamemodes\maps/mape.inc(12823) : warning 240: assigned value is never use
d (symbol "centralnizatvorbyfish")
d:\UG\gamemodes\maps/mape.inc(12824) : warning 240: assigned value is never use
d (symbol "centralnizatvorbyfish")
d:\UG\gamemodes\maps/mape.inc(12825) : warning 240: assigned value is never use
d (symbol "centralnizatvorbyfish")
d:\UG\gamemodes\maps/mape.inc(12826) : warning 240: assigned value is never use
d (symbol "centralnizatvorbyfish")
d:\UG\gamemodes\maps/mape.inc(12827) : warning 240: assigned value is never use
d (symbol "centralnizatvorbyfish")
d:\UG\gamemodes\maps/mape.inc(12828) : warning 240: assigned value is never use
d (symbol "centralnizatvorbyfish")
d:\UG\gamemodes\maps/mape.inc(12829) : warning 240: assigned value is never use
d (symbol "centralnizatvorbyfish")
d:\UG\gamemodes\maps/mape.inc(12833) : warning 217: loose indentation
d:\UG\gamemodes\maps/mape.inc(12834) : warning 217: loose indentation
d:\UG\gamemodes\maps/mape.inc(12589) : warning 240: assigned value is never use
d (symbol "tmpobjid")
d:\UG\gamemodes\maps/mape.inc(13224) : warning 240: assigned value is never use
d (symbol "tmpobjid")
d:\UG\gamemodes\maps/mape.inc(13226) : warning 240: assigned value is never use
d (symbol "tmpobjid")
d:\UG\gamemodes\maps/mape.inc(13227) : warning 240: assigned value is never use
d (symbol "tmpobjid")
d:\UG\gamemodes\maps/mape.inc(13228) : warning 240: assigned value is never use
d (symbol "tmpobjid")
d:\UG\gamemodes\maps/mape.inc(13229) : warning 240: assigned value is never use
d (symbol "tmpobjid")
d:\UG\gamemodes\maps/mape.inc(13230) : warning 240: assigned value is never use
d (symbol "tmpobjid")
d:\UG\gamemodes\maps/mape.inc(13231) : warning 240: assigned value is never use
d (symbol "tmpobjid")
d:\UG\gamemodes\maps/mape.inc(13232) : warning 240: assigned value is never use
d (symbol "tmpobjid")
d:\UG\gamemodes\maps/mape.inc(13233) : warning 240: assigned value is never use
d (symbol "tmpobjid")
d:\UG\gamemodes\maps/mape.inc(13234) : warning 240: assigned value is never use
d (symbol "tmpobjid")
d:\UG\gamemodes\maps/mape.inc(13235) : warning 240: assigned value is never use
d (symbol "tmpobjid")
d:\UG\gamemodes\maps/mape.inc(13236) : warning 240: assigned value is never use
d (symbol "tmpobjid")
d:\UG\gamemodes\maps/mape.inc(13237) : warning 240: assigned value is never use
d (symbol "tmpobjid")
d:\UG\gamemodes\maps/mape.inc(13238) : warning 240: assigned value is never use
d (symbol "tmpobjid")
d:\UG\gamemodes\maps/mape.inc(13239) : warning 240: assigned value is never use
d (symbol "tmpobjid")
d:\UG\gamemodes\maps/mape.inc(13240) : warning 240: assigned value is never use
d (symbol "tmpobjid")
d:\UG\gamemodes\maps/mape.inc(13241) : warning 240: assigned value is never use
d (symbol "tmpobjid")
d:\UG\gamemodes\maps/mape.inc(13242) : warning 240: assigned value is never use
d (symbol "tmpobjid")
d:\UG\gamemodes\maps/mape.inc(13243) : warning 240: assigned value is never use
d (symbol "tmpobjid")
d:\UG\gamemodes\maps/mape.inc(13244) : warning 240: assigned value is never use
d (symbol "tmpobjid")
d:\UG\gamemodes\maps/mape.inc(13245) : warning 240: assigned value is never use
d (symbol "tmpobjid")
d:\UG\gamemodes\maps/mape.inc(13246) : warning 240: assigned value is never use
d (symbol "tmpobjid")
d:\UG\gamemodes\maps/mape.inc(13247) : warning 240: assigned value is never use
d (symbol "tmpobjid")
d:\UG\gamemodes\maps/mape.inc(13248) : warning 240: assigned value is never use
d (symbol "tmpobjid")
d:\UG\gamemodes\maps/mape.inc(13249) : warning 240: assigned value is never use
d (symbol "tmpobjid")
d:\UG\gamemodes\maps/mape.inc(13250) : warning 240: assigned value is never use
d (symbol "tmpobjid")
d:\UG\gamemodes\maps/mape.inc(13251) : warning 240: assigned value is never use
d (symbol "tmpobjid")
d:\UG\gamemodes\maps/mape.inc(13252) : warning 240: assigned value is never use
d (symbol "tmpobjid")
d:\UG\gamemodes\maps/mape.inc(13253) : warning 240: assigned value is never use
d (symbol "tmpobjid")
d:\UG\gamemodes\maps/mape.inc(13254) : warning 240: assigned value is never use
d (symbol "tmpobjid")
d:\UG\gamemodes\maps/mape.inc(13255) : warning 240: assigned value is never use
d (symbol "tmpobjid")
d:\UG\gamemodes\maps/mape.inc(13256) : warning 240: assigned value is never use
d (symbol "tmpobjid")
d:\UG\gamemodes\maps/mape.inc(13257) : warning 240: assigned value is never use
d (symbol "tmpobjid")
d:\UG\gamemodes\maps/mape.inc(13258) : warning 240: assigned value is never use
d (symbol "tmpobjid")
d:\UG\gamemodes\maps/mape.inc(13259) : warning 240: assigned value is never use
d (symbol "tmpobjid")
d:\UG\gamemodes\maps/mape.inc(13260) : warning 240: assigned value is never use
d (symbol "tmpobjid")
d:\UG\gamemodes\maps/mape.inc(13261) : warning 240: assigned value is never use
d (symbol "tmpobjid")
d:\UG\gamemodes\maps/mape.inc(13262) : warning 240: assigned value is never use
d (symbol "tmpobjid")
d:\UG\gamemodes\maps/mape.inc(13263) : warning 240: assigned value is never use
d (symbol "tmpobjid")
d:\UG\gamemodes\maps/mape.inc(13264) : warning 240: assigned value is never use
d (symbol "tmpobjid")
d:\UG\gamemodes\maps/mape.inc(13265) : warning 240: assigned value is never use
d (symbol "tmpobjid")
d:\UG\gamemodes\maps/mape.inc(13266) : warning 240: assigned value is never use
d (symbol "tmpobjid")
d:\UG\gamemodes\maps/mape.inc(13267) : warning 240: assigned value is never use
d (symbol "tmpobjid")
d:\UG\gamemodes\maps/mape.inc(13268) : warning 240: assigned value is never use
d (symbol "tmpobjid")
d:\UG\gamemodes\maps/mape.inc(13269) : warning 240: assigned value is never use
d (symbol "tmpobjid")
d:\UG\gamemodes\maps/mape.inc(13270) : warning 240: assigned value is never use
d (symbol "tmpobjid")
d:\UG\gamemodes\maps/mape.inc(13271) : warning 240: assigned value is never use
d (symbol "tmpobjid")
d:\UG\gamemodes\maps/mape.inc(13272) : warning 240: assigned value is never use
d (symbol "tmpobjid")
d:\UG\gamemodes\maps/mape.inc(13273) : warning 240: assigned value is never use
d (symbol "tmpobjid")
d:\UG\gamemodes\maps/mape.inc(13274) : warning 240: assigned value is never use
d (symbol "tmpobjid")
d:\UG\gamemodes\maps/mape.inc(13275) : warning 240: assigned value is never use
d (symbol "tmpobjid")
d:\UG\gamemodes\maps/mape.inc(13276) : warning 240: assigned value is never use
d (symbol "tmpobjid")
d:\UG\gamemodes\maps/mape.inc(13277) : warning 240: assigned value is never use
d (symbol "tmpobjid")
d:\UG\gamemodes\maps/mape.inc(13278) : warning 240: assigned value is never use
d (symbol "tmpobjid")
d:\UG\gamemodes\maps/mape.inc(13279) : warning 240: assigned value is never use
d (symbol "tmpobjid")
d:\UG\gamemodes\maps/mape.inc(13280) : warning 240: assigned value is never use
d (symbol "tmpobjid")
d:\UG\gamemodes\maps/mape.inc(13281) : warning 240: assigned value is never use
d (symbol "tmpobjid")
d:\UG\gamemodes\maps/mape.inc(13282) : warning 240: assigned value is never use
d (symbol "tmpobjid")
d:\UG\gamemodes\maps/mape.inc(13283) : warning 240: assigned value is never use
d (symbol "tmpobjid")
d:\UG\gamemodes\maps/mape.inc(13284) : warning 240: assigned value is never use
d (symbol "tmpobjid")
d:\UG\gamemodes\maps/mape.inc(13285) : warning 240: assigned value is never use
d (symbol "tmpobjid")
d:\UG\gamemodes\maps/mape.inc(13286) : warning 240: assigned value is never use
d (symbol "tmpobjid")
d:\UG\gamemodes\maps/mape.inc(13287) : warning 240: assigned value is never use
d (symbol "tmpobjid")
d:\UG\gamemodes\maps/mape.inc(13288) : warning 240: assigned value is never use
d (symbol "tmpobjid")
d:\UG\gamemodes\maps/mape.inc(13289) : warning 240: assigned value is never use
d (symbol "tmpobjid")
d:\UG\gamemodes\maps/mape.inc(13290) : warning 240: assigned value is never use
d (symbol "tmpobjid")
d:\UG\gamemodes\maps/mape.inc(13291) : warning 240: assigned value is never use
d (symbol "tmpobjid")
d:\UG\gamemodes\maps/mape.inc(13292) : warning 240: assigned value is never use
d (symbol "tmpobjid")
d:\UG\gamemodes\maps/mape.inc(13293) : warning 240: assigned value is never use
d (symbol "tmpobjid")
d:\UG\gamemodes\maps/mape.inc(13294) : warning 240: assigned value is never use
d (symbol "tmpobjid")
d:\UG\gamemodes\maps/mape.inc(13295) : warning 240: assigned value is never use
d (symbol "tmpobjid")
d:\UG\gamemodes\maps/mape.inc(13296) : warning 240: assigned value is never use
d (symbol "tmpobjid")
d:\UG\gamemodes\maps/mape.inc(13297) : warning 240: assigned value is never use
d (symbol "tmpobjid")
d:\UG\gamemodes\maps/mape.inc(13298) : warning 240: assigned value is never use
d (symbol "tmpobjid")
d:\UG\gamemodes\maps/mape.inc(13299) : warning 240: assigned value is never use
d (symbol "tmpobjid")
d:\UG\gamemodes\maps/mape.inc(13300) : warning 240: assigned value is never use
d (symbol "tmpobjid")
d:\UG\gamemodes\maps/mape.inc(13301) : warning 240: assigned value is never use
d (symbol "tmpobjid")
d:\UG\gamemodes\maps/mape.inc(13302) : warning 240: assigned value is never use
d (symbol "tmpobjid")
d:\UG\gamemodes\maps/mape.inc(13303) : warning 240: assigned value is never use
d (symbol "tmpobjid")
d:\UG\gamemodes\maps/mape.inc(13304) : warning 240: assigned value is never use
d (symbol "tmpobjid")
d:\UG\gamemodes\maps/mape.inc(13305) : warning 240: assigned value is never use
d (symbol "tmpobjid")
d:\UG\gamemodes\maps/mape.inc(13306) : warning 240: assigned value is never use
d (symbol "tmpobjid")
d:\UG\gamemodes\maps/mape.inc(13307) : warning 240: assigned value is never use
d (symbol "tmpobjid")
d:\UG\gamemodes\maps/mape.inc(13308) : warning 240: assigned value is never use
d (symbol "tmpobjid")
d:\UG\gamemodes\maps/mape.inc(13309) : warning 240: assigned value is never use
d (symbol "tmpobjid")
d:\UG\gamemodes\maps/mape.inc(13310) : warning 240: assigned value is never use
d (symbol "tmpobjid")
d:\UG\gamemodes\maps/mape.inc(13311) : warning 240: assigned value is never use
d (symbol "tmpobjid")
d:\UG\gamemodes\maps/mape.inc(13312) : warning 240: assigned value is never use
d (symbol "tmpobjid")
d:\UG\gamemodes\maps/mape.inc(13313) : warning 240: assigned value is never use
d (symbol "tmpobjid")
d:\UG\gamemodes\maps/mape.inc(13314) : warning 240: assigned value is never use
d (symbol "tmpobjid")
d:\UG\gamemodes\maps/mape.inc(13315) : warning 240: assigned value is never use
d (symbol "tmpobjid")
d:\UG\gamemodes\maps/mape.inc(13316) : warning 240: assigned value is never use
d (symbol "tmpobjid")
d:\UG\gamemodes\maps/mape.inc(13317) : warning 240: assigned value is never use
d (symbol "tmpobjid")
d:\UG\gamemodes\maps/mape.inc(13318) : warning 240: assigned value is never use
d (symbol "tmpobjid")
d:\UG\gamemodes\maps/mape.inc(13319) : warning 240: assigned value is never use
d (symbol "tmpobjid")
d:\UG\gamemodes\maps/mape.inc(13320) : warning 240: assigned value is never use
d (symbol "tmpobjid")
d:\UG\gamemodes\maps/mape.inc(13321) : warning 240: assigned value is never use
d (symbol "tmpobjid")
d:\UG\gamemodes\maps/mape.inc(13322) : warning 240: assigned value is never use
d (symbol "tmpobjid")
d:\UG\gamemodes\maps/mape.inc(13323) : warning 240: assigned value is never use
d (symbol "tmpobjid")
d:\UG\gamemodes\maps/mape.inc(13324) : warning 240: assigned value is never use
d (symbol "tmpobjid")
d:\UG\gamemodes\maps/mape.inc(13325) : warning 240: assigned value is never use
d (symbol "tmpobjid")
d:\UG\gamemodes\maps/mape.inc(13326) : warning 240: assigned value is never use
d (symbol "tmpobjid")
d:\UG\gamemodes\maps/mape.inc(13327) : warning 240: assigned value is never use
d (symbol "tmpobjid")
d:\UG\gamemodes\maps/mape.inc(13328) : warning 240: assigned value is never use
d (symbol "tmpobjid")
d:\UG\gamemodes\maps/mape.inc(13329) : warning 240: assigned value is never use
d (symbol "tmpobjid")
d:\UG\gamemodes\maps/mape.inc(13330) : warning 240: assigned value is never use
d (symbol "tmpobjid")
d:\UG\gamemodes\maps/mape.inc(13331) : warning 240: assigned value is never use
d (symbol "tmpobjid")
d:\UG\gamemodes\maps/mape.inc(13581) : warning 240: assigned value is never use
d (symbol "tmpobjid")
d:\UG\gamemodes\maps/mape.inc(13582) : warning 240: assigned value is never use
d (symbol "tmpobjid")
d:\UG\gamemodes\maps/mape.inc(13583) : warning 240: assigned value is never use
d (symbol "tmpobjid")
d:\UG\gamemodes\maps/mape.inc(13584) : warning 240: assigned value is never use
d (symbol "tmpobjid")
d:\UG\gamemodes\maps/mape.inc(13585) : warning 240: assigned value is never use
d (symbol "tmpobjid")
d:\UG\gamemodes\maps/mape.inc(13586) : warning 240: assigned value is never use
d (symbol "tmpobjid")
d:\UG\gamemodes\maps/mape.inc(13587) : warning 240: assigned value is never use
d (symbol "tmpobjid")
d:\UG\gamemodes\maps/mape.inc(13588) : warning 240: assigned value is never use
d (symbol "tmpobjid")
d:\UG\gamemodes\maps/mape.inc(13589) : warning 240: assigned value is never use
d (symbol "tmpobjid")
d:\UG\gamemodes\maps/mape.inc(13590) : warning 240: assigned value is never use
d (symbol "tmpobjid")
d:\UG\gamemodes\maps/mape.inc(13591) : warning 240: assigned value is never use
d (symbol "tmpobjid")
d:\UG\gamemodes\maps/mape.inc(13592) : warning 240: assigned value is never use
d (symbol "tmpobjid")
d:\UG\gamemodes\maps/mape.inc(13593) : warning 240: assigned value is never use
d (symbol "tmpobjid")
d:\UG\gamemodes\maps/mape.inc(13594) : warning 240: assigned value is never use
d (symbol "tmpobjid")
d:\UG\gamemodes\maps/mape.inc(13595) : warning 240: assigned value is never use
d (symbol "tmpobjid")
d:\UG\gamemodes\maps/mape.inc(13596) : warning 240: assigned value is never use
d (symbol "tmpobjid")
d:\UG\gamemodes\maps/mape.inc(13597) : warning 240: assigned value is never use
d (symbol "tmpobjid")
d:\UG\gamemodes\maps/mape.inc(13598) : warning 240: assigned value is never use
d (symbol "tmpobjid")
d:\UG\gamemodes\maps/mape.inc(13599) : warning 240: assigned value is never use
d (symbol "tmpobjid")
d:\UG\gamemodes\maps/mape.inc(13600) : warning 240: assigned value is never use
d (symbol "tmpobjid")
d:\UG\gamemodes\maps/mape.inc(13601) : warning 240: assigned value is never use
d (symbol "tmpobjid")
d:\UG\gamemodes\maps/mape.inc(13602) : warning 240: assigned value is never use
d (symbol "tmpobjid")
d:\UG\gamemodes\maps/mape.inc(13603) : warning 240: assigned value is never use
d (symbol "tmpobjid")
d:\UG\gamemodes\maps/mape.inc(13604) : warning 240: assigned value is never use
d (symbol "tmpobjid")
d:\UG\gamemodes\maps/mape.inc(13605) : warning 240: assigned value is never use
d (symbol "tmpobjid")
d:\UG\gamemodes\maps/mape.inc(13606) : warning 240: assigned value is never use
d (symbol "tmpobjid")
d:\UG\gamemodes\maps/mape.inc(13607) : warning 240: assigned value is never use
d (symbol "tmpobjid")
d:\UG\gamemodes\maps/mape.inc(13608) : warning 240: assigned value is never use
d (symbol "tmpobjid")
d:\UG\gamemodes\maps/mape.inc(13609) : warning 240: assigned value is never use
d (symbol "tmpobjid")
d:\UG\gamemodes\maps/mape.inc(13610) : warning 240: assigned value is never use
d (symbol "tmpobjid")
d:\UG\gamemodes\maps/mape.inc(13611) : warning 240: assigned value is never use
d (symbol "tmpobjid")
d:\UG\gamemodes\maps/mape.inc(13612) : warning 240: assigned value is never use
d (symbol "tmpobjid")
d:\UG\gamemodes\maps/mape.inc(13613) : warning 240: assigned value is never use
d (symbol "tmpobjid")
d:\UG\gamemodes\maps/mape.inc(13614) : warning 240: assigned value is never use
d (symbol "tmpobjid")
d:\UG\gamemodes\maps/mape.inc(13615) : warning 240: assigned value is never use
d (symbol "tmpobjid")
d:\UG\gamemodes\maps/mape.inc(13616) : warning 240: assigned value is never use
d (symbol "tmpobjid")
d:\UG\gamemodes\maps/mape.inc(13617) : warning 240: assigned value is never use
d (symbol "tmpobjid")
d:\UG\gamemodes\maps/mape.inc(13618) : warning 240: assigned value is never use
d (symbol "tmpobjid")
d:\UG\gamemodes\maps/mape.inc(13619) : warning 240: assigned value is never use
d (symbol "tmpobjid")
d:\UG\gamemodes\maps/mape.inc(13620) : warning 240: assigned value is never use
d (symbol "tmpobjid")
d:\UG\gamemodes\maps/mape.inc(13621) : warning 240: assigned value is never use
d (symbol "tmpobjid")
d:\UG\gamemodes\maps/mape.inc(13622) : warning 240: assigned value is never use
d (symbol "tmpobjid")
d:\UG\gamemodes\maps/mape.inc(13623) : warning 240: assigned value is never use
d (symbol "tmpobjid")
d:\UG\gamemodes\maps/mape.inc(13624) : warning 240: assigned value is never use
d (symbol "tmpobjid")
d:\UG\gamemodes\maps/mape.inc(13625) : warning 240: assigned value is never use
d (symbol "tmpobjid")
d:\UG\gamemodes\maps/mape.inc(13626) : warning 240: assigned value is never use
d (symbol "tmpobjid")
d:\UG\gamemodes\maps/mape.inc(13627) : warning 240: assigned value is never use
d (symbol "tmpobjid")
d:\UG\gamemodes\maps/mape.inc(13628) : warning 240: assigned value is never use
d (symbol "tmpobjid")
d:\UG\gamemodes\maps/mape.inc(13629) : warning 240: assigned value is never use
d (symbol "tmpobjid")
d:\UG\gamemodes\maps/mape.inc(13630) : warning 240: assigned value is never use
d (symbol "tmpobjid")
d:\UG\gamemodes\maps/mape.inc(13631) : warning 240: assigned value is never use
d (symbol "tmpobjid")
d:\UG\gamemodes\maps/mape.inc(13632) : warning 240: assigned value is never use
d (symbol "tmpobjid")
d:\UG\gamemodes\maps/mape.inc(13633) : warning 240: assigned value is never use
d (symbol "tmpobjid")
d:\UG\gamemodes\maps/mape.inc(13634) : warning 240: assigned value is never use
d (symbol "tmpobjid")
d:\UG\gamemodes\maps/mape.inc(13635) : warning 240: assigned value is never use
d (symbol "tmpobjid")
d:\UG\gamemodes\maps/mape.inc(13636) : warning 240: assigned value is never use
d (symbol "tmpobjid")
d:\UG\gamemodes\maps/mape.inc(13637) : warning 240: assigned value is never use
d (symbol "tmpobjid")
d:\UG\gamemodes\maps/mape.inc(13638) : warning 240: assigned value is never use
d (symbol "tmpobjid")
d:\UG\gamemodes\maps/mape.inc(13639) : warning 240: assigned value is never use
d (symbol "tmpobjid")
d:\UG\gamemodes\maps/mape.inc(13640) : warning 240: assigned value is never use
d (symbol "tmpobjid")
d:\UG\gamemodes\maps/mape.inc(13641) : warning 240: assigned value is never use
d (symbol "tmpobjid")
d:\UG\gamemodes\maps/mape.inc(13642) : warning 240: assigned value is never use
d (symbol "tmpobjid")
d:\UG\gamemodes\maps/mape.inc(13643) : warning 240: assigned value is never use
d (symbol "tmpobjid")
d:\UG\gamemodes\maps/mape.inc(13644) : warning 240: assigned value is never use
d (symbol "tmpobjid")
d:\UG\gamemodes\maps/mape.inc(13645) : warning 240: assigned value is never use
d (symbol "tmpobjid")
d:\UG\gamemodes\maps/mape.inc(13646) : warning 240: assigned value is never use
d (symbol "tmpobjid")
d:\UG\gamemodes\maps/mape.inc(13647) : warning 240: assigned value is never use
d (symbol "tmpobjid")
d:\UG\gamemodes\maps/mape.inc(13648) : warning 240: assigned value is never use
d (symbol "tmpobjid")
d:\UG\gamemodes\maps/mape.inc(13649) : warning 240: assigned value is never use
d (symbol "tmpobjid")
d:\UG\gamemodes\maps/mape.inc(13650) : warning 240: assigned value is never use
d (symbol "tmpobjid")
d:\UG\gamemodes\maps/mape.inc(13651) : warning 240: assigned value is never use
d (symbol "tmpobjid")
d:\UG\gamemodes\maps/mape.inc(13652) : warning 240: assigned value is never use
d (symbol "tmpobjid")
d:\UG\gamemodes\maps/mape.inc(13653) : warning 240: assigned value is never use
d (symbol "tmpobjid")
d:\UG\gamemodes\maps/mape.inc(13654) : warning 240: assigned value is never use
d (symbol "tmpobjid")
d:\UG\gamemodes\maps/mape.inc(13655) : warning 240: assigned value is never use
d (symbol "tmpobjid")
d:\UG\gamemodes\maps/mape.inc(13656) : warning 240: assigned value is never use
d (symbol "tmpobjid")
d:\UG\gamemodes\maps/mape.inc(13657) : warning 240: assigned value is never use
d (symbol "tmpobjid")
d:\UG\gamemodes\maps/mape.inc(13658) : warning 240: assigned value is never use
d (symbol "tmpobjid")
d:\UG\gamemodes\maps/mape.inc(13659) : warning 240: assigned value is never use
d (symbol "tmpobjid")
d:\UG\gamemodes\maps/mape.inc(13660) : warning 240: assigned value is never use
d (symbol "tmpobjid")
d:\UG\gamemodes\maps/mape.inc(13661) : warning 240: assigned value is never use
d (symbol "tmpobjid")
d:\UG\gamemodes\maps/mape.inc(13662) : warning 240: assigned value is never use
d (symbol "tmpobjid")
d:\UG\gamemodes\maps/mape.inc(13663) : warning 240: assigned value is never use
d (symbol "tmpobjid")
d:\UG\gamemodes\maps/mape.inc(13664) : warning 240: assigned value is never use
d (symbol "tmpobjid")
d:\UG\gamemodes\maps/mape.inc(13665) : warning 240: assigned value is never use
d (symbol "tmpobjid")
d:\UG\gamemodes\maps/mape.inc(13666) : warning 240: assigned value is never use
d (symbol "tmpobjid")
d:\UG\gamemodes\maps/mape.inc(13667) : warning 240: assigned value is never use
d (symbol "tmpobjid")
d:\UG\gamemodes\maps/mape.inc(13668) : warning 240: assigned value is never use
d (symbol "tmpobjid")
d:\UG\gamemodes\maps/mape.inc(13669) : warning 240: assigned value is never use
d (symbol "tmpobjid")
d:\UG\gamemodes\maps/mape.inc(13670) : warning 240: assigned value is never use
d (symbol "tmpobjid")
d:\UG\gamemodes\maps/mape.inc(13671) : warning 240: assigned value is never use
d (symbol "tmpobjid")
d:\UG\gamemodes\maps/mape.inc(13672) : warning 240: assigned value is never use
d (symbol "tmpobjid")
d:\UG\gamemodes\maps/mape.inc(13673) : warning 240: assigned value is never use
d (symbol "tmpobjid")
d:\UG\gamemodes\maps/mape.inc(13674) : warning 240: assigned value is never use
d (symbol "tmpobjid")
d:\UG\gamemodes\maps/mape.inc(13675) : warning 240: assigned value is never use
d (symbol "tmpobjid")
d:\UG\gamemodes\maps/mape.inc(13676) : warning 240: assigned value is never use
d (symbol "tmpobjid")
d:\UG\gamemodes\maps/mape.inc(13677) : warning 240: assigned value is never use
d (symbol "tmpobjid")
d:\UG\gamemodes\maps/mape.inc(13678) : warning 240: assigned value is never use
d (symbol "tmpobjid")
d:\UG\gamemodes\maps/mape.inc(13679) : warning 240: assigned value is never use
d (symbol "tmpobjid")
d:\UG\gamemodes\maps/mape.inc(13680) : warning 240: assigned value is never use
d (symbol "tmpobjid")
d:\UG\gamemodes\maps/mape.inc(13681) : warning 240: assigned value is never use
d (symbol "tmpobjid")
d:\UG\gamemodes\maps/mape.inc(13793) : warning 240: assigned value is never use
d (symbol "tmpobjid")
d:\UG\gamemodes\maps/mape.inc(13794) : warning 240: assigned value is never use
d (symbol "tmpobjid")
d:\UG\gamemodes\maps/mape.inc(13795) : warning 240: assigned value is never use
d (symbol "tmpobjid")
d:\UG\gamemodes\maps/mape.inc(13796) : warning 240: assigned value is never use
d (symbol "tmpobjid")
d:\UG\gamemodes\maps/mape.inc(13797) : warning 240: assigned value is never use
d (symbol "tmpobjid")
d:\UG\gamemodes\maps/mape.inc(13798) : warning 240: assigned value is never use
d (symbol "tmpobjid")
d:\UG\gamemodes\maps/mape.inc(13799) : warning 240: assigned value is never use
d (symbol "tmpobjid")
d:\UG\gamemodes\maps/mape.inc(13800) : warning 240: assigned value is never use
d (symbol "tmpobjid")
d:\UG\gamemodes\maps/mape.inc(13801) : warning 240: assigned value is never use
d (symbol "tmpobjid")
d:\UG\gamemodes\maps/mape.inc(13802) : warning 240: assigned value is never use
d (symbol "tmpobjid")
d:\UG\gamemodes\maps/mape.inc(13803) : warning 240: assigned value is never use
d (symbol "tmpobjid")
d:\UG\gamemodes\maps/mape.inc(13804) : warning 240: assigned value is never use
d (symbol "tmpobjid")
d:\UG\gamemodes\maps/mape.inc(13805) : warning 240: assigned value is never use
d (symbol "tmpobjid")
d:\UG\gamemodes\maps/mape.inc(13806) : warning 240: assigned value is never use
d (symbol "tmpobjid")
d:\UG\gamemodes\maps/mape.inc(13807) : warning 240: assigned value is never use
d (symbol "tmpobjid")
d:\UG\gamemodes\maps/mape.inc(13808) : warning 240: assigned value is never use
d (symbol "tmpobjid")
d:\UG\gamemodes\maps/mape.inc(13809) : warning 240: assigned value is never use
d (symbol "tmpobjid")
d:\UG\gamemodes\maps/mape.inc(13810) : warning 240: assigned value is never use
d (symbol "tmpobjid")
d:\UG\gamemodes\maps/mape.inc(13811) : warning 240: assigned value is never use
d (symbol "tmpobjid")
d:\UG\gamemodes\maps/mape.inc(13812) : warning 240: assigned value is never use
d (symbol "tmpobjid")
d:\UG\gamemodes\maps/mape.inc(13927) : warning 240: assigned value is never use
d (symbol "tmpobjid")
d:\UG\gamemodes\maps/mape.inc(13928) : warning 240: assigned value is never use
d (symbol "tmpobjid")
d:\UG\gamemodes\maps/mape.inc(13929) : warning 240: assigned value is never use
d (symbol "tmpobjid")
d:\UG\gamemodes\maps/mape.inc(13930) : warning 240: assigned value is never use
d (symbol "tmpobjid")
d:\UG\gamemodes\maps/mape.inc(13931) : warning 240: assigned value is never use
d (symbol "tmpobjid")
d:\UG\gamemodes\maps/mape.inc(13932) : warning 240: assigned value is never use
d (symbol "tmpobjid")
d:\UG\gamemodes\maps/mape.inc(13933) : warning 240: assigned value is never use
d (symbol "tmpobjid")
d:\UG\gamemodes\maps/mape.inc(13934) : warning 240: assigned value is never use
d (symbol "tmpobjid")
d:\UG\gamemodes\maps/mape.inc(13935) : warning 240: assigned value is never use
d (symbol "tmpobjid")
d:\UG\gamemodes\maps/mape.inc(13936) : warning 240: assigned value is never use
d (symbol "tmpobjid")
d:\UG\gamemodes\maps/mape.inc(13937) : warning 240: assigned value is never use
d (symbol "tmpobjid")
d:\UG\gamemodes\maps/mape.inc(13938) : warning 240: assigned value is never use
d (symbol "tmpobjid")
d:\UG\gamemodes\maps/mape.inc(13939) : warning 240: assigned value is never use
d (symbol "tmpobjid")
d:\UG\gamemodes\maps/mape.inc(13940) : warning 240: assigned value is never use
d (symbol "tmpobjid")
d:\UG\gamemodes\maps/mape.inc(13941) : warning 240: assigned value is never use
d (symbol "tmpobjid")
d:\UG\gamemodes\maps/mape.inc(13942) : warning 240: assigned value is never use
d (symbol "tmpobjid")
d:\UG\gamemodes\maps/mape.inc(13943) : warning 240: assigned value is never use
d (symbol "tmpobjid")
d:\UG\gamemodes\maps/mape.inc(13944) : warning 240: assigned value is never use
d (symbol "tmpobjid")
d:\UG\gamemodes\maps/mape.inc(13945) : warning 240: assigned value is never use
d (symbol "tmpobjid")
d:\UG\gamemodes\maps/mape.inc(13946) : warning 240: assigned value is never use
d (symbol "tmpobjid")
d:\UG\gamemodes\maps/mape.inc(13947) : warning 240: assigned value is never use
d (symbol "tmpobjid")
d:\UG\gamemodes\maps/mape.inc(13948) : warning 240: assigned value is never use
d (symbol "tmpobjid")
d:\UG\gamemodes\maps/mape.inc(13949) : warning 240: assigned value is never use
d (symbol "tmpobjid")
d:\UG\gamemodes\maps/mape.inc(13950) : warning 240: assigned value is never use
d (symbol "tmpobjid")
d:\UG\gamemodes\maps/mape.inc(13951) : warning 240: assigned value is never use
d (symbol "tmpobjid")
d:\UG\gamemodes\maps/mape.inc(13952) : warning 240: assigned value is never use
d (symbol "tmpobjid")
d:\UG\gamemodes\maps/mape.inc(13953) : warning 240: assigned value is never use
d (symbol "tmpobjid")
d:\UG\gamemodes\maps/mape.inc(13954) : warning 240: assigned value is never use
d (symbol "tmpobjid")
d:\UG\gamemodes\maps/mape.inc(13955) : warning 240: assigned value is never use
d (symbol "tmpobjid")
d:\UG\gamemodes\maps/mape.inc(13956) : warning 240: assigned value is never use
d (symbol "tmpobjid")
d:\UG\gamemodes\maps/mape.inc(13957) : warning 240: assigned value is never use
d (symbol "tmpobjid")
d:\UG\gamemodes\maps/mape.inc(13958) : warning 240: assigned value is never use
d (symbol "tmpobjid")
d:\UG\gamemodes\maps/mape.inc(13959) : warning 240: assigned value is never use
d (symbol "tmpobjid")
d:\UG\gamemodes\maps/mape.inc(13960) : warning 240: assigned value is never use
d (symbol "tmpobjid")
d:\UG\gamemodes\maps/mape.inc(13961) : warning 240: assigned value is never use
d (symbol "tmpobjid")
d:\UG\gamemodes\maps/mape.inc(13962) : warning 240: assigned value is never use
d (symbol "tmpobjid")
d:\UG\gamemodes\maps/mape.inc(13963) : warning 240: assigned value is never use
d (symbol "tmpobjid")
d:\UG\gamemodes\maps/mape.inc(13964) : warning 240: assigned value is never use
d (symbol "tmpobjid")
d:\UG\gamemodes\maps/mape.inc(13965) : warning 240: assigned value is never use
d (symbol "tmpobjid")
d:\UG\gamemodes\maps/mape.inc(13966) : warning 240: assigned value is never use
d (symbol "tmpobjid")
d:\UG\gamemodes\maps/mape.inc(14024) : warning 240: assigned value is never use
d (symbol "tmpobjid")
d:\UG\gamemodes\maps/mape.inc(14025) : warning 240: assigned value is never use
d (symbol "tmpobjid")
d:\UG\gamemodes\maps/mape.inc(14026) : warning 240: assigned value is never use
d (symbol "tmpobjid")
d:\UG\gamemodes\maps/mape.inc(14027) : warning 240: assigned value is never use
d (symbol "tmpobjid")
d:\UG\gamemodes\maps/mape.inc(14028) : warning 240: assigned value is never use
d (symbol "tmpobjid")
d:\UG\gamemodes\maps/mape.inc(14029) : warning 240: assigned value is never use
d (symbol "tmpobjid")
d:\UG\gamemodes\maps/mape.inc(14030) : warning 240: assigned value is never use
d (symbol "tmpobjid")
d:\UG\gamemodes\maps/mape.inc(14031) : warning 240: assigned value is never use
d (symbol "tmpobjid")
d:\UG\gamemodes\maps/mape.inc(14032) : warning 240: assigned value is never use
d (symbol "tmpobjid")
d:\UG\gamemodes\maps/mape.inc(14033) : warning 240: assigned value is never use
d (symbol "tmpobjid")
d:\UG\gamemodes\maps/mape.inc(14034) : warning 240: assigned value is never use
d (symbol "tmpobjid")
d:\UG\gamemodes\maps/mape.inc(14035) : warning 240: assigned value is never use
d (symbol "tmpobjid")
d:\UG\gamemodes\maps/mape.inc(14036) : warning 240: assigned value is never use
d (symbol "tmpobjid")
d:\UG\gamemodes\maps/mape.inc(14037) : warning 240: assigned value is never use
d (symbol "tmpobjid")
d:\UG\gamemodes\maps/mape.inc(14038) : warning 240: assigned value is never use
d (symbol "tmpobjid")
d:\UG\gamemodes\maps/mape.inc(14039) : warning 240: assigned value is never use
d (symbol "tmpobjid")
d:\UG\gamemodes\maps/mape.inc(14040) : warning 240: assigned value is never use
d (symbol "tmpobjid")
d:\UG\gamemodes\maps/mape.inc(14041) : warning 240: assigned value is never use
d (symbol "tmpobjid")
d:\UG\gamemodes\maps/mape.inc(14042) : warning 240: assigned value is never use
d (symbol "tmpobjid")
d:\UG\gamemodes\maps/mape.inc(14043) : warning 240: assigned value is never use
d (symbol "tmpobjid")
d:\UG\gamemodes\maps/mape.inc(14044) : warning 240: assigned value is never use
d (symbol "tmpobjid")
d:\UG\gamemodes\maps/mape.inc(14045) : warning 240: assigned value is never use
d (symbol "tmpobjid")
d:\UG\gamemodes\maps/mape.inc(14046) : warning 240: assigned value is never use
d (symbol "tmpobjid")
d:\UG\gamemodes\maps/mape.inc(14047) : warning 240: assigned value is never use
d (symbol "tmpobjid")
d:\UG\gamemodes\maps/mape.inc(14048) : warning 240: assigned value is never use
d (symbol "tmpobjid")
d:\UG\gamemodes\maps/mape.inc(14049) : warning 240: assigned value is never use
d (symbol "tmpobjid")
d:\UG\gamemodes\maps/mape.inc(14050) : warning 240: assigned value is never use
d (symbol "tmpobjid")
d:\UG\gamemodes\maps/mape.inc(14051) : warning 240: assigned value is never use
d (symbol "tmpobjid")
d:\UG\gamemodes\maps/mape.inc(14052) : warning 240: assigned value is never use
d (symbol "tmpobjid")
d:\UG\gamemodes\maps/mape.inc(14053) : warning 240: assigned value is never use
d (symbol "tmpobjid")
d:\UG\gamemodes\maps/mape.inc(14054) : warning 240: assigned value is never use
d (symbol "tmpobjid")
d:\UG\gamemodes\maps/mape.inc(14055) : warning 240: assigned value is never use
d (symbol "tmpobjid")
d:\UG\gamemodes\maps/mape.inc(14056) : warning 240: assigned value is never use
d (symbol "tmpobjid")
d:\UG\gamemodes\maps/mape.inc(14057) : warning 240: assigned value is never use
d (symbol "tmpobjid")
d:\UG\gamemodes\maps/mape.inc(14058) : warning 240: assigned value is never use
d (symbol "tmpobjid")
d:\UG\gamemodes\maps/mape.inc(14059) : warning 240: assigned value is never use
d (symbol "tmpobjid")
d:\UG\gamemodes\maps/mape.inc(14060) : warning 240: assigned value is never use
d (symbol "tmpobjid")
d:\UG\gamemodes\maps/mape.inc(14061) : warning 240: assigned value is never use
d (symbol "tmpobjid")
d:\UG\gamemodes\maps/mape.inc(14062) : warning 240: assigned value is never use
d (symbol "tmpobjid")
d:\UG\gamemodes\maps/mape.inc(14063) : warning 240: assigned value is never use
d (symbol "tmpobjid")
d:\UG\gamemodes\maps/mape.inc(14064) : warning 240: assigned value is never use
d (symbol "tmpobjid")
d:\UG\gamemodes\maps/mape.inc(14065) : warning 240: assigned value is never use
d (symbol "tmpobjid")
d:\UG\gamemodes\maps/mape.inc(14066) : warning 240: assigned value is never use
d (symbol "tmpobjid")
d:\UG\gamemodes\maps/mape.inc(14067) : warning 240: assigned value is never use
d (symbol "tmpobjid")
d:\UG\gamemodes\maps/mape.inc(14068) : warning 240: assigned value is never use
d (symbol "tmpobjid")
d:\UG\gamemodes\maps/mape.inc(14069) : warning 240: assigned value is never use
d (symbol "tmpobjid")
d:\UG\gamemodes\maps/mape.inc(14070) : warning 240: assigned value is never use
d (symbol "tmpobjid")
d:\UG\gamemodes\maps/mape.inc(14071) : warning 240: assigned value is never use
d (symbol "tmpobjid")
d:\UG\gamemodes\maps/mape.inc(14072) : warning 240: assigned value is never use
d (symbol "tmpobjid")
d:\UG\gamemodes\maps/mape.inc(14073) : warning 240: assigned value is never use
d (symbol "tmpobjid")
d:\UG\gamemodes\maps/mape.inc(14074) : warning 240: assigned value is never use
d (symbol "tmpobjid")
d:\UG\gamemodes\maps/mape.inc(14166) : warning 240: assigned value is never use
d (symbol "tmpobjid")
d:\UG\gamemodes\maps/mape.inc(14167) : warning 240: assigned value is never use
d (symbol "tmpobjid")
d:\UG\gamemodes\maps/mape.inc(14168) : warning 240: assigned value is never use
d (symbol "tmpobjid")
d:\UG\gamemodes\maps/mape.inc(14169) : warning 240: assigned value is never use
d (symbol "tmpobjid")
d:\UG\gamemodes\maps/mape.inc(14170) : warning 240: assigned value is never use
d (symbol "tmpobjid")
d:\UG\gamemodes\maps/mape.inc(14171) : warning 240: assigned value is never use
d (symbol "tmpobjid")
d:\UG\gamemodes\maps/mape.inc(14172) : warning 240: assigned value is never use
d (symbol "tmpobjid")
d:\UG\gamemodes\maps/mape.inc(14173) : warning 240: assigned value is never use
d (symbol "tmpobjid")
d:\UG\gamemodes\maps/mape.inc(14174) : warning 240: assigned value is never use
d (symbol "tmpobjid")
d:\UG\gamemodes\maps/mape.inc(14175) : warning 240: assigned value is never use
d (symbol "tmpobjid")
d:\UG\gamemodes\maps/mape.inc(14176) : warning 240: assigned value is never use
d (symbol "tmpobjid")
d:\UG\gamemodes\maps/mape.inc(14177) : warning 240: assigned value is never use
d (symbol "tmpobjid")
d:\UG\gamemodes\maps/mape.inc(14178) : warning 240: assigned value is never use
d (symbol "tmpobjid")
d:\UG\gamemodes\maps/mape.inc(14179) : warning 240: assigned value is never use
d (symbol "tmpobjid")
d:\UG\gamemodes\maps/mape.inc(14180) : warning 240: assigned value is never use
d (symbol "tmpobjid")
d:\UG\gamemodes\maps/mape.inc(14181) : warning 240: assigned value is never use
d (symbol "tmpobjid")
d:\UG\gamemodes\maps/mape.inc(14182) : warning 240: assigned value is never use
d (symbol "tmpobjid")
d:\UG\gamemodes\maps/mape.inc(14564) : warning 240: assigned value is never use
d (symbol "dnb_kuca")
d:\UG\gamemodes\maps/mape.inc(14565) : warning 240: assigned value is never use
d (symbol "dnb_kuca")
d:\UG\gamemodes\maps/mape.inc(14566) : warning 240: assigned value is never use
d (symbol "dnb_kuca")
d:\UG\gamemodes\maps/mape.inc(14567) : warning 240: assigned value is never use
d (symbol "dnb_kuca")
d:\UG\gamemodes\maps/mape.inc(14568) : warning 240: assigned value is never use
d (symbol "dnb_kuca")
d:\UG\gamemodes\maps/mape.inc(14569) : warning 240: assigned value is never use
d (symbol "dnb_kuca")
d:\UG\gamemodes\maps/mape.inc(14570) : warning 240: assigned value is never use
d (symbol "dnb_kuca")
d:\UG\gamemodes\maps/mape.inc(14571) : warning 240: assigned value is never use
d (symbol "dnb_kuca")
d:\UG\gamemodes\maps/mape.inc(14572) : warning 240: assigned value is never use
d (symbol "dnb_kuca")
d:\UG\gamemodes\maps/mape.inc(14573) : warning 240: assigned value is never use
d (symbol "dnb_kuca")
d:\UG\gamemodes\maps/mape.inc(14574) : warning 240: assigned value is never use
d (symbol "dnb_kuca")
d:\UG\gamemodes\maps/mape.inc(14575) : warning 240: assigned value is never use
d (symbol "dnb_kuca")
d:\UG\gamemodes\maps/mape.inc(14576) : warning 240: assigned value is never use
d (symbol "dnb_kuca")
d:\UG\gamemodes\maps/mape.inc(14577) : warning 240: assigned value is never use
d (symbol "dnb_kuca")
d:\UG\gamemodes\maps/mape.inc(14578) : warning 240: assigned value is never use
d (symbol "dnb_kuca")
d:\UG\gamemodes\maps/mape.inc(14579) : warning 240: assigned value is never use
d (symbol "dnb_kuca")
d:\UG\gamemodes\maps/mape.inc(14580) : warning 240: assigned value is never use
d (symbol "dnb_kuca")
d:\UG\gamemodes\maps/mape.inc(14581) : warning 240: assigned value is never use
d (symbol "dnb_kuca")
d:\UG\gamemodes\maps/mape.inc(14582) : warning 240: assigned value is never use
d (symbol "dnb_kuca")
d:\UG\gamemodes\maps/mape.inc(14583) : warning 240: assigned value is never use
d (symbol "dnb_kuca")
d:\UG\gamemodes\maps/mape.inc(14584) : warning 240: assigned value is never use
d (symbol "dnb_kuca")
d:\UG\gamemodes\maps/mape.inc(14585) : warning 240: assigned value is never use
d (symbol "dnb_kuca")
d:\UG\gamemodes\maps/mape.inc(14586) : warning 240: assigned value is never use
d (symbol "dnb_kuca")
d:\UG\gamemodes\maps/mape.inc(14587) : warning 240: assigned value is never use
d (symbol "dnb_kuca")
d:\UG\gamemodes\maps/mape.inc(14588) : warning 240: assigned value is never use
d (symbol "dnb_kuca")
d:\UG\gamemodes\maps/mape.inc(14589) : warning 240: assigned value is never use
d (symbol "dnb_kuca")
d:\UG\gamemodes\maps/mape.inc(14590) : warning 240: assigned value is never use
d (symbol "dnb_kuca")
d:\UG\gamemodes\maps/mape.inc(14591) : warning 240: assigned value is never use
d (symbol "dnb_kuca")
d:\UG\gamemodes\maps/mape.inc(15165) : warning 240: assigned value is never use
d (symbol "fabrikaintChappo")
d:\UG\gamemodes\maps/mape.inc(15166) : warning 240: assigned value is never use
d (symbol "fabrikaintChappo")
d:\UG\gamemodes\maps/mape.inc(15167) : warning 240: assigned value is never use
d (symbol "fabrikaintChappo")
d:\UG\gamemodes\maps/mape.inc(15168) : warning 240: assigned value is never use
d (symbol "fabrikaintChappo")
d:\UG\gamemodes\maps/mape.inc(15169) : warning 240: assigned value is never use
d (symbol "fabrikaintChappo")
d:\UG\gamemodes\maps/mape.inc(15170) : warning 240: assigned value is never use
d (symbol "fabrikaintChappo")
d:\UG\gamemodes\maps/mape.inc(15171) : warning 240: assigned value is never use
d (symbol "fabrikaintChappo")
d:\UG\gamemodes\maps/mape.inc(15172) : warning 240: assigned value is never use
d (symbol "fabrikaintChappo")
d:\UG\gamemodes\maps/mape.inc(15173) : warning 240: assigned value is never use
d (symbol "fabrikaintChappo")
d:\UG\gamemodes\maps/mape.inc(15174) : warning 240: assigned value is never use
d (symbol "fabrikaintChappo")
d:\UG\gamemodes\maps/mape.inc(15175) : warning 240: assigned value is never use
d (symbol "fabrikaintChappo")
d:\UG\gamemodes\maps/mape.inc(15176) : warning 240: assigned value is never use
d (symbol "fabrikaintChappo")
d:\UG\gamemodes\maps/mape.inc(15177) : warning 240: assigned value is never use
d (symbol "fabrikaintChappo")
d:\UG\gamemodes\maps/mape.inc(15178) : warning 240: assigned value is never use
d (symbol "fabrikaintChappo")
d:\UG\gamemodes\maps/mape.inc(15179) : warning 240: assigned value is never use
d (symbol "fabrikaintChappo")
d:\UG\gamemodes\maps/mape.inc(15180) : warning 240: assigned value is never use
d (symbol "fabrikaintChappo")
d:\UG\gamemodes\maps/mape.inc(15181) : warning 240: assigned value is never use
d (symbol "fabrikaintChappo")
d:\UG\gamemodes\maps/mape.inc(15182) : warning 240: assigned value is never use
d (symbol "fabrikaintChappo")
d:\UG\gamemodes\maps/mape.inc(15183) : warning 240: assigned value is never use
d (symbol "fabrikaintChappo")
d:\UG\gamemodes\maps/mape.inc(15184) : warning 240: assigned value is never use
d (symbol "fabrikaintChappo")
d:\UG\gamemodes\maps/mape.inc(15185) : warning 240: assigned value is never use
d (symbol "fabrikaintChappo")
d:\UG\gamemodes\maps/mape.inc(15186) : warning 240: assigned value is never use
d (symbol "fabrikaintChappo")
d:\UG\gamemodes\maps/mape.inc(15187) : warning 240: assigned value is never use
d (symbol "fabrikaintChappo")
d:\UG\gamemodes\maps/mape.inc(15188) : warning 240: assigned value is never use
d (symbol "fabrikaintChappo")
d:\UG\gamemodes\maps/mape.inc(15189) : warning 240: assigned value is never use
d (symbol "fabrikaintChappo")
d:\UG\gamemodes\maps/mape.inc(15190) : warning 240: assigned value is never use
d (symbol "fabrikaintChappo")
d:\UG\gamemodes\maps/mape.inc(15191) : warning 240: assigned value is never use
d (symbol "fabrikaintChappo")
d:\UG\gamemodes\maps/mape.inc(15192) : warning 240: assigned value is never use
d (symbol "fabrikaintChappo")
d:\UG\gamemodes\maps/mape.inc(15193) : warning 240: assigned value is never use
d (symbol "fabrikaintChappo")
d:\UG\gamemodes\maps/mape.inc(15194) : warning 240: assigned value is never use
d (symbol "fabrikaintChappo")
d:\UG\gamemodes\maps/mape.inc(15195) : warning 240: assigned value is never use
d (symbol "fabrikaintChappo")
d:\UG\gamemodes\maps/mape.inc(15196) : warning 240: assigned value is never use
d (symbol "fabrikaintChappo")
d:\UG\gamemodes\maps/mape.inc(15197) : warning 240: assigned value is never use
d (symbol "fabrikaintChappo")
d:\UG\gamemodes\maps/mape.inc(15198) : warning 240: assigned value is never use
d (symbol "fabrikaintChappo")
d:\UG\gamemodes\maps/mape.inc(15199) : warning 240: assigned value is never use
d (symbol "fabrikaintChappo")
d:\UG\gamemodes\maps/mape.inc(15200) : warning 240: assigned value is never use
d (symbol "fabrikaintChappo")
d:\UG\gamemodes\maps/mape.inc(15201) : warning 240: assigned value is never use
d (symbol "fabrikaintChappo")
d:\UG\gamemodes\maps/mape.inc(15202) : warning 240: assigned value is never use
d (symbol "fabrikaintChappo")
d:\UG\gamemodes\maps/mape.inc(15203) : warning 240: assigned value is never use
d (symbol "fabrikaintChappo")
d:\UG\gamemodes\maps/mape.inc(15204) : warning 240: assigned value is never use
d (symbol "fabrikaintChappo")
d:\UG\gamemodes\maps/mape.inc(15205) : warning 240: assigned value is never use
d (symbol "fabrikaintChappo")
d:\UG\gamemodes\maps/mape.inc(15206) : warning 240: assigned value is never use
d (symbol "fabrikaintChappo")
d:\UG\gamemodes\maps/mape.inc(15207) : warning 240: assigned value is never use
d (symbol "fabrikaintChappo")
d:\UG\gamemodes\maps/mape.inc(15208) : warning 240: assigned value is never use
d (symbol "fabrikaintChappo")
d:\UG\gamemodes\maps/mape.inc(15209) : warning 240: assigned value is never use
d (symbol "fabrikaintChappo")
d:\UG\gamemodes\maps/mape.inc(15210) : warning 240: assigned value is never use
d (symbol "fabrikaintChappo")
d:\UG\gamemodes\maps/mape.inc(15211) : warning 240: assigned value is never use
d (symbol "fabrikaintChappo")
d:\UG\gamemodes\maps/mape.inc(15212) : warning 240: assigned value is never use
d (symbol "fabrikaintChappo")
d:\UG\gamemodes\maps/mape.inc(15213) : warning 240: assigned value is never use
d (symbol "fabrikaintChappo")
d:\UG\gamemodes\maps/mape.inc(15214) : warning 240: assigned value is never use
d (symbol "fabrikaintChappo")
d:\UG\gamemodes\maps/mape.inc(15215) : warning 240: assigned value is never use
d (symbol "fabrikaintChappo")
d:\UG\gamemodes\maps/mape.inc(15216) : warning 240: assigned value is never use
d (symbol "fabrikaintChappo")
d:\UG\gamemodes\maps/mape.inc(15217) : warning 240: assigned value is never use
d (symbol "fabrikaintChappo")
d:\UG\gamemodes\maps/mape.inc(15218) : warning 240: assigned value is never use
d (symbol "fabrikaintChappo")
d:\UG\gamemodes\maps/mape.inc(15219) : warning 240: assigned value is never use
d (symbol "fabrikaintChappo")
d:\UG\gamemodes\maps/mape.inc(15220) : warning 240: assigned value is never use
d (symbol "fabrikaintChappo")
d:\UG\gamemodes\maps/mape.inc(15221) : warning 240: assigned value is never use
d (symbol "fabrikaintChappo")
d:\UG\gamemodes\maps/mape.inc(15222) : warning 240: assigned value is never use
d (symbol "fabrikaintChappo")
d:\UG\gamemodes\maps/mape.inc(15223) : warning 240: assigned value is never use
d (symbol "fabrikaintChappo")
d:\UG\gamemodes\maps/mape.inc(15224) : warning 240: assigned value is never use
d (symbol "fabrikaintChappo")
d:\UG\gamemodes\maps/mape.inc(15225) : warning 240: assigned value is never use
d (symbol "fabrikaintChappo")
d:\UG\gamemodes\maps/mape.inc(15226) : warning 240: assigned value is never use
d (symbol "fabrikaintChappo")
d:\UG\gamemodes\maps/mape.inc(15227) : warning 240: assigned value is never use
d (symbol "fabrikaintChappo")
d:\UG\gamemodes\maps/mape.inc(15228) : warning 240: assigned value is never use
d (symbol "fabrikaintChappo")
d:\UG\gamemodes\maps/mape.inc(15229) : warning 240: assigned value is never use
d (symbol "fabrikaintChappo")
d:\UG\gamemodes\maps/mape.inc(15230) : warning 240: assigned value is never use
d (symbol "fabrikaintChappo")
d:\UG\gamemodes\maps/mape.inc(15231) : warning 240: assigned value is never use
d (symbol "fabrikaintChappo")
d:\UG\gamemodes\maps/mape.inc(15232) : warning 240: assigned value is never use
d (symbol "fabrikaintChappo")
d:\UG\gamemodes\maps/mape.inc(15233) : warning 240: assigned value is never use
d (symbol "fabrikaintChappo")
d:\UG\gamemodes\maps/mape.inc(15234) : warning 240: assigned value is never use
d (symbol "fabrikaintChappo")
d:\UG\gamemodes\maps/mape.inc(15238) : warning 217: loose indentation
d:\UG\gamemodes\maps/mape.inc(15239) : warning 217: loose indentation
d:\UG\gamemodes\maps/mape.inc(15269) : warning 240: assigned value is never use
d (symbol "trafike")
d:\UG\gamemodes\maps/mape.inc(15270) : warning 240: assigned value is never use
d (symbol "trafike")
d:\UG\gamemodes\maps/mape.inc(15271) : warning 240: assigned value is never use
d (symbol "trafike")
d:\UG\gamemodes\maps/mape.inc(15272) : warning 240: assigned value is never use
d (symbol "trafike")
d:\UG\gamemodes\maps/mape.inc(15273) : warning 240: assigned value is never use
d (symbol "trafike")
d:\UG\gamemodes\maps/mape.inc(15274) : warning 240: assigned value is never use
d (symbol "trafike")
d:\UG\gamemodes\maps/mape.inc(15275) : warning 240: assigned value is never use
d (symbol "trafike")
d:\UG\gamemodes\maps/mape.inc(15276) : warning 240: assigned value is never use
d (symbol "trafike")
d:\UG\gamemodes\maps/mape.inc(15277) : warning 240: assigned value is never use
d (symbol "trafike")
d:\UG\gamemodes\maps/mape.inc(15278) : warning 240: assigned value is never use
d (symbol "trafike")
d:\UG\gamemodes\maps/mape.inc(15279) : warning 240: assigned value is never use
d (symbol "trafike")
d:\UG\gamemodes\maps/mape.inc(15280) : warning 240: assigned value is never use
d (symbol "trafike")
d:\UG\gamemodes\maps/mape.inc(15281) : warning 240: assigned value is never use
d (symbol "trafike")
d:\UG\gamemodes\maps/mape.inc(15282) : warning 240: assigned value is never use
d (symbol "trafike")
d:\UG\gamemodes\maps/mape.inc(15283) : warning 240: assigned value is never use
d (symbol "trafike")
d:\UG\gamemodes\maps/mape.inc(15284) : warning 240: assigned value is never use
d (symbol "trafike")
d:\UG\gamemodes\maps/mape.inc(15285) : warning 240: assigned value is never use
d (symbol "trafike")
d:\UG\gamemodes\maps/mape.inc(15286) : warning 240: assigned value is never use
d (symbol "trafike")
d:\UG\gamemodes\maps/mape.inc(15287) : warning 240: assigned value is never use
d (symbol "trafike")
d:\UG\gamemodes\maps/mape.inc(15288) : warning 240: assigned value is never use
d (symbol "trafike")
d:\UG\gamemodes\maps/mape.inc(15289) : warning 240: assigned value is never use
d (symbol "trafike")
d:\UG\gamemodes\maps/mape.inc(15290) : warning 240: assigned value is never use
d (symbol "trafike")
d:\UG\gamemodes\maps/mape.inc(15291) : warning 240: assigned value is never use
d (symbol "trafike")
d:\UG\gamemodes\maps/mape.inc(15292) : warning 240: assigned value is never use
d (symbol "trafike")
d:\UG\gamemodes\maps/mape.inc(15293) : warning 240: assigned value is never use
d (symbol "trafike")
d:\UG\gamemodes\maps/mape.inc(15294) : warning 240: assigned value is never use
d (symbol "trafike")
d:\UG\gamemodes\maps/mape.inc(15295) : warning 240: assigned value is never use
d (symbol "trafike")
d:\UG\gamemodes\maps/mape.inc(15296) : warning 240: assigned value is never use
d (symbol "trafike")
d:\UG\gamemodes\maps/mape.inc(15297) : warning 240: assigned value is never use
d (symbol "trafike")
d:\UG\gamemodes\maps/mape.inc(15298) : warning 240: assigned value is never use
d (symbol "trafike")
d:\UG\gamemodes\maps/mape.inc(15299) : warning 240: assigned value is never use
d (symbol "trafike")
d:\UG\gamemodes\maps/mape.inc(15300) : warning 240: assigned value is never use
d (symbol "trafike")
d:\UG\gamemodes\maps/mape.inc(15301) : warning 240: assigned value is never use
d (symbol "trafike")
d:\UG\gamemodes\maps/mape.inc(15302) : warning 240: assigned value is never use
d (symbol "trafike")
d:\UG\gamemodes\maps/mape.inc(15303) : warning 240: assigned value is never use
d (symbol "trafike")
d:\UG\gamemodes\maps/mape.inc(15304) : warning 240: assigned value is never use
d (symbol "trafike")
d:\UG\gamemodes\maps/mape.inc(15305) : warning 240: assigned value is never use
d (symbol "trafike")
d:\UG\gamemodes\maps/mape.inc(15306) : warning 240: assigned value is never use
d (symbol "trafike")
d:\UG\gamemodes\maps/mape.inc(15307) : warning 240: assigned value is never use
d (symbol "trafike")
d:\UG\gamemodes\maps/mape.inc(15308) : warning 240: assigned value is never use
d (symbol "trafike")
d:\UG\gamemodes\maps/mape.inc(15309) : warning 240: assigned value is never use
d (symbol "trafike")
d:\UG\gamemodes\maps/mape.inc(15310) : warning 240: assigned value is never use
d (symbol "trafike")
d:\UG\gamemodes\maps/mape.inc(15311) : warning 240: assigned value is never use
d (symbol "trafike")
d:\UG\gamemodes\maps/mape.inc(15312) : warning 240: assigned value is never use
d (symbol "trafike")
d:\UG\gamemodes\maps/mape.inc(15313) : warning 240: assigned value is never use
d (symbol "trafike")
d:\UG\gamemodes\maps/mape.inc(15314) : warning 240: assigned value is never use
d (symbol "trafike")
d:\UG\gamemodes\maps/mape.inc(15315) : warning 240: assigned value is never use
d (symbol "trafike")
d:\UG\gamemodes\maps/mape.inc(15316) : warning 240: assigned value is never use
d (symbol "trafike")
d:\UG\gamemodes\maps/mape.inc(15317) : warning 240: assigned value is never use
d (symbol "trafike")
d:\UG\gamemodes\maps/mape.inc(15428) : warning 217: loose indentation
d:\UG\gamemodes\maps/mape.inc(15443) : warning 217: loose indentation
d:\UG\gamemodes\maps/mape.inc(15468) : warning 217: loose indentation
d:\UG\gamemodes\maps/mape.inc(15473) : warning 217: loose indentation
d:\UG\gamemodes\maps/mape.inc(15494) : warning 217: loose indentation
d:\UG\gamemodes\maps/mape.inc(15497) : warning 217: loose indentation
d:\UG\gamemodes\maps/mape.inc(15573) : warning 217: loose indentation
d:\UG\gamemodes\maps/mape.inc(15578) : warning 217: loose indentation
d:\UG\gamemodes\maps/mape.inc(15585) : warning 217: loose indentation
d:\UG\gamemodes\maps/mape.inc(15592) : warning 217: loose indentation
d:\UG\gamemodes\maps/mape.inc(15595) : warning 217: loose indentation
d:\UG\gamemodes\maps/mape.inc(15597) : warning 217: loose indentation
d:\UG\gamemodes\maps/mape.inc(15601) : warning 217: loose indentation
d:\UG\gamemodes\maps/mape.inc(15610) : warning 217: loose indentation
d:\UG\gamemodes\maps/mape.inc(15654) : warning 217: loose indentation
d:\UG\gamemodes\maps/mape.inc(15659) : warning 217: loose indentation
d:\UG\gamemodes\maps/mape.inc(15669) : warning 217: loose indentation
d:\UG\gamemodes\maps/mape.inc(15670) : warning 217: loose indentation
d:\UG\gamemodes\maps/mape.inc(15671) : warning 217: loose indentation
d:\UG\gamemodes\maps/mape.inc(15672) : warning 217: loose indentation
d:\UG\gamemodes\maps/mape.inc(15673) : warning 217: loose indentation
d:\UG\gamemodes\maps/mape.inc(15674) : warning 217: loose indentation
d:\UG\gamemodes\maps/mape.inc(15675) : warning 217: loose indentation
d:\UG\gamemodes\maps/mape.inc(15676) : warning 217: loose indentation
d:\UG\gamemodes\maps/mape.inc(15677) : warning 217: loose indentation
d:\UG\gamemodes\maps/mape.inc(15678) : warning 217: loose indentation
d:\UG\gamemodes\maps/mape.inc(15679) : warning 217: loose indentation
d:\UG\gamemodes\maps/mape.inc(15680) : warning 217: loose indentation
d:\UG\gamemodes\maps/mape.inc(15681) : warning 217: loose indentation
d:\UG\gamemodes\maps/mape.inc(15682) : warning 217: loose indentation
d:\UG\gamemodes\maps/mape.inc(15683) : warning 217: loose indentation
d:\UG\gamemodes\maps/mape.inc(15685) : warning 217: loose indentation
d:\UG\gamemodes\maps/mape.inc(15690) : warning 217: loose indentation
d:\UG\gamemodes\maps/mape.inc(15695) : warning 217: loose indentation
d:\UG\gamemodes\maps/mape.inc(15700) : warning 217: loose indentation
d:\UG\gamemodes\maps/mape.inc(15705) : warning 217: loose indentation
d:\UG\gamemodes\maps/mape.inc(15730) : warning 217: loose indentation
d:\UG\gamemodes\maps/mape.inc(15731) : warning 217: loose indentation
d:\UG\gamemodes\maps/mape.inc(15738) : warning 217: loose indentation
d:\UG\gamemodes\maps/mape.inc(15742) : warning 217: loose indentation
d:\UG\gamemodes\maps/mape.inc(15743) : warning 217: loose indentation
d:\UG\gamemodes\maps/mape.inc(15744) : warning 217: loose indentation
d:\UG\gamemodes\maps/mape.inc(15745) : warning 217: loose indentation
d:\UG\gamemodes\maps/mape.inc(15752) : warning 217: loose indentation
d:\UG\gamemodes\maps/mape.inc(15901) : warning 239: literal array/string passed
 to a non-const parameter
d:\UG\gamemodes\maps/mape.inc(15901) : warning 239: literal array/string passed
 to a non-const parameter
d:\UG\gamemodes\maps/mape.inc(15952) : warning 240: assigned value is never use
d (symbol "maprudnik")
d:\UG\gamemodes\maps/mape.inc(15953) : warning 240: assigned value is never use
d (symbol "maprudnik")
d:\UG\gamemodes\maps/mape.inc(15954) : warning 240: assigned value is never use
d (symbol "maprudnik")
d:\UG\gamemodes\maps/mape.inc(15955) : warning 240: assigned value is never use
d (symbol "maprudnik")
d:\UG\gamemodes\maps/mape.inc(15956) : warning 240: assigned value is never use
d (symbol "maprudnik")
d:\UG\gamemodes\maps/mape.inc(15957) : warning 240: assigned value is never use
d (symbol "maprudnik")
d:\UG\gamemodes\maps/mape.inc(15958) : warning 240: assigned value is never use
d (symbol "maprudnik")
d:\UG\gamemodes\maps/mape.inc(15959) : warning 240: assigned value is never use
d (symbol "maprudnik")
d:\UG\gamemodes\maps/mape.inc(15960) : warning 240: assigned value is never use
d (symbol "maprudnik")
d:\UG\gamemodes\maps/mape.inc(15961) : warning 240: assigned value is never use
d (symbol "maprudnik")
d:\UG\gamemodes\maps/mape.inc(15962) : warning 240: assigned value is never use
d (symbol "maprudnik")
d:\UG\gamemodes\maps/mape.inc(15963) : warning 240: assigned value is never use
d (symbol "maprudnik")
d:\UG\gamemodes\maps/mape.inc(15964) : warning 240: assigned value is never use
d (symbol "maprudnik")
d:\UG\gamemodes\maps/mape.inc(15965) : warning 240: assigned value is never use
d (symbol "maprudnik")
d:\UG\gamemodes\maps/mape.inc(15966) : warning 240: assigned value is never use
d (symbol "maprudnik")
d:\UG\gamemodes\maps/mape.inc(15967) : warning 240: assigned value is never use
d (symbol "maprudnik")
d:\UG\gamemodes\maps/mape.inc(15968) : warning 240: assigned value is never use
d (symbol "maprudnik")
d:\UG\gamemodes\maps/mape.inc(15969) : warning 240: assigned value is never use
d (symbol "maprudnik")
d:\UG\gamemodes\maps/mape.inc(15970) : warning 240: assigned value is never use
d (symbol "maprudnik")
d:\UG\gamemodes\maps/mape.inc(15971) : warning 240: assigned value is never use
d (symbol "maprudnik")
d:\UG\gamemodes\maps/mape.inc(15972) : warning 240: assigned value is never use
d (symbol "maprudnik")
d:\UG\gamemodes\maps/mape.inc(15973) : warning 240: assigned value is never use
d (symbol "maprudnik")
d:\UG\gamemodes\maps/mape.inc(15974) : warning 240: assigned value is never use
d (symbol "maprudnik")
d:\UG\gamemodes\maps/mape.inc(15975) : warning 240: assigned value is never use
d (symbol "maprudnik")
d:\UG\gamemodes\maps/mape.inc(15976) : warning 240: assigned value is never use
d (symbol "maprudnik")
d:\UG\gamemodes\maps/mape.inc(15977) : warning 240: assigned value is never use
d (symbol "maprudnik")
d:\UG\gamemodes\maps/mape.inc(15978) : warning 240: assigned value is never use
d (symbol "maprudnik")
d:\UG\gamemodes\maps/mape.inc(15979) : warning 240: assigned value is never use
d (symbol "maprudnik")
d:\UG\gamemodes\maps/mape.inc(15980) : warning 240: assigned value is never use
d (symbol "maprudnik")
d:\UG\gamemodes\maps/mape.inc(15981) : warning 240: assigned value is never use
d (symbol "maprudnik")
d:\UG\gamemodes\maps/mape.inc(15982) : warning 240: assigned value is never use
d (symbol "maprudnik")
d:\UG\gamemodes\maps/mape.inc(15983) : warning 240: assigned value is never use
d (symbol "maprudnik")
d:\UG\gamemodes\maps/mape.inc(15984) : warning 240: assigned value is never use
d (symbol "maprudnik")
d:\UG\gamemodes\maps/mape.inc(15985) : warning 240: assigned value is never use
d (symbol "maprudnik")
d:\UG\gamemodes\maps/mape.inc(15986) : warning 240: assigned value is never use
d (symbol "maprudnik")
d:\UG\gamemodes\maps/mape.inc(15987) : warning 240: assigned value is never use
d (symbol "maprudnik")
d:\UG\gamemodes\maps/mape.inc(15988) : warning 240: assigned value is never use
d (symbol "maprudnik")
d:\UG\gamemodes\maps/mape.inc(15989) : warning 240: assigned value is never use
d (symbol "maprudnik")
d:\UG\gamemodes\maps/mape.inc(15990) : warning 240: assigned value is never use
d (symbol "maprudnik")
d:\UG\gamemodes\maps/mape.inc(15991) : warning 240: assigned value is never use
d (symbol "maprudnik")
d:\UG\gamemodes\maps/mape.inc(15992) : warning 240: assigned value is never use
d (symbol "maprudnik")
d:\UG\gamemodes\maps/mape.inc(15993) : warning 240: assigned value is never use
d (symbol "maprudnik")
d:\UG\gamemodes\maps/mape.inc(15994) : warning 240: assigned value is never use
d (symbol "maprudnik")
d:\UG\gamemodes\maps/mape.inc(15995) : warning 240: assigned value is never use
d (symbol "maprudnik")
d:\UG\gamemodes\maps/mape.inc(15996) : warning 240: assigned value is never use
d (symbol "maprudnik")
d:\UG\gamemodes\maps/mape.inc(15997) : warning 240: assigned value is never use
d (symbol "maprudnik")
d:\UG\gamemodes\maps/mape.inc(15998) : warning 240: assigned value is never use
d (symbol "maprudnik")
d:\UG\gamemodes\maps/mape.inc(15999) : warning 240: assigned value is never use
d (symbol "maprudnik")
d:\UG\gamemodes\maps/mape.inc(16000) : warning 240: assigned value is never use
d (symbol "maprudnik")
d:\UG\gamemodes\maps/mape.inc(16001) : warning 240: assigned value is never use
d (symbol "maprudnik")
d:\UG\gamemodes\maps/mape.inc(16002) : warning 240: assigned value is never use
d (symbol "maprudnik")
d:\UG\gamemodes\maps/mape.inc(16003) : warning 240: assigned value is never use
d (symbol "maprudnik")
d:\UG\gamemodes\maps/mape.inc(16004) : warning 240: assigned value is never use
d (symbol "maprudnik")
d:\UG\gamemodes\maps/mape.inc(16005) : warning 240: assigned value is never use
d (symbol "maprudnik")
d:\UG\gamemodes\maps/mape.inc(16006) : warning 240: assigned value is never use
d (symbol "maprudnik")
d:\UG\gamemodes\maps/mape.inc(16007) : warning 240: assigned value is never use
d (symbol "maprudnik")
d:\UG\gamemodes\maps/mape.inc(16008) : warning 240: assigned value is never use
d (symbol "maprudnik")
d:\UG\gamemodes\maps/mape.inc(16009) : warning 240: assigned value is never use
d (symbol "maprudnik")
d:\UG\gamemodes\maps/mape.inc(16010) : warning 240: assigned value is never use
d (symbol "maprudnik")
d:\UG\gamemodes\maps/mape.inc(16011) : warning 240: assigned value is never use
d (symbol "maprudnik")
d:\UG\gamemodes\maps/mape.inc(16012) : warning 240: assigned value is never use
d (symbol "maprudnik")
d:\UG\gamemodes\maps/mape.inc(16013) : warning 240: assigned value is never use
d (symbol "maprudnik")
d:\UG\gamemodes\maps/mape.inc(16014) : warning 240: assigned value is never use
d (symbol "maprudnik")
d:\UG\gamemodes\maps/mape.inc(16015) : warning 240: assigned value is never use
d (symbol "maprudnik")
d:\UG\gamemodes\maps/mape.inc(16016) : warning 240: assigned value is never use
d (symbol "maprudnik")
d:\UG\gamemodes\maps/mape.inc(16017) : warning 240: assigned value is never use
d (symbol "maprudnik")
d:\UG\gamemodes\maps/mape.inc(16018) : warning 240: assigned value is never use
d (symbol "maprudnik")
d:\UG\gamemodes\maps/mape.inc(16019) : warning 240: assigned value is never use
d (symbol "maprudnik")
d:\UG\gamemodes\maps/mape.inc(16020) : warning 240: assigned value is never use
d (symbol "maprudnik")
d:\UG\gamemodes\maps/mape.inc(16021) : warning 240: assigned value is never use
d (symbol "maprudnik")
d:\UG\gamemodes\maps/mape.inc(16022) : warning 240: assigned value is never use
d (symbol "maprudnik")
d:\UG\gamemodes\maps/mape.inc(16023) : warning 240: assigned value is never use
d (symbol "maprudnik")
d:\UG\gamemodes\maps/mape.inc(16024) : warning 240: assigned value is never use
d (symbol "maprudnik")
d:\UG\gamemodes\maps/mape.inc(16025) : warning 240: assigned value is never use
d (symbol "maprudnik")
d:\UG\gamemodes\maps/mape.inc(16129) : warning 240: assigned value is never use
d (symbol "rudnikext")
d:\UG\gamemodes\maps/mape.inc(16130) : warning 240: assigned value is never use
d (symbol "rudnikext")
d:\UG\gamemodes\maps/mape.inc(16131) : warning 240: assigned value is never use
d (symbol "rudnikext")
d:\UG\gamemodes\maps/mape.inc(16132) : warning 240: assigned value is never use
d (symbol "rudnikext")
d:\UG\gamemodes\maps/mape.inc(16133) : warning 240: assigned value is never use
d (symbol "rudnikext")
d:\UG\gamemodes\maps/mape.inc(16134) : warning 240: assigned value is never use
d (symbol "rudnikext")
d:\UG\gamemodes\maps/mape.inc(16135) : warning 240: assigned value is never use
d (symbol "rudnikext")
d:\UG\gamemodes\maps/mape.inc(16136) : warning 240: assigned value is never use
d (symbol "rudnikext")
d:\UG\gamemodes\maps/mape.inc(16137) : warning 240: assigned value is never use
d (symbol "rudnikext")
d:\UG\gamemodes\maps/mape.inc(16138) : warning 240: assigned value is never use
d (symbol "rudnikext")
d:\UG\gamemodes\maps/mape.inc(16139) : warning 240: assigned value is never use
d (symbol "rudnikext")
d:\UG\gamemodes\maps/mape.inc(16140) : warning 240: assigned value is never use
d (symbol "rudnikext")
d:\UG\gamemodes\maps/mape.inc(16141) : warning 240: assigned value is never use
d (symbol "rudnikext")
d:\UG\gamemodes\maps/mape.inc(16142) : warning 240: assigned value is never use
d (symbol "rudnikext")
d:\UG\gamemodes\maps/mape.inc(16143) : warning 240: assigned value is never use
d (symbol "rudnikext")
d:\UG\gamemodes\maps/mape.inc(16144) : warning 240: assigned value is never use
d (symbol "rudnikext")
d:\UG\gamemodes\maps/mape.inc(16145) : warning 240: assigned value is never use
d (symbol "rudnikext")
d:\UG\gamemodes\maps/mape.inc(16146) : warning 240: assigned value is never use
d (symbol "rudnikext")
d:\UG\gamemodes\maps/mape.inc(16147) : warning 240: assigned value is never use
d (symbol "rudnikext")
d:\UG\gamemodes\maps/mape.inc(16148) : warning 240: assigned value is never use
d (symbol "rudnikext")
d:\UG\gamemodes\maps/mape.inc(16149) : warning 240: assigned value is never use
d (symbol "rudnikext")
d:\UG\gamemodes\maps/mape.inc(16150) : warning 240: assigned value is never use
d (symbol "rudnikext")
d:\UG\gamemodes\maps/mape.inc(14183) : warning 240: assigned value is never use
d (symbol "tmpobjid")
d:\UG\gamemodes\maps/mape.inc(16204) : warning 240: assigned value is never use
d (symbol "tmpobjid")
d:\UG\gamemodes\maps/mape.inc(16205) : warning 240: assigned value is never use
d (symbol "tmpobjid")
d:\UG\gamemodes\maps/mape.inc(16206) : warning 240: assigned value is never use
d (symbol "tmpobjid")
d:\UG\gamemodes\maps/mape.inc(16207) : warning 240: assigned value is never use
d (symbol "tmpobjid")
d:\UG\gamemodes\maps/mape.inc(16208) : warning 240: assigned value is never use
d (symbol "tmpobjid")
d:\UG\gamemodes\maps/mape.inc(16209) : warning 240: assigned value is never use
d (symbol "tmpobjid")
d:\UG\gamemodes\maps/mape.inc(16210) : warning 240: assigned value is never use
d (symbol "tmpobjid")
d:\UG\gamemodes\maps/mape.inc(16211) : warning 240: assigned value is never use
d (symbol "tmpobjid")
d:\UG\gamemodes\maps/mape.inc(16212) : warning 240: assigned value is never use
d (symbol "tmpobjid")
d:\UG\gamemodes\maps/mape.inc(16213) : warning 240: assigned value is never use
d (symbol "tmpobjid")
d:\UG\gamemodes\maps/mape.inc(16214) : warning 240: assigned value is never use
d (symbol "tmpobjid")
d:\UG\gamemodes\maps/mape.inc(16215) : warning 240: assigned value is never use
d (symbol "tmpobjid")
d:\UG\gamemodes\maps/mape.inc(16216) : warning 240: assigned value is never use
d (symbol "tmpobjid")
d:\UG\gamemodes\maps/mape.inc(16217) : warning 240: assigned value is never use
d (symbol "tmpobjid")
d:\UG\gamemodes\maps/mape.inc(16218) : warning 240: assigned value is never use
d (symbol "tmpobjid")
d:\UG\gamemodes\maps/mape.inc(16219) : warning 240: assigned value is never use
d (symbol "tmpobjid")
d:\UG\gamemodes\maps/mape.inc(16220) : warning 240: assigned value is never use
d (symbol "tmpobjid")
d:\UG\gamemodes\maps/mape.inc(16221) : warning 240: assigned value is never use
d (symbol "tmpobjid")
d:\UG\gamemodes\maps/mape.inc(16222) : warning 240: assigned value is never use
d (symbol "tmpobjid")
d:\UG\gamemodes\maps/mape.inc(16223) : warning 240: assigned value is never use
d (symbol "tmpobjid")
d:\UG\gamemodes\maps/mape.inc(16224) : warning 240: assigned value is never use
d (symbol "tmpobjid")
d:\UG\gamemodes\maps/mape.inc(16225) : warning 240: assigned value is never use
d (symbol "tmpobjid")
d:\UG\gamemodes\maps/mape.inc(16226) : warning 240: assigned value is never use
d (symbol "tmpobjid")
d:\UG\gamemodes\maps/mape.inc(16227) : warning 240: assigned value is never use
d (symbol "tmpobjid")
d:\UG\gamemodes\maps/mape.inc(16228) : warning 240: assigned value is never use
d (symbol "tmpobjid")
d:\UG\gamemodes\maps/mape.inc(16229) : warning 240: assigned value is never use
d (symbol "tmpobjid")
d:\UG\gamemodes\maps/mape.inc(16230) : warning 240: assigned value is never use
d (symbol "tmpobjid")
d:\UG\gamemodes\maps/mape.inc(16231) : warning 240: assigned value is never use
d (symbol "tmpobjid")
d:\UG\gamemodes\maps/mape.inc(16232) : warning 240: assigned value is never use
d (symbol "tmpobjid")
d:\UG\gamemodes\maps/mape.inc(16233) : warning 240: assigned value is never use
d (symbol "tmpobjid")
d:\UG\gamemodes\maps/mape.inc(16406) : warning 240: assigned value is never use
d (symbol "apotekabyfish")
d:\UG\gamemodes\maps/mape.inc(16407) : warning 240: assigned value is never use
d (symbol "apotekabyfish")
d:\UG\gamemodes\maps/mape.inc(16408) : warning 240: assigned value is never use
d (symbol "apotekabyfish")
d:\UG\gamemodes\maps/mape.inc(16409) : warning 240: assigned value is never use
d (symbol "apotekabyfish")
d:\UG\gamemodes\maps/mape.inc(16410) : warning 240: assigned value is never use
d (symbol "apotekabyfish")
d:\UG\gamemodes\maps/mape.inc(16411) : warning 240: assigned value is never use
d (symbol "apotekabyfish")
d:\UG\gamemodes\maps/mape.inc(16412) : warning 240: assigned value is never use
d (symbol "apotekabyfish")
d:\UG\gamemodes\maps/mape.inc(16413) : warning 240: assigned value is never use
d (symbol "apotekabyfish")
d:\UG\gamemodes\maps/mape.inc(16414) : warning 240: assigned value is never use
d (symbol "apotekabyfish")
d:\UG\gamemodes\maps/mape.inc(16415) : warning 240: assigned value is never use
d (symbol "apotekabyfish")
d:\UG\gamemodes\maps/mape.inc(16416) : warning 240: assigned value is never use
d (symbol "apotekabyfish")
d:\UG\gamemodes\maps/mape.inc(16417) : warning 240: assigned value is never use
d (symbol "apotekabyfish")
d:\UG\gamemodes\maps/mape.inc(16418) : warning 240: assigned value is never use
d (symbol "apotekabyfish")
d:\UG\gamemodes\maps/mape.inc(16419) : warning 240: assigned value is never use
d (symbol "apotekabyfish")
d:\UG\gamemodes\maps/mape.inc(16420) : warning 240: assigned value is never use
d (symbol "apotekabyfish")
d:\UG\gamemodes\maps/mape.inc(16421) : warning 240: assigned value is never use
d (symbol "apotekabyfish")
d:\UG\gamemodes\maps/mape.inc(16422) : warning 240: assigned value is never use
d (symbol "apotekabyfish")
d:\UG\gamemodes\maps/mape.inc(16423) : warning 240: assigned value is never use
d (symbol "apotekabyfish")
d:\UG\gamemodes\maps/mape.inc(16424) : warning 240: assigned value is never use
d (symbol "apotekabyfish")
d:\UG\gamemodes\maps/mape.inc(16425) : warning 240: assigned value is never use
d (symbol "apotekabyfish")
d:\UG\gamemodes\maps/mape.inc(16426) : warning 240: assigned value is never use
d (symbol "apotekabyfish")
d:\UG\gamemodes\maps/mape.inc(16427) : warning 240: assigned value is never use
d (symbol "apotekabyfish")
d:\UG\gamemodes\maps/mape.inc(16428) : warning 240: assigned value is never use
d (symbol "apotekabyfish")
d:\UG\gamemodes\maps/mape.inc(16429) : warning 240: assigned value is never use
d (symbol "apotekabyfish")
d:\UG\gamemodes\maps/mape.inc(16430) : warning 240: assigned value is never use
d (symbol "apotekabyfish")
d:\UG\gamemodes\maps/mape.inc(16431) : warning 240: assigned value is never use
d (symbol "apotekabyfish")
d:\UG\gamemodes\maps/mape.inc(16432) : warning 240: assigned value is never use
d (symbol "apotekabyfish")
d:\UG\gamemodes\maps/mape.inc(16433) : warning 240: assigned value is never use
d (symbol "apotekabyfish")
d:\UG\gamemodes\maps/mape.inc(16434) : warning 240: assigned value is never use
d (symbol "apotekabyfish")
d:\UG\gamemodes\maps/mape.inc(16435) : warning 240: assigned value is never use
d (symbol "apotekabyfish")
d:\UG\gamemodes\maps/mape.inc(16436) : warning 240: assigned value is never use
d (symbol "apotekabyfish")
d:\UG\gamemodes\maps/mape.inc(16437) : warning 240: assigned value is never use
d (symbol "apotekabyfish")
d:\UG\gamemodes\maps/mape.inc(16438) : warning 240: assigned value is never use
d (symbol "apotekabyfish")
d:\UG\gamemodes\maps/mape.inc(16439) : warning 240: assigned value is never use
d (symbol "apotekabyfish")
d:\UG\gamemodes\maps/mape.inc(16234) : warning 240: assigned value is never use
d (symbol "tmpobjid")
d:\UG\gamemodes\maps/mape.inc(17128) : warning 240: assigned value is never use
d (symbol "tmpobjid")
d:\UG\gamemodes\maps/mape.inc(17129) : warning 240: assigned value is never use
d (symbol "tmpobjid")
d:\UG\gamemodes\maps/mape.inc(17130) : warning 240: assigned value is never use
d (symbol "tmpobjid")
d:\UG\gamemodes\maps/mape.inc(17347) : warning 240: assigned value is never use
d (symbol "intsrednjekuce")
d:\UG\gamemodes\maps/mape.inc(17348) : warning 240: assigned value is never use
d (symbol "intsrednjekuce")
d:\UG\gamemodes\maps/mape.inc(17349) : warning 240: assigned value is never use
d (symbol "intsrednjekuce")
d:\UG\gamemodes\maps/mape.inc(17350) : warning 240: assigned value is never use
d (symbol "intsrednjekuce")
d:\UG\gamemodes\maps/mape.inc(17351) : warning 240: assigned value is never use
d (symbol "intsrednjekuce")
d:\UG\gamemodes\maps/mape.inc(17352) : warning 240: assigned value is never use
d (symbol "intsrednjekuce")
d:\UG\gamemodes\maps/mape.inc(17353) : warning 240: assigned value is never use
d (symbol "intsrednjekuce")
d:\UG\gamemodes\maps/mape.inc(17354) : warning 240: assigned value is never use
d (symbol "intsrednjekuce")
d:\UG\gamemodes\maps/mape.inc(17355) : warning 240: assigned value is never use
d (symbol "intsrednjekuce")
d:\UG\gamemodes\maps/mape.inc(17356) : warning 240: assigned value is never use
d (symbol "intsrednjekuce")
d:\UG\gamemodes\maps/mape.inc(17357) : warning 240: assigned value is never use
d (symbol "intsrednjekuce")
d:\UG\gamemodes\maps/mape.inc(17358) : warning 240: assigned value is never use
d (symbol "intsrednjekuce")
d:\UG\gamemodes\maps/mape.inc(17359) : warning 240: assigned value is never use
d (symbol "intsrednjekuce")
d:\UG\gamemodes\maps/mape.inc(17360) : warning 240: assigned value is never use
d (symbol "intsrednjekuce")
d:\UG\gamemodes\maps/mape.inc(17361) : warning 240: assigned value is never use
d (symbol "intsrednjekuce")
d:\UG\gamemodes\maps/mape.inc(17362) : warning 240: assigned value is never use
d (symbol "intsrednjekuce")
d:\UG\gamemodes\maps/mape.inc(17363) : warning 240: assigned value is never use
d (symbol "intsrednjekuce")
d:\UG\gamemodes\maps/mape.inc(17364) : warning 240: assigned value is never use
d (symbol "intsrednjekuce")
d:\UG\gamemodes\maps/mape.inc(17365) : warning 240: assigned value is never use
d (symbol "intsrednjekuce")
d:\UG\gamemodes\maps/mape.inc(17366) : warning 240: assigned value is never use
d (symbol "intsrednjekuce")
d:\UG\gamemodes\maps/mape.inc(17367) : warning 240: assigned value is never use
d (symbol "intsrednjekuce")
d:\UG\gamemodes\maps/mape.inc(17368) : warning 240: assigned value is never use
d (symbol "intsrednjekuce")
d:\UG\gamemodes\maps/mape.inc(17369) : warning 240: assigned value is never use
d (symbol "intsrednjekuce")
d:\UG\gamemodes\maps/mape.inc(17370) : warning 240: assigned value is never use
d (symbol "intsrednjekuce")
d:\UG\gamemodes\maps/mape.inc(17371) : warning 240: assigned value is never use
d (symbol "intsrednjekuce")
d:\UG\gamemodes\maps/mape.inc(17372) : warning 240: assigned value is never use
d (symbol "intsrednjekuce")
d:\UG\gamemodes\maps/mape.inc(17373) : warning 240: assigned value is never use
d (symbol "intsrednjekuce")
d:\UG\gamemodes\maps/mape.inc(17374) : warning 240: assigned value is never use
d (symbol "intsrednjekuce")
d:\UG\gamemodes\maps/mape.inc(17375) : warning 240: assigned value is never use
d (symbol "intsrednjekuce")
d:\UG\gamemodes\maps/mape.inc(17376) : warning 240: assigned value is never use
d (symbol "intsrednjekuce")
d:\UG\gamemodes\maps/mape.inc(17377) : warning 240: assigned value is never use
d (symbol "intsrednjekuce")
d:\UG\gamemodes\maps/mape.inc(17378) : warning 240: assigned value is never use
d (symbol "intsrednjekuce")
d:\UG\gamemodes\maps/mape.inc(17379) : warning 240: assigned value is never use
d (symbol "intsrednjekuce")
d:\UG\gamemodes\maps/mape.inc(17380) : warning 240: assigned value is never use
d (symbol "intsrednjekuce")
d:\UG\gamemodes\maps/mape.inc(17381) : warning 240: assigned value is never use
d (symbol "intsrednjekuce")
d:\UG\gamemodes\maps/mape.inc(17382) : warning 240: assigned value is never use
d (symbol "intsrednjekuce")
d:\UG\gamemodes\maps/mape.inc(17383) : warning 240: assigned value is never use
d (symbol "intsrednjekuce")
d:\UG\gamemodes\maps/mape.inc(17384) : warning 240: assigned value is never use
d (symbol "intsrednjekuce")
d:\UG\gamemodes\maps/mape.inc(17385) : warning 240: assigned value is never use
d (symbol "intsrednjekuce")
d:\UG\gamemodes\maps/mape.inc(17386) : warning 240: assigned value is never use
d (symbol "intsrednjekuce")
d:\UG\gamemodes\maps/mape.inc(17387) : warning 240: assigned value is never use
d (symbol "intsrednjekuce")
d:\UG\gamemodes\maps/mape.inc(17388) : warning 240: assigned value is never use
d (symbol "intsrednjekuce")
d:\UG\gamemodes\maps/mape.inc(17389) : warning 240: assigned value is never use
d (symbol "intsrednjekuce")
d:\UG\gamemodes\maps/mape.inc(17390) : warning 240: assigned value is never use
d (symbol "intsrednjekuce")
d:\UG\gamemodes\maps/mape.inc(17391) : warning 240: assigned value is never use
d (symbol "intsrednjekuce")
d:\UG\gamemodes\maps/mape.inc(17392) : warning 240: assigned value is never use
d (symbol "intsrednjekuce")
d:\UG\gamemodes\maps/mape.inc(17393) : warning 240: assigned value is never use
d (symbol "intsrednjekuce")
d:\UG\gamemodes\maps/mape.inc(17394) : warning 240: assigned value is never use
d (symbol "intsrednjekuce")
d:\UG\gamemodes\maps/mape.inc(17395) : warning 240: assigned value is never use
d (symbol "intsrednjekuce")
d:\UG\gamemodes\maps/mape.inc(17396) : warning 240: assigned value is never use
d (symbol "intsrednjekuce")
d:\UG\gamemodes\maps/mape.inc(17397) : warning 240: assigned value is never use
d (symbol "intsrednjekuce")
d:\UG\gamemodes\maps/mape.inc(17398) : warning 240: assigned value is never use
d (symbol "intsrednjekuce")
d:\UG\gamemodes\maps/mape.inc(17399) : warning 240: assigned value is never use
d (symbol "intsrednjekuce")
d:\UG\gamemodes\maps/mape.inc(17400) : warning 240: assigned value is never use
d (symbol "intsrednjekuce")
d:\UG\gamemodes\maps/mape.inc(17401) : warning 240: assigned value is never use
d (symbol "intsrednjekuce")
d:\UG\gamemodes\maps/mape.inc(17402) : warning 240: assigned value is never use
d (symbol "intsrednjekuce")
d:\UG\gamemodes\maps/mape.inc(17406) : warning 217: loose indentation
d:\UG\gamemodes\maps/mape.inc(17506) : warning 240: assigned value is never use
d (symbol "stanint")
d:\UG\gamemodes\maps/mape.inc(17507) : warning 240: assigned value is never use
d (symbol "stanint")
d:\UG\gamemodes\maps/mape.inc(17508) : warning 240: assigned value is never use
d (symbol "stanint")
d:\UG\gamemodes\maps/mape.inc(17509) : warning 240: assigned value is never use
d (symbol "stanint")
d:\UG\gamemodes\maps/mape.inc(17510) : warning 240: assigned value is never use
d (symbol "stanint")
d:\UG\gamemodes\maps/mape.inc(17511) : warning 240: assigned value is never use
d (symbol "stanint")
d:\UG\gamemodes\maps/mape.inc(17512) : warning 240: assigned value is never use
d (symbol "stanint")
d:\UG\gamemodes\maps/mape.inc(17513) : warning 240: assigned value is never use
d (symbol "stanint")
d:\UG\gamemodes\maps/mape.inc(17514) : warning 240: assigned value is never use
d (symbol "stanint")
d:\UG\gamemodes\maps/mape.inc(17515) : warning 240: assigned value is never use
d (symbol "stanint")
d:\UG\gamemodes\maps/mape.inc(17516) : warning 240: assigned value is never use
d (symbol "stanint")
d:\UG\gamemodes\maps/mape.inc(17517) : warning 240: assigned value is never use
d (symbol "stanint")
d:\UG\gamemodes\maps/mape.inc(17518) : warning 240: assigned value is never use
d (symbol "stanint")
d:\UG\gamemodes\maps/mape.inc(17519) : warning 240: assigned value is never use
d (symbol "stanint")
d:\UG\gamemodes\maps/mape.inc(17520) : warning 240: assigned value is never use
d (symbol "stanint")
d:\UG\gamemodes\maps/mape.inc(17521) : warning 240: assigned value is never use
d (symbol "stanint")
d:\UG\gamemodes\maps/mape.inc(17522) : warning 240: assigned value is never use
d (symbol "stanint")
d:\UG\gamemodes\maps/mape.inc(17523) : warning 240: assigned value is never use
d (symbol "stanint")
d:\UG\gamemodes\maps/mape.inc(17524) : warning 240: assigned value is never use
d (symbol "stanint")
d:\UG\gamemodes\maps/mape.inc(17525) : warning 240: assigned value is never use
d (symbol "stanint")
d:\UG\gamemodes\maps/mape.inc(17526) : warning 240: assigned value is never use
d (symbol "stanint")
d:\UG\gamemodes\maps/mape.inc(17527) : warning 240: assigned value is never use
d (symbol "stanint")
d:\UG\gamemodes\maps/mape.inc(17528) : warning 240: assigned value is never use
d (symbol "stanint")
d:\UG\gamemodes\maps/mape.inc(17529) : warning 240: assigned value is never use
d (symbol "stanint")
d:\UG\gamemodes\maps/mape.inc(17530) : warning 240: assigned value is never use
d (symbol "stanint")
d:\UG\gamemodes\maps/mape.inc(17531) : warning 240: assigned value is never use
d (symbol "stanint")
d:\UG\gamemodes\maps/mape.inc(17532) : warning 240: assigned value is never use
d (symbol "stanint")
d:\UG\gamemodes\maps/mape.inc(17533) : warning 240: assigned value is never use
d (symbol "stanint")
d:\UG\gamemodes\maps/mape.inc(17534) : warning 240: assigned value is never use
d (symbol "stanint")
d:\UG\gamemodes\maps/mape.inc(17535) : warning 240: assigned value is never use
d (symbol "stanint")
d:\UG\gamemodes\maps/mape.inc(17536) : warning 240: assigned value is never use
d (symbol "stanint")
d:\UG\gamemodes\maps/mape.inc(17537) : warning 240: assigned value is never use
d (symbol "stanint")
d:\UG\gamemodes\maps/mape.inc(17538) : warning 240: assigned value is never use
d (symbol "stanint")
d:\UG\gamemodes\maps/mape.inc(17539) : warning 240: assigned value is never use
d (symbol "stanint")
d:\UG\gamemodes\maps/mape.inc(17540) : warning 240: assigned value is never use
d (symbol "stanint")
d:\UG\gamemodes\maps/mape.inc(17541) : warning 240: assigned value is never use
d (symbol "stanint")
d:\UG\gamemodes\maps/mape.inc(17542) : warning 240: assigned value is never use
d (symbol "stanint")
d:\UG\gamemodes\maps/mape.inc(17543) : warning 240: assigned value is never use
d (symbol "stanint")
d:\UG\gamemodes\maps/mape.inc(17544) : warning 240: assigned value is never use
d (symbol "stanint")
d:\UG\gamemodes\maps/mape.inc(17545) : warning 240: assigned value is never use
d (symbol "stanint")
d:\UG\gamemodes\maps/mape.inc(17546) : warning 240: assigned value is never use
d (symbol "stanint")
d:\UG\gamemodes\maps/mape.inc(17547) : warning 240: assigned value is never use
d (symbol "stanint")
d:\UG\gamemodes\maps/mape.inc(17548) : warning 240: assigned value is never use
d (symbol "stanint")
d:\UG\gamemodes\maps/mape.inc(17549) : warning 240: assigned value is never use
d (symbol "stanint")
d:\UG\gamemodes\maps/mape.inc(17550) : warning 240: assigned value is never use
d (symbol "stanint")
d:\UG\gamemodes\maps/mape.inc(17551) : warning 240: assigned value is never use
d (symbol "stanint")
d:\UG\gamemodes\maps/mape.inc(17552) : warning 240: assigned value is never use
d (symbol "stanint")
d:\UG\gamemodes\maps/mape.inc(17553) : warning 240: assigned value is never use
d (symbol "stanint")
d:\UG\gamemodes\maps/mape.inc(17554) : warning 240: assigned value is never use
d (symbol "stanint")
d:\UG\gamemodes\maps/mape.inc(17555) : warning 240: assigned value is never use
d (symbol "stanint")
d:\UG\gamemodes\maps/mape.inc(17556) : warning 240: assigned value is never use
d (symbol "stanint")
d:\UG\gamemodes\maps/mape.inc(17557) : warning 240: assigned value is never use
d (symbol "stanint")
d:\UG\gamemodes\maps/mape.inc(17558) : warning 240: assigned value is never use
d (symbol "stanint")
d:\UG\gamemodes\maps/mape.inc(17559) : warning 240: assigned value is never use
d (symbol "stanint")
d:\UG\gamemodes\maps/mape.inc(17560) : warning 240: assigned value is never use
d (symbol "stanint")
d:\UG\gamemodes\maps/mape.inc(17561) : warning 240: assigned value is never use
d (symbol "stanint")
d:\UG\gamemodes\maps/mape.inc(17562) : warning 240: assigned value is never use
d (symbol "stanint")
d:\UG\gamemodes\maps/mape.inc(17563) : warning 240: assigned value is never use
d (symbol "stanint")
d:\UG\gamemodes\maps/mape.inc(17564) : warning 240: assigned value is never use
d (symbol "stanint")
d:\UG\gamemodes\maps/mape.inc(17565) : warning 240: assigned value is never use
d (symbol "stanint")
d:\UG\gamemodes\maps/mape.inc(17566) : warning 240: assigned value is never use
d (symbol "stanint")
d:\UG\gamemodes\maps/mape.inc(17567) : warning 240: assigned value is never use
d (symbol "stanint")
d:\UG\gamemodes\maps/mape.inc(17568) : warning 240: assigned value is never use
d (symbol "stanint")
d:\UG\gamemodes\maps/mape.inc(17569) : warning 240: assigned value is never use
d (symbol "stanint")
d:\UG\gamemodes\maps/mape.inc(17570) : warning 240: assigned value is never use
d (symbol "stanint")
d:\UG\gamemodes\maps/mape.inc(17571) : warning 240: assigned value is never use
d (symbol "stanint")
d:\UG\gamemodes\maps/mape.inc(17572) : warning 240: assigned value is never use
d (symbol "stanint")
d:\UG\gamemodes\maps/mape.inc(17573) : warning 240: assigned value is never use
d (symbol "stanint")
d:\UG\gamemodes\maps/mape.inc(17574) : warning 240: assigned value is never use
d (symbol "stanint")
d:\UG\gamemodes\maps/mape.inc(17575) : warning 240: assigned value is never use
d (symbol "stanint")
d:\UG\gamemodes\maps/mape.inc(17576) : warning 240: assigned value is never use
d (symbol "stanint")
d:\UG\gamemodes\maps/mape.inc(17577) : warning 240: assigned value is never use
d (symbol "stanint")
d:\UG\gamemodes\maps/mape.inc(17578) : warning 240: assigned value is never use
d (symbol "stanint")
d:\UG\gamemodes\maps/mape.inc(17579) : warning 240: assigned value is never use
d (symbol "stanint")
d:\UG\gamemodes\maps/mape.inc(17580) : warning 240: assigned value is never use
d (symbol "stanint")
d:\UG\gamemodes\maps/mape.inc(17581) : warning 240: assigned value is never use
d (symbol "stanint")
d:\UG\gamemodes\maps/mape.inc(17582) : warning 240: assigned value is never use
d (symbol "stanint")
d:\UG\gamemodes\maps/mape.inc(17583) : warning 240: assigned value is never use
d (symbol "stanint")
d:\UG\gamemodes\maps/mape.inc(17584) : warning 240: assigned value is never use
d (symbol "stanint")
d:\UG\gamemodes\maps/mape.inc(17585) : warning 240: assigned value is never use
d (symbol "stanint")
d:\UG\gamemodes\maps/mape.inc(17586) : warning 240: assigned value is never use
d (symbol "stanint")
d:\UG\gamemodes\maps/mape.inc(17587) : warning 240: assigned value is never use
d (symbol "stanint")
d:\UG\gamemodes\maps/mape.inc(17588) : warning 240: assigned value is never use
d (symbol "stanint")
d:\UG\gamemodes\maps/mape.inc(17589) : warning 240: assigned value is never use
d (symbol "stanint")
d:\UG\gamemodes\maps/mape.inc(17590) : warning 240: assigned value is never use
d (symbol "stanint")
d:\UG\gamemodes\maps/mape.inc(17591) : warning 240: assigned value is never use
d (symbol "stanint")
d:\UG\gamemodes\maps/mape.inc(17592) : warning 240: assigned value is never use
d (symbol "stanint")
d:\UG\gamemodes\maps/mape.inc(17593) : warning 240: assigned value is never use
d (symbol "stanint")
d:\UG\gamemodes\maps/mape.inc(17594) : warning 240: assigned value is never use
d (symbol "stanint")
d:\UG\gamemodes\maps/mape.inc(17595) : warning 240: assigned value is never use
d (symbol "stanint")
d:\UG\gamemodes\maps/mape.inc(17596) : warning 240: assigned value is never use
d (symbol "stanint")
d:\UG\gamemodes\maps/mape.inc(17597) : warning 240: assigned value is never use
d (symbol "stanint")
d:\UG\gamemodes\maps/mape.inc(17598) : warning 240: assigned value is never use
d (symbol "stanint")
d:\UG\gamemodes\maps/mape.inc(17599) : warning 240: assigned value is never use
d (symbol "stanint")
d:\UG\gamemodes\maps/mape.inc(17600) : warning 240: assigned value is never use
d (symbol "stanint")
d:\UG\gamemodes\maps/mape.inc(17601) : warning 240: assigned value is never use
d (symbol "stanint")
d:\UG\gamemodes\maps/mape.inc(17602) : warning 240: assigned value is never use
d (symbol "stanint")
d:\UG\gamemodes\maps/mape.inc(17603) : warning 240: assigned value is never use
d (symbol "stanint")
d:\UG\gamemodes\maps/mape.inc(17604) : warning 240: assigned value is never use
d (symbol "stanint")
d:\UG\gamemodes\maps/mape.inc(17605) : warning 240: assigned value is never use
d (symbol "stanint")
d:\UG\gamemodes\maps/mape.inc(17606) : warning 240: assigned value is never use
d (symbol "stanint")
d:\UG\gamemodes\maps/mape.inc(17607) : warning 240: assigned value is never use
d (symbol "stanint")
d:\UG\gamemodes\maps/mape.inc(17608) : warning 240: assigned value is never use
d (symbol "stanint")
d:\UG\gamemodes\maps/mape.inc(17609) : warning 240: assigned value is never use
d (symbol "stanint")
d:\UG\gamemodes\maps/mape.inc(17610) : warning 240: assigned value is never use
d (symbol "stanint")
d:\UG\gamemodes\maps/mape.inc(17611) : warning 240: assigned value is never use
d (symbol "stanint")
d:\UG\gamemodes\maps/mape.inc(17612) : warning 240: assigned value is never use
d (symbol "stanint")
d:\UG\gamemodes\maps/mape.inc(17613) : warning 240: assigned value is never use
d (symbol "stanint")
d:\UG\gamemodes\maps/mape.inc(17614) : warning 240: assigned value is never use
d (symbol "stanint")
d:\UG\gamemodes\maps/mape.inc(17615) : warning 240: assigned value is never use
d (symbol "stanint")
d:\UG\gamemodes\maps/mape.inc(17618) : warning 217: loose indentation
d:\UG\gamemodes\maps/mape.inc(17620) : warning 217: loose indentation
d:\UG\gamemodes\maps/mape.inc(17762) : warning 217: loose indentation
d:\UG\gamemodes\maps/mape.inc(17131) : warning 240: assigned value is never use
d (symbol "tmpobjid")
d:\UG\gamemodes\maps/mape.inc(17927) : warning 240: assigned value is never use
d (symbol "tmpobjid")
d:\UG\gamemodes\maps/mape.inc(17928) : warning 240: assigned value is never use
d (symbol "tmpobjid")
d:\UG\gamemodes\maps/mape.inc(17929) : warning 240: assigned value is never use
d (symbol "tmpobjid")
d:\UG\gamemodes\maps/mape.inc(17930) : warning 240: assigned value is never use
d (symbol "tmpobjid")
d:\UG\gamemodes\maps/mape.inc(17931) : warning 240: assigned value is never use
d (symbol "tmpobjid")
d:\UG\gamemodes\maps/mape.inc(17932) : warning 240: assigned value is never use
d (symbol "tmpobjid")
d:\UG\gamemodes\maps/mape.inc(17933) : warning 240: assigned value is never use
d (symbol "tmpobjid")
d:\UG\gamemodes\maps/mape.inc(17934) : warning 240: assigned value is never use
d (symbol "tmpobjid")
d:\UG\gamemodes\maps/mape.inc(17935) : warning 240: assigned value is never use
d (symbol "tmpobjid")
d:\UG\gamemodes\maps/mape.inc(17936) : warning 240: assigned value is never use
d (symbol "tmpobjid")
d:\UG\gamemodes\maps/mape.inc(17937) : warning 240: assigned value is never use
d (symbol "tmpobjid")
d:\UG\gamemodes\maps/mape.inc(17938) : warning 240: assigned value is never use
d (symbol "tmpobjid")
d:\UG\gamemodes\maps/mape.inc(17939) : warning 240: assigned value is never use
d (symbol "tmpobjid")
d:\UG\gamemodes\maps/mape.inc(17940) : warning 240: assigned value is never use
d (symbol "tmpobjid")
d:\UG\gamemodes\maps/mape.inc(17941) : warning 240: assigned value is never use
d (symbol "tmpobjid")
d:\UG\gamemodes\maps/mape.inc(17942) : warning 240: assigned value is never use
d (symbol "tmpobjid")
d:\UG\gamemodes\maps/mape.inc(17943) : warning 240: assigned value is never use
d (symbol "tmpobjid")
d:\UG\gamemodes\maps/mape.inc(17944) : warning 240: assigned value is never use
d (symbol "tmpobjid")
d:\UG\gamemodes\maps/mape.inc(17945) : warning 240: assigned value is never use
d (symbol "tmpobjid")
d:\UG\gamemodes\maps/mape.inc(17946) : warning 240: assigned value is never use
d (symbol "tmpobjid")
d:\UG\gamemodes\maps/mape.inc(17947) : warning 240: assigned value is never use
d (symbol "tmpobjid")
d:\UG\gamemodes\maps/mape.inc(17948) : warning 240: assigned value is never use
d (symbol "tmpobjid")
d:\UG\gamemodes\maps/mape.inc(17949) : warning 240: assigned value is never use
d (symbol "tmpobjid")
d:\UG\gamemodes\maps/mape.inc(17950) : warning 240: assigned value is never use
d (symbol "tmpobjid")
d:\UG\gamemodes\maps/mape.inc(17951) : warning 240: assigned value is never use
d (symbol "tmpobjid")
d:\UG\gamemodes\maps/mape.inc(17952) : warning 240: assigned value is never use
d (symbol "tmpobjid")
d:\UG\gamemodes\maps/mape.inc(17953) : warning 240: assigned value is never use
d (symbol "tmpobjid")
d:\UG\gamemodes\maps/mape.inc(17954) : warning 240: assigned value is never use
d (symbol "tmpobjid")
d:\UG\gamemodes\maps/mape.inc(17955) : warning 240: assigned value is never use
d (symbol "tmpobjid")
d:\UG\gamemodes\maps/mape.inc(17956) : warning 240: assigned value is never use
d (symbol "tmpobjid")
d:\UG\gamemodes\maps/mape.inc(17957) : warning 240: assigned value is never use
d (symbol "tmpobjid")
d:\UG\gamemodes\maps/mape.inc(17958) : warning 240: assigned value is never use
d (symbol "tmpobjid")
d:\UG\gamemodes\maps/mape.inc(17959) : warning 240: assigned value is never use
d (symbol "tmpobjid")
d:\UG\gamemodes\maps/mape.inc(17960) : warning 240: assigned value is never use
d (symbol "tmpobjid")
d:\UG\gamemodes\maps/mape.inc(17961) : warning 240: assigned value is never use
d (symbol "tmpobjid")
d:\UG\gamemodes\maps/mape.inc(17962) : warning 240: assigned value is never use
d (symbol "tmpobjid")
d:\UG\gamemodes\maps/mape.inc(17963) : warning 240: assigned value is never use
d (symbol "tmpobjid")
d:\UG\gamemodes\maps/mape.inc(17964) : warning 240: assigned value is never use
d (symbol "tmpobjid")
d:\UG\gamemodes\maps/mape.inc(17965) : warning 240: assigned value is never use
d (symbol "tmpobjid")
d:\UG\gamemodes\maps/mape.inc(17966) : warning 240: assigned value is never use
d (symbol "tmpobjid")
d:\UG\gamemodes\maps/mape.inc(18365) : warning 240: assigned value is never use
d (symbol "bandaintbywhile")
d:\UG\gamemodes\maps/mape.inc(18366) : warning 240: assigned value is never use
d (symbol "bandaintbywhile")
d:\UG\gamemodes\maps/mape.inc(18367) : warning 240: assigned value is never use
d (symbol "bandaintbywhile")
d:\UG\gamemodes\maps/mape.inc(18368) : warning 240: assigned value is never use
d (symbol "bandaintbywhile")
d:\UG\gamemodes\maps/mape.inc(18369) : warning 240: assigned value is never use
d (symbol "bandaintbywhile")
d:\UG\gamemodes\maps/mape.inc(18370) : warning 240: assigned value is never use
d (symbol "bandaintbywhile")
d:\UG\gamemodes\maps/mape.inc(18371) : warning 240: assigned value is never use
d (symbol "bandaintbywhile")
d:\UG\gamemodes\maps/mape.inc(18372) : warning 240: assigned value is never use
d (symbol "bandaintbywhile")
d:\UG\gamemodes\maps/mape.inc(18373) : warning 240: assigned value is never use
d (symbol "bandaintbywhile")
d:\UG\gamemodes\maps/mape.inc(18374) : warning 240: assigned value is never use
d (symbol "bandaintbywhile")
d:\UG\gamemodes\maps/mape.inc(18375) : warning 240: assigned value is never use
d (symbol "bandaintbywhile")
d:\UG\gamemodes\maps/mape.inc(18376) : warning 240: assigned value is never use
d (symbol "bandaintbywhile")
d:\UG\gamemodes\maps/mape.inc(18377) : warning 240: assigned value is never use
d (symbol "bandaintbywhile")
d:\UG\gamemodes\maps/mape.inc(18378) : warning 240: assigned value is never use
d (symbol "bandaintbywhile")
d:\UG\gamemodes\maps/mape.inc(18379) : warning 240: assigned value is never use
d (symbol "bandaintbywhile")
d:\UG\gamemodes\maps/mape.inc(18380) : warning 240: assigned value is never use
d (symbol "bandaintbywhile")
d:\UG\gamemodes\maps/mape.inc(18381) : warning 240: assigned value is never use
d (symbol "bandaintbywhile")
d:\UG\gamemodes\maps/mape.inc(18382) : warning 240: assigned value is never use
d (symbol "bandaintbywhile")
d:\UG\gamemodes\maps/mape.inc(18383) : warning 240: assigned value is never use
d (symbol "bandaintbywhile")
d:\UG\gamemodes\maps/mape.inc(18384) : warning 240: assigned value is never use
d (symbol "bandaintbywhile")
d:\UG\gamemodes\maps/mape.inc(18385) : warning 240: assigned value is never use
d (symbol "bandaintbywhile")
d:\UG\gamemodes\maps/mape.inc(18386) : warning 240: assigned value is never use
d (symbol "bandaintbywhile")
d:\UG\gamemodes\maps/mape.inc(18387) : warning 240: assigned value is never use
d (symbol "bandaintbywhile")
d:\UG\gamemodes\maps/mape.inc(18388) : warning 240: assigned value is never use
d (symbol "bandaintbywhile")
d:\UG\gamemodes\maps/mape.inc(18389) : warning 240: assigned value is never use
d (symbol "bandaintbywhile")
d:\UG\gamemodes\maps/mape.inc(18390) : warning 240: assigned value is never use
d (symbol "bandaintbywhile")
d:\UG\gamemodes\maps/mape.inc(18391) : warning 240: assigned value is never use
d (symbol "bandaintbywhile")
d:\UG\gamemodes\maps/mape.inc(18392) : warning 240: assigned value is never use
d (symbol "bandaintbywhile")
d:\UG\gamemodes\maps/mape.inc(18393) : warning 240: assigned value is never use
d (symbol "bandaintbywhile")
d:\UG\gamemodes\maps/mape.inc(18394) : warning 240: assigned value is never use
d (symbol "bandaintbywhile")
d:\UG\gamemodes\maps/mape.inc(18395) : warning 240: assigned value is never use
d (symbol "bandaintbywhile")
d:\UG\gamemodes\maps/mape.inc(18396) : warning 240: assigned value is never use
d (symbol "bandaintbywhile")
d:\UG\gamemodes\maps/mape.inc(18397) : warning 240: assigned value is never use
d (symbol "bandaintbywhile")
d:\UG\gamemodes\maps/mape.inc(18398) : warning 240: assigned value is never use
d (symbol "bandaintbywhile")
d:\UG\gamemodes\maps/mape.inc(18399) : warning 240: assigned value is never use
d (symbol "bandaintbywhile")
d:\UG\gamemodes\maps/mape.inc(18400) : warning 240: assigned value is never use
d (symbol "bandaintbywhile")
d:\UG\gamemodes\maps/mape.inc(18401) : warning 240: assigned value is never use
d (symbol "bandaintbywhile")
d:\UG\gamemodes\maps/mape.inc(18402) : warning 240: assigned value is never use
d (symbol "bandaintbywhile")
d:\UG\gamemodes\maps/mape.inc(18403) : warning 240: assigned value is never use
d (symbol "bandaintbywhile")
d:\UG\gamemodes\maps/mape.inc(18404) : warning 240: assigned value is never use
d (symbol "bandaintbywhile")
d:\UG\gamemodes\maps/mape.inc(18405) : warning 240: assigned value is never use
d (symbol "bandaintbywhile")
d:\UG\gamemodes\maps/mape.inc(18406) : warning 240: assigned value is never use
d (symbol "bandaintbywhile")
d:\UG\gamemodes\maps/mape.inc(18407) : warning 240: assigned value is never use
d (symbol "bandaintbywhile")
d:\UG\gamemodes\maps/mape.inc(17967) : warning 240: assigned value is never use
d (symbol "tmpobjid")
d:\UG\gamemodes\maps/mape.inc(18654) : warning 240: assigned value is never use
d (symbol "tmpobjid")
d:\UG\gamemodes\maps/mape.inc(18655) : warning 240: assigned value is never use
d (symbol "tmpobjid")
d:\UG\gamemodes\maps/mape.inc(18656) : warning 240: assigned value is never use
d (symbol "tmpobjid")
d:\UG\gamemodes\maps/mape.inc(18657) : warning 240: assigned value is never use
d (symbol "tmpobjid")
d:\UG\gamemodes\maps/mape.inc(18658) : warning 240: assigned value is never use
d (symbol "tmpobjid")
d:\UG\gamemodes\maps/mape.inc(18659) : warning 240: assigned value is never use
d (symbol "tmpobjid")
d:\UG\gamemodes\maps/mape.inc(18660) : warning 240: assigned value is never use
d (symbol "tmpobjid")
d:\UG\gamemodes\maps/mape.inc(18661) : warning 240: assigned value is never use
d (symbol "tmpobjid")
d:\UG\gamemodes\maps/mape.inc(18662) : warning 240: assigned value is never use
d (symbol "tmpobjid")
d:\UG\gamemodes\maps/mape.inc(18663) : warning 240: assigned value is never use
d (symbol "tmpobjid")
d:\UG\gamemodes\maps/mape.inc(18664) : warning 240: assigned value is never use
d (symbol "tmpobjid")
d:\UG\gamemodes\maps/mape.inc(18665) : warning 240: assigned value is never use
d (symbol "tmpobjid")
d:\UG\gamemodes\maps/mape.inc(18666) : warning 240: assigned value is never use
d (symbol "tmpobjid")
d:\UG\gamemodes\maps/mape.inc(18667) : warning 240: assigned value is never use
d (symbol "tmpobjid")
d:\UG\gamemodes\maps/mape.inc(18668) : warning 240: assigned value is never use
d (symbol "tmpobjid")
d:\UG\gamemodes\maps/mape.inc(18669) : warning 240: assigned value is never use
d (symbol "tmpobjid")
d:\UG\gamemodes\maps/mape.inc(18670) : warning 240: assigned value is never use
d (symbol "tmpobjid")
d:\UG\gamemodes\maps/mape.inc(18671) : warning 240: assigned value is never use
d (symbol "tmpobjid")
d:\UG\gamemodes\maps/mape.inc(18672) : warning 240: assigned value is never use
d (symbol "tmpobjid")
d:\UG\gamemodes\maps/mape.inc(18673) : warning 240: assigned value is never use
d (symbol "tmpobjid")
d:\UG\gamemodes\maps/mape.inc(18674) : warning 240: assigned value is never use
d (symbol "tmpobjid")
d:\UG\gamemodes\maps/mape.inc(18675) : warning 240: assigned value is never use
d (symbol "tmpobjid")
d:\UG\gamemodes\maps/mape.inc(18676) : warning 240: assigned value is never use
d (symbol "tmpobjid")
d:\UG\gamemodes\maps/mape.inc(18677) : warning 240: assigned value is never use
d (symbol "tmpobjid")
d:\UG\gamemodes\maps/mape.inc(18678) : warning 240: assigned value is never use
d (symbol "tmpobjid")
d:\UG\gamemodes\maps/mape.inc(18679) : warning 240: assigned value is never use
d (symbol "tmpobjid")
d:\UG\gamemodes\maps/mape.inc(18680) : warning 240: assigned value is never use
d (symbol "tmpobjid")
d:\UG\gamemodes\maps/mape.inc(18681) : warning 240: assigned value is never use
d (symbol "tmpobjid")
d:\UG\gamemodes\maps/mape.inc(18682) : warning 240: assigned value is never use
d (symbol "tmpobjid")
d:\UG\gamemodes\maps/mape.inc(18683) : warning 240: assigned value is never use
d (symbol "tmpobjid")
d:\UG\gamemodes\maps/mape.inc(18684) : warning 240: assigned value is never use
d (symbol "tmpobjid")
d:\UG\gamemodes\maps/mape.inc(18685) : warning 240: assigned value is never use
d (symbol "tmpobjid")
d:\UG\gamemodes\maps/mape.inc(18686) : warning 240: assigned value is never use
d (symbol "tmpobjid")
d:\UG\gamemodes\maps/mape.inc(18687) : warning 240: assigned value is never use
d (symbol "tmpobjid")
d:\UG\gamemodes\maps/mape.inc(18688) : warning 240: assigned value is never use
d (symbol "tmpobjid")
d:\UG\gamemodes\maps/mape.inc(18689) : warning 240: assigned value is never use
d (symbol "tmpobjid")
d:\UG\gamemodes\maps/mape.inc(18690) : warning 240: assigned value is never use
d (symbol "tmpobjid")
d:\UG\gamemodes\maps/mape.inc(18691) : warning 240: assigned value is never use
d (symbol "tmpobjid")
d:\UG\gamemodes\maps/mape.inc(18692) : warning 240: assigned value is never use
d (symbol "tmpobjid")
d:\UG\gamemodes\maps/mape.inc(18693) : warning 240: assigned value is never use
d (symbol "tmpobjid")
d:\UG\gamemodes\maps/mape.inc(18694) : warning 240: assigned value is never use
d (symbol "tmpobjid")
d:\UG\gamemodes\maps/mape.inc(18695) : warning 240: assigned value is never use
d (symbol "tmpobjid")
d:\UG\gamemodes\maps/mape.inc(18696) : warning 240: assigned value is never use
d (symbol "tmpobjid")
d:\UG\gamemodes\maps/mape.inc(18697) : warning 240: assigned value is never use
d (symbol "tmpobjid")
d:\UG\gamemodes\maps/mape.inc(18698) : warning 240: assigned value is never use
d (symbol "tmpobjid")
d:\UG\gamemodes\maps/mape.inc(18699) : warning 240: assigned value is never use
d (symbol "tmpobjid")
d:\UG\gamemodes\maps/mape.inc(18700) : warning 240: assigned value is never use
d (symbol "tmpobjid")
d:\UG\gamemodes\maps/mape.inc(18701) : warning 240: assigned value is never use
d (symbol "tmpobjid")
d:\UG\gamemodes\maps/mape.inc(18702) : warning 240: assigned value is never use
d (symbol "tmpobjid")
d:\UG\gamemodes\maps/mape.inc(18703) : warning 240: assigned value is never use
d (symbol "tmpobjid")
d:\UG\gamemodes\maps/mape.inc(18704) : warning 240: assigned value is never use
d (symbol "tmpobjid")
d:\UG\gamemodes\maps/mape.inc(18705) : warning 240: assigned value is never use
d (symbol "tmpobjid")
d:\UG\gamemodes\maps/mape.inc(18706) : warning 240: assigned value is never use
d (symbol "tmpobjid")
d:\UG\gamemodes\maps/mape.inc(18707) : warning 240: assigned value is never use
d (symbol "tmpobjid")
d:\UG\gamemodes\maps/mape.inc(18708) : warning 240: assigned value is never use
d (symbol "tmpobjid")
d:\UG\gamemodes\maps/mape.inc(18709) : warning 240: assigned value is never use
d (symbol "tmpobjid")
d:\UG\gamemodes\maps/mape.inc(18710) : warning 240: assigned value is never use
d (symbol "tmpobjid")
d:\UG\gamemodes\maps/mape.inc(18711) : warning 240: assigned value is never use
d (symbol "tmpobjid")
d:\UG\gamemodes\maps/mape.inc(18712) : warning 240: assigned value is never use
d (symbol "tmpobjid")
d:\UG\gamemodes\maps/mape.inc(18713) : warning 240: assigned value is never use
d (symbol "tmpobjid")
d:\UG\gamemodes\maps/mape.inc(18714) : warning 240: assigned value is never use
d (symbol "tmpobjid")
d:\UG\gamemodes\maps/mape.inc(18715) : warning 240: assigned value is never use
d (symbol "tmpobjid")
d:\UG\gamemodes\maps/mape.inc(18716) : warning 240: assigned value is never use
d (symbol "tmpobjid")
d:\UG\gamemodes\maps/mape.inc(18717) : warning 240: assigned value is never use
d (symbol "tmpobjid")
d:\UG\gamemodes\maps/mape.inc(18718) : warning 240: assigned value is never use
d (symbol "tmpobjid")
d:\UG\gamemodes\maps/mape.inc(18719) : warning 240: assigned value is never use
d (symbol "tmpobjid")
d:\UG\gamemodes\maps/mape.inc(18720) : warning 240: assigned value is never use
d (symbol "tmpobjid")
d:\UG\gamemodes\maps/mape.inc(18721) : warning 240: assigned value is never use
d (symbol "tmpobjid")
d:\UG\gamemodes\maps/mape.inc(18722) : warning 240: assigned value is never use
d (symbol "tmpobjid")
d:\UG\gamemodes\maps/mape.inc(18723) : warning 240: assigned value is never use
d (symbol "tmpobjid")
d:\UG\gamemodes\maps/mape.inc(18724) : warning 240: assigned value is never use
d (symbol "tmpobjid")
d:\UG\gamemodes\maps/mape.inc(18725) : warning 240: assigned value is never use
d (symbol "tmpobjid")
d:\UG\gamemodes\maps/mape.inc(18726) : warning 240: assigned value is never use
d (symbol "tmpobjid")
d:\UG\gamemodes\maps/mape.inc(18727) : warning 240: assigned value is never use
d (symbol "tmpobjid")
d:\UG\gamemodes\maps/mape.inc(18728) : warning 240: assigned value is never use
d (symbol "tmpobjid")
d:\UG\gamemodes\maps/mape.inc(18729) : warning 240: assigned value is never use
d (symbol "tmpobjid")
d:\UG\gamemodes\maps/mape.inc(18730) : warning 240: assigned value is never use
d (symbol "tmpobjid")
d:\UG\gamemodes\maps/mape.inc(18731) : warning 240: assigned value is never use
d (symbol "tmpobjid")
d:\UG\gamemodes\maps/mape.inc(18732) : warning 240: assigned value is never use
d (symbol "tmpobjid")
d:\UG\gamemodes\maps/mape.inc(18733) : warning 240: assigned value is never use
d (symbol "tmpobjid")
d:\UG\gamemodes\maps/mape.inc(18734) : warning 240: assigned value is never use
d (symbol "tmpobjid")
d:\UG\gamemodes\maps/mape.inc(18735) : warning 240: assigned value is never use
d (symbol "tmpobjid")
d:\UG\gamemodes\maps/mape.inc(18736) : warning 240: assigned value is never use
d (symbol "tmpobjid")
d:\UG\gamemodes\maps/mape.inc(18737) : warning 240: assigned value is never use
d (symbol "tmpobjid")
d:\UG\gamemodes\maps/mape.inc(18738) : warning 240: assigned value is never use
d (symbol "tmpobjid")
d:\UG\gamemodes\maps/mape.inc(18739) : warning 240: assigned value is never use
d (symbol "tmpobjid")
d:\UG\gamemodes\maps/mape.inc(18740) : warning 240: assigned value is never use
d (symbol "tmpobjid")
d:\UG\gamemodes\maps/mape.inc(18741) : warning 240: assigned value is never use
d (symbol "tmpobjid")
d:\UG\gamemodes\maps/mape.inc(18742) : warning 240: assigned value is never use
d (symbol "tmpobjid")
d:\UG\gamemodes\maps/mape.inc(18743) : warning 240: assigned value is never use
d (symbol "tmpobjid")
d:\UG\gamemodes\maps/mape.inc(18744) : warning 240: assigned value is never use
d (symbol "tmpobjid")
d:\UG\gamemodes\maps/mape.inc(18745) : warning 240: assigned value is never use
d (symbol "tmpobjid")
d:\UG\gamemodes\maps/mape.inc(18746) : warning 240: assigned value is never use
d (symbol "tmpobjid")
d:\UG\gamemodes\maps/mape.inc(18747) : warning 240: assigned value is never use
d (symbol "tmpobjid")
d:\UG\gamemodes\maps/mape.inc(18748) : warning 240: assigned value is never use
d (symbol "tmpobjid")
d:\UG\gamemodes\maps/mape.inc(18749) : warning 240: assigned value is never use
d (symbol "tmpobjid")
d:\UG\gamemodes\maps/mape.inc(18750) : warning 240: assigned value is never use
d (symbol "tmpobjid")
d:\UG\gamemodes\maps/mape.inc(18751) : warning 240: assigned value is never use
d (symbol "tmpobjid")
d:\UG\gamemodes\maps/mape.inc(18752) : warning 240: assigned value is never use
d (symbol "tmpobjid")
d:\UG\gamemodes\maps/mape.inc(18753) : warning 240: assigned value is never use
d (symbol "tmpobjid")
d:\UG\gamemodes\maps/mape.inc(18754) : warning 240: assigned value is never use
d (symbol "tmpobjid")
d:\UG\gamemodes\maps/mape.inc(18755) : warning 240: assigned value is never use
d (symbol "tmpobjid")
d:\UG\gamemodes\maps/mape.inc(18756) : warning 240: assigned value is never use
d (symbol "tmpobjid")
d:\UG\gamemodes\maps/mape.inc(18757) : warning 240: assigned value is never use
d (symbol "tmpobjid")
d:\UG\gamemodes\maps/mape.inc(18758) : warning 240: assigned value is never use
d (symbol "tmpobjid")
d:\UG\gamemodes\maps/mape.inc(21071) : warning 240: assigned value is never use
d (symbol "tmpobjid")
d:\UG\gamemodes\maps/mape.inc(21072) : warning 240: assigned value is never use
d (symbol "tmpobjid")
d:\UG\gamemodes\maps/mape.inc(21073) : warning 240: assigned value is never use
d (symbol "tmpobjid")
d:\UG\gamemodes\maps/mape.inc(21074) : warning 240: assigned value is never use
d (symbol "tmpobjid")
d:\UG\gamemodes\maps/mape.inc(21075) : warning 240: assigned value is never use
d (symbol "tmpobjid")
d:\UG\gamemodes\maps/mape.inc(21076) : warning 240: assigned value is never use
d (symbol "tmpobjid")
d:\UG\gamemodes\maps/mape.inc(21077) : warning 240: assigned value is never use
d (symbol "tmpobjid")
d:\UG\gamemodes\maps/mape.inc(21078) : warning 240: assigned value is never use
d (symbol "tmpobjid")
d:\UG\gamemodes\maps/mape.inc(21079) : warning 240: assigned value is never use
d (symbol "tmpobjid")
d:\UG\gamemodes\maps/mape.inc(21080) : warning 240: assigned value is never use
d (symbol "tmpobjid")
d:\UG\gamemodes\maps/mape.inc(21081) : warning 240: assigned value is never use
d (symbol "tmpobjid")
d:\UG\gamemodes\maps/mape.inc(21082) : warning 240: assigned value is never use
d (symbol "tmpobjid")
d:\UG\gamemodes\maps/mape.inc(21083) : warning 240: assigned value is never use
d (symbol "tmpobjid")
d:\UG\gamemodes\maps/mape.inc(21084) : warning 240: assigned value is never use
d (symbol "tmpobjid")
d:\UG\gamemodes\maps/mape.inc(21085) : warning 240: assigned value is never use
d (symbol "tmpobjid")
d:\UG\gamemodes\maps/mape.inc(21086) : warning 240: assigned value is never use
d (symbol "tmpobjid")
d:\UG\gamemodes\maps/mape.inc(21087) : warning 240: assigned value is never use
d (symbol "tmpobjid")
d:\UG\gamemodes\maps/mape.inc(21088) : warning 240: assigned value is never use
d (symbol "tmpobjid")
d:\UG\gamemodes\maps/mape.inc(21089) : warning 240: assigned value is never use
d (symbol "tmpobjid")
d:\UG\gamemodes\maps/mape.inc(21090) : warning 240: assigned value is never use
d (symbol "tmpobjid")
d:\UG\gamemodes\maps/mape.inc(21091) : warning 240: assigned value is never use
d (symbol "tmpobjid")
d:\UG\gamemodes\maps/mape.inc(21092) : warning 240: assigned value is never use
d (symbol "tmpobjid")
d:\UG\gamemodes\maps/mape.inc(21093) : warning 240: assigned value is never use
d (symbol "tmpobjid")
d:\UG\gamemodes\maps/mape.inc(21094) : warning 240: assigned value is never use
d (symbol "tmpobjid")
d:\UG\gamemodes\maps/mape.inc(21095) : warning 240: assigned value is never use
d (symbol "tmpobjid")
d:\UG\gamemodes\maps/mape.inc(21096) : warning 240: assigned value is never use
d (symbol "tmpobjid")
d:\UG\gamemodes\maps/mape.inc(21097) : warning 240: assigned value is never use
d (symbol "tmpobjid")
d:\UG\gamemodes\maps/mape.inc(21098) : warning 240: assigned value is never use
d (symbol "tmpobjid")
d:\UG\gamemodes\maps/mape.inc(21099) : warning 240: assigned value is never use
d (symbol "tmpobjid")
d:\UG\gamemodes\maps/mape.inc(21100) : warning 240: assigned value is never use
d (symbol "tmpobjid")
d:\UG\gamemodes\maps/mape.inc(21101) : warning 240: assigned value is never use
d (symbol "tmpobjid")
d:\UG\gamemodes\maps/mape.inc(21102) : warning 240: assigned value is never use
d (symbol "tmpobjid")
d:\UG\gamemodes\maps/mape.inc(21103) : warning 240: assigned value is never use
d (symbol "tmpobjid")
d:\UG\gamemodes\maps/mape.inc(21104) : warning 240: assigned value is never use
d (symbol "tmpobjid")
d:\UG\gamemodes\maps/mape.inc(21105) : warning 240: assigned value is never use
d (symbol "tmpobjid")
d:\UG\gamemodes\maps/mape.inc(21106) : warning 240: assigned value is never use
d (symbol "tmpobjid")
d:\UG\gamemodes\maps/mape.inc(21107) : warning 240: assigned value is never use
d (symbol "tmpobjid")
d:\UG\gamemodes\maps/mape.inc(21108) : warning 240: assigned value is never use
d (symbol "tmpobjid")
d:\UG\gamemodes\maps/mape.inc(21109) : warning 240: assigned value is never use
d (symbol "tmpobjid")
d:\UG\gamemodes\maps/mape.inc(21110) : warning 240: assigned value is never use
d (symbol "tmpobjid")
d:\UG\gamemodes\maps/mape.inc(21111) : warning 240: assigned value is never use
d (symbol "tmpobjid")
d:\UG\gamemodes\maps/mape.inc(21112) : warning 240: assigned value is never use
d (symbol "tmpobjid")
d:\UG\gamemodes\maps/mape.inc(21113) : warning 240: assigned value is never use
d (symbol "tmpobjid")
d:\UG\gamemodes\maps/mape.inc(21114) : warning 240: assigned value is never use
d (symbol "tmpobjid")
d:\UG\gamemodes\maps/mape.inc(21115) : warning 240: assigned value is never use
d (symbol "tmpobjid")
d:\UG\gamemodes\maps/mape.inc(21116) : warning 240: assigned value is never use
d (symbol "tmpobjid")
d:\UG\gamemodes\maps/mape.inc(21117) : warning 240: assigned value is never use
d (symbol "tmpobjid")
d:\UG\gamemodes\maps/mape.inc(21118) : warning 240: assigned value is never use
d (symbol "tmpobjid")
d:\UG\gamemodes\maps/mape.inc(21119) : warning 240: assigned value is never use
d (symbol "tmpobjid")
d:\UG\gamemodes\maps/mape.inc(21120) : warning 240: assigned value is never use
d (symbol "tmpobjid")
d:\UG\gamemodes\maps/mape.inc(21121) : warning 240: assigned value is never use
d (symbol "tmpobjid")
d:\UG\gamemodes\maps/mape.inc(21122) : warning 240: assigned value is never use
d (symbol "tmpobjid")
d:\UG\gamemodes\maps/mape.inc(21123) : warning 240: assigned value is never use
d (symbol "tmpobjid")
d:\UG\gamemodes\maps/mape.inc(21124) : warning 240: assigned value is never use
d (symbol "tmpobjid")
d:\UG\gamemodes\maps/mape.inc(21125) : warning 240: assigned value is never use
d (symbol "tmpobjid")
d:\UG\gamemodes\maps/mape.inc(21126) : warning 240: assigned value is never use
d (symbol "tmpobjid")
d:\UG\gamemodes\maps/mape.inc(21127) : warning 240: assigned value is never use
d (symbol "tmpobjid")
d:\UG\gamemodes\maps/mape.inc(21128) : warning 240: assigned value is never use
d (symbol "tmpobjid")
d:\UG\gamemodes\maps/mape.inc(21129) : warning 240: assigned value is never use
d (symbol "tmpobjid")
d:\UG\gamemodes\maps/mape.inc(21130) : warning 240: assigned value is never use
d (symbol "tmpobjid")
d:\UG\gamemodes\maps/mape.inc(21131) : warning 240: assigned value is never use
d (symbol "tmpobjid")
d:\UG\gamemodes\maps/mape.inc(21132) : warning 240: assigned value is never use
d (symbol "tmpobjid")
d:\UG\gamemodes\maps/mape.inc(21133) : warning 240: assigned value is never use
d (symbol "tmpobjid")
d:\UG\gamemodes\maps/mape.inc(21134) : warning 240: assigned value is never use
d (symbol "tmpobjid")
d:\UG\gamemodes\maps/mape.inc(21135) : warning 240: assigned value is never use
d (symbol "tmpobjid")
d:\UG\gamemodes\maps/mape.inc(21136) : warning 240: assigned value is never use
d (symbol "tmpobjid")
d:\UG\gamemodes\maps/mape.inc(21137) : warning 240: assigned value is never use
d (symbol "tmpobjid")
d:\UG\gamemodes\maps/mape.inc(21138) : warning 240: assigned value is never use
d (symbol "tmpobjid")
d:\UG\gamemodes\maps/mape.inc(21139) : warning 240: assigned value is never use
d (symbol "tmpobjid")
d:\UG\gamemodes\maps/mape.inc(21140) : warning 240: assigned value is never use
d (symbol "tmpobjid")
d:\UG\gamemodes\maps/mape.inc(21141) : warning 240: assigned value is never use
d (symbol "tmpobjid")
d:\UG\gamemodes\maps/mape.inc(21142) : warning 240: assigned value is never use
d (symbol "tmpobjid")
d:\UG\gamemodes\maps/mape.inc(21143) : warning 240: assigned value is never use
d (symbol "tmpobjid")
d:\UG\gamemodes\maps/mape.inc(21144) : warning 240: assigned value is never use
d (symbol "tmpobjid")
d:\UG\gamemodes\maps/mape.inc(21145) : warning 240: assigned value is never use
d (symbol "tmpobjid")
d:\UG\gamemodes\maps/mape.inc(21146) : warning 240: assigned value is never use
d (symbol "tmpobjid")
d:\UG\gamemodes\maps/mape.inc(21147) : warning 240: assigned value is never use
d (symbol "tmpobjid")
d:\UG\gamemodes\maps/mape.inc(21148) : warning 240: assigned value is never use
d (symbol "tmpobjid")
d:\UG\gamemodes\maps/mape.inc(21149) : warning 240: assigned value is never use
d (symbol "tmpobjid")
d:\UG\gamemodes\maps/mape.inc(21150) : warning 240: assigned value is never use
d (symbol "tmpobjid")
d:\UG\gamemodes\maps/mape.inc(21151) : warning 240: assigned value is never use
d (symbol "tmpobjid")
d:\UG\gamemodes\maps/mape.inc(21152) : warning 240: assigned value is never use
d (symbol "tmpobjid")
d:\UG\gamemodes\maps/mape.inc(21153) : warning 240: assigned value is never use
d (symbol "tmpobjid")
d:\UG\gamemodes\maps/mape.inc(21154) : warning 240: assigned value is never use
d (symbol "tmpobjid")
d:\UG\gamemodes\maps/mape.inc(21155) : warning 240: assigned value is never use
d (symbol "tmpobjid")
d:\UG\gamemodes\maps/mape.inc(21156) : warning 240: assigned value is never use
d (symbol "tmpobjid")
d:\UG\gamemodes\maps/mape.inc(21157) : warning 240: assigned value is never use
d (symbol "tmpobjid")
d:\UG\gamemodes\maps/mape.inc(21158) : warning 240: assigned value is never use
d (symbol "tmpobjid")
d:\UG\gamemodes\maps/mape.inc(21159) : warning 240: assigned value is never use
d (symbol "tmpobjid")
d:\UG\gamemodes\maps/mape.inc(21160) : warning 240: assigned value is never use
d (symbol "tmpobjid")
d:\UG\gamemodes\maps/mape.inc(21161) : warning 240: assigned value is never use
d (symbol "tmpobjid")
d:\UG\gamemodes\maps/mape.inc(21162) : warning 240: assigned value is never use
d (symbol "tmpobjid")
d:\UG\gamemodes\maps/mape.inc(21163) : warning 240: assigned value is never use
d (symbol "tmpobjid")
d:\UG\gamemodes\maps/mape.inc(21164) : warning 240: assigned value is never use
d (symbol "tmpobjid")
d:\UG\gamemodes\maps/mape.inc(21165) : warning 240: assigned value is never use
d (symbol "tmpobjid")
d:\UG\gamemodes\maps/mape.inc(21166) : warning 240: assigned value is never use
d (symbol "tmpobjid")
d:\UG\gamemodes\maps/mape.inc(21167) : warning 240: assigned value is never use
d (symbol "tmpobjid")
d:\UG\gamemodes\maps/mape.inc(21168) : warning 240: assigned value is never use
d (symbol "tmpobjid")
d:\UG\gamemodes\maps/mape.inc(21169) : warning 240: assigned value is never use
d (symbol "tmpobjid")
d:\UG\gamemodes\maps/mape.inc(21170) : warning 240: assigned value is never use
d (symbol "tmpobjid")
d:\UG\gamemodes\maps/mape.inc(21171) : warning 240: assigned value is never use
d (symbol "tmpobjid")
d:\UG\gamemodes\maps/mape.inc(21172) : warning 240: assigned value is never use
d (symbol "tmpobjid")
d:\UG\gamemodes\maps/mape.inc(21173) : warning 240: assigned value is never use
d (symbol "tmpobjid")
d:\UG\gamemodes\maps/mape.inc(21174) : warning 240: assigned value is never use
d (symbol "tmpobjid")
d:\UG\gamemodes\maps/mape.inc(21175) : warning 240: assigned value is never use
d (symbol "tmpobjid")
d:\UG\gamemodes\maps/mape.inc(21176) : warning 240: assigned value is never use
d (symbol "tmpobjid")
d:\UG\gamemodes\maps/mape.inc(21177) : warning 240: assigned value is never use
d (symbol "tmpobjid")
d:\UG\gamemodes\maps/mape.inc(21178) : warning 240: assigned value is never use
d (symbol "tmpobjid")
d:\UG\gamemodes\maps/mape.inc(21179) : warning 240: assigned value is never use
d (symbol "tmpobjid")
d:\UG\gamemodes\maps/mape.inc(21180) : warning 240: assigned value is never use
d (symbol "tmpobjid")
d:\UG\gamemodes\maps/mape.inc(21181) : warning 240: assigned value is never use
d (symbol "tmpobjid")
d:\UG\gamemodes\maps/mape.inc(21182) : warning 240: assigned value is never use
d (symbol "tmpobjid")
d:\UG\gamemodes\maps/mape.inc(21183) : warning 240: assigned value is never use
d (symbol "tmpobjid")
d:\UG\gamemodes\maps/mape.inc(21184) : warning 240: assigned value is never use
d (symbol "tmpobjid")
d:\UG\gamemodes\maps/mape.inc(21185) : warning 240: assigned value is never use
d (symbol "tmpobjid")
d:\UG\gamemodes\maps/mape.inc(21186) : warning 240: assigned value is never use
d (symbol "tmpobjid")
d:\UG\gamemodes\maps/mape.inc(21389) : warning 240: assigned value is never use
d (symbol "intpdbyglen")
d:\UG\gamemodes\maps/mape.inc(21390) : warning 240: assigned value is never use
d (symbol "intpdbyglen")
d:\UG\gamemodes\maps/mape.inc(21391) : warning 240: assigned value is never use
d (symbol "intpdbyglen")
d:\UG\gamemodes\maps/mape.inc(21392) : warning 240: assigned value is never use
d (symbol "intpdbyglen")
d:\UG\gamemodes\maps/mape.inc(21393) : warning 240: assigned value is never use
d (symbol "intpdbyglen")
d:\UG\gamemodes\maps/mape.inc(21394) : warning 240: assigned value is never use
d (symbol "intpdbyglen")
d:\UG\gamemodes\maps/mape.inc(21395) : warning 240: assigned value is never use
d (symbol "intpdbyglen")
d:\UG\gamemodes\maps/mape.inc(21396) : warning 240: assigned value is never use
d (symbol "intpdbyglen")
d:\UG\gamemodes\maps/mape.inc(21397) : warning 240: assigned value is never use
d (symbol "intpdbyglen")
d:\UG\gamemodes\maps/mape.inc(21398) : warning 240: assigned value is never use
d (symbol "intpdbyglen")
d:\UG\gamemodes\maps/mape.inc(21399) : warning 240: assigned value is never use
d (symbol "intpdbyglen")
d:\UG\gamemodes\maps/mape.inc(21400) : warning 240: assigned value is never use
d (symbol "intpdbyglen")
d:\UG\gamemodes\maps/mape.inc(21401) : warning 240: assigned value is never use
d (symbol "intpdbyglen")
d:\UG\gamemodes\maps/mape.inc(21402) : warning 240: assigned value is never use
d (symbol "intpdbyglen")
d:\UG\gamemodes\maps/mape.inc(21403) : warning 240: assigned value is never use
d (symbol "intpdbyglen")
d:\UG\gamemodes\maps/mape.inc(21404) : warning 240: assigned value is never use
d (symbol "intpdbyglen")
d:\UG\gamemodes\maps/mape.inc(21405) : warning 240: assigned value is never use
d (symbol "intpdbyglen")
d:\UG\gamemodes\maps/mape.inc(21406) : warning 240: assigned value is never use
d (symbol "intpdbyglen")
d:\UG\gamemodes\maps/mape.inc(21407) : warning 240: assigned value is never use
d (symbol "intpdbyglen")
d:\UG\gamemodes\maps/mape.inc(21408) : warning 240: assigned value is never use
d (symbol "intpdbyglen")
d:\UG\gamemodes\maps/mape.inc(21409) : warning 240: assigned value is never use
d (symbol "intpdbyglen")
d:\UG\gamemodes\maps/mape.inc(21410) : warning 240: assigned value is never use
d (symbol "intpdbyglen")
d:\UG\gamemodes\maps/mape.inc(21411) : warning 240: assigned value is never use
d (symbol "intpdbyglen")
d:\UG\gamemodes\maps/mape.inc(21412) : warning 240: assigned value is never use
d (symbol "intpdbyglen")
d:\UG\gamemodes\maps/mape.inc(21413) : warning 240: assigned value is never use
d (symbol "intpdbyglen")
d:\UG\gamemodes\maps/mape.inc(21414) : warning 240: assigned value is never use
d (symbol "intpdbyglen")
d:\UG\gamemodes\maps/mape.inc(21415) : warning 240: assigned value is never use
d (symbol "intpdbyglen")
d:\UG\gamemodes\maps/mape.inc(21416) : warning 240: assigned value is never use
d (symbol "intpdbyglen")
d:\UG\gamemodes\maps/mape.inc(21417) : warning 240: assigned value is never use
d (symbol "intpdbyglen")
d:\UG\gamemodes\maps/mape.inc(21418) : warning 240: assigned value is never use
d (symbol "intpdbyglen")
d:\UG\gamemodes\maps/mape.inc(21419) : warning 240: assigned value is never use
d (symbol "intpdbyglen")
d:\UG\gamemodes\maps/mape.inc(21420) : warning 240: assigned value is never use
d (symbol "intpdbyglen")
d:\UG\gamemodes\maps/mape.inc(21421) : warning 240: assigned value is never use
d (symbol "intpdbyglen")
d:\UG\gamemodes\maps/mape.inc(21422) : warning 240: assigned value is never use
d (symbol "intpdbyglen")
d:\UG\gamemodes\maps/mape.inc(21423) : warning 240: assigned value is never use
d (symbol "intpdbyglen")
d:\UG\gamemodes\maps/mape.inc(21424) : warning 240: assigned value is never use
d (symbol "intpdbyglen")
d:\UG\gamemodes\maps/mape.inc(21425) : warning 240: assigned value is never use
d (symbol "intpdbyglen")
d:\UG\gamemodes\maps/mape.inc(21426) : warning 240: assigned value is never use
d (symbol "intpdbyglen")
d:\UG\gamemodes\maps/mape.inc(21427) : warning 240: assigned value is never use
d (symbol "intpdbyglen")
d:\UG\gamemodes\maps/mape.inc(21428) : warning 240: assigned value is never use
d (symbol "intpdbyglen")
d:\UG\gamemodes\maps/mape.inc(21429) : warning 240: assigned value is never use
d (symbol "intpdbyglen")
d:\UG\gamemodes\maps/mape.inc(21430) : warning 240: assigned value is never use
d (symbol "intpdbyglen")
d:\UG\gamemodes\maps/mape.inc(21431) : warning 240: assigned value is never use
d (symbol "intpdbyglen")
d:\UG\gamemodes\maps/mape.inc(21432) : warning 240: assigned value is never use
d (symbol "intpdbyglen")
d:\UG\gamemodes\maps/mape.inc(21433) : warning 240: assigned value is never use
d (symbol "intpdbyglen")
d:\UG\gamemodes\maps/mape.inc(21434) : warning 240: assigned value is never use
d (symbol "intpdbyglen")
d:\UG\gamemodes\maps/mape.inc(21435) : warning 240: assigned value is never use
d (symbol "intpdbyglen")
d:\UG\gamemodes\maps/mape.inc(21436) : warning 240: assigned value is never use
d (symbol "intpdbyglen")
d:\UG\gamemodes\maps/mape.inc(21437) : warning 240: assigned value is never use
d (symbol "intpdbyglen")
d:\UG\gamemodes\maps/mape.inc(21438) : warning 240: assigned value is never use
d (symbol "intpdbyglen")
d:\UG\gamemodes\maps/mape.inc(21439) : warning 240: assigned value is never use
d (symbol "intpdbyglen")
d:\UG\gamemodes\maps/mape.inc(21440) : warning 240: assigned value is never use
d (symbol "intpdbyglen")
d:\UG\gamemodes\maps/mape.inc(21441) : warning 240: assigned value is never use
d (symbol "intpdbyglen")
d:\UG\gamemodes\maps/mape.inc(21442) : warning 240: assigned value is never use
d (symbol "intpdbyglen")
d:\UG\gamemodes\maps/mape.inc(21443) : warning 240: assigned value is never use
d (symbol "intpdbyglen")
d:\UG\gamemodes\maps/mape.inc(21444) : warning 240: assigned value is never use
d (symbol "intpdbyglen")
d:\UG\gamemodes\maps/mape.inc(21445) : warning 240: assigned value is never use
d (symbol "intpdbyglen")
d:\UG\gamemodes\maps/mape.inc(21446) : warning 240: assigned value is never use
d (symbol "intpdbyglen")
d:\UG\gamemodes\maps/mape.inc(21447) : warning 240: assigned value is never use
d (symbol "intpdbyglen")
d:\UG\gamemodes\maps/mape.inc(21448) : warning 240: assigned value is never use
d (symbol "intpdbyglen")
d:\UG\gamemodes\maps/mape.inc(21449) : warning 240: assigned value is never use
d (symbol "intpdbyglen")
d:\UG\gamemodes\maps/mape.inc(21450) : warning 240: assigned value is never use
d (symbol "intpdbyglen")
d:\UG\gamemodes\maps/mape.inc(21451) : warning 240: assigned value is never use
d (symbol "intpdbyglen")
d:\UG\gamemodes\maps/mape.inc(21452) : warning 240: assigned value is never use
d (symbol "intpdbyglen")
d:\UG\gamemodes\maps/mape.inc(21453) : warning 240: assigned value is never use
d (symbol "intpdbyglen")
d:\UG\gamemodes\maps/mape.inc(21454) : warning 240: assigned value is never use
d (symbol "intpdbyglen")
d:\UG\gamemodes\maps/mape.inc(21455) : warning 240: assigned value is never use
d (symbol "intpdbyglen")
d:\UG\gamemodes\maps/mape.inc(21456) : warning 240: assigned value is never use
d (symbol "intpdbyglen")
d:\UG\gamemodes\maps/mape.inc(21457) : warning 240: assigned value is never use
d (symbol "intpdbyglen")
d:\UG\gamemodes\maps/mape.inc(21458) : warning 240: assigned value is never use
d (symbol "intpdbyglen")
d:\UG\gamemodes\maps/mape.inc(21459) : warning 240: assigned value is never use
d (symbol "intpdbyglen")
d:\UG\gamemodes\maps/mape.inc(21460) : warning 240: assigned value is never use
d (symbol "intpdbyglen")
d:\UG\gamemodes\maps/mape.inc(21461) : warning 240: assigned value is never use
d (symbol "intpdbyglen")
d:\UG\gamemodes\maps/mape.inc(21462) : warning 240: assigned value is never use
d (symbol "intpdbyglen")
d:\UG\gamemodes\maps/mape.inc(21463) : warning 240: assigned value is never use
d (symbol "intpdbyglen")
d:\UG\gamemodes\maps/mape.inc(21464) : warning 240: assigned value is never use
d (symbol "intpdbyglen")
d:\UG\gamemodes\maps/mape.inc(21465) : warning 240: assigned value is never use
d (symbol "intpdbyglen")
d:\UG\gamemodes\maps/mape.inc(21466) : warning 240: assigned value is never use
d (symbol "intpdbyglen")
d:\UG\gamemodes\maps/mape.inc(21467) : warning 240: assigned value is never use
d (symbol "intpdbyglen")
d:\UG\gamemodes\maps/mape.inc(21468) : warning 240: assigned value is never use
d (symbol "intpdbyglen")
d:\UG\gamemodes\maps/mape.inc(21469) : warning 240: assigned value is never use
d (symbol "intpdbyglen")
d:\UG\gamemodes\maps/mape.inc(21470) : warning 240: assigned value is never use
d (symbol "intpdbyglen")
d:\UG\gamemodes\maps/mape.inc(21471) : warning 240: assigned value is never use
d (symbol "intpdbyglen")
d:\UG\gamemodes\maps/mape.inc(21472) : warning 240: assigned value is never use
d (symbol "intpdbyglen")
d:\UG\gamemodes\maps/mape.inc(21473) : warning 240: assigned value is never use
d (symbol "intpdbyglen")
d:\UG\gamemodes\maps/mape.inc(21474) : warning 240: assigned value is never use
d (symbol "intpdbyglen")
d:\UG\gamemodes\maps/mape.inc(21475) : warning 240: assigned value is never use
d (symbol "intpdbyglen")
d:\UG\gamemodes\maps/mape.inc(21476) : warning 240: assigned value is never use
d (symbol "intpdbyglen")
d:\UG\gamemodes\maps/mape.inc(21477) : warning 240: assigned value is never use
d (symbol "intpdbyglen")
d:\UG\gamemodes\maps/mape.inc(21478) : warning 240: assigned value is never use
d (symbol "intpdbyglen")
d:\UG\gamemodes\maps/mape.inc(21479) : warning 240: assigned value is never use
d (symbol "intpdbyglen")
d:\UG\gamemodes\maps/mape.inc(21480) : warning 240: assigned value is never use
d (symbol "intpdbyglen")
d:\UG\gamemodes\maps/mape.inc(21481) : warning 240: assigned value is never use
d (symbol "intpdbyglen")
d:\UG\gamemodes\maps/mape.inc(21482) : warning 240: assigned value is never use
d (symbol "intpdbyglen")
d:\UG\gamemodes\maps/mape.inc(21483) : warning 240: assigned value is never use
d (symbol "intpdbyglen")
d:\UG\gamemodes\maps/mape.inc(21484) : warning 240: assigned value is never use
d (symbol "intpdbyglen")
d:\UG\gamemodes\maps/mape.inc(21485) : warning 240: assigned value is never use
d (symbol "intpdbyglen")
d:\UG\gamemodes\maps/mape.inc(21486) : warning 240: assigned value is never use
d (symbol "intpdbyglen")
d:\UG\gamemodes\maps/mape.inc(21487) : warning 240: assigned value is never use
d (symbol "intpdbyglen")
d:\UG\gamemodes\maps/mape.inc(21488) : warning 240: assigned value is never use
d (symbol "intpdbyglen")
d:\UG\gamemodes\maps/mape.inc(21489) : warning 240: assigned value is never use
d (symbol "intpdbyglen")
d:\UG\gamemodes\maps/mape.inc(21490) : warning 240: assigned value is never use
d (symbol "intpdbyglen")
d:\UG\gamemodes\maps/mape.inc(21491) : warning 240: assigned value is never use
d (symbol "intpdbyglen")
d:\UG\gamemodes\maps/mape.inc(21492) : warning 240: assigned value is never use
d (symbol "intpdbyglen")
d:\UG\gamemodes\maps/mape.inc(21493) : warning 240: assigned value is never use
d (symbol "intpdbyglen")
d:\UG\gamemodes\maps/mape.inc(21494) : warning 240: assigned value is never use
d (symbol "intpdbyglen")
d:\UG\gamemodes\maps/mape.inc(21495) : warning 240: assigned value is never use
d (symbol "intpdbyglen")
d:\UG\gamemodes\maps/mape.inc(21496) : warning 240: assigned value is never use
d (symbol "intpdbyglen")
d:\UG\gamemodes\maps/mape.inc(21497) : warning 240: assigned value is never use
d (symbol "intpdbyglen")
d:\UG\gamemodes\maps/mape.inc(21498) : warning 240: assigned value is never use
d (symbol "intpdbyglen")
d:\UG\gamemodes\maps/mape.inc(21499) : warning 240: assigned value is never use
d (symbol "intpdbyglen")
d:\UG\gamemodes\maps/mape.inc(21500) : warning 240: assigned value is never use
d (symbol "intpdbyglen")
d:\UG\gamemodes\maps/mape.inc(21501) : warning 240: assigned value is never use
d (symbol "intpdbyglen")
d:\UG\gamemodes\maps/mape.inc(21502) : warning 240: assigned value is never use
d (symbol "intpdbyglen")
d:\UG\gamemodes\maps/mape.inc(21503) : warning 240: assigned value is never use
d (symbol "intpdbyglen")
d:\UG\gamemodes\maps/mape.inc(21504) : warning 240: assigned value is never use
d (symbol "intpdbyglen")
d:\UG\gamemodes\maps/mape.inc(21505) : warning 240: assigned value is never use
d (symbol "intpdbyglen")
d:\UG\gamemodes\maps/mape.inc(21506) : warning 240: assigned value is never use
d (symbol "intpdbyglen")
d:\UG\gamemodes\maps/mape.inc(21507) : warning 240: assigned value is never use
d (symbol "intpdbyglen")
d:\UG\gamemodes\maps/mape.inc(21508) : warning 240: assigned value is never use
d (symbol "intpdbyglen")
d:\UG\gamemodes\maps/mape.inc(21608) : warning 217: loose indentation
d:\UG\gamemodes\maps/mape.inc(21872) : warning 217: loose indentation
d:\UG\gamemodes\maps/mape.inc(22373) : warning 240: assigned value is never use
d (symbol "intsaj")
d:\UG\gamemodes\maps/mape.inc(22374) : warning 240: assigned value is never use
d (symbol "intsaj")
d:\UG\gamemodes\maps/mape.inc(22375) : warning 240: assigned value is never use
d (symbol "intsaj")
d:\UG\gamemodes\maps/mape.inc(22376) : warning 240: assigned value is never use
d (symbol "intsaj")
d:\UG\gamemodes\maps/mape.inc(22377) : warning 240: assigned value is never use
d (symbol "intsaj")
d:\UG\gamemodes\maps/mape.inc(22378) : warning 240: assigned value is never use
d (symbol "intsaj")
d:\UG\gamemodes\maps/mape.inc(22379) : warning 240: assigned value is never use
d (symbol "intsaj")
d:\UG\gamemodes\maps/mape.inc(22380) : warning 240: assigned value is never use
d (symbol "intsaj")
d:\UG\gamemodes\maps/mape.inc(22381) : warning 240: assigned value is never use
d (symbol "intsaj")
d:\UG\gamemodes\maps/mape.inc(22382) : warning 240: assigned value is never use
d (symbol "intsaj")
d:\UG\gamemodes\maps/mape.inc(22383) : warning 240: assigned value is never use
d (symbol "intsaj")
d:\UG\gamemodes\maps/mape.inc(22384) : warning 240: assigned value is never use
d (symbol "intsaj")
d:\UG\gamemodes\maps/mape.inc(22385) : warning 240: assigned value is never use
d (symbol "intsaj")
d:\UG\gamemodes\maps/mape.inc(22386) : warning 240: assigned value is never use
d (symbol "intsaj")
d:\UG\gamemodes\maps/mape.inc(22387) : warning 240: assigned value is never use
d (symbol "intsaj")
d:\UG\gamemodes\maps/mape.inc(22388) : warning 240: assigned value is never use
d (symbol "intsaj")
d:\UG\gamemodes\maps/mape.inc(22389) : warning 240: assigned value is never use
d (symbol "intsaj")
d:\UG\gamemodes\maps/mape.inc(22390) : warning 240: assigned value is never use
d (symbol "intsaj")
d:\UG\gamemodes\maps/mape.inc(22391) : warning 240: assigned value is never use
d (symbol "intsaj")
d:\UG\gamemodes\maps/mape.inc(22392) : warning 240: assigned value is never use
d (symbol "intsaj")
d:\UG\gamemodes\maps/mape.inc(22393) : warning 240: assigned value is never use
d (symbol "intsaj")
d:\UG\gamemodes\maps/mape.inc(22394) : warning 240: assigned value is never use
d (symbol "intsaj")
d:\UG\gamemodes\maps/mape.inc(22395) : warning 240: assigned value is never use
d (symbol "intsaj")
d:\UG\gamemodes\maps/mape.inc(22396) : warning 240: assigned value is never use
d (symbol "intsaj")
d:\UG\gamemodes\maps/mape.inc(22397) : warning 240: assigned value is never use
d (symbol "intsaj")
d:\UG\gamemodes\maps/mape.inc(22398) : warning 240: assigned value is never use
d (symbol "intsaj")
d:\UG\gamemodes\maps/mape.inc(22399) : warning 240: assigned value is never use
d (symbol "intsaj")
d:\UG\gamemodes\maps/mape.inc(22400) : warning 240: assigned value is never use
d (symbol "intsaj")
d:\UG\gamemodes\maps/mape.inc(22401) : warning 240: assigned value is never use
d (symbol "intsaj")
d:\UG\gamemodes\maps/mape.inc(22402) : warning 240: assigned value is never use
d (symbol "intsaj")
d:\UG\gamemodes\maps/mape.inc(22403) : warning 240: assigned value is never use
d (symbol "intsaj")
d:\UG\gamemodes\maps/mape.inc(22404) : warning 240: assigned value is never use
d (symbol "intsaj")
d:\UG\gamemodes\maps/mape.inc(22405) : warning 240: assigned value is never use
d (symbol "intsaj")
d:\UG\gamemodes\maps/mape.inc(22406) : warning 240: assigned value is never use
d (symbol "intsaj")
d:\UG\gamemodes\maps/mape.inc(22407) : warning 240: assigned value is never use
d (symbol "intsaj")
d:\UG\gamemodes\maps/mape.inc(22408) : warning 240: assigned value is never use
d (symbol "intsaj")
d:\UG\gamemodes\maps/mape.inc(22409) : warning 240: assigned value is never use
d (symbol "intsaj")
d:\UG\gamemodes\maps/mape.inc(22410) : warning 240: assigned value is never use
d (symbol "intsaj")
d:\UG\gamemodes\maps/mape.inc(22411) : warning 240: assigned value is never use
d (symbol "intsaj")
d:\UG\gamemodes\maps/mape.inc(22412) : warning 240: assigned value is never use
d (symbol "intsaj")
d:\UG\gamemodes\maps/mape.inc(22413) : warning 240: assigned value is never use
d (symbol "intsaj")
d:\UG\gamemodes\maps/mape.inc(22414) : warning 240: assigned value is never use
d (symbol "intsaj")
d:\UG\gamemodes\maps/mape.inc(22415) : warning 240: assigned value is never use
d (symbol "intsaj")
d:\UG\gamemodes\maps/mape.inc(22416) : warning 240: assigned value is never use
d (symbol "intsaj")
d:\UG\gamemodes\maps/mape.inc(22417) : warning 240: assigned value is never use
d (symbol "intsaj")
d:\UG\gamemodes\maps/mape.inc(22418) : warning 240: assigned value is never use
d (symbol "intsaj")
d:\UG\gamemodes\maps/mape.inc(22419) : warning 240: assigned value is never use
d (symbol "intsaj")
d:\UG\gamemodes\maps/mape.inc(22420) : warning 240: assigned value is never use
d (symbol "intsaj")
d:\UG\gamemodes\maps/mape.inc(22421) : warning 240: assigned value is never use
d (symbol "intsaj")
d:\UG\gamemodes\maps/mape.inc(22422) : warning 240: assigned value is never use
d (symbol "intsaj")
d:\UG\gamemodes\maps/mape.inc(22423) : warning 240: assigned value is never use
d (symbol "intsaj")
d:\UG\gamemodes\maps/mape.inc(22424) : warning 240: assigned value is never use
d (symbol "intsaj")
d:\UG\gamemodes\maps/mape.inc(22425) : warning 240: assigned value is never use
d (symbol "intsaj")
d:\UG\gamemodes\maps/mape.inc(22426) : warning 240: assigned value is never use
d (symbol "intsaj")
d:\UG\gamemodes\maps/mape.inc(22427) : warning 240: assigned value is never use
d (symbol "intsaj")
d:\UG\gamemodes\maps/mape.inc(22428) : warning 240: assigned value is never use
d (symbol "intsaj")
d:\UG\gamemodes\maps/mape.inc(22429) : warning 240: assigned value is never use
d (symbol "intsaj")
d:\UG\gamemodes\maps/mape.inc(22430) : warning 240: assigned value is never use
d (symbol "intsaj")
d:\UG\gamemodes\maps/mape.inc(22431) : warning 240: assigned value is never use
d (symbol "intsaj")
d:\UG\gamemodes\maps/mape.inc(22432) : warning 240: assigned value is never use
d (symbol "intsaj")
d:\UG\gamemodes\maps/mape.inc(22433) : warning 240: assigned value is never use
d (symbol "intsaj")
d:\UG\gamemodes\maps/mape.inc(22434) : warning 240: assigned value is never use
d (symbol "intsaj")
d:\UG\gamemodes\maps/mape.inc(22435) : warning 240: assigned value is never use
d (symbol "intsaj")
d:\UG\gamemodes\maps/mape.inc(22436) : warning 240: assigned value is never use
d (symbol "intsaj")
d:\UG\gamemodes\maps/mape.inc(22437) : warning 240: assigned value is never use
d (symbol "intsaj")
d:\UG\gamemodes\maps/mape.inc(22438) : warning 240: assigned value is never use
d (symbol "intsaj")
d:\UG\gamemodes\maps/mape.inc(22439) : warning 240: assigned value is never use
d (symbol "intsaj")
d:\UG\gamemodes\maps/mape.inc(22440) : warning 240: assigned value is never use
d (symbol "intsaj")
d:\UG\gamemodes\maps/mape.inc(22441) : warning 240: assigned value is never use
d (symbol "intsaj")
d:\UG\gamemodes\maps/mape.inc(22442) : warning 240: assigned value is never use
d (symbol "intsaj")
d:\UG\gamemodes\maps/mape.inc(22443) : warning 240: assigned value is never use
d (symbol "intsaj")
d:\UG\gamemodes\maps/mape.inc(22444) : warning 240: assigned value is never use
d (symbol "intsaj")
d:\UG\gamemodes\maps/mape.inc(22445) : warning 240: assigned value is never use
d (symbol "intsaj")
d:\UG\gamemodes\maps/mape.inc(22446) : warning 240: assigned value is never use
d (symbol "intsaj")
d:\UG\gamemodes\maps/mape.inc(22447) : warning 240: assigned value is never use
d (symbol "intsaj")
d:\UG\gamemodes\maps/mape.inc(22448) : warning 240: assigned value is never use
d (symbol "intsaj")
d:\UG\gamemodes\maps/mape.inc(22449) : warning 240: assigned value is never use
d (symbol "intsaj")
d:\UG\gamemodes\maps/mape.inc(22450) : warning 240: assigned value is never use
d (symbol "intsaj")
d:\UG\gamemodes\maps/mape.inc(22451) : warning 240: assigned value is never use
d (symbol "intsaj")
d:\UG\gamemodes\maps/mape.inc(22452) : warning 240: assigned value is never use
d (symbol "intsaj")
d:\UG\gamemodes\maps/mape.inc(22453) : warning 240: assigned value is never use
d (symbol "intsaj")
d:\UG\gamemodes\maps/mape.inc(22454) : warning 240: assigned value is never use
d (symbol "intsaj")
d:\UG\gamemodes\maps/mape.inc(22455) : warning 240: assigned value is never use
d (symbol "intsaj")
d:\UG\gamemodes\maps/mape.inc(22456) : warning 240: assigned value is never use
d (symbol "intsaj")
d:\UG\gamemodes\maps/mape.inc(22457) : warning 240: assigned value is never use
d (symbol "intsaj")
d:\UG\gamemodes\maps/mape.inc(22458) : warning 240: assigned value is never use
d (symbol "intsaj")
d:\UG\gamemodes\maps/mape.inc(22459) : warning 240: assigned value is never use
d (symbol "intsaj")
d:\UG\gamemodes\maps/mape.inc(22460) : warning 240: assigned value is never use
d (symbol "intsaj")
d:\UG\gamemodes\maps/mape.inc(22461) : warning 240: assigned value is never use
d (symbol "intsaj")
d:\UG\gamemodes\maps/mape.inc(22462) : warning 240: assigned value is never use
d (symbol "intsaj")
d:\UG\gamemodes\maps/mape.inc(22463) : warning 240: assigned value is never use
d (symbol "intsaj")
d:\UG\gamemodes\maps/mape.inc(22464) : warning 240: assigned value is never use
d (symbol "intsaj")
d:\UG\gamemodes\maps/mape.inc(22465) : warning 240: assigned value is never use
d (symbol "intsaj")
d:\UG\gamemodes\maps/mape.inc(22466) : warning 240: assigned value is never use
d (symbol "intsaj")
d:\UG\gamemodes\maps/mape.inc(22467) : warning 240: assigned value is never use
d (symbol "intsaj")
d:\UG\gamemodes\maps/mape.inc(22468) : warning 240: assigned value is never use
d (symbol "intsaj")
d:\UG\gamemodes\maps/mape.inc(22469) : warning 240: assigned value is never use
d (symbol "intsaj")
d:\UG\gamemodes\maps/mape.inc(22470) : warning 240: assigned value is never use
d (symbol "intsaj")
d:\UG\gamemodes\maps/mape.inc(22471) : warning 240: assigned value is never use
d (symbol "intsaj")
d:\UG\gamemodes\maps/mape.inc(22472) : warning 240: assigned value is never use
d (symbol "intsaj")
d:\UG\gamemodes\maps/mape.inc(22473) : warning 240: assigned value is never use
d (symbol "intsaj")
d:\UG\gamemodes\maps/mape.inc(22474) : warning 240: assigned value is never use
d (symbol "intsaj")
d:\UG\gamemodes\maps/mape.inc(22475) : warning 240: assigned value is never use
d (symbol "intsaj")
d:\UG\gamemodes\maps/mape.inc(22476) : warning 240: assigned value is never use
d (symbol "intsaj")
d:\UG\gamemodes\maps/mape.inc(22477) : warning 240: assigned value is never use
d (symbol "intsaj")
d:\UG\gamemodes\maps/mape.inc(22478) : warning 240: assigned value is never use
d (symbol "intsaj")
d:\UG\gamemodes\maps/mape.inc(22479) : warning 240: assigned value is never use
d (symbol "intsaj")
d:\UG\gamemodes\maps/mape.inc(22480) : warning 240: assigned value is never use
d (symbol "intsaj")
d:\UG\gamemodes\maps/mape.inc(22481) : warning 240: assigned value is never use
d (symbol "intsaj")
d:\UG\gamemodes\maps/mape.inc(22482) : warning 240: assigned value is never use
d (symbol "intsaj")
d:\UG\gamemodes\maps/mape.inc(22483) : warning 240: assigned value is never use
d (symbol "intsaj")
d:\UG\gamemodes\maps/mape.inc(22484) : warning 240: assigned value is never use
d (symbol "intsaj")
d:\UG\gamemodes\maps/mape.inc(22485) : warning 240: assigned value is never use
d (symbol "intsaj")
d:\UG\gamemodes\maps/mape.inc(22486) : warning 240: assigned value is never use
d (symbol "intsaj")
d:\UG\gamemodes\maps/mape.inc(22487) : warning 240: assigned value is never use
d (symbol "intsaj")
d:\UG\gamemodes\maps/mape.inc(22488) : warning 240: assigned value is never use
d (symbol "intsaj")
d:\UG\gamemodes\maps/mape.inc(22489) : warning 240: assigned value is never use
d (symbol "intsaj")
d:\UG\gamemodes\maps/mape.inc(22490) : warning 240: assigned value is never use
d (symbol "intsaj")
d:\UG\gamemodes\maps/mape.inc(22491) : warning 240: assigned value is never use
d (symbol "intsaj")
d:\UG\gamemodes\maps/mape.inc(22492) : warning 240: assigned value is never use
d (symbol "intsaj")
d:\UG\gamemodes\maps/mape.inc(22493) : warning 240: assigned value is never use
d (symbol "intsaj")
d:\UG\gamemodes\maps/mape.inc(22494) : warning 240: assigned value is never use
d (symbol "intsaj")
d:\UG\gamemodes\maps/mape.inc(22495) : warning 240: assigned value is never use
d (symbol "intsaj")
d:\UG\gamemodes\maps/mape.inc(22496) : warning 240: assigned value is never use
d (symbol "intsaj")
d:\UG\gamemodes\maps/mape.inc(22497) : warning 240: assigned value is never use
d (symbol "intsaj")
d:\UG\gamemodes\maps/mape.inc(22498) : warning 240: assigned value is never use
d (symbol "intsaj")
d:\UG\gamemodes\maps/mape.inc(22499) : warning 240: assigned value is never use
d (symbol "intsaj")
d:\UG\gamemodes\maps/mape.inc(22500) : warning 240: assigned value is never use
d (symbol "intsaj")
d:\UG\gamemodes\maps/mape.inc(22501) : warning 240: assigned value is never use
d (symbol "intsaj")
d:\UG\gamemodes\maps/mape.inc(22502) : warning 240: assigned value is never use
d (symbol "intsaj")
d:\UG\gamemodes\maps/mape.inc(22503) : warning 240: assigned value is never use
d (symbol "intsaj")
d:\UG\gamemodes\maps/mape.inc(22504) : warning 240: assigned value is never use
d (symbol "intsaj")
d:\UG\gamemodes\maps/mape.inc(22505) : warning 240: assigned value is never use
d (symbol "intsaj")
d:\UG\gamemodes\maps/mape.inc(22506) : warning 240: assigned value is never use
d (symbol "intsaj")
d:\UG\gamemodes\maps/mape.inc(22507) : warning 240: assigned value is never use
d (symbol "intsaj")
d:\UG\gamemodes\maps/mape.inc(22508) : warning 240: assigned value is never use
d (symbol "intsaj")
d:\UG\gamemodes\maps/mape.inc(22509) : warning 240: assigned value is never use
d (symbol "intsaj")
d:\UG\gamemodes\maps/mape.inc(22510) : warning 240: assigned value is never use
d (symbol "intsaj")
d:\UG\gamemodes\maps/mape.inc(22511) : warning 240: assigned value is never use
d (symbol "intsaj")
d:\UG\gamemodes\maps/mape.inc(22512) : warning 240: assigned value is never use
d (symbol "intsaj")
d:\UG\gamemodes\maps/mape.inc(22513) : warning 240: assigned value is never use
d (symbol "intsaj")
d:\UG\gamemodes\maps/mape.inc(22514) : warning 240: assigned value is never use
d (symbol "intsaj")
d:\UG\gamemodes\maps/mape.inc(22515) : warning 240: assigned value is never use
d (symbol "intsaj")
d:\UG\gamemodes\maps/mape.inc(22516) : warning 240: assigned value is never use
d (symbol "intsaj")
d:\UG\gamemodes\maps/mape.inc(22517) : warning 240: assigned value is never use
d (symbol "intsaj")
d:\UG\gamemodes\maps/mape.inc(22518) : warning 240: assigned value is never use
d (symbol "intsaj")
d:\UG\gamemodes\maps/mape.inc(22519) : warning 240: assigned value is never use
d (symbol "intsaj")
d:\UG\gamemodes\maps/mape.inc(22520) : warning 240: assigned value is never use
d (symbol "intsaj")
d:\UG\gamemodes\maps/mape.inc(22521) : warning 240: assigned value is never use
d (symbol "intsaj")
d:\UG\gamemodes\maps/mape.inc(22522) : warning 240: assigned value is never use
d (symbol "intsaj")
d:\UG\gamemodes\maps/mape.inc(22523) : warning 240: assigned value is never use
d (symbol "intsaj")
d:\UG\gamemodes\maps/mape.inc(22524) : warning 240: assigned value is never use
d (symbol "intsaj")
d:\UG\gamemodes\maps/mape.inc(22525) : warning 240: assigned value is never use
d (symbol "intsaj")
d:\UG\gamemodes\maps/mape.inc(22526) : warning 240: assigned value is never use
d (symbol "intsaj")
d:\UG\gamemodes\maps/mape.inc(22527) : warning 240: assigned value is never use
d (symbol "intsaj")
d:\UG\gamemodes\maps/mape.inc(22528) : warning 240: assigned value is never use
d (symbol "intsaj")
d:\UG\gamemodes\maps/mape.inc(22529) : warning 240: assigned value is never use
d (symbol "intsaj")
d:\UG\gamemodes\maps/mape.inc(22530) : warning 240: assigned value is never use
d (symbol "intsaj")
d:\UG\gamemodes\maps/mape.inc(22531) : warning 240: assigned value is never use
d (symbol "intsaj")
d:\UG\gamemodes\maps/mape.inc(22532) : warning 240: assigned value is never use
d (symbol "intsaj")
d:\UG\gamemodes\maps/mape.inc(22533) : warning 240: assigned value is never use
d (symbol "intsaj")
d:\UG\gamemodes\maps/mape.inc(22534) : warning 240: assigned value is never use
d (symbol "intsaj")
d:\UG\gamemodes\maps/mape.inc(22535) : warning 240: assigned value is never use
d (symbol "intsaj")
d:\UG\gamemodes\maps/mape.inc(22536) : warning 240: assigned value is never use
d (symbol "intsaj")
d:\UG\gamemodes\maps/mape.inc(22537) : warning 240: assigned value is never use
d (symbol "intsaj")
d:\UG\gamemodes\maps/mape.inc(22538) : warning 240: assigned value is never use
d (symbol "intsaj")
d:\UG\gamemodes\maps/mape.inc(22539) : warning 240: assigned value is never use
d (symbol "intsaj")
d:\UG\gamemodes\maps/mape.inc(22540) : warning 240: assigned value is never use
d (symbol "intsaj")
d:\UG\gamemodes\maps/mape.inc(22541) : warning 240: assigned value is never use
d (symbol "intsaj")
d:\UG\gamemodes\maps/mape.inc(22542) : warning 240: assigned value is never use
d (symbol "intsaj")
d:\UG\gamemodes\maps/mape.inc(22543) : warning 240: assigned value is never use
d (symbol "intsaj")
d:\UG\gamemodes\maps/mape.inc(22544) : warning 240: assigned value is never use
d (symbol "intsaj")
d:\UG\gamemodes\maps/mape.inc(22545) : warning 240: assigned value is never use
d (symbol "intsaj")
d:\UG\gamemodes\maps/mape.inc(22546) : warning 240: assigned value is never use
d (symbol "intsaj")
d:\UG\gamemodes\maps/mape.inc(22547) : warning 240: assigned value is never use
d (symbol "intsaj")
d:\UG\gamemodes\maps/mape.inc(22548) : warning 240: assigned value is never use
d (symbol "intsaj")
d:\UG\gamemodes\maps/mape.inc(22549) : warning 240: assigned value is never use
d (symbol "intsaj")
d:\UG\gamemodes\maps/mape.inc(22550) : warning 240: assigned value is never use
d (symbol "intsaj")
d:\UG\gamemodes\maps/mape.inc(22551) : warning 240: assigned value is never use
d (symbol "intsaj")
d:\UG\gamemodes\maps/mape.inc(22552) : warning 240: assigned value is never use
d (symbol "intsaj")
d:\UG\gamemodes\maps/mape.inc(22553) : warning 240: assigned value is never use
d (symbol "intsaj")
d:\UG\gamemodes\maps/mape.inc(22554) : warning 240: assigned value is never use
d (symbol "intsaj")
d:\UG\gamemodes\maps/mape.inc(22555) : warning 240: assigned value is never use
d (symbol "intsaj")
d:\UG\gamemodes\maps/mape.inc(22556) : warning 240: assigned value is never use
d (symbol "intsaj")
d:\UG\gamemodes\maps/mape.inc(22557) : warning 240: assigned value is never use
d (symbol "intsaj")
d:\UG\gamemodes\maps/mape.inc(22558) : warning 240: assigned value is never use
d (symbol "intsaj")
d:\UG\gamemodes\maps/mape.inc(22559) : warning 240: assigned value is never use
d (symbol "intsaj")
d:\UG\gamemodes\maps/mape.inc(22560) : warning 240: assigned value is never use
d (symbol "intsaj")
d:\UG\gamemodes\maps/mape.inc(22561) : warning 240: assigned value is never use
d (symbol "intsaj")
d:\UG\gamemodes\maps/mape.inc(22562) : warning 240: assigned value is never use
d (symbol "intsaj")
d:\UG\gamemodes\maps/mape.inc(22563) : warning 240: assigned value is never use
d (symbol "intsaj")
d:\UG\gamemodes\maps/mape.inc(22564) : warning 240: assigned value is never use
d (symbol "intsaj")
d:\UG\gamemodes\maps/mape.inc(22565) : warning 240: assigned value is never use
d (symbol "intsaj")
d:\UG\gamemodes\maps/mape.inc(22566) : warning 240: assigned value is never use
d (symbol "intsaj")
d:\UG\gamemodes\maps/mape.inc(22567) : warning 240: assigned value is never use
d (symbol "intsaj")
d:\UG\gamemodes\maps/mape.inc(22568) : warning 240: assigned value is never use
d (symbol "intsaj")
d:\UG\gamemodes\maps/mape.inc(22569) : warning 240: assigned value is never use
d (symbol "intsaj")
d:\UG\gamemodes\maps/mape.inc(22570) : warning 240: assigned value is never use
d (symbol "intsaj")
d:\UG\gamemodes\maps/mape.inc(22571) : warning 240: assigned value is never use
d (symbol "intsaj")
d:\UG\gamemodes\maps/mape.inc(22572) : warning 240: assigned value is never use
d (symbol "intsaj")
d:\UG\gamemodes\maps/mape.inc(22573) : warning 240: assigned value is never use
d (symbol "intsaj")
d:\UG\gamemodes\maps/mape.inc(22574) : warning 240: assigned value is never use
d (symbol "intsaj")
d:\UG\gamemodes\maps/mape.inc(22575) : warning 240: assigned value is never use
d (symbol "intsaj")
d:\UG\gamemodes\maps/mape.inc(22576) : warning 240: assigned value is never use
d (symbol "intsaj")
d:\UG\gamemodes\maps/mape.inc(22577) : warning 240: assigned value is never use
d (symbol "intsaj")
d:\UG\gamemodes\maps/mape.inc(22578) : warning 240: assigned value is never use
d (symbol "intsaj")
d:\UG\gamemodes\maps/mape.inc(22579) : warning 240: assigned value is never use
d (symbol "intsaj")
d:\UG\gamemodes\maps/mape.inc(22580) : warning 240: assigned value is never use
d (symbol "intsaj")
d:\UG\gamemodes\maps/mape.inc(22581) : warning 240: assigned value is never use
d (symbol "intsaj")
d:\UG\gamemodes\maps/mape.inc(22582) : warning 240: assigned value is never use
d (symbol "intsaj")
d:\UG\gamemodes\maps/mape.inc(22583) : warning 240: assigned value is never use
d (symbol "intsaj")
d:\UG\gamemodes\maps/mape.inc(22584) : warning 240: assigned value is never use
d (symbol "intsaj")
d:\UG\gamemodes\maps/mape.inc(22585) : warning 240: assigned value is never use
d (symbol "intsaj")
d:\UG\gamemodes\maps/mape.inc(22586) : warning 240: assigned value is never use
d (symbol "intsaj")
d:\UG\gamemodes\maps/mape.inc(22587) : warning 240: assigned value is never use
d (symbol "intsaj")
d:\UG\gamemodes\maps/mape.inc(22588) : warning 240: assigned value is never use
d (symbol "intsaj")
d:\UG\gamemodes\maps/mape.inc(22589) : warning 240: assigned value is never use
d (symbol "intsaj")
d:\UG\gamemodes\maps/mape.inc(22590) : warning 240: assigned value is never use
d (symbol "intsaj")
d:\UG\gamemodes\maps/mape.inc(22591) : warning 240: assigned value is never use
d (symbol "intsaj")
d:\UG\gamemodes\maps/mape.inc(22592) : warning 240: assigned value is never use
d (symbol "intsaj")
d:\UG\gamemodes\maps/mape.inc(22593) : warning 240: assigned value is never use
d (symbol "intsaj")
d:\UG\gamemodes\maps/mape.inc(22594) : warning 240: assigned value is never use
d (symbol "intsaj")
d:\UG\gamemodes\maps/mape.inc(22595) : warning 240: assigned value is never use
d (symbol "intsaj")
d:\UG\gamemodes\maps/mape.inc(22596) : warning 240: assigned value is never use
d (symbol "intsaj")
d:\UG\gamemodes\maps/mape.inc(22597) : warning 240: assigned value is never use
d (symbol "intsaj")
d:\UG\gamemodes\maps/mape.inc(22598) : warning 240: assigned value is never use
d (symbol "intsaj")
d:\UG\gamemodes\maps/mape.inc(22599) : warning 240: assigned value is never use
d (symbol "intsaj")
d:\UG\gamemodes\maps/mape.inc(22600) : warning 240: assigned value is never use
d (symbol "intsaj")
d:\UG\gamemodes\maps/mape.inc(22601) : warning 240: assigned value is never use
d (symbol "intsaj")
d:\UG\gamemodes\maps/mape.inc(22602) : warning 240: assigned value is never use
d (symbol "intsaj")
d:\UG\gamemodes\maps/mape.inc(22603) : warning 240: assigned value is never use
d (symbol "intsaj")
d:\UG\gamemodes\maps/mape.inc(22604) : warning 240: assigned value is never use
d (symbol "intsaj")
d:\UG\gamemodes\maps/mape.inc(22605) : warning 240: assigned value is never use
d (symbol "intsaj")
d:\UG\gamemodes\maps/mape.inc(22606) : warning 240: assigned value is never use
d (symbol "intsaj")
d:\UG\gamemodes\maps/mape.inc(22607) : warning 240: assigned value is never use
d (symbol "intsaj")
d:\UG\gamemodes\maps/mape.inc(22608) : warning 240: assigned value is never use
d (symbol "intsaj")
d:\UG\gamemodes\maps/mape.inc(22609) : warning 240: assigned value is never use
d (symbol "intsaj")
d:\UG\gamemodes\maps/mape.inc(22610) : warning 240: assigned value is never use
d (symbol "intsaj")
d:\UG\gamemodes\maps/mape.inc(22611) : warning 240: assigned value is never use
d (symbol "intsaj")
d:\UG\gamemodes\maps/mape.inc(22612) : warning 240: assigned value is never use
d (symbol "intsaj")
d:\UG\gamemodes\maps/mape.inc(22613) : warning 240: assigned value is never use
d (symbol "intsaj")
d:\UG\gamemodes\maps/mape.inc(22614) : warning 240: assigned value is never use
d (symbol "intsaj")
d:\UG\gamemodes\maps/mape.inc(22615) : warning 240: assigned value is never use
d (symbol "intsaj")
d:\UG\gamemodes\maps/mape.inc(22616) : warning 240: assigned value is never use
d (symbol "intsaj")
d:\UG\gamemodes\maps/mape.inc(22617) : warning 240: assigned value is never use
d (symbol "intsaj")
d:\UG\gamemodes\maps/mape.inc(22618) : warning 240: assigned value is never use
d (symbol "intsaj")
d:\UG\gamemodes\maps/mape.inc(22619) : warning 240: assigned value is never use
d (symbol "intsaj")
d:\UG\gamemodes\maps/mape.inc(22620) : warning 240: assigned value is never use
d (symbol "intsaj")
d:\UG\gamemodes\maps/mape.inc(22621) : warning 240: assigned value is never use
d (symbol "intsaj")
d:\UG\gamemodes\maps/mape.inc(22622) : warning 240: assigned value is never use
d (symbol "intsaj")
d:\UG\gamemodes\maps/mape.inc(22623) : warning 240: assigned value is never use
d (symbol "intsaj")
d:\UG\gamemodes\maps/mape.inc(22624) : warning 240: assigned value is never use
d (symbol "intsaj")
d:\UG\gamemodes\maps/mape.inc(22625) : warning 240: assigned value is never use
d (symbol "intsaj")
d:\UG\gamemodes\maps/mape.inc(22626) : warning 240: assigned value is never use
d (symbol "intsaj")
d:\UG\gamemodes\maps/mape.inc(22627) : warning 240: assigned value is never use
d (symbol "intsaj")
d:\UG\gamemodes\maps/mape.inc(22628) : warning 240: assigned value is never use
d (symbol "intsaj")
d:\UG\gamemodes\maps/mape.inc(22629) : warning 240: assigned value is never use
d (symbol "intsaj")
d:\UG\gamemodes\maps/mape.inc(22630) : warning 240: assigned value is never use
d (symbol "intsaj")
d:\UG\gamemodes\maps/mape.inc(22631) : warning 240: assigned value is never use
d (symbol "intsaj")
d:\UG\gamemodes\maps/mape.inc(22632) : warning 240: assigned value is never use
d (symbol "intsaj")
d:\UG\gamemodes\maps/mape.inc(22633) : warning 240: assigned value is never use
d (symbol "intsaj")
d:\UG\gamemodes\maps/mape.inc(22634) : warning 240: assigned value is never use
d (symbol "intsaj")
d:\UG\gamemodes\maps/mape.inc(22635) : warning 240: assigned value is never use
d (symbol "intsaj")
d:\UG\gamemodes\maps/mape.inc(22636) : warning 240: assigned value is never use
d (symbol "intsaj")
d:\UG\gamemodes\maps/mape.inc(22637) : warning 240: assigned value is never use
d (symbol "intsaj")
d:\UG\gamemodes\maps/mape.inc(22638) : warning 240: assigned value is never use
d (symbol "intsaj")
d:\UG\gamemodes\maps/mape.inc(22639) : warning 240: assigned value is never use
d (symbol "intsaj")
d:\UG\gamemodes\maps/mape.inc(22640) : warning 240: assigned value is never use
d (symbol "intsaj")
d:\UG\gamemodes\maps/mape.inc(22641) : warning 240: assigned value is never use
d (symbol "intsaj")
d:\UG\gamemodes\maps/mape.inc(22642) : warning 240: assigned value is never use
d (symbol "intsaj")
d:\UG\gamemodes\maps/mape.inc(22643) : warning 240: assigned value is never use
d (symbol "intsaj")
d:\UG\gamemodes\maps/mape.inc(22644) : warning 240: assigned value is never use
d (symbol "intsaj")
d:\UG\gamemodes\maps/mape.inc(22645) : warning 240: assigned value is never use
d (symbol "intsaj")
d:\UG\gamemodes\maps/mape.inc(22646) : warning 240: assigned value is never use
d (symbol "intsaj")
d:\UG\gamemodes\maps/mape.inc(22647) : warning 240: assigned value is never use
d (symbol "intsaj")
d:\UG\gamemodes\maps/mape.inc(22648) : warning 240: assigned value is never use
d (symbol "intsaj")
d:\UG\gamemodes\maps/mape.inc(22649) : warning 240: assigned value is never use
d (symbol "intsaj")
d:\UG\gamemodes\maps/mape.inc(22650) : warning 240: assigned value is never use
d (symbol "intsaj")
d:\UG\gamemodes\maps/mape.inc(22651) : warning 240: assigned value is never use
d (symbol "intsaj")
d:\UG\gamemodes\maps/mape.inc(22652) : warning 240: assigned value is never use
d (symbol "intsaj")
d:\UG\gamemodes\maps/mape.inc(22653) : warning 240: assigned value is never use
d (symbol "intsaj")
d:\UG\gamemodes\maps/mape.inc(22654) : warning 240: assigned value is never use
d (symbol "intsaj")
d:\UG\gamemodes\maps/mape.inc(22655) : warning 240: assigned value is never use
d (symbol "intsaj")
d:\UG\gamemodes\maps/mape.inc(22656) : warning 240: assigned value is never use
d (symbol "intsaj")
d:\UG\gamemodes\maps/mape.inc(22657) : warning 240: assigned value is never use
d (symbol "intsaj")
d:\UG\gamemodes\maps/mape.inc(22658) : warning 240: assigned value is never use
d (symbol "intsaj")
d:\UG\gamemodes\maps/mape.inc(22659) : warning 240: assigned value is never use
d (symbol "intsaj")
d:\UG\gamemodes\maps/mape.inc(22660) : warning 240: assigned value is never use
d (symbol "intsaj")
d:\UG\gamemodes\maps/mape.inc(22661) : warning 240: assigned value is never use
d (symbol "intsaj")
d:\UG\gamemodes\maps/mape.inc(22662) : warning 240: assigned value is never use
d (symbol "intsaj")
d:\UG\gamemodes\maps/mape.inc(22663) : warning 240: assigned value is never use
d (symbol "intsaj")
d:\UG\gamemodes\maps/mape.inc(22664) : warning 240: assigned value is never use
d (symbol "intsaj")
d:\UG\gamemodes\maps/mape.inc(22665) : warning 240: assigned value is never use
d (symbol "intsaj")
d:\UG\gamemodes\maps/mape.inc(22666) : warning 240: assigned value is never use
d (symbol "intsaj")
d:\UG\gamemodes\maps/mape.inc(22667) : warning 240: assigned value is never use
d (symbol "intsaj")
d:\UG\gamemodes\maps/mape.inc(22668) : warning 240: assigned value is never use
d (symbol "intsaj")
d:\UG\gamemodes\maps/mape.inc(22669) : warning 240: assigned value is never use
d (symbol "intsaj")
d:\UG\gamemodes\maps/mape.inc(22670) : warning 240: assigned value is never use
d (symbol "intsaj")
d:\UG\gamemodes\maps/mape.inc(22671) : warning 240: assigned value is never use
d (symbol "intsaj")
d:\UG\gamemodes\maps/mape.inc(22672) : warning 240: assigned value is never use
d (symbol "intsaj")
d:\UG\gamemodes\maps/mape.inc(22673) : warning 240: assigned value is never use
d (symbol "intsaj")
d:\UG\gamemodes\maps/mape.inc(22674) : warning 240: assigned value is never use
d (symbol "intsaj")
d:\UG\gamemodes\maps/mape.inc(22675) : warning 240: assigned value is never use
d (symbol "intsaj")
d:\UG\gamemodes\maps/mape.inc(22676) : warning 240: assigned value is never use
d (symbol "intsaj")
d:\UG\gamemodes\maps/mape.inc(22677) : warning 240: assigned value is never use
d (symbol "intsaj")
d:\UG\gamemodes\maps/mape.inc(22678) : warning 240: assigned value is never use
d (symbol "intsaj")
d:\UG\gamemodes\maps/mape.inc(22679) : warning 240: assigned value is never use
d (symbol "intsaj")
d:\UG\gamemodes\maps/mape.inc(22680) : warning 240: assigned value is never use
d (symbol "intsaj")
d:\UG\gamemodes\maps/mape.inc(22681) : warning 240: assigned value is never use
d (symbol "intsaj")
d:\UG\gamemodes\maps/mape.inc(22682) : warning 240: assigned value is never use
d (symbol "intsaj")
d:\UG\gamemodes\maps/mape.inc(22683) : warning 240: assigned value is never use
d (symbol "intsaj")
d:\UG\gamemodes\maps/mape.inc(22684) : warning 240: assigned value is never use
d (symbol "intsaj")
d:\UG\gamemodes\maps/mape.inc(22685) : warning 240: assigned value is never use
d (symbol "intsaj")
d:\UG\gamemodes\maps/mape.inc(22686) : warning 240: assigned value is never use
d (symbol "intsaj")
d:\UG\gamemodes\maps/mape.inc(22687) : warning 240: assigned value is never use
d (symbol "intsaj")
d:\UG\gamemodes\maps/mape.inc(22688) : warning 240: assigned value is never use
d (symbol "intsaj")
d:\UG\gamemodes\maps/mape.inc(22689) : warning 240: assigned value is never use
d (symbol "intsaj")
d:\UG\gamemodes\maps/mape.inc(22690) : warning 240: assigned value is never use
d (symbol "intsaj")
d:\UG\gamemodes\maps/mape.inc(22691) : warning 240: assigned value is never use
d (symbol "intsaj")
d:\UG\gamemodes\maps/mape.inc(22692) : warning 240: assigned value is never use
d (symbol "intsaj")
d:\UG\gamemodes\maps/mape.inc(22693) : warning 240: assigned value is never use
d (symbol "intsaj")
d:\UG\gamemodes\maps/mape.inc(22694) : warning 240: assigned value is never use
d (symbol "intsaj")
d:\UG\gamemodes\maps/mape.inc(22695) : warning 240: assigned value is never use
d (symbol "intsaj")
d:\UG\gamemodes\maps/mape.inc(22696) : warning 240: assigned value is never use
d (symbol "intsaj")
d:\UG\gamemodes\maps/mape.inc(22697) : warning 240: assigned value is never use
d (symbol "intsaj")
d:\UG\gamemodes\maps/mape.inc(22698) : warning 240: assigned value is never use
d (symbol "intsaj")
d:\UG\gamemodes\maps/mape.inc(22699) : warning 240: assigned value is never use
d (symbol "intsaj")
d:\UG\gamemodes\maps/mape.inc(22700) : warning 240: assigned value is never use
d (symbol "intsaj")
d:\UG\gamemodes\maps/mape.inc(22701) : warning 240: assigned value is never use
d (symbol "intsaj")
d:\UG\gamemodes\maps/mape.inc(22702) : warning 240: assigned value is never use
d (symbol "intsaj")
d:\UG\gamemodes\maps/mape.inc(22703) : warning 240: assigned value is never use
d (symbol "intsaj")
d:\UG\gamemodes\maps/mape.inc(22704) : warning 240: assigned value is never use
d (symbol "intsaj")
d:\UG\gamemodes\maps/mape.inc(22705) : warning 240: assigned value is never use
d (symbol "intsaj")
d:\UG\gamemodes\maps/mape.inc(22706) : warning 240: assigned value is never use
d (symbol "intsaj")
d:\UG\gamemodes\maps/mape.inc(22707) : warning 240: assigned value is never use
d (symbol "intsaj")
d:\UG\gamemodes\maps/mape.inc(22708) : warning 240: assigned value is never use
d (symbol "intsaj")
d:\UG\gamemodes\maps/mape.inc(22709) : warning 240: assigned value is never use
d (symbol "intsaj")
d:\UG\gamemodes\maps/mape.inc(22710) : warning 240: assigned value is never use
d (symbol "intsaj")
d:\UG\gamemodes\maps/mape.inc(22711) : warning 240: assigned value is never use
d (symbol "intsaj")
d:\UG\gamemodes\maps/mape.inc(22712) : warning 240: assigned value is never use
d (symbol "intsaj")
d:\UG\gamemodes\maps/mape.inc(22713) : warning 240: assigned value is never use
d (symbol "intsaj")
d:\UG\gamemodes\maps/mape.inc(22714) : warning 240: assigned value is never use
d (symbol "intsaj")
d:\UG\gamemodes\maps/mape.inc(22715) : warning 240: assigned value is never use
d (symbol "intsaj")
d:\UG\gamemodes\maps/mape.inc(22716) : warning 240: assigned value is never use
d (symbol "intsaj")
d:\UG\gamemodes\maps/mape.inc(22717) : warning 240: assigned value is never use
d (symbol "intsaj")
d:\UG\gamemodes\maps/mape.inc(22718) : warning 240: assigned value is never use
d (symbol "intsaj")
d:\UG\gamemodes\maps/mape.inc(22719) : warning 240: assigned value is never use
d (symbol "intsaj")
d:\UG\gamemodes\maps/mape.inc(22720) : warning 240: assigned value is never use
d (symbol "intsaj")
d:\UG\gamemodes\maps/mape.inc(22721) : warning 240: assigned value is never use
d (symbol "intsaj")
d:\UG\gamemodes\maps/mape.inc(22722) : warning 240: assigned value is never use
d (symbol "intsaj")
d:\UG\gamemodes\maps/mape.inc(22723) : warning 240: assigned value is never use
d (symbol "intsaj")
d:\UG\gamemodes\maps/mape.inc(22724) : warning 240: assigned value is never use
d (symbol "intsaj")
d:\UG\gamemodes\maps/mape.inc(22725) : warning 240: assigned value is never use
d (symbol "intsaj")
d:\UG\gamemodes\maps/mape.inc(22726) : warning 240: assigned value is never use
d (symbol "intsaj")
d:\UG\gamemodes\maps/mape.inc(22727) : warning 240: assigned value is never use
d (symbol "intsaj")
d:\UG\gamemodes\maps/mape.inc(22728) : warning 240: assigned value is never use
d (symbol "intsaj")
d:\UG\gamemodes\maps/mape.inc(22729) : warning 240: assigned value is never use
d (symbol "intsaj")
d:\UG\gamemodes\maps/mape.inc(22730) : warning 240: assigned value is never use
d (symbol "intsaj")
d:\UG\gamemodes\maps/mape.inc(22731) : warning 240: assigned value is never use
d (symbol "intsaj")
d:\UG\gamemodes\maps/mape.inc(22732) : warning 240: assigned value is never use
d (symbol "intsaj")
d:\UG\gamemodes\maps/mape.inc(22733) : warning 240: assigned value is never use
d (symbol "intsaj")
d:\UG\gamemodes\maps/mape.inc(22734) : warning 240: assigned value is never use
d (symbol "intsaj")
d:\UG\gamemodes\maps/mape.inc(22735) : warning 240: assigned value is never use
d (symbol "intsaj")
d:\UG\gamemodes\maps/mape.inc(22736) : warning 240: assigned value is never use
d (symbol "intsaj")
d:\UG\gamemodes\maps/mape.inc(22737) : warning 240: assigned value is never use
d (symbol "intsaj")
d:\UG\gamemodes\maps/mape.inc(22738) : warning 240: assigned value is never use
d (symbol "intsaj")
d:\UG\gamemodes\maps/mape.inc(22739) : warning 240: assigned value is never use
d (symbol "intsaj")
d:\UG\gamemodes\maps/mape.inc(22740) : warning 240: assigned value is never use
d (symbol "intsaj")
d:\UG\gamemodes\maps/mape.inc(22741) : warning 240: assigned value is never use
d (symbol "intsaj")
d:\UG\gamemodes\maps/mape.inc(22742) : warning 240: assigned value is never use
d (symbol "intsaj")
d:\UG\gamemodes\maps/mape.inc(22743) : warning 240: assigned value is never use
d (symbol "intsaj")
d:\UG\gamemodes\maps/mape.inc(22744) : warning 240: assigned value is never use
d (symbol "intsaj")
d:\UG\gamemodes\maps/mape.inc(22745) : warning 240: assigned value is never use
d (symbol "intsaj")
d:\UG\gamemodes\maps/mape.inc(22746) : warning 240: assigned value is never use
d (symbol "intsaj")
d:\UG\gamemodes\maps/mape.inc(22747) : warning 240: assigned value is never use
d (symbol "intsaj")
d:\UG\gamemodes\maps/mape.inc(22748) : warning 240: assigned value is never use
d (symbol "intsaj")
d:\UG\gamemodes\maps/mape.inc(22749) : warning 240: assigned value is never use
d (symbol "intsaj")
d:\UG\gamemodes\maps/mape.inc(22750) : warning 240: assigned value is never use
d (symbol "intsaj")
d:\UG\gamemodes\maps/mape.inc(22751) : warning 240: assigned value is never use
d (symbol "intsaj")
d:\UG\gamemodes\maps/mape.inc(22752) : warning 240: assigned value is never use
d (symbol "intsaj")
d:\UG\gamemodes\maps/mape.inc(22753) : warning 240: assigned value is never use
d (symbol "intsaj")
d:\UG\gamemodes\maps/mape.inc(22754) : warning 240: assigned value is never use
d (symbol "intsaj")
d:\UG\gamemodes\maps/mape.inc(22755) : warning 240: assigned value is never use
d (symbol "intsaj")
d:\UG\gamemodes\maps/mape.inc(22756) : warning 240: assigned value is never use
d (symbol "intsaj")
d:\UG\gamemodes\maps/mape.inc(22757) : warning 240: assigned value is never use
d (symbol "intsaj")
d:\UG\gamemodes\maps/mape.inc(22758) : warning 240: assigned value is never use
d (symbol "intsaj")
d:\UG\gamemodes\maps/mape.inc(22759) : warning 240: assigned value is never use
d (symbol "intsaj")
d:\UG\gamemodes\maps/mape.inc(22760) : warning 240: assigned value is never use
d (symbol "intsaj")
d:\UG\gamemodes\maps/mape.inc(22761) : warning 240: assigned value is never use
d (symbol "intsaj")
d:\UG\gamemodes\maps/mape.inc(22762) : warning 240: assigned value is never use
d (symbol "intsaj")
d:\UG\gamemodes\maps/mape.inc(22763) : warning 240: assigned value is never use
d (symbol "intsaj")
d:\UG\gamemodes\maps/mape.inc(22764) : warning 240: assigned value is never use
d (symbol "intsaj")
d:\UG\gamemodes\maps/mape.inc(22765) : warning 240: assigned value is never use
d (symbol "intsaj")
d:\UG\gamemodes\maps/mape.inc(22766) : warning 240: assigned value is never use
d (symbol "intsaj")
d:\UG\gamemodes\maps/mape.inc(22767) : warning 240: assigned value is never use
d (symbol "intsaj")
d:\UG\gamemodes\maps/mape.inc(22768) : warning 240: assigned value is never use
d (symbol "intsaj")
d:\UG\gamemodes\maps/mape.inc(22769) : warning 240: assigned value is never use
d (symbol "intsaj")
d:\UG\gamemodes\maps/mape.inc(22770) : warning 240: assigned value is never use
d (symbol "intsaj")
d:\UG\gamemodes\maps/mape.inc(22771) : warning 240: assigned value is never use
d (symbol "intsaj")
d:\UG\gamemodes\maps/mape.inc(22772) : warning 240: assigned value is never use
d (symbol "intsaj")
d:\UG\gamemodes\maps/mape.inc(22773) : warning 240: assigned value is never use
d (symbol "intsaj")
d:\UG\gamemodes\maps/mape.inc(22774) : warning 240: assigned value is never use
d (symbol "intsaj")
d:\UG\gamemodes\maps/mape.inc(22775) : warning 240: assigned value is never use
d (symbol "intsaj")
d:\UG\gamemodes\maps/mape.inc(22776) : warning 240: assigned value is never use
d (symbol "intsaj")
d:\UG\gamemodes\maps/mape.inc(22777) : warning 240: assigned value is never use
d (symbol "intsaj")
d:\UG\gamemodes\maps/mape.inc(22778) : warning 240: assigned value is never use
d (symbol "intsaj")
d:\UG\gamemodes\maps/mape.inc(22779) : warning 240: assigned value is never use
d (symbol "intsaj")
d:\UG\gamemodes\maps/mape.inc(22780) : warning 240: assigned value is never use
d (symbol "intsaj")
d:\UG\gamemodes\maps/mape.inc(22781) : warning 240: assigned value is never use
d (symbol "intsaj")
d:\UG\gamemodes\maps/mape.inc(22782) : warning 240: assigned value is never use
d (symbol "intsaj")
d:\UG\gamemodes\maps/mape.inc(22783) : warning 240: assigned value is never use
d (symbol "intsaj")
d:\UG\gamemodes\maps/mape.inc(22784) : warning 240: assigned value is never use
d (symbol "intsaj")
d:\UG\gamemodes\maps/mape.inc(22785) : warning 240: assigned value is never use
d (symbol "intsaj")
d:\UG\gamemodes\maps/mape.inc(22786) : warning 240: assigned value is never use
d (symbol "intsaj")
d:\UG\gamemodes\maps/mape.inc(22787) : warning 240: assigned value is never use
d (symbol "intsaj")
d:\UG\gamemodes\maps/mape.inc(22788) : warning 240: assigned value is never use
d (symbol "intsaj")
d:\UG\gamemodes\maps/mape.inc(22789) : warning 240: assigned value is never use
d (symbol "intsaj")
d:\UG\gamemodes\maps/mape.inc(22790) : warning 240: assigned value is never use
d (symbol "intsaj")
d:\UG\gamemodes\maps/mape.inc(22791) : warning 240: assigned value is never use
d (symbol "intsaj")
d:\UG\gamemodes\maps/mape.inc(22792) : warning 240: assigned value is never use
d (symbol "intsaj")
d:\UG\gamemodes\maps/mape.inc(22793) : warning 240: assigned value is never use
d (symbol "intsaj")
d:\UG\gamemodes\maps/mape.inc(22794) : warning 240: assigned value is never use
d (symbol "intsaj")
d:\UG\gamemodes\maps/mape.inc(22795) : warning 240: assigned value is never use
d (symbol "intsaj")
d:\UG\gamemodes\maps/mape.inc(22796) : warning 240: assigned value is never use
d (symbol "intsaj")
d:\UG\gamemodes\maps/mape.inc(22797) : warning 240: assigned value is never use
d (symbol "intsaj")
d:\UG\gamemodes\maps/mape.inc(22798) : warning 240: assigned value is never use
d (symbol "intsaj")
d:\UG\gamemodes\maps/mape.inc(22799) : warning 240: assigned value is never use
d (symbol "intsaj")
d:\UG\gamemodes\maps/mape.inc(22800) : warning 240: assigned value is never use
d (symbol "intsaj")
d:\UG\gamemodes\maps/mape.inc(22801) : warning 240: assigned value is never use
d (symbol "intsaj")
d:\UG\gamemodes\maps/mape.inc(22802) : warning 240: assigned value is never use
d (symbol "intsaj")
d:\UG\gamemodes\maps/mape.inc(22803) : warning 240: assigned value is never use
d (symbol "intsaj")
d:\UG\gamemodes\maps/mape.inc(22804) : warning 240: assigned value is never use
d (symbol "intsaj")
d:\UG\gamemodes\maps/mape.inc(22805) : warning 240: assigned value is never use
d (symbol "intsaj")
d:\UG\gamemodes\maps/mape.inc(22806) : warning 240: assigned value is never use
d (symbol "intsaj")
d:\UG\gamemodes\maps/mape.inc(22807) : warning 240: assigned value is never use
d (symbol "intsaj")
d:\UG\gamemodes\maps/mape.inc(22808) : warning 240: assigned value is never use
d (symbol "intsaj")
d:\UG\gamemodes\maps/mape.inc(22809) : warning 240: assigned value is never use
d (symbol "intsaj")
d:\UG\gamemodes\maps/mape.inc(22810) : warning 240: assigned value is never use
d (symbol "intsaj")
d:\UG\gamemodes\maps/mape.inc(22811) : warning 240: assigned value is never use
d (symbol "intsaj")
d:\UG\gamemodes\maps/mape.inc(22812) : warning 240: assigned value is never use
d (symbol "intsaj")
d:\UG\gamemodes\maps/mape.inc(22813) : warning 240: assigned value is never use
d (symbol "intsaj")
d:\UG\gamemodes\maps/mape.inc(22814) : warning 240: assigned value is never use
d (symbol "intsaj")
d:\UG\gamemodes\maps/mape.inc(22815) : warning 240: assigned value is never use
d (symbol "intsaj")
d:\UG\gamemodes\maps/mape.inc(22816) : warning 240: assigned value is never use
d (symbol "intsaj")
d:\UG\gamemodes\maps/mape.inc(22817) : warning 240: assigned value is never use
d (symbol "intsaj")
d:\UG\gamemodes\maps/mape.inc(22818) : warning 240: assigned value is never use
d (symbol "intsaj")
d:\UG\gamemodes\maps/mape.inc(22819) : warning 240: assigned value is never use
d (symbol "intsaj")
d:\UG\gamemodes\maps/mape.inc(22820) : warning 240: assigned value is never use
d (symbol "intsaj")
d:\UG\gamemodes\maps/mape.inc(22821) : warning 240: assigned value is never use
d (symbol "intsaj")
d:\UG\gamemodes\maps/mape.inc(22822) : warning 240: assigned value is never use
d (symbol "intsaj")
d:\UG\gamemodes\maps/mape.inc(22823) : warning 240: assigned value is never use
d (symbol "intsaj")
d:\UG\gamemodes\maps/mape.inc(22824) : warning 240: assigned value is never use
d (symbol "intsaj")
d:\UG\gamemodes\maps/mape.inc(22825) : warning 240: assigned value is never use
d (symbol "intsaj")
d:\UG\gamemodes\maps/mape.inc(22826) : warning 240: assigned value is never use
d (symbol "intsaj")
d:\UG\gamemodes\maps/mape.inc(22827) : warning 240: assigned value is never use
d (symbol "intsaj")
d:\UG\gamemodes\maps/mape.inc(22828) : warning 240: assigned value is never use
d (symbol "intsaj")
d:\UG\gamemodes\maps/mape.inc(22829) : warning 240: assigned value is never use
d (symbol "intsaj")
d:\UG\gamemodes\maps/mape.inc(22830) : warning 240: assigned value is never use
d (symbol "intsaj")
d:\UG\gamemodes\maps/mape.inc(22831) : warning 240: assigned value is never use
d (symbol "intsaj")
d:\UG\gamemodes\maps/mape.inc(22832) : warning 240: assigned value is never use
d (symbol "intsaj")
d:\UG\gamemodes\maps/mape.inc(22833) : warning 240: assigned value is never use
d (symbol "intsaj")
d:\UG\gamemodes\maps/mape.inc(22834) : warning 240: assigned value is never use
d (symbol "intsaj")
d:\UG\gamemodes\maps/mape.inc(22835) : warning 240: assigned value is never use
d (symbol "intsaj")
d:\UG\gamemodes\maps/mape.inc(22836) : warning 240: assigned value is never use
d (symbol "intsaj")
d:\UG\gamemodes\maps/mape.inc(22837) : warning 240: assigned value is never use
d (symbol "intsaj")
d:\UG\gamemodes\maps/mape.inc(22838) : warning 240: assigned value is never use
d (symbol "intsaj")
d:\UG\gamemodes\maps/mape.inc(22839) : warning 240: assigned value is never use
d (symbol "intsaj")
d:\UG\gamemodes\maps/mape.inc(22840) : warning 240: assigned value is never use
d (symbol "intsaj")
d:\UG\gamemodes\maps/mape.inc(22841) : warning 240: assigned value is never use
d (symbol "intsaj")
d:\UG\gamemodes\maps/mape.inc(22842) : warning 240: assigned value is never use
d (symbol "intsaj")
d:\UG\gamemodes\maps/mape.inc(22843) : warning 240: assigned value is never use
d (symbol "intsaj")
d:\UG\gamemodes\maps/mape.inc(22844) : warning 240: assigned value is never use
d (symbol "intsaj")
d:\UG\gamemodes\maps/mape.inc(22845) : warning 240: assigned value is never use
d (symbol "intsaj")
d:\UG\gamemodes\maps/mape.inc(22846) : warning 240: assigned value is never use
d (symbol "intsaj")
d:\UG\gamemodes\maps/mape.inc(22847) : warning 240: assigned value is never use
d (symbol "intsaj")
d:\UG\gamemodes\maps/mape.inc(22848) : warning 240: assigned value is never use
d (symbol "intsaj")
d:\UG\gamemodes\maps/mape.inc(22849) : warning 240: assigned value is never use
d (symbol "intsaj")
d:\UG\gamemodes\maps/mape.inc(22850) : warning 240: assigned value is never use
d (symbol "intsaj")
d:\UG\gamemodes\maps/mape.inc(22851) : warning 240: assigned value is never use
d (symbol "intsaj")
d:\UG\gamemodes\maps/mape.inc(22852) : warning 240: assigned value is never use
d (symbol "intsaj")
d:\UG\gamemodes\maps/mape.inc(22853) : warning 240: assigned value is never use
d (symbol "intsaj")
d:\UG\gamemodes\maps/mape.inc(22854) : warning 240: assigned value is never use
d (symbol "intsaj")
d:\UG\gamemodes\maps/mape.inc(22855) : warning 240: assigned value is never use
d (symbol "intsaj")
d:\UG\gamemodes\maps/mape.inc(22856) : warning 240: assigned value is never use
d (symbol "intsaj")
d:\UG\gamemodes\maps/mape.inc(22857) : warning 240: assigned value is never use
d (symbol "intsaj")
d:\UG\gamemodes\maps/mape.inc(22858) : warning 240: assigned value is never use
d (symbol "intsaj")
d:\UG\gamemodes\maps/mape.inc(22859) : warning 240: assigned value is never use
d (symbol "intsaj")
d:\UG\gamemodes\maps/mape.inc(22860) : warning 240: assigned value is never use
d (symbol "intsaj")
d:\UG\gamemodes\maps/mape.inc(22861) : warning 240: assigned value is never use
d (symbol "intsaj")
d:\UG\gamemodes\maps/mape.inc(22862) : warning 240: assigned value is never use
d (symbol "intsaj")
d:\UG\gamemodes\maps/mape.inc(22863) : warning 240: assigned value is never use
d (symbol "intsaj")
d:\UG\gamemodes\maps/mape.inc(22864) : warning 240: assigned value is never use
d (symbol "intsaj")
d:\UG\gamemodes\maps/mape.inc(22865) : warning 240: assigned value is never use
d (symbol "intsaj")
d:\UG\gamemodes\maps/mape.inc(22866) : warning 240: assigned value is never use
d (symbol "intsaj")
d:\UG\gamemodes\maps/mape.inc(22867) : warning 240: assigned value is never use
d (symbol "intsaj")
d:\UG\gamemodes\maps/mape.inc(22868) : warning 240: assigned value is never use
d (symbol "intsaj")
d:\UG\gamemodes\maps/mape.inc(22869) : warning 240: assigned value is never use
d (symbol "intsaj")
d:\UG\gamemodes\maps/mape.inc(22870) : warning 240: assigned value is never use
d (symbol "intsaj")
d:\UG\gamemodes\maps/mape.inc(22871) : warning 240: assigned value is never use
d (symbol "intsaj")
d:\UG\gamemodes\maps/mape.inc(22872) : warning 240: assigned value is never use
d (symbol "intsaj")
d:\UG\gamemodes\maps/mape.inc(22873) : warning 240: assigned value is never use
d (symbol "intsaj")
d:\UG\gamemodes\maps/mape.inc(22874) : warning 240: assigned value is never use
d (symbol "intsaj")
d:\UG\gamemodes\maps/mape.inc(22875) : warning 240: assigned value is never use
d (symbol "intsaj")
d:\UG\gamemodes\maps/mape.inc(22876) : warning 240: assigned value is never use
d (symbol "intsaj")
d:\UG\gamemodes\maps/mape.inc(22877) : warning 240: assigned value is never use
d (symbol "intsaj")
d:\UG\gamemodes\maps/mape.inc(22878) : warning 240: assigned value is never use
d (symbol "intsaj")
d:\UG\gamemodes\maps/mape.inc(22879) : warning 240: assigned value is never use
d (symbol "intsaj")
d:\UG\gamemodes\maps/mape.inc(22880) : warning 240: assigned value is never use
d (symbol "intsaj")
d:\UG\gamemodes\maps/mape.inc(22881) : warning 240: assigned value is never use
d (symbol "intsaj")
d:\UG\gamemodes\maps/mape.inc(22882) : warning 240: assigned value is never use
d (symbol "intsaj")
d:\UG\gamemodes\maps/mape.inc(22883) : warning 240: assigned value is never use
d (symbol "intsaj")
d:\UG\gamemodes\maps/mape.inc(22884) : warning 240: assigned value is never use
d (symbol "intsaj")
d:\UG\gamemodes\maps/mape.inc(22885) : warning 240: assigned value is never use
d (symbol "intsaj")
d:\UG\gamemodes\maps/mape.inc(22886) : warning 240: assigned value is never use
d (symbol "intsaj")
d:\UG\gamemodes\maps/mape.inc(22887) : warning 240: assigned value is never use
d (symbol "intsaj")
d:\UG\gamemodes\maps/mape.inc(22888) : warning 240: assigned value is never use
d (symbol "intsaj")
d:\UG\gamemodes\maps/mape.inc(22889) : warning 240: assigned value is never use
d (symbol "intsaj")
d:\UG\gamemodes\maps/mape.inc(22890) : warning 240: assigned value is never use
d (symbol "intsaj")
d:\UG\gamemodes\maps/mape.inc(22891) : warning 240: assigned value is never use
d (symbol "intsaj")
d:\UG\gamemodes\maps/mape.inc(22892) : warning 240: assigned value is never use
d (symbol "intsaj")
d:\UG\gamemodes\maps/mape.inc(22893) : warning 240: assigned value is never use
d (symbol "intsaj")
d:\UG\gamemodes\maps/mape.inc(22894) : warning 240: assigned value is never use
d (symbol "intsaj")
d:\UG\gamemodes\maps/mape.inc(22895) : warning 240: assigned value is never use
d (symbol "intsaj")
d:\UG\gamemodes\maps/mape.inc(22896) : warning 240: assigned value is never use
d (symbol "intsaj")
d:\UG\gamemodes\maps/mape.inc(22897) : warning 240: assigned value is never use
d (symbol "intsaj")
d:\UG\gamemodes\maps/mape.inc(22898) : warning 240: assigned value is never use
d (symbol "intsaj")
d:\UG\gamemodes\maps/mape.inc(22899) : warning 240: assigned value is never use
d (symbol "intsaj")
d:\UG\gamemodes\maps/mape.inc(22900) : warning 240: assigned value is never use
d (symbol "intsaj")
d:\UG\gamemodes\maps/mape.inc(22901) : warning 240: assigned value is never use
d (symbol "intsaj")
d:\UG\gamemodes\maps/mape.inc(22902) : warning 240: assigned value is never use
d (symbol "intsaj")
d:\UG\gamemodes\maps/mape.inc(22903) : warning 240: assigned value is never use
d (symbol "intsaj")
d:\UG\gamemodes\maps/mape.inc(22904) : warning 240: assigned value is never use
d (symbol "intsaj")
d:\UG\gamemodes\maps/mape.inc(22905) : warning 240: assigned value is never use
d (symbol "intsaj")
d:\UG\gamemodes\maps/mape.inc(22906) : warning 240: assigned value is never use
d (symbol "intsaj")
d:\UG\gamemodes\maps/mape.inc(22907) : warning 240: assigned value is never use
d (symbol "intsaj")
d:\UG\gamemodes\maps/mape.inc(22908) : warning 240: assigned value is never use
d (symbol "intsaj")
d:\UG\gamemodes\maps/mape.inc(22909) : warning 240: assigned value is never use
d (symbol "intsaj")
d:\UG\gamemodes\maps/mape.inc(22910) : warning 240: assigned value is never use
d (symbol "intsaj")
d:\UG\gamemodes\maps/mape.inc(21187) : warning 240: assigned value is never use
d (symbol "tmpobjid")
d:\UG\gamemodes\maps/mape.inc(23332) : warning 240: assigned value is never use
d (symbol "tmpobjid")
d:\UG\gamemodes\maps/mape.inc(23333) : warning 240: assigned value is never use
d (symbol "tmpobjid")
d:\UG\gamemodes\maps/mape.inc(23334) : warning 240: assigned value is never use
d (symbol "tmpobjid")
d:\UG\gamemodes\maps/mape.inc(23335) : warning 240: assigned value is never use
d (symbol "tmpobjid")
d:\UG\gamemodes\maps/mape.inc(23336) : warning 240: assigned value is never use
d (symbol "tmpobjid")
d:\UG\gamemodes\maps/mape.inc(23337) : warning 240: assigned value is never use
d (symbol "tmpobjid")
d:\UG\gamemodes\maps/mape.inc(23338) : warning 240: assigned value is never use
d (symbol "tmpobjid")
d:\UG\gamemodes\maps/mape.inc(23339) : warning 240: assigned value is never use
d (symbol "tmpobjid")
d:\UG\gamemodes\maps/mape.inc(23340) : warning 240: assigned value is never use
d (symbol "tmpobjid")
d:\UG\gamemodes\maps/mape.inc(23341) : warning 240: assigned value is never use
d (symbol "tmpobjid")
d:\UG\gamemodes\maps/mape.inc(23342) : warning 240: assigned value is never use
d (symbol "tmpobjid")
d:\UG\gamemodes\maps/mape.inc(23343) : warning 240: assigned value is never use
d (symbol "tmpobjid")
d:\UG\gamemodes\maps/mape.inc(23344) : warning 240: assigned value is never use
d (symbol "tmpobjid")
d:\UG\gamemodes\maps/mape.inc(23345) : warning 240: assigned value is never use
d (symbol "tmpobjid")
d:\UG\gamemodes\maps/mape.inc(23346) : warning 240: assigned value is never use
d (symbol "tmpobjid")
d:\UG\gamemodes\maps/mape.inc(23347) : warning 240: assigned value is never use
d (symbol "tmpobjid")
d:\UG\gamemodes\maps/mape.inc(23348) : warning 240: assigned value is never use
d (symbol "tmpobjid")
d:\UG\gamemodes\maps/mape.inc(23349) : warning 240: assigned value is never use
d (symbol "tmpobjid")
d:\UG\gamemodes\maps/mape.inc(23350) : warning 240: assigned value is never use
d (symbol "tmpobjid")
d:\UG\gamemodes\maps/mape.inc(23351) : warning 240: assigned value is never use
d (symbol "tmpobjid")
d:\UG\gamemodes\maps/mape.inc(23352) : warning 240: assigned value is never use
d (symbol "tmpobjid")
d:\UG\gamemodes\maps/mape.inc(23353) : warning 240: assigned value is never use
d (symbol "tmpobjid")
d:\UG\gamemodes\maps/mape.inc(23354) : warning 240: assigned value is never use
d (symbol "tmpobjid")
d:\UG\gamemodes\maps/mape.inc(23355) : warning 240: assigned value is never use
d (symbol "tmpobjid")
d:\UG\gamemodes\maps/mape.inc(23356) : warning 240: assigned value is never use
d (symbol "tmpobjid")
d:\UG\gamemodes\maps/mape.inc(23357) : warning 240: assigned value is never use
d (symbol "tmpobjid")
d:\UG\gamemodes\maps/mape.inc(23358) : warning 240: assigned value is never use
d (symbol "tmpobjid")
d:\UG\gamemodes\maps/mape.inc(23359) : warning 240: assigned value is never use
d (symbol "tmpobjid")
d:\UG\gamemodes\maps/mape.inc(23360) : warning 240: assigned value is never use
d (symbol "tmpobjid")
d:\UG\gamemodes\maps/mape.inc(23361) : warning 240: assigned value is never use
d (symbol "tmpobjid")
d:\UG\gamemodes\maps/mape.inc(23362) : warning 240: assigned value is never use
d (symbol "tmpobjid")
d:\UG\gamemodes\maps/mape.inc(23363) : warning 240: assigned value is never use
d (symbol "tmpobjid")
d:\UG\gamemodes\maps/mape.inc(23364) : warning 240: assigned value is never use
d (symbol "tmpobjid")
d:\UG\gamemodes\maps/mape.inc(23365) : warning 240: assigned value is never use
d (symbol "tmpobjid")
d:\UG\gamemodes\maps/mape.inc(23366) : warning 240: assigned value is never use
d (symbol "tmpobjid")
d:\UG\gamemodes\maps/mape.inc(23367) : warning 240: assigned value is never use
d (symbol "tmpobjid")
d:\UG\gamemodes\maps/mape.inc(23368) : warning 240: assigned value is never use
d (symbol "tmpobjid")
d:\UG\gamemodes\maps/mape.inc(23369) : warning 240: assigned value is never use
d (symbol "tmpobjid")
d:\UG\gamemodes\maps/mape.inc(23370) : warning 240: assigned value is never use
d (symbol "tmpobjid")
d:\UG\gamemodes\maps/mape.inc(23371) : warning 240: assigned value is never use
d (symbol "tmpobjid")
d:\UG\gamemodes\maps/mape.inc(23372) : warning 240: assigned value is never use
d (symbol "tmpobjid")
d:\UG\gamemodes\maps/mape.inc(23373) : warning 240: assigned value is never use
d (symbol "tmpobjid")
d:\UG\gamemodes\maps/mape.inc(23374) : warning 240: assigned value is never use
d (symbol "tmpobjid")
d:\UG\gamemodes\maps/mape.inc(23375) : warning 240: assigned value is never use
d (symbol "tmpobjid")
d:\UG\gamemodes\maps/mape.inc(23376) : warning 240: assigned value is never use
d (symbol "tmpobjid")
d:\UG\gamemodes\maps/mape.inc(23377) : warning 240: assigned value is never use
d (symbol "tmpobjid")
d:\UG\gamemodes\maps/mape.inc(23378) : warning 240: assigned value is never use
d (symbol "tmpobjid")
d:\UG\gamemodes\maps/mape.inc(23379) : warning 240: assigned value is never use
d (symbol "tmpobjid")
d:\UG\gamemodes\maps/mape.inc(23380) : warning 240: assigned value is never use
d (symbol "tmpobjid")
d:\UG\gamemodes\maps/mape.inc(23381) : warning 240: assigned value is never use
d (symbol "tmpobjid")
d:\UG\gamemodes\maps/mape.inc(23382) : warning 240: assigned value is never use
d (symbol "tmpobjid")
d:\UG\gamemodes\maps/mape.inc(23383) : warning 240: assigned value is never use
d (symbol "tmpobjid")
d:\UG\gamemodes\maps/mape.inc(23384) : warning 240: assigned value is never use
d (symbol "tmpobjid")
d:\UG\gamemodes\maps/mape.inc(23385) : warning 240: assigned value is never use
d (symbol "tmpobjid")
d:\UG\gamemodes\maps/mape.inc(23386) : warning 240: assigned value is never use
d (symbol "tmpobjid")
d:\UG\gamemodes\maps/mape.inc(23389) : warning 217: loose indentation
d:\UG\gamemodes\maps/mape.inc(23390) : warning 217: loose indentation
d:\UG\gamemodes\maps/mape.inc(23435) : warning 240: assigned value is never use
d (symbol "kosactrave")
d:\UG\gamemodes\maps/mape.inc(23436) : warning 240: assigned value is never use
d (symbol "kosactrave")
d:\UG\gamemodes\maps/mape.inc(23437) : warning 240: assigned value is never use
d (symbol "kosactrave")
d:\UG\gamemodes\maps/mape.inc(23438) : warning 240: assigned value is never use
d (symbol "kosactrave")
d:\UG\gamemodes\maps/mape.inc(23439) : warning 240: assigned value is never use
d (symbol "kosactrave")
d:\UG\gamemodes\maps/mape.inc(23440) : warning 240: assigned value is never use
d (symbol "kosactrave")
d:\UG\gamemodes\maps/mape.inc(23441) : warning 240: assigned value is never use
d (symbol "kosactrave")
d:\UG\gamemodes\maps/mape.inc(23442) : warning 240: assigned value is never use
d (symbol "kosactrave")
d:\UG\gamemodes\maps/mape.inc(23443) : warning 240: assigned value is never use
d (symbol "kosactrave")
d:\UG\gamemodes\maps/mape.inc(23444) : warning 240: assigned value is never use
d (symbol "kosactrave")
d:\UG\gamemodes\maps/mape.inc(23445) : warning 240: assigned value is never use
d (symbol "kosactrave")
d:\UG\gamemodes\maps/mape.inc(23446) : warning 240: assigned value is never use
d (symbol "kosactrave")
d:\UG\gamemodes\maps/mape.inc(23447) : warning 240: assigned value is never use
d (symbol "kosactrave")
d:\UG\gamemodes\maps/mape.inc(23448) : warning 240: assigned value is never use
d (symbol "kosactrave")
d:\UG\gamemodes\maps/mape.inc(23449) : warning 240: assigned value is never use
d (symbol "kosactrave")
d:\UG\gamemodes\maps/mape.inc(23450) : warning 240: assigned value is never use
d (symbol "kosactrave")
d:\UG\gamemodes\maps/mape.inc(23451) : warning 240: assigned value is never use
d (symbol "kosactrave")
d:\UG\gamemodes\maps/mape.inc(23452) : warning 240: assigned value is never use
d (symbol "kosactrave")
d:\UG\gamemodes\maps/mape.inc(23453) : warning 240: assigned value is never use
d (symbol "kosactrave")
d:\UG\gamemodes\maps/mape.inc(23454) : warning 240: assigned value is never use
d (symbol "kosactrave")
d:\UG\gamemodes\maps/mape.inc(23455) : warning 240: assigned value is never use
d (symbol "kosactrave")
d:\UG\gamemodes\maps/mape.inc(23456) : warning 240: assigned value is never use
d (symbol "kosactrave")
d:\UG\gamemodes\maps/mape.inc(23457) : warning 240: assigned value is never use
d (symbol "kosactrave")
d:\UG\gamemodes\maps/mape.inc(23458) : warning 240: assigned value is never use
d (symbol "kosactrave")
d:\UG\gamemodes\maps/mape.inc(23459) : warning 240: assigned value is never use
d (symbol "kosactrave")
d:\UG\gamemodes\maps/mape.inc(23460) : warning 240: assigned value is never use
d (symbol "kosactrave")
d:\UG\gamemodes\maps/mape.inc(23461) : warning 240: assigned value is never use
d (symbol "kosactrave")
d:\UG\gamemodes\maps/mape.inc(23462) : warning 240: assigned value is never use
d (symbol "kosactrave")
d:\UG\gamemodes\maps/mape.inc(23463) : warning 240: assigned value is never use
d (symbol "kosactrave")
d:\UG\gamemodes\maps/mape.inc(23464) : warning 240: assigned value is never use
d (symbol "kosactrave")
d:\UG\gamemodes\maps/mape.inc(23465) : warning 240: assigned value is never use
d (symbol "kosactrave")
d:\UG\gamemodes\maps/mape.inc(23466) : warning 240: assigned value is never use
d (symbol "kosactrave")
d:\UG\gamemodes\maps/mape.inc(23467) : warning 240: assigned value is never use
d (symbol "kosactrave")
d:\UG\gamemodes\maps/mape.inc(23468) : warning 240: assigned value is never use
d (symbol "kosactrave")
d:\UG\gamemodes\maps/mape.inc(23469) : warning 240: assigned value is never use
d (symbol "kosactrave")
d:\UG\gamemodes\maps/mape.inc(23470) : warning 240: assigned value is never use
d (symbol "kosactrave")
d:\UG\gamemodes\maps/mape.inc(23471) : warning 240: assigned value is never use
d (symbol "kosactrave")
d:\UG\gamemodes\maps/mape.inc(23472) : warning 240: assigned value is never use
d (symbol "kosactrave")
d:\UG\gamemodes\maps/mape.inc(23473) : warning 240: assigned value is never use
d (symbol "kosactrave")
d:\UG\gamemodes\maps/mape.inc(23474) : warning 240: assigned value is never use
d (symbol "kosactrave")
d:\UG\gamemodes\maps/mape.inc(23475) : warning 240: assigned value is never use
d (symbol "kosactrave")
d:\UG\gamemodes\maps/mape.inc(23476) : warning 240: assigned value is never use
d (symbol "kosactrave")
d:\UG\gamemodes\maps/mape.inc(23477) : warning 240: assigned value is never use
d (symbol "kosactrave")
d:\UG\gamemodes\maps/mape.inc(23478) : warning 240: assigned value is never use
d (symbol "kosactrave")
d:\UG\gamemodes\maps/mape.inc(23479) : warning 240: assigned value is never use
d (symbol "kosactrave")
d:\UG\gamemodes\maps/mape.inc(23480) : warning 240: assigned value is never use
d (symbol "kosactrave")
d:\UG\gamemodes\maps/mape.inc(23481) : warning 240: assigned value is never use
d (symbol "kosactrave")
d:\UG\gamemodes\maps/mape.inc(23482) : warning 240: assigned value is never use
d (symbol "kosactrave")
d:\UG\gamemodes\maps/mape.inc(23483) : warning 240: assigned value is never use
d (symbol "kosactrave")
d:\UG\gamemodes\maps/mape.inc(23484) : warning 240: assigned value is never use
d (symbol "kosactrave")
d:\UG\gamemodes\maps/mape.inc(23485) : warning 240: assigned value is never use
d (symbol "kosactrave")
d:\UG\gamemodes\maps/mape.inc(23486) : warning 240: assigned value is never use
d (symbol "kosactrave")
d:\UG\gamemodes\maps/mape.inc(23487) : warning 240: assigned value is never use
d (symbol "kosactrave")
d:\UG\gamemodes\maps/mape.inc(23387) : warning 240: assigned value is never use
d (symbol "tmpobjid")
d:\UG\gamemodes\maps/mape.inc(23710) : warning 240: assigned value is never use
d (symbol "tmpobjid")
d:\UG\gamemodes\maps/mape.inc(23711) : warning 240: assigned value is never use
d (symbol "tmpobjid")
d:\UG\gamemodes\maps/mape.inc(23712) : warning 240: assigned value is never use
d (symbol "tmpobjid")
d:\UG\gamemodes\maps/mape.inc(23713) : warning 240: assigned value is never use
d (symbol "tmpobjid")
d:\UG\gamemodes\maps/mape.inc(23714) : warning 240: assigned value is never use
d (symbol "tmpobjid")
d:\UG\gamemodes\maps/mape.inc(23715) : warning 240: assigned value is never use
d (symbol "tmpobjid")
d:\UG\gamemodes\maps/mape.inc(23716) : warning 240: assigned value is never use
d (symbol "tmpobjid")
d:\UG\gamemodes\maps/mape.inc(23717) : warning 240: assigned value is never use
d (symbol "tmpobjid")
d:\UG\gamemodes\maps/mape.inc(23718) : warning 240: assigned value is never use
d (symbol "tmpobjid")
d:\UG\gamemodes\maps/mape.inc(23719) : warning 240: assigned value is never use
d (symbol "tmpobjid")
d:\UG\gamemodes\maps/mape.inc(23720) : warning 240: assigned value is never use
d (symbol "tmpobjid")
d:\UG\gamemodes\maps/mape.inc(23721) : warning 240: assigned value is never use
d (symbol "tmpobjid")
d:\UG\gamemodes\maps/mape.inc(23722) : warning 240: assigned value is never use
d (symbol "tmpobjid")
d:\UG\gamemodes\maps/mape.inc(23723) : warning 240: assigned value is never use
d (symbol "tmpobjid")
d:\UG\gamemodes\maps/mape.inc(23724) : warning 240: assigned value is never use
d (symbol "tmpobjid")
d:\UG\gamemodes\maps/mape.inc(23725) : warning 240: assigned value is never use
d (symbol "tmpobjid")
d:\UG\gamemodes\maps/mape.inc(23726) : warning 240: assigned value is never use
d (symbol "tmpobjid")
d:\UG\gamemodes\maps/mape.inc(23727) : warning 240: assigned value is never use
d (symbol "tmpobjid")
d:\UG\gamemodes\maps/mape.inc(23728) : warning 240: assigned value is never use
d (symbol "tmpobjid")
d:\UG\gamemodes\maps/mape.inc(23729) : warning 240: assigned value is never use
d (symbol "tmpobjid")
d:\UG\gamemodes\maps/mape.inc(23730) : warning 240: assigned value is never use
d (symbol "tmpobjid")
d:\UG\gamemodes\maps/mape.inc(23731) : warning 240: assigned value is never use
d (symbol "tmpobjid")
d:\UG\gamemodes\maps/mape.inc(23732) : warning 240: assigned value is never use
d (symbol "tmpobjid")
d:\UG\gamemodes\maps/mape.inc(23733) : warning 240: assigned value is never use
d (symbol "tmpobjid")
d:\UG\gamemodes\maps/mape.inc(23734) : warning 240: assigned value is never use
d (symbol "tmpobjid")
d:\UG\gamemodes\maps/mape.inc(23735) : warning 240: assigned value is never use
d (symbol "tmpobjid")
d:\UG\gamemodes\maps/mape.inc(23736) : warning 240: assigned value is never use
d (symbol "tmpobjid")
d:\UG\gamemodes\maps/mape.inc(23737) : warning 240: assigned value is never use
d (symbol "tmpobjid")
d:\UG\gamemodes\maps/mape.inc(23738) : warning 240: assigned value is never use
d (symbol "tmpobjid")
d:\UG\gamemodes\maps/mape.inc(23739) : warning 240: assigned value is never use
d (symbol "tmpobjid")
d:\UG\gamemodes\maps/mape.inc(23740) : warning 240: assigned value is never use
d (symbol "tmpobjid")
d:\UG\gamemodes\maps/mape.inc(23741) : warning 240: assigned value is never use
d (symbol "tmpobjid")
d:\UG\gamemodes\maps/mape.inc(23742) : warning 240: assigned value is never use
d (symbol "tmpobjid")
d:\UG\gamemodes\maps/mape.inc(23743) : warning 240: assigned value is never use
d (symbol "tmpobjid")
d:\UG\gamemodes\maps/mape.inc(23744) : warning 240: assigned value is never use
d (symbol "tmpobjid")
d:\UG\gamemodes\maps/mape.inc(23745) : warning 240: assigned value is never use
d (symbol "tmpobjid")
d:\UG\gamemodes\maps/mape.inc(23746) : warning 240: assigned value is never use
d (symbol "tmpobjid")
d:\UG\gamemodes\maps/mape.inc(23747) : warning 240: assigned value is never use
d (symbol "tmpobjid")
d:\UG\gamemodes\maps/mape.inc(23748) : warning 240: assigned value is never use
d (symbol "tmpobjid")
d:\UG\gamemodes\maps/mape.inc(23749) : warning 240: assigned value is never use
d (symbol "tmpobjid")
d:\UG\gamemodes\maps/mape.inc(23750) : warning 240: assigned value is never use
d (symbol "tmpobjid")
d:\UG\gamemodes\maps/mape.inc(23751) : warning 240: assigned value is never use
d (symbol "tmpobjid")
d:\UG\gamemodes\maps/mape.inc(23752) : warning 240: assigned value is never use
d (symbol "tmpobjid")
d:\UG\gamemodes\maps/mape.inc(23753) : warning 240: assigned value is never use
d (symbol "tmpobjid")
d:\UG\gamemodes\maps/mape.inc(23754) : warning 240: assigned value is never use
d (symbol "tmpobjid")
d:\UG\gamemodes\maps/mape.inc(23755) : warning 240: assigned value is never use
d (symbol "tmpobjid")
d:\UG\gamemodes\maps/mape.inc(23756) : warning 240: assigned value is never use
d (symbol "tmpobjid")
d:\UG\gamemodes\maps/mape.inc(23757) : warning 240: assigned value is never use
d (symbol "tmpobjid")
d:\UG\gamemodes\maps/mape.inc(23758) : warning 240: assigned value is never use
d (symbol "tmpobjid")
d:\UG\gamemodes\maps/mape.inc(23759) : warning 240: assigned value is never use
d (symbol "tmpobjid")
d:\UG\gamemodes\maps/mape.inc(23760) : warning 240: assigned value is never use
d (symbol "tmpobjid")
d:\UG\gamemodes\maps/mape.inc(23761) : warning 240: assigned value is never use
d (symbol "tmpobjid")
d:\UG\gamemodes\maps/mape.inc(23762) : warning 240: assigned value is never use
d (symbol "tmpobjid")
d:\UG\gamemodes\maps/mape.inc(23763) : warning 240: assigned value is never use
d (symbol "tmpobjid")
d:\UG\gamemodes\maps/mape.inc(23764) : warning 240: assigned value is never use
d (symbol "tmpobjid")
d:\UG\gamemodes\maps/mape.inc(23765) : warning 240: assigned value is never use
d (symbol "tmpobjid")
d:\UG\gamemodes\maps/mape.inc(23766) : warning 240: assigned value is never use
d (symbol "tmpobjid")
d:\UG\gamemodes\maps/mape.inc(23767) : warning 240: assigned value is never use
d (symbol "tmpobjid")
d:\UG\gamemodes\maps/mape.inc(23768) : warning 240: assigned value is never use
d (symbol "tmpobjid")
d:\UG\gamemodes\maps/mape.inc(23769) : warning 240: assigned value is never use
d (symbol "tmpobjid")
d:\UG\gamemodes\maps/mape.inc(23770) : warning 240: assigned value is never use
d (symbol "tmpobjid")
d:\UG\gamemodes\maps/mape.inc(23771) : warning 240: assigned value is never use
d (symbol "tmpobjid")
d:\UG\gamemodes\maps/mape.inc(23772) : warning 240: assigned value is never use
d (symbol "tmpobjid")
d:\UG\gamemodes\maps/mape.inc(23773) : warning 240: assigned value is never use
d (symbol "tmpobjid")
d:\UG\gamemodes\maps/mape.inc(23774) : warning 240: assigned value is never use
d (symbol "tmpobjid")
d:\UG\gamemodes\maps/mape.inc(23775) : warning 240: assigned value is never use
d (symbol "tmpobjid")
d:\UG\gamemodes\maps/mape.inc(23776) : warning 240: assigned value is never use
d (symbol "tmpobjid")
d:\UG\gamemodes\maps/mape.inc(23777) : warning 240: assigned value is never use
d (symbol "tmpobjid")
d:\UG\gamemodes\maps/mape.inc(23778) : warning 240: assigned value is never use
d (symbol "tmpobjid")
d:\UG\gamemodes\maps/mape.inc(23779) : warning 240: assigned value is never use
d (symbol "tmpobjid")
d:\UG\gamemodes\maps/mape.inc(23780) : warning 240: assigned value is never use
d (symbol "tmpobjid")
d:\UG\gamemodes\maps/mape.inc(23781) : warning 240: assigned value is never use
d (symbol "tmpobjid")
d:\UG\gamemodes\maps/mape.inc(23782) : warning 240: assigned value is never use
d (symbol "tmpobjid")
d:\UG\gamemodes\maps/mape.inc(23783) : warning 240: assigned value is never use
d (symbol "tmpobjid")
d:\UG\gamemodes\maps/mape.inc(23784) : warning 240: assigned value is never use
d (symbol "tmpobjid")
d:\UG\gamemodes\maps/mape.inc(23785) : warning 240: assigned value is never use
d (symbol "tmpobjid")
d:\UG\gamemodes\maps/mape.inc(23786) : warning 240: assigned value is never use
d (symbol "tmpobjid")
d:\UG\gamemodes\maps/mape.inc(23787) : warning 240: assigned value is never use
d (symbol "tmpobjid")
d:\UG\gamemodes\maps/mape.inc(23788) : warning 240: assigned value is never use
d (symbol "tmpobjid")
d:\UG\gamemodes\maps/mape.inc(23789) : warning 240: assigned value is never use
d (symbol "tmpobjid")
d:\UG\gamemodes\maps/mape.inc(23790) : warning 240: assigned value is never use
d (symbol "tmpobjid")
d:\UG\gamemodes\maps/mape.inc(23791) : warning 240: assigned value is never use
d (symbol "tmpobjid")
d:\UG\gamemodes\maps/mape.inc(23792) : warning 240: assigned value is never use
d (symbol "tmpobjid")
d:\UG\gamemodes\maps/mape.inc(23793) : warning 240: assigned value is never use
d (symbol "tmpobjid")
d:\UG\gamemodes\maps/mape.inc(23794) : warning 240: assigned value is never use
d (symbol "tmpobjid")
d:\UG\gamemodes\maps/mape.inc(23795) : warning 240: assigned value is never use
d (symbol "tmpobjid")
d:\UG\gamemodes\maps/mape.inc(23796) : warning 240: assigned value is never use
d (symbol "tmpobjid")
d:\UG\gamemodes\maps/mape.inc(23797) : warning 240: assigned value is never use
d (symbol "tmpobjid")
d:\UG\gamemodes\maps/mape.inc(23798) : warning 240: assigned value is never use
d (symbol "tmpobjid")
d:\UG\gamemodes\maps/mape.inc(23799) : warning 240: assigned value is never use
d (symbol "tmpobjid")
d:\UG\gamemodes\maps/mape.inc(23800) : warning 240: assigned value is never use
d (symbol "tmpobjid")
d:\UG\gamemodes\maps/mape.inc(23801) : warning 240: assigned value is never use
d (symbol "tmpobjid")
d:\UG\gamemodes\maps/mape.inc(23802) : warning 240: assigned value is never use
d (symbol "tmpobjid")
d:\UG\gamemodes\maps/mape.inc(23803) : warning 240: assigned value is never use
d (symbol "tmpobjid")
d:\UG\gamemodes\maps/mape.inc(23804) : warning 240: assigned value is never use
d (symbol "tmpobjid")
d:\UG\gamemodes\maps/mape.inc(23805) : warning 240: assigned value is never use
d (symbol "tmpobjid")
d:\UG\gamemodes\maps/mape.inc(23806) : warning 240: assigned value is never use
d (symbol "tmpobjid")
d:\UG\gamemodes\maps/mape.inc(23807) : warning 240: assigned value is never use
d (symbol "tmpobjid")
d:\UG\gamemodes\maps/mape.inc(23808) : warning 240: assigned value is never use
d (symbol "tmpobjid")
d:\UG\gamemodes\maps/mape.inc(23809) : warning 240: assigned value is never use
d (symbol "tmpobjid")
d:\UG\gamemodes\maps/mape.inc(23810) : warning 240: assigned value is never use
d (symbol "tmpobjid")
d:\UG\gamemodes\maps/mape.inc(23811) : warning 240: assigned value is never use
d (symbol "tmpobjid")
d:\UG\gamemodes\maps/mape.inc(23812) : warning 240: assigned value is never use
d (symbol "tmpobjid")
d:\UG\gamemodes\maps/mape.inc(23813) : warning 240: assigned value is never use
d (symbol "tmpobjid")
d:\UG\gamemodes\maps/mape.inc(23814) : warning 240: assigned value is never use
d (symbol "tmpobjid")
d:\UG\gamemodes\maps/mape.inc(23815) : warning 240: assigned value is never use
d (symbol "tmpobjid")
d:\UG\gamemodes\maps/mape.inc(23816) : warning 240: assigned value is never use
d (symbol "tmpobjid")
d:\UG\gamemodes\maps/mape.inc(23817) : warning 240: assigned value is never use
d (symbol "tmpobjid")
d:\UG\gamemodes\maps/mape.inc(23818) : warning 240: assigned value is never use
d (symbol "tmpobjid")
d:\UG\gamemodes\maps/mape.inc(23819) : warning 240: assigned value is never use
d (symbol "tmpobjid")
d:\UG\gamemodes\maps/mape.inc(23820) : warning 240: assigned value is never use
d (symbol "tmpobjid")
d:\UG\gamemodes\maps/mape.inc(23821) : warning 240: assigned value is never use
d (symbol "tmpobjid")
d:\UG\gamemodes\maps/mape.inc(23822) : warning 240: assigned value is never use
d (symbol "tmpobjid")
d:\UG\gamemodes\maps/mape.inc(23823) : warning 240: assigned value is never use
d (symbol "tmpobjid")
d:\UG\gamemodes\maps/mape.inc(23824) : warning 240: assigned value is never use
d (symbol "tmpobjid")
d:\UG\gamemodes\maps/mape.inc(23825) : warning 240: assigned value is never use
d (symbol "tmpobjid")
d:\UG\gamemodes\maps/mape.inc(23826) : warning 240: assigned value is never use
d (symbol "tmpobjid")
d:\UG\gamemodes\maps/mape.inc(23827) : warning 240: assigned value is never use
d (symbol "tmpobjid")
d:\UG\gamemodes\maps/mape.inc(23828) : warning 240: assigned value is never use
d (symbol "tmpobjid")
d:\UG\gamemodes\maps/mape.inc(23829) : warning 240: assigned value is never use
d (symbol "tmpobjid")
d:\UG\gamemodes\maps/mape.inc(23830) : warning 240: assigned value is never use
d (symbol "tmpobjid")
d:\UG\gamemodes\maps/mape.inc(24209) : warning 240: assigned value is never use
d (symbol "tmpobjid")
d:\UG\gamemodes\maps/mape.inc(24210) : warning 240: assigned value is never use
d (symbol "tmpobjid")
d:\UG\gamemodes\maps/mape.inc(24211) : warning 240: assigned value is never use
d (symbol "tmpobjid")
d:\UG\gamemodes\maps/mape.inc(24212) : warning 240: assigned value is never use
d (symbol "tmpobjid")
d:\UG\gamemodes\maps/mape.inc(24213) : warning 240: assigned value is never use
d (symbol "tmpobjid")
d:\UG\gamemodes\maps/mape.inc(24214) : warning 240: assigned value is never use
d (symbol "tmpobjid")
d:\UG\gamemodes\maps/mape.inc(24215) : warning 240: assigned value is never use
d (symbol "tmpobjid")
d:\UG\gamemodes\maps/mape.inc(24216) : warning 240: assigned value is never use
d (symbol "tmpobjid")
d:\UG\gamemodes\maps/mape.inc(24217) : warning 240: assigned value is never use
d (symbol "tmpobjid")
d:\UG\gamemodes\maps/mape.inc(24218) : warning 240: assigned value is never use
d (symbol "tmpobjid")
d:\UG\gamemodes\maps/mape.inc(24219) : warning 240: assigned value is never use
d (symbol "tmpobjid")
d:\UG\gamemodes\maps/mape.inc(24220) : warning 240: assigned value is never use
d (symbol "tmpobjid")
d:\UG\gamemodes\maps/mape.inc(24221) : warning 240: assigned value is never use
d (symbol "tmpobjid")
d:\UG\gamemodes\maps/mape.inc(24222) : warning 240: assigned value is never use
d (symbol "tmpobjid")
d:\UG\gamemodes\maps/mape.inc(24223) : warning 240: assigned value is never use
d (symbol "tmpobjid")
d:\UG\gamemodes\maps/mape.inc(24224) : warning 240: assigned value is never use
d (symbol "tmpobjid")
d:\UG\gamemodes\maps/mape.inc(24225) : warning 240: assigned value is never use
d (symbol "tmpobjid")
d:\UG\gamemodes\maps/mape.inc(24226) : warning 240: assigned value is never use
d (symbol "tmpobjid")
d:\UG\gamemodes\maps/mape.inc(24227) : warning 240: assigned value is never use
d (symbol "tmpobjid")
d:\UG\gamemodes\maps/mape.inc(24228) : warning 240: assigned value is never use
d (symbol "tmpobjid")
d:\UG\gamemodes\maps/mape.inc(24229) : warning 240: assigned value is never use
d (symbol "tmpobjid")
d:\UG\gamemodes\maps/mape.inc(24230) : warning 240: assigned value is never use
d (symbol "tmpobjid")
d:\UG\gamemodes\maps/mape.inc(24231) : warning 240: assigned value is never use
d (symbol "tmpobjid")
d:\UG\gamemodes\maps/mape.inc(24232) : warning 240: assigned value is never use
d (symbol "tmpobjid")
d:\UG\gamemodes\maps/mape.inc(24233) : warning 240: assigned value is never use
d (symbol "tmpobjid")
d:\UG\gamemodes\maps/mape.inc(24234) : warning 240: assigned value is never use
d (symbol "tmpobjid")
d:\UG\gamemodes\maps/mape.inc(24235) : warning 240: assigned value is never use
d (symbol "tmpobjid")
d:\UG\gamemodes\maps/mape.inc(24236) : warning 240: assigned value is never use
d (symbol "tmpobjid")
d:\UG\gamemodes\maps/mape.inc(24237) : warning 240: assigned value is never use
d (symbol "tmpobjid")
d:\UG\gamemodes\maps/mape.inc(24238) : warning 240: assigned value is never use
d (symbol "tmpobjid")
d:\UG\gamemodes\maps/mape.inc(24239) : warning 240: assigned value is never use
d (symbol "tmpobjid")
d:\UG\gamemodes\maps/mape.inc(24240) : warning 240: assigned value is never use
d (symbol "tmpobjid")
d:\UG\gamemodes\maps/mape.inc(24241) : warning 240: assigned value is never use
d (symbol "tmpobjid")
d:\UG\gamemodes\maps/mape.inc(24242) : warning 240: assigned value is never use
d (symbol "tmpobjid")
d:\UG\gamemodes\maps/mape.inc(24243) : warning 240: assigned value is never use
d (symbol "tmpobjid")
d:\UG\gamemodes\maps/mape.inc(24244) : warning 240: assigned value is never use
d (symbol "tmpobjid")
d:\UG\gamemodes\maps/mape.inc(24245) : warning 240: assigned value is never use
d (symbol "tmpobjid")
d:\UG\gamemodes\maps/mape.inc(24246) : warning 240: assigned value is never use
d (symbol "tmpobjid")
d:\UG\gamemodes\maps/mape.inc(24247) : warning 240: assigned value is never use
d (symbol "tmpobjid")
d:\UG\gamemodes\maps/mape.inc(24248) : warning 240: assigned value is never use
d (symbol "tmpobjid")
d:\UG\gamemodes\maps/mape.inc(24249) : warning 240: assigned value is never use
d (symbol "tmpobjid")
d:\UG\gamemodes\maps/mape.inc(24250) : warning 240: assigned value is never use
d (symbol "tmpobjid")
d:\UG\gamemodes\maps/mape.inc(24251) : warning 240: assigned value is never use
d (symbol "tmpobjid")
d:\UG\gamemodes\maps/mape.inc(24252) : warning 240: assigned value is never use
d (symbol "tmpobjid")
d:\UG\gamemodes\maps/mape.inc(24253) : warning 240: assigned value is never use
d (symbol "tmpobjid")
d:\UG\gamemodes\maps/mape.inc(24254) : warning 240: assigned value is never use
d (symbol "tmpobjid")
d:\UG\gamemodes\maps/mape.inc(24255) : warning 240: assigned value is never use
d (symbol "tmpobjid")
d:\UG\gamemodes\maps/mape.inc(24256) : warning 240: assigned value is never use
d (symbol "tmpobjid")
d:\UG\gamemodes\maps/mape.inc(24257) : warning 240: assigned value is never use
d (symbol "tmpobjid")
d:\UG\gamemodes\maps/mape.inc(24258) : warning 240: assigned value is never use
d (symbol "tmpobjid")
d:\UG\gamemodes\maps/mape.inc(24259) : warning 240: assigned value is never use
d (symbol "tmpobjid")
d:\UG\gamemodes\maps/mape.inc(24260) : warning 240: assigned value is never use
d (symbol "tmpobjid")
d:\UG\gamemodes\maps/mape.inc(24261) : warning 240: assigned value is never use
d (symbol "tmpobjid")
d:\UG\gamemodes\maps/mape.inc(24262) : warning 240: assigned value is never use
d (symbol "tmpobjid")
d:\UG\gamemodes\maps/mape.inc(24263) : warning 240: assigned value is never use
d (symbol "tmpobjid")
d:\UG\gamemodes\maps/mape.inc(24264) : warning 240: assigned value is never use
d (symbol "tmpobjid")
d:\UG\gamemodes\maps/mape.inc(24265) : warning 240: assigned value is never use
d (symbol "tmpobjid")
d:\UG\gamemodes\maps/mape.inc(24322) : warning 217: loose indentation
d:\UG\gamemodes\maps/mape.inc(24323) : warning 217: loose indentation
d:\UG\gamemodes\maps/mape.inc(24324) : warning 217: loose indentation
d:\UG\gamemodes\maps/mape.inc(24325) : warning 217: loose indentation
d:\UG\gamemodes\maps/mape.inc(24326) : warning 217: loose indentation
d:\UG\gamemodes\maps/mape.inc(24328) : warning 217: loose indentation
d:\UG\gamemodes\maps/mape.inc(24335) : warning 217: loose indentation
d:\UG\gamemodes\maps/mape.inc(24336) : warning 217: loose indentation
d:\UG\gamemodes\maps/mape.inc(24337) : warning 217: loose indentation
d:\UG\gamemodes\maps/mape.inc(24338) : warning 217: loose indentation
d:\UG\gamemodes\maps/mape.inc(24266) : warning 240: assigned value is never use
d (symbol "tmpobjid")
d:\UG\gamemodes\maps/mape.inc(24521) : warning 240: assigned value is never use
d (symbol "tmpobjid")
d:\UG\gamemodes\maps/mape.inc(24522) : warning 240: assigned value is never use
d (symbol "tmpobjid")
d:\UG\gamemodes\maps/mape.inc(24523) : warning 240: assigned value is never use
d (symbol "tmpobjid")
d:\UG\gamemodes\maps/mape.inc(24524) : warning 240: assigned value is never use
d (symbol "tmpobjid")
d:\UG\gamemodes\maps/mape.inc(24525) : warning 240: assigned value is never use
d (symbol "tmpobjid")
d:\UG\gamemodes\maps/mape.inc(24526) : warning 240: assigned value is never use
d (symbol "tmpobjid")
d:\UG\gamemodes\maps/mape.inc(24527) : warning 240: assigned value is never use
d (symbol "tmpobjid")
d:\UG\gamemodes\maps/mape.inc(24528) : warning 240: assigned value is never use
d (symbol "tmpobjid")
d:\UG\gamemodes\maps/mape.inc(24529) : warning 240: assigned value is never use
d (symbol "tmpobjid")
d:\UG\gamemodes\maps/mape.inc(24530) : warning 240: assigned value is never use
d (symbol "tmpobjid")
d:\UG\gamemodes\maps/mape.inc(24531) : warning 240: assigned value is never use
d (symbol "tmpobjid")
d:\UG\gamemodes\maps/mape.inc(24532) : warning 240: assigned value is never use
d (symbol "tmpobjid")
d:\UG\gamemodes\maps/mape.inc(24533) : warning 240: assigned value is never use
d (symbol "tmpobjid")
d:\UG\gamemodes\maps/mape.inc(24534) : warning 240: assigned value is never use
d (symbol "tmpobjid")
d:\UG\gamemodes\maps/mape.inc(24535) : warning 240: assigned value is never use
d (symbol "tmpobjid")
d:\UG\gamemodes\maps/mape.inc(24536) : warning 240: assigned value is never use
d (symbol "tmpobjid")
d:\UG\gamemodes\maps/mape.inc(24537) : warning 240: assigned value is never use
d (symbol "tmpobjid")
d:\UG\gamemodes\maps/mape.inc(24538) : warning 240: assigned value is never use
d (symbol "tmpobjid")
d:\UG\gamemodes\maps/mape.inc(24539) : warning 240: assigned value is never use
d (symbol "tmpobjid")
d:\UG\gamemodes\maps/mape.inc(24540) : warning 240: assigned value is never use
d (symbol "tmpobjid")
d:\UG\gamemodes\maps/mape.inc(24541) : warning 240: assigned value is never use
d (symbol "tmpobjid")
d:\UG\gamemodes\maps/mape.inc(24542) : warning 240: assigned value is never use
d (symbol "tmpobjid")
d:\UG\gamemodes\maps/mape.inc(24543) : warning 240: assigned value is never use
d (symbol "tmpobjid")
d:\UG\gamemodes\maps/mape.inc(24544) : warning 240: assigned value is never use
d (symbol "tmpobjid")
d:\UG\gamemodes\maps/mape.inc(24545) : warning 240: assigned value is never use
d (symbol "tmpobjid")
d:\UG\gamemodes\maps/mape.inc(24546) : warning 240: assigned value is never use
d (symbol "tmpobjid")
d:\UG\gamemodes\maps/mape.inc(24547) : warning 240: assigned value is never use
d (symbol "tmpobjid")
d:\UG\gamemodes\maps/mape.inc(24548) : warning 240: assigned value is never use
d (symbol "tmpobjid")
d:\UG\gamemodes\maps/mape.inc(24549) : warning 240: assigned value is never use
d (symbol "tmpobjid")
d:\UG\gamemodes\maps/mape.inc(24550) : warning 240: assigned value is never use
d (symbol "tmpobjid")
d:\UG\gamemodes\maps/mape.inc(24551) : warning 240: assigned value is never use
d (symbol "tmpobjid")
d:\UG\gamemodes\maps/mape.inc(24552) : warning 240: assigned value is never use
d (symbol "tmpobjid")
d:\UG\gamemodes\maps/mape.inc(24553) : warning 240: assigned value is never use
d (symbol "tmpobjid")
d:\UG\gamemodes\maps/mape.inc(24554) : warning 240: assigned value is never use
d (symbol "tmpobjid")
d:\UG\gamemodes\maps/mape.inc(24555) : warning 240: assigned value is never use
d (symbol "tmpobjid")
d:\UG\gamemodes\maps/mape.inc(24556) : warning 240: assigned value is never use
d (symbol "tmpobjid")
d:\UG\gamemodes\maps/mape.inc(24557) : warning 240: assigned value is never use
d (symbol "tmpobjid")
d:\UG\gamemodes\maps/mape.inc(24558) : warning 240: assigned value is never use
d (symbol "tmpobjid")
d:\UG\gamemodes\maps/mape.inc(24559) : warning 240: assigned value is never use
d (symbol "tmpobjid")
d:\UG\gamemodes\maps/mape.inc(24560) : warning 240: assigned value is never use
d (symbol "tmpobjid")
d:\UG\gamemodes\maps/mape.inc(24561) : warning 240: assigned value is never use
d (symbol "tmpobjid")
d:\UG\gamemodes\maps/mape.inc(24562) : warning 240: assigned value is never use
d (symbol "tmpobjid")
d:\UG\gamemodes\maps/mape.inc(24791) : warning 240: assigned value is never use
d (symbol "tmpobjid")
d:\UG\gamemodes\maps/mape.inc(24792) : warning 240: assigned value is never use
d (symbol "tmpobjid")
d:\UG\gamemodes\maps/mape.inc(24793) : warning 240: assigned value is never use
d (symbol "tmpobjid")
d:\UG\gamemodes\maps/mape.inc(24794) : warning 240: assigned value is never use
d (symbol "tmpobjid")
d:\UG\gamemodes\maps/mape.inc(24795) : warning 240: assigned value is never use
d (symbol "tmpobjid")
d:\UG\gamemodes\maps/mape.inc(24796) : warning 240: assigned value is never use
d (symbol "tmpobjid")
d:\UG\gamemodes\maps/mape.inc(24797) : warning 240: assigned value is never use
d (symbol "tmpobjid")
d:\UG\gamemodes\maps/mape.inc(24798) : warning 240: assigned value is never use
d (symbol "tmpobjid")
d:\UG\gamemodes\maps/mape.inc(24799) : warning 240: assigned value is never use
d (symbol "tmpobjid")
d:\UG\gamemodes\maps/mape.inc(24800) : warning 240: assigned value is never use
d (symbol "tmpobjid")
d:\UG\gamemodes\maps/mape.inc(24801) : warning 240: assigned value is never use
d (symbol "tmpobjid")
d:\UG\gamemodes\maps/mape.inc(24802) : warning 240: assigned value is never use
d (symbol "tmpobjid")
d:\UG\gamemodes\maps/mape.inc(24803) : warning 240: assigned value is never use
d (symbol "tmpobjid")
d:\UG\gamemodes\maps/mape.inc(24804) : warning 240: assigned value is never use
d (symbol "tmpobjid")
d:\UG\gamemodes\maps/mape.inc(24805) : warning 240: assigned value is never use
d (symbol "tmpobjid")
d:\UG\gamemodes\maps/mape.inc(24806) : warning 240: assigned value is never use
d (symbol "tmpobjid")
d:\UG\gamemodes\maps/mape.inc(24807) : warning 240: assigned value is never use
d (symbol "tmpobjid")
d:\UG\gamemodes\maps/mape.inc(24808) : warning 240: assigned value is never use
d (symbol "tmpobjid")
d:\UG\gamemodes\maps/mape.inc(24809) : warning 240: assigned value is never use
d (symbol "tmpobjid")
d:\UG\gamemodes\maps/mape.inc(24810) : warning 240: assigned value is never use
d (symbol "tmpobjid")
d:\UG\gamemodes\maps/mape.inc(24811) : warning 240: assigned value is never use
d (symbol "tmpobjid")
d:\UG\gamemodes\maps/mape.inc(24812) : warning 240: assigned value is never use
d (symbol "tmpobjid")
d:\UG\gamemodes\maps/mape.inc(24813) : warning 240: assigned value is never use
d (symbol "tmpobjid")
d:\UG\gamemodes\maps/mape.inc(24814) : warning 240: assigned value is never use
d (symbol "tmpobjid")
d:\UG\gamemodes\maps/mape.inc(24815) : warning 240: assigned value is never use
d (symbol "tmpobjid")
d:\UG\gamemodes\maps/mape.inc(24816) : warning 240: assigned value is never use
d (symbol "tmpobjid")
d:\UG\gamemodes\maps/mape.inc(24817) : warning 240: assigned value is never use
d (symbol "tmpobjid")
d:\UG\gamemodes\maps/mape.inc(24818) : warning 240: assigned value is never use
d (symbol "tmpobjid")
d:\UG\gamemodes\maps/mape.inc(24819) : warning 240: assigned value is never use
d (symbol "tmpobjid")
d:\UG\gamemodes\maps/mape.inc(24820) : warning 240: assigned value is never use
d (symbol "tmpobjid")
d:\UG\gamemodes\maps/mape.inc(24821) : warning 240: assigned value is never use
d (symbol "tmpobjid")
d:\UG\gamemodes\maps/mape.inc(24822) : warning 240: assigned value is never use
d (symbol "tmpobjid")
d:\UG\gamemodes\maps/mape.inc(24823) : warning 240: assigned value is never use
d (symbol "tmpobjid")
d:\UG\gamemodes\maps/mape.inc(24824) : warning 240: assigned value is never use
d (symbol "tmpobjid")
d:\UG\gamemodes\maps/mape.inc(24825) : warning 240: assigned value is never use
d (symbol "tmpobjid")
d:\UG\gamemodes\maps/mape.inc(24826) : warning 240: assigned value is never use
d (symbol "tmpobjid")
d:\UG\gamemodes\maps/mape.inc(24827) : warning 240: assigned value is never use
d (symbol "tmpobjid")
d:\UG\gamemodes\maps/mape.inc(24828) : warning 240: assigned value is never use
d (symbol "tmpobjid")
d:\UG\gamemodes\maps/mape.inc(24829) : warning 240: assigned value is never use
d (symbol "tmpobjid")
d:\UG\gamemodes\maps/mape.inc(24830) : warning 240: assigned value is never use
d (symbol "tmpobjid")
d:\UG\gamemodes\maps/mape.inc(24831) : warning 240: assigned value is never use
d (symbol "tmpobjid")
d:\UG\gamemodes\maps/mape.inc(24832) : warning 240: assigned value is never use
d (symbol "tmpobjid")
d:\UG\gamemodes\maps/mape.inc(24833) : warning 240: assigned value is never use
d (symbol "tmpobjid")
d:\UG\gamemodes\maps/mape.inc(24834) : warning 240: assigned value is never use
d (symbol "tmpobjid")
d:\UG\gamemodes\maps/mape.inc(24835) : warning 240: assigned value is never use
d (symbol "tmpobjid")
d:\UG\gamemodes\maps/mape.inc(25297) : warning 240: assigned value is never use
d (symbol "tmpobjid")
d:\UG\gamemodes\maps/mape.inc(25298) : warning 240: assigned value is never use
d (symbol "tmpobjid")
d:\UG\gamemodes\maps/mape.inc(25299) : warning 240: assigned value is never use
d (symbol "tmpobjid")
d:\UG\gamemodes\maps/mape.inc(25300) : warning 240: assigned value is never use
d (symbol "tmpobjid")
d:\UG\gamemodes\maps/mape.inc(25301) : warning 240: assigned value is never use
d (symbol "tmpobjid")
d:\UG\gamemodes\maps/mape.inc(25302) : warning 240: assigned value is never use
d (symbol "tmpobjid")
d:\UG\gamemodes\maps/mape.inc(25303) : warning 240: assigned value is never use
d (symbol "tmpobjid")
d:\UG\gamemodes\maps/mape.inc(25304) : warning 240: assigned value is never use
d (symbol "tmpobjid")
d:\UG\gamemodes\maps/mape.inc(25305) : warning 240: assigned value is never use
d (symbol "tmpobjid")
d:\UG\gamemodes\maps/mape.inc(25306) : warning 240: assigned value is never use
d (symbol "tmpobjid")
d:\UG\gamemodes\maps/mape.inc(25307) : warning 240: assigned value is never use
d (symbol "tmpobjid")
d:\UG\gamemodes\maps/mape.inc(25308) : warning 240: assigned value is never use
d (symbol "tmpobjid")
d:\UG\gamemodes\maps/mape.inc(25309) : warning 240: assigned value is never use
d (symbol "tmpobjid")
d:\UG\gamemodes\maps/mape.inc(25310) : warning 240: assigned value is never use
d (symbol "tmpobjid")
d:\UG\gamemodes\maps/mape.inc(25311) : warning 240: assigned value is never use
d (symbol "tmpobjid")
d:\UG\gamemodes\maps/mape.inc(25312) : warning 240: assigned value is never use
d (symbol "tmpobjid")
d:\UG\gamemodes\maps/mape.inc(25313) : warning 240: assigned value is never use
d (symbol "tmpobjid")
d:\UG\gamemodes\maps/mape.inc(25314) : warning 240: assigned value is never use
d (symbol "tmpobjid")
d:\UG\gamemodes\maps/mape.inc(25315) : warning 240: assigned value is never use
d (symbol "tmpobjid")
d:\UG\gamemodes\maps/mape.inc(25316) : warning 240: assigned value is never use
d (symbol "tmpobjid")
d:\UG\gamemodes\maps/mape.inc(25317) : warning 240: assigned value is never use
d (symbol "tmpobjid")
d:\UG\gamemodes\maps/mape.inc(25318) : warning 240: assigned value is never use
d (symbol "tmpobjid")
d:\UG\gamemodes\maps/mape.inc(25319) : warning 240: assigned value is never use
d (symbol "tmpobjid")
d:\UG\gamemodes\maps/mape.inc(25320) : warning 240: assigned value is never use
d (symbol "tmpobjid")
d:\UG\gamemodes\maps/mape.inc(25321) : warning 240: assigned value is never use
d (symbol "tmpobjid")
d:\UG\gamemodes\maps/mape.inc(25322) : warning 240: assigned value is never use
d (symbol "tmpobjid")
d:\UG\gamemodes\maps/mape.inc(25323) : warning 240: assigned value is never use
d (symbol "tmpobjid")
d:\UG\gamemodes\maps/mape.inc(25324) : warning 240: assigned value is never use
d (symbol "tmpobjid")
d:\UG\gamemodes\maps/mape.inc(25325) : warning 240: assigned value is never use
d (symbol "tmpobjid")
d:\UG\gamemodes\maps/mape.inc(25326) : warning 240: assigned value is never use
d (symbol "tmpobjid")
d:\UG\gamemodes\maps/mape.inc(25327) : warning 240: assigned value is never use
d (symbol "tmpobjid")
d:\UG\gamemodes\maps/mape.inc(25328) : warning 240: assigned value is never use
d (symbol "tmpobjid")
d:\UG\gamemodes\maps/mape.inc(25329) : warning 240: assigned value is never use
d (symbol "tmpobjid")
d:\UG\gamemodes\maps/mape.inc(25330) : warning 240: assigned value is never use
d (symbol "tmpobjid")
d:\UG\gamemodes\maps/mape.inc(25331) : warning 240: assigned value is never use
d (symbol "tmpobjid")
d:\UG\gamemodes\maps/mape.inc(25332) : warning 240: assigned value is never use
d (symbol "tmpobjid")
d:\UG\gamemodes\maps/mape.inc(25333) : warning 240: assigned value is never use
d (symbol "tmpobjid")
d:\UG\gamemodes\maps/mape.inc(25506) : warning 240: assigned value is never use
d (symbol "tmpobjid")
d:\UG\gamemodes\maps/mape.inc(25507) : warning 240: assigned value is never use
d (symbol "tmpobjid")
d:\UG\gamemodes\maps/mape.inc(25508) : warning 240: assigned value is never use
d (symbol "tmpobjid")
d:\UG\gamemodes\maps/mape.inc(25509) : warning 240: assigned value is never use
d (symbol "tmpobjid")
d:\UG\gamemodes\maps/mape.inc(25510) : warning 240: assigned value is never use
d (symbol "tmpobjid")
d:\UG\gamemodes\maps/mape.inc(25511) : warning 240: assigned value is never use
d (symbol "tmpobjid")
d:\UG\gamemodes\maps/mape.inc(25512) : warning 240: assigned value is never use
d (symbol "tmpobjid")
d:\UG\gamemodes\maps/mape.inc(25513) : warning 240: assigned value is never use
d (symbol "tmpobjid")
d:\UG\gamemodes\maps/mape.inc(25514) : warning 240: assigned value is never use
d (symbol "tmpobjid")
d:\UG\gamemodes\maps/mape.inc(25515) : warning 240: assigned value is never use
d (symbol "tmpobjid")
d:\UG\gamemodes\maps/mape.inc(25516) : warning 240: assigned value is never use
d (symbol "tmpobjid")
d:\UG\gamemodes\maps/mape.inc(25517) : warning 240: assigned value is never use
d (symbol "tmpobjid")
d:\UG\gamemodes\maps/mape.inc(25518) : warning 240: assigned value is never use
d (symbol "tmpobjid")
d:\UG\gamemodes\maps/mape.inc(25519) : warning 240: assigned value is never use
d (symbol "tmpobjid")
d:\UG\gamemodes\maps/mape.inc(25520) : warning 240: assigned value is never use
d (symbol "tmpobjid")
d:\UG\gamemodes\maps/mape.inc(25521) : warning 240: assigned value is never use
d (symbol "tmpobjid")
d:\UG\gamemodes\maps/mape.inc(25522) : warning 240: assigned value is never use
d (symbol "tmpobjid")
d:\UG\gamemodes\maps/mape.inc(25523) : warning 240: assigned value is never use
d (symbol "tmpobjid")
d:\UG\gamemodes\maps/mape.inc(25524) : warning 240: assigned value is never use
d (symbol "tmpobjid")
d:\UG\gamemodes\maps/mape.inc(25525) : warning 240: assigned value is never use
d (symbol "tmpobjid")
d:\UG\gamemodes\maps/mape.inc(25526) : warning 240: assigned value is never use
d (symbol "tmpobjid")
d:\UG\gamemodes\maps/mape.inc(25527) : warning 240: assigned value is never use
d (symbol "tmpobjid")
d:\UG\gamemodes\maps/mape.inc(25528) : warning 240: assigned value is never use
d (symbol "tmpobjid")
d:\UG\gamemodes\maps/mape.inc(25529) : warning 240: assigned value is never use
d (symbol "tmpobjid")
d:\UG\gamemodes\maps/mape.inc(25530) : warning 240: assigned value is never use
d (symbol "tmpobjid")
d:\UG\gamemodes\maps/mape.inc(25531) : warning 240: assigned value is never use
d (symbol "tmpobjid")
d:\UG\gamemodes\maps/mape.inc(25532) : warning 240: assigned value is never use
d (symbol "tmpobjid")
d:\UG\gamemodes\maps/mape.inc(25533) : warning 240: assigned value is never use
d (symbol "tmpobjid")
d:\UG\gamemodes\maps/mape.inc(25534) : warning 240: assigned value is never use
d (symbol "tmpobjid")
d:\UG\gamemodes\maps/mape.inc(25535) : warning 240: assigned value is never use
d (symbol "tmpobjid")
d:\UG\gamemodes\maps/mape.inc(25536) : warning 240: assigned value is never use
d (symbol "tmpobjid")
d:\UG\gamemodes\maps/mape.inc(25537) : warning 240: assigned value is never use
d (symbol "tmpobjid")
d:\UG\gamemodes\maps/mape.inc(25538) : warning 240: assigned value is never use
d (symbol "tmpobjid")
d:\UG\gamemodes\maps/mape.inc(25539) : warning 240: assigned value is never use
d (symbol "tmpobjid")
d:\UG\gamemodes\maps/mape.inc(25540) : warning 240: assigned value is never use
d (symbol "tmpobjid")
d:\UG\gamemodes\maps/mape.inc(25541) : warning 240: assigned value is never use
d (symbol "tmpobjid")
d:\UG\gamemodes\maps/mape.inc(25542) : warning 240: assigned value is never use
d (symbol "tmpobjid")
d:\UG\gamemodes\maps/mape.inc(25543) : warning 240: assigned value is never use
d (symbol "tmpobjid")
d:\UG\gamemodes\maps/mape.inc(25544) : warning 240: assigned value is never use
d (symbol "tmpobjid")
d:\UG\gamemodes\maps/mape.inc(25545) : warning 240: assigned value is never use
d (symbol "tmpobjid")
d:\UG\gamemodes\maps/mape.inc(25546) : warning 240: assigned value is never use
d (symbol "tmpobjid")
d:\UG\gamemodes\maps/mape.inc(25547) : warning 240: assigned value is never use
d (symbol "tmpobjid")
d:\UG\gamemodes\maps/mape.inc(25548) : warning 240: assigned value is never use
d (symbol "tmpobjid")
d:\UG\gamemodes\maps/mape.inc(25549) : warning 240: assigned value is never use
d (symbol "tmpobjid")
d:\UG\gamemodes\maps/mape.inc(25550) : warning 240: assigned value is never use
d (symbol "tmpobjid")
d:\UG\gamemodes\maps/mape.inc(25551) : warning 240: assigned value is never use
d (symbol "tmpobjid")
d:\UG\gamemodes\maps/mape.inc(25552) : warning 240: assigned value is never use
d (symbol "tmpobjid")
d:\UG\gamemodes\maps/mape.inc(25553) : warning 240: assigned value is never use
d (symbol "tmpobjid")
d:\UG\gamemodes\maps/mape.inc(25554) : warning 240: assigned value is never use
d (symbol "tmpobjid")
d:\UG\gamemodes\maps/mape.inc(25555) : warning 240: assigned value is never use
d (symbol "tmpobjid")
d:\UG\gamemodes\maps/mape.inc(25556) : warning 240: assigned value is never use
d (symbol "tmpobjid")
d:\UG\gamemodes\maps/mape.inc(25557) : warning 240: assigned value is never use
d (symbol "tmpobjid")
d:\UG\gamemodes\maps/mape.inc(25558) : warning 240: assigned value is never use
d (symbol "tmpobjid")
d:\UG\gamemodes\maps/mape.inc(25559) : warning 240: assigned value is never use
d (symbol "tmpobjid")
d:\UG\gamemodes\maps/mape.inc(25560) : warning 240: assigned value is never use
d (symbol "tmpobjid")
d:\UG\gamemodes\maps/mape.inc(25759) : warning 240: assigned value is never use
d (symbol "tmpobjid")
d:\UG\gamemodes\maps/mape.inc(25760) : warning 240: assigned value is never use
d (symbol "tmpobjid")
d:\UG\gamemodes\maps/mape.inc(25761) : warning 240: assigned value is never use
d (symbol "tmpobjid")
d:\UG\gamemodes\maps/mape.inc(25762) : warning 240: assigned value is never use
d (symbol "tmpobjid")
d:\UG\gamemodes\maps/mape.inc(25763) : warning 240: assigned value is never use
d (symbol "tmpobjid")
d:\UG\gamemodes\maps/mape.inc(25764) : warning 240: assigned value is never use
d (symbol "tmpobjid")
d:\UG\gamemodes\maps/mape.inc(25765) : warning 240: assigned value is never use
d (symbol "tmpobjid")
d:\UG\gamemodes\maps/mape.inc(25766) : warning 240: assigned value is never use
d (symbol "tmpobjid")
d:\UG\gamemodes\maps/mape.inc(25767) : warning 240: assigned value is never use
d (symbol "tmpobjid")
d:\UG\gamemodes\maps/mape.inc(25768) : warning 240: assigned value is never use
d (symbol "tmpobjid")
d:\UG\gamemodes\maps/mape.inc(25769) : warning 240: assigned value is never use
d (symbol "tmpobjid")
d:\UG\gamemodes\maps/mape.inc(25770) : warning 240: assigned value is never use
d (symbol "tmpobjid")
d:\UG\gamemodes\maps/mape.inc(25771) : warning 240: assigned value is never use
d (symbol "tmpobjid")
d:\UG\gamemodes\maps/mape.inc(25772) : warning 240: assigned value is never use
d (symbol "tmpobjid")
d:\UG\gamemodes\maps/mape.inc(25773) : warning 240: assigned value is never use
d (symbol "tmpobjid")
d:\UG\gamemodes\maps/mape.inc(25774) : warning 240: assigned value is never use
d (symbol "tmpobjid")
d:\UG\gamemodes\maps/mape.inc(25775) : warning 240: assigned value is never use
d (symbol "tmpobjid")
d:\UG\gamemodes\maps/mape.inc(25776) : warning 240: assigned value is never use
d (symbol "tmpobjid")
d:\UG\gamemodes\maps/mape.inc(25777) : warning 240: assigned value is never use
d (symbol "tmpobjid")
d:\UG\gamemodes\maps/mape.inc(25778) : warning 240: assigned value is never use
d (symbol "tmpobjid")
d:\UG\gamemodes\maps/mape.inc(25779) : warning 240: assigned value is never use
d (symbol "tmpobjid")
d:\UG\gamemodes\maps/mape.inc(25780) : warning 240: assigned value is never use
d (symbol "tmpobjid")
d:\UG\gamemodes\maps/mape.inc(25785) : warning 239: literal array/string passed
 to a non-const parameter
d:\UG\gamemodes\maps/mape.inc(25785) : warning 239: literal array/string passed
 to a non-const parameter
d:\UG\gamemodes\maps/mape.inc(25786) : warning 239: literal array/string passed
 to a non-const parameter
d:\UG\gamemodes\maps/mape.inc(25786) : warning 239: literal array/string passed
 to a non-const parameter
d:\UG\gamemodes\maps/mape.inc(25788) : warning 239: literal array/string passed
 to a non-const parameter
d:\UG\gamemodes\maps/mape.inc(25788) : warning 239: literal array/string passed
 to a non-const parameter
d:\UG\gamemodes\maps/mape.inc(25790) : warning 239: literal array/string passed
 to a non-const parameter
d:\UG\gamemodes\maps/mape.inc(25790) : warning 239: literal array/string passed
 to a non-const parameter
d:\UG\gamemodes\maps/mape.inc(25792) : warning 239: literal array/string passed
 to a non-const parameter
d:\UG\gamemodes\maps/mape.inc(25792) : warning 239: literal array/string passed
 to a non-const parameter
d:\UG\gamemodes\maps/mape.inc(25794) : warning 239: literal array/string passed
 to a non-const parameter
d:\UG\gamemodes\maps/mape.inc(25794) : warning 239: literal array/string passed
 to a non-const parameter
d:\UG\gamemodes\maps/mape.inc(25796) : warning 239: literal array/string passed
 to a non-const parameter
d:\UG\gamemodes\maps/mape.inc(25796) : warning 239: literal array/string passed
 to a non-const parameter
d:\UG\gamemodes\maps/mape.inc(25798) : warning 239: literal array/string passed
 to a non-const parameter
d:\UG\gamemodes\maps/mape.inc(25798) : warning 239: literal array/string passed
 to a non-const parameter
d:\UG\gamemodes\maps/mape.inc(25800) : warning 239: literal array/string passed
 to a non-const parameter
d:\UG\gamemodes\maps/mape.inc(25800) : warning 239: literal array/string passed
 to a non-const parameter
d:\UG\gamemodes\maps/mape.inc(25801) : warning 240: assigned value is never use
d (symbol "sverc1")
d:\UG\gamemodes\maps/mape.inc(25802) : warning 240: assigned value is never use
d (symbol "sverc1")
d:\UG\gamemodes\maps/mape.inc(25803) : warning 240: assigned value is never use
d (symbol "sverc1")
d:\UG\gamemodes\maps/mape.inc(25804) : warning 240: assigned value is never use
d (symbol "sverc1")
d:\UG\gamemodes\maps/mape.inc(25805) : warning 240: assigned value is never use
d (symbol "sverc1")
d:\UG\gamemodes\maps/mape.inc(25806) : warning 240: assigned value is never use
d (symbol "sverc1")
d:\UG\gamemodes\maps/mape.inc(25807) : warning 240: assigned value is never use
d (symbol "sverc1")
d:\UG\gamemodes\maps/mape.inc(25808) : warning 240: assigned value is never use
d (symbol "sverc1")
d:\UG\gamemodes\maps/mape.inc(25809) : warning 240: assigned value is never use
d (symbol "sverc1")
d:\UG\gamemodes\maps/mape.inc(25810) : warning 240: assigned value is never use
d (symbol "sverc1")
d:\UG\gamemodes\maps/mape.inc(25811) : warning 240: assigned value is never use
d (symbol "sverc1")
d:\UG\gamemodes\maps/mape.inc(25812) : warning 240: assigned value is never use
d (symbol "sverc1")
d:\UG\gamemodes\maps/mape.inc(25813) : warning 240: assigned value is never use
d (symbol "sverc1")
d:\UG\gamemodes\maps/mape.inc(25814) : warning 240: assigned value is never use
d (symbol "sverc1")
d:\UG\gamemodes\maps/mape.inc(25815) : warning 240: assigned value is never use
d (symbol "sverc1")
d:\UG\gamemodes\maps/mape.inc(25816) : warning 240: assigned value is never use
d (symbol "sverc1")
d:\UG\gamemodes\maps/mape.inc(25817) : warning 240: assigned value is never use
d (symbol "sverc1")
d:\UG\gamemodes\maps/mape.inc(25818) : warning 240: assigned value is never use
d (symbol "sverc1")
d:\UG\gamemodes\maps/mape.inc(25819) : warning 240: assigned value is never use
d (symbol "sverc1")
d:\UG\gamemodes\maps/mape.inc(25820) : warning 240: assigned value is never use
d (symbol "sverc1")
d:\UG\gamemodes\maps/mape.inc(25821) : warning 240: assigned value is never use
d (symbol "sverc1")
d:\UG\gamemodes\maps/mape.inc(25822) : warning 240: assigned value is never use
d (symbol "sverc1")
d:\UG\gamemodes\maps/mape.inc(25823) : warning 240: assigned value is never use
d (symbol "sverc1")
d:\UG\gamemodes\maps/mape.inc(25824) : warning 240: assigned value is never use
d (symbol "sverc1")
d:\UG\gamemodes\maps/mape.inc(25825) : warning 240: assigned value is never use
d (symbol "sverc1")
d:\UG\gamemodes\maps/mape.inc(25826) : warning 240: assigned value is never use
d (symbol "sverc1")
d:\UG\gamemodes\maps/mape.inc(25827) : warning 240: assigned value is never use
d (symbol "sverc1")
d:\UG\gamemodes\maps/mape.inc(25828) : warning 240: assigned value is never use
d (symbol "sverc1")
d:\UG\gamemodes\maps/mape.inc(25829) : warning 240: assigned value is never use
d (symbol "sverc1")
d:\UG\gamemodes\maps/mape.inc(25830) : warning 240: assigned value is never use
d (symbol "sverc1")
d:\UG\gamemodes\maps/mape.inc(25831) : warning 240: assigned value is never use
d (symbol "sverc1")
d:\UG\gamemodes\maps/mape.inc(25832) : warning 240: assigned value is never use
d (symbol "sverc1")
d:\UG\gamemodes\maps/mape.inc(25833) : warning 240: assigned value is never use
d (symbol "sverc1")
d:\UG\gamemodes\maps/mape.inc(25834) : warning 240: assigned value is never use
d (symbol "sverc1")
d:\UG\gamemodes\maps/mape.inc(25835) : warning 240: assigned value is never use
d (symbol "sverc1")
d:\UG\gamemodes\maps/mape.inc(25836) : warning 240: assigned value is never use
d (symbol "sverc1")
d:\UG\gamemodes\maps/mape.inc(25837) : warning 240: assigned value is never use
d (symbol "sverc1")
d:\UG\gamemodes\maps/mape.inc(25838) : warning 240: assigned value is never use
d (symbol "sverc1")
d:\UG\gamemodes\maps/mape.inc(25839) : warning 240: assigned value is never use
d (symbol "sverc1")
d:\UG\gamemodes\maps/mape.inc(25840) : warning 240: assigned value is never use
d (symbol "sverc1")
d:\UG\gamemodes\maps/mape.inc(25841) : warning 240: assigned value is never use
d (symbol "sverc1")
d:\UG\gamemodes\maps/mape.inc(25842) : warning 240: assigned value is never use
d (symbol "sverc1")
d:\UG\gamemodes\maps/mape.inc(25843) : warning 240: assigned value is never use
d (symbol "sverc1")
d:\UG\gamemodes\maps/mape.inc(25844) : warning 240: assigned value is never use
d (symbol "sverc1")
d:\UG\gamemodes\maps/mape.inc(25845) : warning 240: assigned value is never use
d (symbol "sverc1")
d:\UG\gamemodes\maps/mape.inc(25846) : warning 240: assigned value is never use
d (symbol "sverc1")
d:\UG\gamemodes\maps/mape.inc(25847) : warning 240: assigned value is never use
d (symbol "sverc1")
d:\UG\gamemodes\maps/mape.inc(25848) : warning 240: assigned value is never use
d (symbol "sverc1")
d:\UG\gamemodes\maps/mape.inc(25849) : warning 240: assigned value is never use
d (symbol "sverc1")
d:\UG\gamemodes\maps/mape.inc(25850) : warning 240: assigned value is never use
d (symbol "sverc1")
d:\UG\gamemodes\maps/mape.inc(25851) : warning 240: assigned value is never use
d (symbol "sverc1")
d:\UG\gamemodes\maps/mape.inc(25852) : warning 240: assigned value is never use
d (symbol "sverc1")
d:\UG\gamemodes\maps/mape.inc(25853) : warning 240: assigned value is never use
d (symbol "sverc1")
d:\UG\gamemodes\maps/mape.inc(25854) : warning 240: assigned value is never use
d (symbol "sverc1")
d:\UG\gamemodes\maps/mape.inc(25855) : warning 240: assigned value is never use
d (symbol "sverc1")
d:\UG\gamemodes\maps/mape.inc(25856) : warning 240: assigned value is never use
d (symbol "sverc1")
d:\UG\gamemodes\maps/mape.inc(25857) : warning 240: assigned value is never use
d (symbol "sverc1")
d:\UG\gamemodes\maps/mape.inc(25858) : warning 240: assigned value is never use
d (symbol "sverc1")
d:\UG\gamemodes\maps/mape.inc(25859) : warning 240: assigned value is never use
d (symbol "sverc1")
d:\UG\gamemodes\maps/mape.inc(25860) : warning 240: assigned value is never use
d (symbol "sverc1")
d:\UG\gamemodes\maps/mape.inc(25861) : warning 240: assigned value is never use
d (symbol "sverc1")
d:\UG\gamemodes\maps/mape.inc(25862) : warning 240: assigned value is never use
d (symbol "sverc1")
d:\UG\gamemodes\maps/mape.inc(25863) : warning 240: assigned value is never use
d (symbol "sverc1")
d:\UG\gamemodes\maps/mape.inc(25864) : warning 240: assigned value is never use
d (symbol "sverc1")
d:\UG\gamemodes\maps/mape.inc(25865) : warning 240: assigned value is never use
d (symbol "sverc1")
d:\UG\gamemodes\maps/mape.inc(25866) : warning 240: assigned value is never use
d (symbol "sverc1")
d:\UG\gamemodes\maps/mape.inc(25867) : warning 240: assigned value is never use
d (symbol "sverc1")
d:\UG\gamemodes\maps/mape.inc(25868) : warning 240: assigned value is never use
d (symbol "sverc1")
d:\UG\gamemodes\maps/mape.inc(25869) : warning 240: assigned value is never use
d (symbol "sverc1")
d:\UG\gamemodes\maps/mape.inc(25870) : warning 240: assigned value is never use
d (symbol "sverc1")
d:\UG\gamemodes\maps/mape.inc(25871) : warning 240: assigned value is never use
d (symbol "sverc1")
d:\UG\gamemodes\maps/mape.inc(25872) : warning 240: assigned value is never use
d (symbol "sverc1")
d:\UG\gamemodes\maps/mape.inc(25873) : warning 240: assigned value is never use
d (symbol "sverc1")
d:\UG\gamemodes\maps/mape.inc(25874) : warning 240: assigned value is never use
d (symbol "sverc1")
d:\UG\gamemodes\maps/mape.inc(25875) : warning 240: assigned value is never use
d (symbol "sverc1")
d:\UG\gamemodes\maps/mape.inc(25876) : warning 240: assigned value is never use
d (symbol "sverc1")
d:\UG\gamemodes\maps/mape.inc(25877) : warning 240: assigned value is never use
d (symbol "sverc1")
d:\UG\gamemodes\maps/mape.inc(25878) : warning 240: assigned value is never use
d (symbol "sverc1")
d:\UG\gamemodes\maps/mape.inc(25879) : warning 240: assigned value is never use
d (symbol "sverc1")
d:\UG\gamemodes\maps/mape.inc(25880) : warning 240: assigned value is never use
d (symbol "sverc1")
d:\UG\gamemodes\maps/mape.inc(25881) : warning 240: assigned value is never use
d (symbol "sverc1")
d:\UG\gamemodes\maps/mape.inc(25882) : warning 240: assigned value is never use
d (symbol "sverc1")
d:\UG\gamemodes\maps/mape.inc(25883) : warning 240: assigned value is never use
d (symbol "sverc1")
d:\UG\gamemodes\maps/mape.inc(25884) : warning 240: assigned value is never use
d (symbol "sverc1")
d:\UG\gamemodes\maps/mape.inc(25885) : warning 240: assigned value is never use
d (symbol "sverc1")
d:\UG\gamemodes\maps/mape.inc(25886) : warning 240: assigned value is never use
d (symbol "sverc1")
d:\UG\gamemodes\maps/mape.inc(25887) : warning 240: assigned value is never use
d (symbol "sverc1")
d:\UG\gamemodes\maps/mape.inc(25888) : warning 240: assigned value is never use
d (symbol "sverc1")
d:\UG\gamemodes\maps/mape.inc(25889) : warning 240: assigned value is never use
d (symbol "sverc1")
d:\UG\gamemodes\maps/mape.inc(25890) : warning 240: assigned value is never use
d (symbol "sverc1")
d:\UG\gamemodes\maps/mape.inc(25891) : warning 240: assigned value is never use
d (symbol "sverc1")
d:\UG\gamemodes\maps/mape.inc(25892) : warning 240: assigned value is never use
d (symbol "sverc1")
d:\UG\gamemodes\maps/mape.inc(25893) : warning 240: assigned value is never use
d (symbol "sverc1")
d:\UG\gamemodes\maps/mape.inc(25894) : warning 240: assigned value is never use
d (symbol "sverc1")
d:\UG\gamemodes\maps/mape.inc(25895) : warning 240: assigned value is never use
d (symbol "sverc1")
d:\UG\gamemodes\maps/mape.inc(25896) : warning 240: assigned value is never use
d (symbol "sverc1")
d:\UG\gamemodes\maps/mape.inc(25897) : warning 240: assigned value is never use
d (symbol "sverc1")
d:\UG\gamemodes\maps/mape.inc(25898) : warning 240: assigned value is never use
d (symbol "sverc1")
d:\UG\gamemodes\maps/mape.inc(25899) : warning 240: assigned value is never use
d (symbol "sverc1")
d:\UG\gamemodes\maps/mape.inc(25900) : warning 240: assigned value is never use
d (symbol "sverc1")
d:\UG\gamemodes\maps/mape.inc(25901) : warning 240: assigned value is never use
d (symbol "sverc1")
d:\UG\gamemodes\maps/mape.inc(25902) : warning 240: assigned value is never use
d (symbol "sverc1")
d:\UG\gamemodes\maps/mape.inc(25903) : warning 240: assigned value is never use
d (symbol "sverc1")
d:\UG\gamemodes\maps/mape.inc(25904) : warning 240: assigned value is never use
d (symbol "sverc1")
d:\UG\gamemodes\maps/mape.inc(25905) : warning 240: assigned value is never use
d (symbol "sverc1")
d:\UG\gamemodes\maps/mape.inc(25906) : warning 240: assigned value is never use
d (symbol "sverc1")
d:\UG\gamemodes\maps/mape.inc(25907) : warning 240: assigned value is never use
d (symbol "sverc1")
d:\UG\gamemodes\maps/mape.inc(25908) : warning 240: assigned value is never use
d (symbol "sverc1")
d:\UG\gamemodes\maps/mape.inc(25909) : warning 240: assigned value is never use
d (symbol "sverc1")
d:\UG\gamemodes\maps/mape.inc(25910) : warning 240: assigned value is never use
d (symbol "sverc1")
d:\UG\gamemodes\maps/mape.inc(25911) : warning 240: assigned value is never use
d (symbol "sverc1")
d:\UG\gamemodes\maps/mape.inc(25912) : warning 240: assigned value is never use
d (symbol "sverc1")
d:\UG\gamemodes\maps/mape.inc(25913) : warning 240: assigned value is never use
d (symbol "sverc1")
d:\UG\gamemodes\maps/mape.inc(25914) : warning 240: assigned value is never use
d (symbol "sverc1")
d:\UG\gamemodes\maps/mape.inc(25915) : warning 240: assigned value is never use
d (symbol "sverc1")
d:\UG\gamemodes\maps/mape.inc(25916) : warning 240: assigned value is never use
d (symbol "sverc1")
d:\UG\gamemodes\maps/mape.inc(25917) : warning 240: assigned value is never use
d (symbol "sverc1")
d:\UG\gamemodes\maps/mape.inc(25918) : warning 240: assigned value is never use
d (symbol "sverc1")
d:\UG\gamemodes\maps/mape.inc(25919) : warning 240: assigned value is never use
d (symbol "sverc1")
d:\UG\gamemodes\maps/mape.inc(25920) : warning 240: assigned value is never use
d (symbol "sverc1")
d:\UG\gamemodes\maps/mape.inc(25921) : warning 240: assigned value is never use
d (symbol "sverc1")
d:\UG\gamemodes\maps/mape.inc(25922) : warning 240: assigned value is never use
d (symbol "sverc1")
d:\UG\gamemodes\maps/mape.inc(25923) : warning 240: assigned value is never use
d (symbol "sverc1")
d:\UG\gamemodes\maps/mape.inc(25924) : warning 240: assigned value is never use
d (symbol "sverc1")
d:\UG\gamemodes\maps/mape.inc(25925) : warning 240: assigned value is never use
d (symbol "sverc1")
d:\UG\gamemodes\maps/mape.inc(25926) : warning 240: assigned value is never use
d (symbol "sverc1")
d:\UG\gamemodes\maps/mape.inc(25927) : warning 240: assigned value is never use
d (symbol "sverc1")
d:\UG\gamemodes\maps/mape.inc(25928) : warning 240: assigned value is never use
d (symbol "sverc1")
d:\UG\gamemodes\maps/mape.inc(25929) : warning 240: assigned value is never use
d (symbol "sverc1")
d:\UG\gamemodes\maps/mape.inc(25930) : warning 240: assigned value is never use
d (symbol "sverc1")
d:\UG\gamemodes\maps/mape.inc(25931) : warning 240: assigned value is never use
d (symbol "sverc1")
d:\UG\gamemodes\maps/mape.inc(25932) : warning 240: assigned value is never use
d (symbol "sverc1")
d:\UG\gamemodes\maps/mape.inc(25933) : warning 240: assigned value is never use
d (symbol "sverc1")
d:\UG\gamemodes\maps/mape.inc(25934) : warning 240: assigned value is never use
d (symbol "sverc1")
d:\UG\gamemodes\maps/mape.inc(25935) : warning 240: assigned value is never use
d (symbol "sverc1")
d:\UG\gamemodes\maps/mape.inc(25936) : warning 240: assigned value is never use
d (symbol "sverc1")
d:\UG\gamemodes\maps/mape.inc(25937) : warning 240: assigned value is never use
d (symbol "sverc1")
d:\UG\gamemodes\maps/mape.inc(25938) : warning 240: assigned value is never use
d (symbol "sverc1")
d:\UG\gamemodes\maps/mape.inc(25781) : warning 240: assigned value is never use
d (symbol "tmpobjid")
d:\UG\gamemodes\maps/mape.inc(26031) : warning 240: assigned value is never use
d (symbol "tmpobjid")
d:\UG\gamemodes\maps/mape.inc(26032) : warning 240: assigned value is never use
d (symbol "tmpobjid")
d:\UG\gamemodes\maps/mape.inc(26033) : warning 240: assigned value is never use
d (symbol "tmpobjid")
d:\UG\gamemodes\maps/mape.inc(26034) : warning 240: assigned value is never use
d (symbol "tmpobjid")
d:\UG\gamemodes\maps/mape.inc(26035) : warning 240: assigned value is never use
d (symbol "tmpobjid")
d:\UG\gamemodes\maps/mape.inc(26036) : warning 240: assigned value is never use
d (symbol "tmpobjid")
d:\UG\gamemodes\maps/mape.inc(26037) : warning 240: assigned value is never use
d (symbol "tmpobjid")
d:\UG\gamemodes\maps/mape.inc(26038) : warning 240: assigned value is never use
d (symbol "tmpobjid")
d:\UG\gamemodes\maps/mape.inc(26039) : warning 240: assigned value is never use
d (symbol "tmpobjid")
d:\UG\gamemodes\maps/mape.inc(26040) : warning 240: assigned value is never use
d (symbol "tmpobjid")
d:\UG\gamemodes\maps/mape.inc(26041) : warning 240: assigned value is never use
d (symbol "tmpobjid")
d:\UG\gamemodes\maps/mape.inc(26042) : warning 240: assigned value is never use
d (symbol "tmpobjid")
d:\UG\gamemodes\maps/mape.inc(26043) : warning 240: assigned value is never use
d (symbol "tmpobjid")
d:\UG\gamemodes\maps/mape.inc(26044) : warning 240: assigned value is never use
d (symbol "tmpobjid")
d:\UG\gamemodes\maps/mape.inc(26045) : warning 240: assigned value is never use
d (symbol "tmpobjid")
d:\UG\gamemodes\maps/mape.inc(26046) : warning 240: assigned value is never use
d (symbol "tmpobjid")
d:\UG\gamemodes\maps/mape.inc(26047) : warning 240: assigned value is never use
d (symbol "tmpobjid")
d:\UG\gamemodes\maps/mape.inc(26048) : warning 240: assigned value is never use
d (symbol "tmpobjid")
d:\UG\gamemodes\maps/mape.inc(26049) : warning 240: assigned value is never use
d (symbol "tmpobjid")
d:\UG\gamemodes\maps/mape.inc(26050) : warning 240: assigned value is never use
d (symbol "tmpobjid")
d:\UG\gamemodes\maps/mape.inc(26051) : warning 240: assigned value is never use
d (symbol "tmpobjid")
d:\UG\gamemodes\maps/mape.inc(26052) : warning 240: assigned value is never use
d (symbol "tmpobjid")
d:\UG\gamemodes\maps/mape.inc(26053) : warning 240: assigned value is never use
d (symbol "tmpobjid")
d:\UG\gamemodes\maps/mape.inc(26054) : warning 240: assigned value is never use
d (symbol "tmpobjid")
d:\UG\gamemodes\maps/mape.inc(26055) : warning 240: assigned value is never use
d (symbol "tmpobjid")
d:\UG\gamemodes\maps/mape.inc(26056) : warning 240: assigned value is never use
d (symbol "tmpobjid")
d:\UG\gamemodes\maps/mape.inc(26057) : warning 240: assigned value is never use
d (symbol "tmpobjid")
d:\UG\gamemodes\maps/mape.inc(26058) : warning 240: assigned value is never use
d (symbol "tmpobjid")
d:\UG\gamemodes\maps/mape.inc(26059) : warning 240: assigned value is never use
d (symbol "tmpobjid")
d:\UG\gamemodes\maps/mape.inc(26060) : warning 240: assigned value is never use
d (symbol "tmpobjid")
d:\UG\gamemodes\maps/mape.inc(26061) : warning 240: assigned value is never use
d (symbol "tmpobjid")
d:\UG\gamemodes\maps/mape.inc(26062) : warning 240: assigned value is never use
d (symbol "tmpobjid")
d:\UG\gamemodes\maps/mape.inc(26063) : warning 240: assigned value is never use
d (symbol "tmpobjid")
d:\UG\gamemodes\maps/mape.inc(26064) : warning 240: assigned value is never use
d (symbol "tmpobjid")
d:\UG\gamemodes\maps/mape.inc(26065) : warning 240: assigned value is never use
d (symbol "tmpobjid")
d:\UG\gamemodes\maps/mape.inc(26066) : warning 240: assigned value is never use
d (symbol "tmpobjid")
d:\UG\gamemodes\maps/mape.inc(26067) : warning 240: assigned value is never use
d (symbol "tmpobjid")
d:\UG\gamemodes\maps/mape.inc(26068) : warning 240: assigned value is never use
d (symbol "tmpobjid")
d:\UG\gamemodes\maps/mape.inc(26069) : warning 240: assigned value is never use
d (symbol "tmpobjid")
d:\UG\gamemodes\maps/mape.inc(26070) : warning 240: assigned value is never use
d (symbol "tmpobjid")
d:\UG\gamemodes\maps/mape.inc(26071) : warning 240: assigned value is never use
d (symbol "tmpobjid")
d:\UG\gamemodes\maps/mape.inc(26072) : warning 240: assigned value is never use
d (symbol "tmpobjid")
d:\UG\gamemodes\maps/mape.inc(26073) : warning 240: assigned value is never use
d (symbol "tmpobjid")
d:\UG\gamemodes\maps/mape.inc(26074) : warning 240: assigned value is never use
d (symbol "tmpobjid")
d:\UG\gamemodes\maps/mape.inc(26075) : warning 240: assigned value is never use
d (symbol "tmpobjid")
d:\UG\gamemodes\maps/mape.inc(26076) : warning 240: assigned value is never use
d (symbol "tmpobjid")
d:\UG\gamemodes\maps/mape.inc(26077) : warning 240: assigned value is never use
d (symbol "tmpobjid")
d:\UG\gamemodes\maps/mape.inc(26078) : warning 240: assigned value is never use
d (symbol "tmpobjid")
d:\UG\gamemodes\maps/mape.inc(26079) : warning 240: assigned value is never use
d (symbol "tmpobjid")
d:\UG\gamemodes\maps/mape.inc(26080) : warning 240: assigned value is never use
d (symbol "tmpobjid")
d:\UG\gamemodes\maps/mape.inc(26081) : warning 240: assigned value is never use
d (symbol "tmpobjid")
d:\UG\gamemodes\maps/mape.inc(26082) : warning 240: assigned value is never use
d (symbol "tmpobjid")
d:\UG\gamemodes\maps/mape.inc(26083) : warning 240: assigned value is never use
d (symbol "tmpobjid")
d:\UG\gamemodes\maps/mape.inc(26084) : warning 240: assigned value is never use
d (symbol "tmpobjid")
d:\UG\gamemodes\maps/mape.inc(26085) : warning 240: assigned value is never use
d (symbol "tmpobjid")
d:\UG\gamemodes\maps/mape.inc(26817) : warning 240: assigned value is never use
d (symbol "tmpobjid")
d:\UG\gamemodes\maps/mape.inc(26818) : warning 240: assigned value is never use
d (symbol "tmpobjid")
d:\UG\gamemodes\maps/mape.inc(26819) : warning 240: assigned value is never use
d (symbol "tmpobjid")
d:\UG\gamemodes\maps/mape.inc(26820) : warning 240: assigned value is never use
d (symbol "tmpobjid")
d:\UG\gamemodes\maps/mape.inc(26821) : warning 240: assigned value is never use
d (symbol "tmpobjid")
d:\UG\gamemodes\maps/mape.inc(26822) : warning 240: assigned value is never use
d (symbol "tmpobjid")
d:\UG\gamemodes\maps/mape.inc(26823) : warning 240: assigned value is never use
d (symbol "tmpobjid")
d:\UG\gamemodes\maps/mape.inc(26824) : warning 240: assigned value is never use
d (symbol "tmpobjid")
d:\UG\gamemodes\maps/mape.inc(26825) : warning 240: assigned value is never use
d (symbol "tmpobjid")
d:\UG\gamemodes\maps/mape.inc(26826) : warning 240: assigned value is never use
d (symbol "tmpobjid")
d:\UG\gamemodes\maps/mape.inc(26827) : warning 240: assigned value is never use
d (symbol "tmpobjid")
d:\UG\gamemodes\maps/mape.inc(26828) : warning 240: assigned value is never use
d (symbol "tmpobjid")
d:\UG\gamemodes\maps/mape.inc(26829) : warning 240: assigned value is never use
d (symbol "tmpobjid")
d:\UG\gamemodes\maps/mape.inc(26830) : warning 240: assigned value is never use
d (symbol "tmpobjid")
d:\UG\gamemodes\maps/mape.inc(26831) : warning 240: assigned value is never use
d (symbol "tmpobjid")
d:\UG\gamemodes\maps/mape.inc(26832) : warning 240: assigned value is never use
d (symbol "tmpobjid")
d:\UG\gamemodes\maps/mape.inc(26833) : warning 240: assigned value is never use
d (symbol "tmpobjid")
d:\UG\gamemodes\maps/mape.inc(26834) : warning 240: assigned value is never use
d (symbol "tmpobjid")
d:\UG\gamemodes\maps/mape.inc(26835) : warning 240: assigned value is never use
d (symbol "tmpobjid")
d:\UG\gamemodes\maps/mape.inc(26836) : warning 240: assigned value is never use
d (symbol "tmpobjid")
d:\UG\gamemodes\maps/mape.inc(26837) : warning 240: assigned value is never use
d (symbol "tmpobjid")
d:\UG\gamemodes\maps/mape.inc(26838) : warning 240: assigned value is never use
d (symbol "tmpobjid")
d:\UG\gamemodes\maps/mape.inc(26839) : warning 240: assigned value is never use
d (symbol "tmpobjid")
d:\UG\gamemodes\maps/mape.inc(26840) : warning 240: assigned value is never use
d (symbol "tmpobjid")
d:\UG\gamemodes\maps/mape.inc(26841) : warning 240: assigned value is never use
d (symbol "tmpobjid")
d:\UG\gamemodes\maps/mape.inc(26842) : warning 240: assigned value is never use
d (symbol "tmpobjid")
d:\UG\gamemodes\maps/mape.inc(26843) : warning 240: assigned value is never use
d (symbol "tmpobjid")
d:\UG\gamemodes\maps/mape.inc(26844) : warning 240: assigned value is never use
d (symbol "tmpobjid")
d:\UG\gamemodes\maps/mape.inc(26845) : warning 240: assigned value is never use
d (symbol "tmpobjid")
d:\UG\gamemodes\maps/mape.inc(26846) : warning 240: assigned value is never use
d (symbol "tmpobjid")
d:\UG\gamemodes\maps/mape.inc(26847) : warning 240: assigned value is never use
d (symbol "tmpobjid")
d:\UG\gamemodes\maps/mape.inc(26848) : warning 240: assigned value is never use
d (symbol "tmpobjid")
d:\UG\gamemodes\maps/mape.inc(26849) : warning 240: assigned value is never use
d (symbol "tmpobjid")
d:\UG\gamemodes\maps/mape.inc(26850) : warning 240: assigned value is never use
d (symbol "tmpobjid")
d:\UG\gamemodes\maps/mape.inc(26851) : warning 240: assigned value is never use
d (symbol "tmpobjid")
d:\UG\gamemodes\maps/mape.inc(26852) : warning 240: assigned value is never use
d (symbol "tmpobjid")
d:\UG\gamemodes\maps/mape.inc(26853) : warning 240: assigned value is never use
d (symbol "tmpobjid")
d:\UG\gamemodes\maps/mape.inc(26854) : warning 240: assigned value is never use
d (symbol "tmpobjid")
d:\UG\gamemodes\maps/mape.inc(26855) : warning 240: assigned value is never use
d (symbol "tmpobjid")
d:\UG\gamemodes\maps/mape.inc(26856) : warning 240: assigned value is never use
d (symbol "tmpobjid")
d:\UG\gamemodes\maps/mape.inc(26857) : warning 240: assigned value is never use
d (symbol "tmpobjid")
d:\UG\gamemodes\maps/mape.inc(26858) : warning 240: assigned value is never use
d (symbol "tmpobjid")
d:\UG\gamemodes\maps/mape.inc(26859) : warning 240: assigned value is never use
d (symbol "tmpobjid")
d:\UG\gamemodes\maps/mape.inc(26860) : warning 240: assigned value is never use
d (symbol "tmpobjid")
d:\UG\gamemodes\maps/mape.inc(26861) : warning 240: assigned value is never use
d (symbol "tmpobjid")
d:\UG\gamemodes\maps/mape.inc(26862) : warning 240: assigned value is never use
d (symbol "tmpobjid")
d:\UG\gamemodes\maps/mape.inc(26863) : warning 240: assigned value is never use
d (symbol "tmpobjid")
d:\UG\gamemodes\maps/mape.inc(26864) : warning 240: assigned value is never use
d (symbol "tmpobjid")
d:\UG\gamemodes\maps/mape.inc(26865) : warning 240: assigned value is never use
d (symbol "tmpobjid")
d:\UG\gamemodes\maps/mape.inc(26866) : warning 240: assigned value is never use
d (symbol "tmpobjid")
d:\UG\gamemodes\maps/mape.inc(27113) : warning 240: assigned value is never use
d (symbol "GranicaLsSelo")
d:\UG\gamemodes\maps/mape.inc(27114) : warning 240: assigned value is never use
d (symbol "GranicaLsSelo")
d:\UG\gamemodes\maps/mape.inc(27115) : warning 240: assigned value is never use
d (symbol "GranicaLsSelo")
d:\UG\gamemodes\maps/mape.inc(27116) : warning 240: assigned value is never use
d (symbol "GranicaLsSelo")
d:\UG\gamemodes\maps/mape.inc(27117) : warning 240: assigned value is never use
d (symbol "GranicaLsSelo")
d:\UG\gamemodes\maps/mape.inc(27118) : warning 240: assigned value is never use
d (symbol "GranicaLsSelo")
d:\UG\gamemodes\maps/mape.inc(27119) : warning 240: assigned value is never use
d (symbol "GranicaLsSelo")
d:\UG\gamemodes\maps/mape.inc(27120) : warning 240: assigned value is never use
d (symbol "GranicaLsSelo")
d:\UG\gamemodes\maps/mape.inc(27121) : warning 240: assigned value is never use
d (symbol "GranicaLsSelo")
d:\UG\gamemodes\maps/mape.inc(27302) : warning 240: assigned value is never use
d (symbol "GranicaLsSa")
d:\UG\gamemodes\maps/mape.inc(27303) : warning 240: assigned value is never use
d (symbol "GranicaLsSa")
d:\UG\gamemodes\maps/mape.inc(27304) : warning 240: assigned value is never use
d (symbol "GranicaLsSa")
d:\UG\gamemodes\maps/mape.inc(27305) : warning 240: assigned value is never use
d (symbol "GranicaLsSa")
d:\UG\gamemodes\maps/mape.inc(27306) : warning 240: assigned value is never use
d (symbol "GranicaLsSa")
d:\UG\gamemodes\maps/mape.inc(27307) : warning 240: assigned value is never use
d (symbol "GranicaLsSa")
d:\UG\gamemodes\maps/mape.inc(27308) : warning 240: assigned value is never use
d (symbol "GranicaLsSa")
d:\UG\gamemodes\maps/mape.inc(27309) : warning 240: assigned value is never use
d (symbol "GranicaLsSa")
d:\UG\gamemodes\maps/mape.inc(27310) : warning 240: assigned value is never use
d (symbol "GranicaLsSa")
d:\UG\gamemodes\maps/mape.inc(27311) : warning 240: assigned value is never use
d (symbol "GranicaLsSa")
d:\UG\gamemodes\maps/mape.inc(27312) : warning 240: assigned value is never use
d (symbol "GranicaLsSa")
d:\UG\gamemodes\maps/mape.inc(27313) : warning 240: assigned value is never use
d (symbol "GranicaLsSa")
d:\UG\gamemodes\maps/mape.inc(27314) : warning 240: assigned value is never use
d (symbol "GranicaLsSa")
d:\UG\gamemodes\maps/mape.inc(27315) : warning 240: assigned value is never use
d (symbol "GranicaLsSa")
d:\UG\gamemodes\maps/mape.inc(27316) : warning 240: assigned value is never use
d (symbol "GranicaLsSa")
d:\UG\gamemodes\maps/mape.inc(27317) : warning 240: assigned value is never use
d (symbol "GranicaLsSa")
d:\UG\gamemodes\maps/mape.inc(27318) : warning 240: assigned value is never use
d (symbol "GranicaLsSa")
d:\UG\gamemodes\maps/mape.inc(27319) : warning 240: assigned value is never use
d (symbol "GranicaLsSa")
d:\UG\gamemodes\maps/mape.inc(27320) : warning 240: assigned value is never use
d (symbol "GranicaLsSa")
d:\UG\gamemodes\maps/mape.inc(27321) : warning 240: assigned value is never use
d (symbol "GranicaLsSa")
d:\UG\gamemodes\maps/mape.inc(27322) : warning 240: assigned value is never use
d (symbol "GranicaLsSa")
d:\UG\gamemodes\maps/mape.inc(27323) : warning 240: assigned value is never use
d (symbol "GranicaLsSa")
d:\UG\gamemodes\maps/mape.inc(27324) : warning 240: assigned value is never use
d (symbol "GranicaLsSa")
d:\UG\gamemodes\maps/mape.inc(27325) : warning 240: assigned value is never use
d (symbol "GranicaLsSa")
d:\UG\gamemodes\maps/mape.inc(27326) : warning 240: assigned value is never use
d (symbol "GranicaLsSa")
d:\UG\gamemodes\maps/mape.inc(27327) : warning 240: assigned value is never use
d (symbol "GranicaLsSa")
d:\UG\gamemodes\maps/mape.inc(27328) : warning 240: assigned value is never use
d (symbol "GranicaLsSa")
d:\UG\gamemodes\maps/mape.inc(27329) : warning 240: assigned value is never use
d (symbol "GranicaLsSa")
d:\UG\gamemodes\maps/mape.inc(27330) : warning 240: assigned value is never use
d (symbol "GranicaLsSa")
d:\UG\gamemodes\maps/mape.inc(27331) : warning 240: assigned value is never use
d (symbol "GranicaLsSa")
d:\UG\gamemodes\maps/mape.inc(27332) : warning 240: assigned value is never use
d (symbol "GranicaLsSa")
d:\UG\gamemodes\maps/mape.inc(26867) : warning 240: assigned value is never use
d (symbol "tmpobjid")
d:\UG\gamemodes\maps/mape.inc(27435) : warning 240: assigned value is never use
d (symbol "tmpobjid")
d:\UG\gamemodes\maps/mape.inc(27436) : warning 240: assigned value is never use
d (symbol "tmpobjid")
d:\UG\gamemodes\maps/mape.inc(27437) : warning 240: assigned value is never use
d (symbol "tmpobjid")
d:\UG\gamemodes\maps/mape.inc(27438) : warning 240: assigned value is never use
d (symbol "tmpobjid")
d:\UG\gamemodes\maps/mape.inc(27439) : warning 240: assigned value is never use
d (symbol "tmpobjid")
d:\UG\gamemodes\maps/mape.inc(27440) : warning 240: assigned value is never use
d (symbol "tmpobjid")
d:\UG\gamemodes\maps/mape.inc(27441) : warning 240: assigned value is never use
d (symbol "tmpobjid")
d:\UG\gamemodes\maps/mape.inc(27442) : warning 240: assigned value is never use
d (symbol "tmpobjid")
d:\UG\gamemodes\maps/mape.inc(27443) : warning 240: assigned value is never use
d (symbol "tmpobjid")
d:\UG\gamemodes\maps/mape.inc(27444) : warning 240: assigned value is never use
d (symbol "tmpobjid")
d:\UG\gamemodes\maps/mape.inc(27445) : warning 240: assigned value is never use
d (symbol "tmpobjid")
d:\UG\gamemodes\maps/mape.inc(27446) : warning 240: assigned value is never use
d (symbol "tmpobjid")
d:\UG\gamemodes\maps/mape.inc(27447) : warning 240: assigned value is never use
d (symbol "tmpobjid")
d:\UG\gamemodes\maps/mape.inc(27448) : warning 240: assigned value is never use
d (symbol "tmpobjid")
d:\UG\gamemodes\maps/mape.inc(27449) : warning 240: assigned value is never use
d (symbol "tmpobjid")
d:\UG\gamemodes\maps/mape.inc(27450) : warning 240: assigned value is never use
d (symbol "tmpobjid")
d:\UG\gamemodes\maps/mape.inc(27451) : warning 240: assigned value is never use
d (symbol "tmpobjid")
d:\UG\gamemodes\maps/mape.inc(27452) : warning 240: assigned value is never use
d (symbol "tmpobjid")
d:\UG\gamemodes\maps/mape.inc(27453) : warning 240: assigned value is never use
d (symbol "tmpobjid")
d:\UG\gamemodes\maps/mape.inc(27454) : warning 240: assigned value is never use
d (symbol "tmpobjid")
d:\UG\gamemodes\maps/mape.inc(27455) : warning 240: assigned value is never use
d (symbol "tmpobjid")
d:\UG\gamemodes\maps/mape.inc(27456) : warning 240: assigned value is never use
d (symbol "tmpobjid")
d:\UG\gamemodes\maps/mape.inc(27457) : warning 240: assigned value is never use
d (symbol "tmpobjid")
d:\UG\gamemodes\maps/mape.inc(28011) : warning 240: assigned value is never use
d (symbol "tmpobjid")
d:\UG\gamemodes\maps/mape.inc(28012) : warning 240: assigned value is never use
d (symbol "tmpobjid")
d:\UG\gamemodes\maps/mape.inc(28013) : warning 240: assigned value is never use
d (symbol "tmpobjid")
d:\UG\gamemodes\maps/mape.inc(28014) : warning 240: assigned value is never use
d (symbol "tmpobjid")
d:\UG\gamemodes\maps/mape.inc(28015) : warning 240: assigned value is never use
d (symbol "tmpobjid")
d:\UG\gamemodes\maps/mape.inc(28016) : warning 240: assigned value is never use
d (symbol "tmpobjid")
d:\UG\gamemodes\maps/mape.inc(28017) : warning 240: assigned value is never use
d (symbol "tmpobjid")
d:\UG\gamemodes\maps/mape.inc(28018) : warning 240: assigned value is never use
d (symbol "tmpobjid")
d:\UG\gamemodes\maps/mape.inc(28019) : warning 240: assigned value is never use
d (symbol "tmpobjid")
d:\UG\gamemodes\maps/mape.inc(28020) : warning 240: assigned value is never use
d (symbol "tmpobjid")
d:\UG\gamemodes\maps/mape.inc(28021) : warning 240: assigned value is never use
d (symbol "tmpobjid")
d:\UG\gamemodes\maps/mape.inc(28022) : warning 240: assigned value is never use
d (symbol "tmpobjid")
d:\UG\gamemodes\maps/mape.inc(28023) : warning 240: assigned value is never use
d (symbol "tmpobjid")
d:\UG\gamemodes\maps/mape.inc(28024) : warning 240: assigned value is never use
d (symbol "tmpobjid")
d:\UG\gamemodes\maps/mape.inc(28025) : warning 240: assigned value is never use
d (symbol "tmpobjid")
d:\UG\gamemodes\maps/mape.inc(28026) : warning 240: assigned value is never use
d (symbol "tmpobjid")
d:\UG\gamemodes\maps/mape.inc(28027) : warning 240: assigned value is never use
d (symbol "tmpobjid")
d:\UG\gamemodes\maps/mape.inc(28028) : warning 240: assigned value is never use
d (symbol "tmpobjid")
d:\UG\gamemodes\maps/mape.inc(28029) : warning 240: assigned value is never use
d (symbol "tmpobjid")
d:\UG\gamemodes\maps/mape.inc(28030) : warning 240: assigned value is never use
d (symbol "tmpobjid")
d:\UG\gamemodes\maps/mape.inc(28031) : warning 240: assigned value is never use
d (symbol "tmpobjid")
d:\UG\gamemodes\maps/mape.inc(28032) : warning 240: assigned value is never use
d (symbol "tmpobjid")
d:\UG\gamemodes\maps/mape.inc(28033) : warning 240: assigned value is never use
d (symbol "tmpobjid")
d:\UG\gamemodes\maps/mape.inc(28034) : warning 240: assigned value is never use
d (symbol "tmpobjid")
d:\UG\gamemodes\maps/mape.inc(28035) : warning 240: assigned value is never use
d (symbol "tmpobjid")
d:\UG\gamemodes\maps/mape.inc(28036) : warning 240: assigned value is never use
d (symbol "tmpobjid")
d:\UG\gamemodes\maps/mape.inc(28037) : warning 240: assigned value is never use
d (symbol "tmpobjid")
d:\UG\gamemodes\maps/mape.inc(28038) : warning 240: assigned value is never use
d (symbol "tmpobjid")
d:\UG\gamemodes\maps/mape.inc(28039) : warning 240: assigned value is never use
d (symbol "tmpobjid")
d:\UG\gamemodes\maps/mape.inc(28040) : warning 240: assigned value is never use
d (symbol "tmpobjid")
d:\UG\gamemodes\maps/mape.inc(28041) : warning 240: assigned value is never use
d (symbol "tmpobjid")
d:\UG\gamemodes\maps/mape.inc(28042) : warning 240: assigned value is never use
d (symbol "tmpobjid")
d:\UG\gamemodes\maps/mape.inc(28043) : warning 240: assigned value is never use
d (symbol "tmpobjid")
d:\UG\gamemodes\maps/mape.inc(28044) : warning 240: assigned value is never use
d (symbol "tmpobjid")
d:\UG\gamemodes\maps/mape.inc(28045) : warning 240: assigned value is never use
d (symbol "tmpobjid")
d:\UG\gamemodes\maps/mape.inc(28046) : warning 240: assigned value is never use
d (symbol "tmpobjid")
d:\UG\gamemodes\maps/mape.inc(28047) : warning 240: assigned value is never use
d (symbol "tmpobjid")
d:\UG\gamemodes\maps/mape.inc(28048) : warning 240: assigned value is never use
d (symbol "tmpobjid")
d:\UG\gamemodes\maps/mape.inc(28049) : warning 240: assigned value is never use
d (symbol "tmpobjid")
d:\UG\gamemodes\maps/mape.inc(28050) : warning 240: assigned value is never use
d (symbol "tmpobjid")
d:\UG\gamemodes\maps/mape.inc(28051) : warning 240: assigned value is never use
d (symbol "tmpobjid")
d:\UG\gamemodes\maps/mape.inc(28052) : warning 240: assigned value is never use
d (symbol "tmpobjid")
d:\UG\gamemodes\maps/mape.inc(28053) : warning 240: assigned value is never use
d (symbol "tmpobjid")
d:\UG\gamemodes\maps/mape.inc(28054) : warning 240: assigned value is never use
d (symbol "tmpobjid")
d:\UG\gamemodes\maps/mape.inc(28055) : warning 240: assigned value is never use
d (symbol "tmpobjid")
d:\UG\gamemodes\maps/mape.inc(28056) : warning 240: assigned value is never use
d (symbol "tmpobjid")
d:\UG\gamemodes\maps/mape.inc(28057) : warning 240: assigned value is never use
d (symbol "tmpobjid")
d:\UG\gamemodes\maps/mape.inc(28058) : warning 240: assigned value is never use
d (symbol "tmpobjid")
d:\UG\gamemodes\maps/mape.inc(28059) : warning 240: assigned value is never use
d (symbol "tmpobjid")
d:\UG\gamemodes\maps/mape.inc(28060) : warning 240: assigned value is never use
d (symbol "tmpobjid")
d:\UG\gamemodes\maps/mape.inc(28061) : warning 240: assigned value is never use
d (symbol "tmpobjid")
d:\UG\gamemodes\maps/mape.inc(28062) : warning 240: assigned value is never use
d (symbol "tmpobjid")
d:\UG\gamemodes\maps/mape.inc(28063) : warning 240: assigned value is never use
d (symbol "tmpobjid")
d:\UG\gamemodes\maps/mape.inc(28064) : warning 240: assigned value is never use
d (symbol "tmpobjid")
d:\UG\gamemodes\maps/mape.inc(28065) : warning 240: assigned value is never use
d (symbol "tmpobjid")
d:\UG\gamemodes\maps/mape.inc(28066) : warning 240: assigned value is never use
d (symbol "tmpobjid")
d:\UG\gamemodes\maps/mape.inc(28067) : warning 240: assigned value is never use
d (symbol "tmpobjid")
d:\UG\gamemodes\maps/mape.inc(28068) : warning 240: assigned value is never use
d (symbol "tmpobjid")
d:\UG\gamemodes\maps/mape.inc(28069) : warning 240: assigned value is never use
d (symbol "tmpobjid")
d:\UG\gamemodes\maps/mape.inc(28070) : warning 240: assigned value is never use
d (symbol "tmpobjid")
d:\UG\gamemodes\maps/mape.inc(28071) : warning 240: assigned value is never use
d (symbol "tmpobjid")
d:\UG\gamemodes\maps/mape.inc(28072) : warning 240: assigned value is never use
d (symbol "tmpobjid")
d:\UG\gamemodes\maps/mape.inc(28073) : warning 240: assigned value is never use
d (symbol "tmpobjid")
d:\UG\gamemodes\maps/mape.inc(28074) : warning 240: assigned value is never use
d (symbol "tmpobjid")
d:\UG\gamemodes\maps/mape.inc(28075) : warning 240: assigned value is never use
d (symbol "tmpobjid")
d:\UG\gamemodes\maps/mape.inc(28076) : warning 240: assigned value is never use
d (symbol "tmpobjid")
d:\UG\gamemodes\maps/mape.inc(28077) : warning 240: assigned value is never use
d (symbol "tmpobjid")
d:\UG\gamemodes\maps/mape.inc(28078) : warning 240: assigned value is never use
d (symbol "tmpobjid")
d:\UG\gamemodes\maps/mape.inc(28079) : warning 240: assigned value is never use
d (symbol "tmpobjid")
d:\UG\gamemodes\maps/mape.inc(28080) : warning 240: assigned value is never use
d (symbol "tmpobjid")
d:\UG\gamemodes\maps/mape.inc(28081) : warning 240: assigned value is never use
d (symbol "tmpobjid")
d:\UG\gamemodes\maps/mape.inc(28082) : warning 240: assigned value is never use
d (symbol "tmpobjid")
d:\UG\gamemodes\maps/mape.inc(28083) : warning 240: assigned value is never use
d (symbol "tmpobjid")
d:\UG\gamemodes\maps/mape.inc(28084) : warning 240: assigned value is never use
d (symbol "tmpobjid")
d:\UG\gamemodes\maps/mape.inc(28085) : warning 240: assigned value is never use
d (symbol "tmpobjid")
d:\UG\gamemodes\maps/mape.inc(28086) : warning 240: assigned value is never use
d (symbol "tmpobjid")
d:\UG\gamemodes\maps/mape.inc(28087) : warning 240: assigned value is never use
d (symbol "tmpobjid")
d:\UG\gamemodes\maps/mape.inc(28088) : warning 240: assigned value is never use
d (symbol "tmpobjid")
d:\UG\gamemodes\maps/mape.inc(28089) : warning 240: assigned value is never use
d (symbol "tmpobjid")
d:\UG\gamemodes\maps/mape.inc(28090) : warning 240: assigned value is never use
d (symbol "tmpobjid")
d:\UG\gamemodes\maps/mape.inc(28091) : warning 240: assigned value is never use
d (symbol "tmpobjid")
d:\UG\gamemodes\maps/mape.inc(28092) : warning 240: assigned value is never use
d (symbol "tmpobjid")
d:\UG\gamemodes\maps/mape.inc(28103) : warning 240: assigned value is never use
d (symbol "tmpobjid")
d:\UG\gamemodes\maps/mape.inc(28104) : warning 240: assigned value is never use
d (symbol "tmpobjid")
d:\UG\gamemodes\maps/mape.inc(28198) : warning 240: assigned value is never use
d (symbol "tmpobjid")
d:\UG\gamemodes\maps/mape.inc(28199) : warning 240: assigned value is never use
d (symbol "tmpobjid")
d:\UG\gamemodes\maps/mape.inc(28926) : warning 240: assigned value is never use
d (symbol "tmpobjid")
d:\UG\gamemodes\maps/mape.inc(28927) : warning 240: assigned value is never use
d (symbol "tmpobjid")
d:\UG\gamemodes\maps/mape.inc(28928) : warning 240: assigned value is never use
d (symbol "tmpobjid")
d:\UG\gamemodes\maps/mape.inc(28929) : warning 240: assigned value is never use
d (symbol "tmpobjid")
d:\UG\gamemodes\maps/mape.inc(28930) : warning 240: assigned value is never use
d (symbol "tmpobjid")
d:\UG\gamemodes\maps/mape.inc(28931) : warning 240: assigned value is never use
d (symbol "tmpobjid")
d:\UG\gamemodes\maps/mape.inc(28932) : warning 240: assigned value is never use
d (symbol "tmpobjid")
d:\UG\gamemodes\maps/mape.inc(28933) : warning 240: assigned value is never use
d (symbol "tmpobjid")
d:\UG\gamemodes\maps/mape.inc(28934) : warning 240: assigned value is never use
d (symbol "tmpobjid")
d:\UG\gamemodes\maps/mape.inc(28935) : warning 240: assigned value is never use
d (symbol "tmpobjid")
d:\UG\gamemodes\maps/mape.inc(28936) : warning 240: assigned value is never use
d (symbol "tmpobjid")
d:\UG\gamemodes\maps/mape.inc(28937) : warning 240: assigned value is never use
d (symbol "tmpobjid")
d:\UG\gamemodes\maps/mape.inc(28938) : warning 240: assigned value is never use
d (symbol "tmpobjid")
d:\UG\gamemodes\maps/mape.inc(28939) : warning 240: assigned value is never use
d (symbol "tmpobjid")
d:\UG\gamemodes\maps/mape.inc(28940) : warning 240: assigned value is never use
d (symbol "tmpobjid")
d:\UG\gamemodes\maps/mape.inc(28941) : warning 240: assigned value is never use
d (symbol "tmpobjid")
d:\UG\gamemodes\maps/mape.inc(28942) : warning 240: assigned value is never use
d (symbol "tmpobjid")
d:\UG\gamemodes\maps/mape.inc(28943) : warning 240: assigned value is never use
d (symbol "tmpobjid")
d:\UG\gamemodes\maps/mape.inc(28944) : warning 240: assigned value is never use
d (symbol "tmpobjid")
d:\UG\gamemodes\maps/mape.inc(28945) : warning 240: assigned value is never use
d (symbol "tmpobjid")
d:\UG\gamemodes\maps/mape.inc(28946) : warning 240: assigned value is never use
d (symbol "tmpobjid")
d:\UG\gamemodes\maps/mape.inc(28947) : warning 240: assigned value is never use
d (symbol "tmpobjid")
d:\UG\gamemodes\maps/mape.inc(28948) : warning 240: assigned value is never use
d (symbol "tmpobjid")
d:\UG\gamemodes\maps/mape.inc(28949) : warning 240: assigned value is never use
d (symbol "tmpobjid")
d:\UG\gamemodes\maps/mape.inc(28950) : warning 240: assigned value is never use
d (symbol "tmpobjid")
d:\UG\gamemodes\maps/mape.inc(28951) : warning 240: assigned value is never use
d (symbol "tmpobjid")
d:\UG\gamemodes\maps/mape.inc(28952) : warning 240: assigned value is never use
d (symbol "tmpobjid")
d:\UG\gamemodes\maps/mape.inc(28953) : warning 240: assigned value is never use
d (symbol "tmpobjid")
d:\UG\gamemodes\maps/mape.inc(28954) : warning 240: assigned value is never use
d (symbol "tmpobjid")
d:\UG\gamemodes\maps/mape.inc(28955) : warning 240: assigned value is never use
d (symbol "tmpobjid")
d:\UG\gamemodes\maps/mape.inc(28956) : warning 240: assigned value is never use
d (symbol "tmpobjid")
d:\UG\gamemodes\maps/mape.inc(28957) : warning 240: assigned value is never use
d (symbol "tmpobjid")
d:\UG\gamemodes\maps/mape.inc(28958) : warning 240: assigned value is never use
d (symbol "tmpobjid")
d:\UG\gamemodes\maps/mape.inc(28959) : warning 240: assigned value is never use
d (symbol "tmpobjid")
d:\UG\gamemodes\maps/mape.inc(28960) : warning 240: assigned value is never use
d (symbol "tmpobjid")
d:\UG\gamemodes\maps/mape.inc(28961) : warning 240: assigned value is never use
d (symbol "tmpobjid")
d:\UG\gamemodes\maps/mape.inc(28962) : warning 240: assigned value is never use
d (symbol "tmpobjid")
d:\UG\gamemodes\maps/mape.inc(28963) : warning 240: assigned value is never use
d (symbol "tmpobjid")
d:\UG\gamemodes\maps/mape.inc(28964) : warning 240: assigned value is never use
d (symbol "tmpobjid")
d:\UG\gamemodes\maps/mape.inc(28965) : warning 240: assigned value is never use
d (symbol "tmpobjid")
d:\UG\gamemodes\maps/mape.inc(28966) : warning 240: assigned value is never use
d (symbol "tmpobjid")
d:\UG\gamemodes\maps/mape.inc(28967) : warning 240: assigned value is never use
d (symbol "tmpobjid")
d:\UG\gamemodes\maps/mape.inc(28968) : warning 240: assigned value is never use
d (symbol "tmpobjid")
d:\UG\gamemodes\maps/mape.inc(28969) : warning 240: assigned value is never use
d (symbol "tmpobjid")
d:\UG\gamemodes\maps/mape.inc(28970) : warning 240: assigned value is never use
d (symbol "tmpobjid")
d:\UG\gamemodes\maps/mape.inc(28971) : warning 240: assigned value is never use
d (symbol "tmpobjid")
d:\UG\gamemodes\maps/mape.inc(28972) : warning 240: assigned value is never use
d (symbol "tmpobjid")
d:\UG\gamemodes\maps/mape.inc(28973) : warning 240: assigned value is never use
d (symbol "tmpobjid")
d:\UG\gamemodes\maps/mape.inc(28974) : warning 240: assigned value is never use
d (symbol "tmpobjid")
d:\UG\gamemodes\maps/mape.inc(28975) : warning 240: assigned value is never use
d (symbol "tmpobjid")
d:\UG\gamemodes\maps/mape.inc(28976) : warning 240: assigned value is never use
d (symbol "tmpobjid")
d:\UG\gamemodes\maps/mape.inc(28977) : warning 240: assigned value is never use
d (symbol "tmpobjid")
d:\UG\gamemodes\maps/mape.inc(28978) : warning 240: assigned value is never use
d (symbol "tmpobjid")
d:\UG\gamemodes\maps/mape.inc(28979) : warning 240: assigned value is never use
d (symbol "tmpobjid")
d:\UG\gamemodes\maps/mape.inc(28980) : warning 240: assigned value is never use
d (symbol "tmpobjid")
d:\UG\gamemodes\maps/mape.inc(28981) : warning 240: assigned value is never use
d (symbol "tmpobjid")
d:\UG\gamemodes\maps/mape.inc(28982) : warning 240: assigned value is never use
d (symbol "tmpobjid")
d:\UG\gamemodes\maps/mape.inc(28983) : warning 240: assigned value is never use
d (symbol "tmpobjid")
d:\UG\gamemodes\maps/mape.inc(28984) : warning 240: assigned value is never use
d (symbol "tmpobjid")
d:\UG\gamemodes\maps/mape.inc(28985) : warning 240: assigned value is never use
d (symbol "tmpobjid")
d:\UG\gamemodes\maps/mape.inc(28986) : warning 240: assigned value is never use
d (symbol "tmpobjid")
d:\UG\gamemodes\maps/mape.inc(28987) : warning 240: assigned value is never use
d (symbol "tmpobjid")
d:\UG\gamemodes\maps/mape.inc(28988) : warning 240: assigned value is never use
d (symbol "tmpobjid")
d:\UG\gamemodes\maps/mape.inc(28989) : warning 240: assigned value is never use
d (symbol "tmpobjid")
d:\UG\gamemodes\maps/mape.inc(28990) : warning 240: assigned value is never use
d (symbol "tmpobjid")
d:\UG\gamemodes\maps/mape.inc(28991) : warning 240: assigned value is never use
d (symbol "tmpobjid")
d:\UG\gamemodes\maps/mape.inc(28992) : warning 240: assigned value is never use
d (symbol "tmpobjid")
d:\UG\gamemodes\maps/mape.inc(28993) : warning 240: assigned value is never use
d (symbol "tmpobjid")
d:\UG\gamemodes\maps/mape.inc(28994) : warning 240: assigned value is never use
d (symbol "tmpobjid")
d:\UG\gamemodes\maps/mape.inc(28995) : warning 240: assigned value is never use
d (symbol "tmpobjid")
d:\UG\gamemodes\maps/mape.inc(28996) : warning 240: assigned value is never use
d (symbol "tmpobjid")
d:\UG\gamemodes\maps/mape.inc(28997) : warning 240: assigned value is never use
d (symbol "tmpobjid")
d:\UG\gamemodes\maps/mape.inc(28998) : warning 240: assigned value is never use
d (symbol "tmpobjid")
d:\UG\gamemodes\maps/mape.inc(28999) : warning 240: assigned value is never use
d (symbol "tmpobjid")
d:\UG\gamemodes\maps/mape.inc(29000) : warning 240: assigned value is never use
d (symbol "tmpobjid")
d:\UG\gamemodes\maps/mape.inc(29001) : warning 240: assigned value is never use
d (symbol "tmpobjid")
d:\UG\gamemodes\maps/mape.inc(29002) : warning 240: assigned value is never use
d (symbol "tmpobjid")
d:\UG\gamemodes\maps/mape.inc(29003) : warning 240: assigned value is never use
d (symbol "tmpobjid")
d:\UG\gamemodes\maps/mape.inc(29004) : warning 240: assigned value is never use
d (symbol "tmpobjid")
d:\UG\gamemodes\maps/mape.inc(29005) : warning 240: assigned value is never use
d (symbol "tmpobjid")
d:\UG\gamemodes\maps/mape.inc(29006) : warning 240: assigned value is never use
d (symbol "tmpobjid")
d:\UG\gamemodes\maps/mape.inc(29007) : warning 240: assigned value is never use
d (symbol "tmpobjid")
d:\UG\gamemodes\maps/mape.inc(29008) : warning 240: assigned value is never use
d (symbol "tmpobjid")
d:\UG\gamemodes\maps/mape.inc(29009) : warning 240: assigned value is never use
d (symbol "tmpobjid")
d:\UG\gamemodes\maps/mape.inc(29010) : warning 240: assigned value is never use
d (symbol "tmpobjid")
d:\UG\gamemodes\maps/mape.inc(29011) : warning 240: assigned value is never use
d (symbol "tmpobjid")
d:\UG\gamemodes\maps/mape.inc(29012) : warning 240: assigned value is never use
d (symbol "tmpobjid")
d:\UG\gamemodes\maps/mape.inc(29013) : warning 240: assigned value is never use
d (symbol "tmpobjid")
d:\UG\gamemodes\maps/mape.inc(29014) : warning 240: assigned value is never use
d (symbol "tmpobjid")
d:\UG\gamemodes\maps/mape.inc(29015) : warning 240: assigned value is never use
d (symbol "tmpobjid")
d:\UG\gamemodes\maps/mape.inc(29016) : warning 240: assigned value is never use
d (symbol "tmpobjid")
d:\UG\gamemodes\maps/mape.inc(29017) : warning 240: assigned value is never use
d (symbol "tmpobjid")
d:\UG\gamemodes\maps/mape.inc(29018) : warning 240: assigned value is never use
d (symbol "tmpobjid")
d:\UG\gamemodes\maps/mape.inc(29019) : warning 240: assigned value is never use
d (symbol "tmpobjid")
d:\UG\gamemodes\maps/mape.inc(29020) : warning 240: assigned value is never use
d (symbol "tmpobjid")
d:\UG\gamemodes\maps/mape.inc(29021) : warning 240: assigned value is never use
d (symbol "tmpobjid")
d:\UG\gamemodes\maps/mape.inc(29022) : warning 240: assigned value is never use
d (symbol "tmpobjid")
d:\UG\gamemodes\maps/mape.inc(29023) : warning 240: assigned value is never use
d (symbol "tmpobjid")
d:\UG\gamemodes\maps/mape.inc(29024) : warning 240: assigned value is never use
d (symbol "tmpobjid")
d:\UG\gamemodes\maps/mape.inc(29025) : warning 240: assigned value is never use
d (symbol "tmpobjid")
d:\UG\gamemodes\maps/mape.inc(29026) : warning 240: assigned value is never use
d (symbol "tmpobjid")
d:\UG\gamemodes\maps/mape.inc(29027) : warning 240: assigned value is never use
d (symbol "tmpobjid")
d:\UG\gamemodes\maps/mape.inc(29028) : warning 240: assigned value is never use
d (symbol "tmpobjid")
d:\UG\gamemodes\maps/mape.inc(29029) : warning 240: assigned value is never use
d (symbol "tmpobjid")
d:\UG\gamemodes\maps/mape.inc(29030) : warning 240: assigned value is never use
d (symbol "tmpobjid")
d:\UG\gamemodes\maps/mape.inc(29031) : warning 240: assigned value is never use
d (symbol "tmpobjid")
d:\UG\gamemodes\maps/mape.inc(29032) : warning 240: assigned value is never use
d (symbol "tmpobjid")
d:\UG\gamemodes\maps/mape.inc(29033) : warning 240: assigned value is never use
d (symbol "tmpobjid")
d:\UG\gamemodes\maps/mape.inc(29034) : warning 240: assigned value is never use
d (symbol "tmpobjid")
d:\UG\gamemodes\maps/mape.inc(29035) : warning 240: assigned value is never use
d (symbol "tmpobjid")
d:\UG\gamemodes\maps/mape.inc(29036) : warning 240: assigned value is never use
d (symbol "tmpobjid")
d:\UG\gamemodes\maps/mape.inc(29037) : warning 240: assigned value is never use
d (symbol "tmpobjid")
d:\UG\gamemodes\maps/mape.inc(29038) : warning 240: assigned value is never use
d (symbol "tmpobjid")
d:\UG\gamemodes\maps/mape.inc(29039) : warning 240: assigned value is never use
d (symbol "tmpobjid")
d:\UG\gamemodes\maps/mape.inc(29040) : warning 240: assigned value is never use
d (symbol "tmpobjid")
d:\UG\gamemodes\maps/mape.inc(29041) : warning 240: assigned value is never use
d (symbol "tmpobjid")
d:\UG\gamemodes\maps/mape.inc(29042) : warning 240: assigned value is never use
d (symbol "tmpobjid")
d:\UG\gamemodes\maps/mape.inc(29043) : warning 240: assigned value is never use
d (symbol "tmpobjid")
d:\UG\gamemodes\maps/mape.inc(29044) : warning 240: assigned value is never use
d (symbol "tmpobjid")
d:\UG\gamemodes\maps/mape.inc(29045) : warning 240: assigned value is never use
d (symbol "tmpobjid")
d:\UG\gamemodes\maps/mape.inc(29046) : warning 240: assigned value is never use
d (symbol "tmpobjid")
d:\UG\gamemodes\maps/mape.inc(29047) : warning 240: assigned value is never use
d (symbol "tmpobjid")
d:\UG\gamemodes\maps/mape.inc(29048) : warning 240: assigned value is never use
d (symbol "tmpobjid")
d:\UG\gamemodes\maps/mape.inc(29249) : warning 240: assigned value is never use
d (symbol "tmpobjid")
d:\UG\gamemodes\maps/mape.inc(29250) : warning 240: assigned value is never use
d (symbol "tmpobjid")
d:\UG\gamemodes\maps/mape.inc(29251) : warning 240: assigned value is never use
d (symbol "tmpobjid")
d:\UG\gamemodes\maps/mape.inc(29252) : warning 240: assigned value is never use
d (symbol "tmpobjid")
d:\UG\gamemodes\maps/mape.inc(29253) : warning 240: assigned value is never use
d (symbol "tmpobjid")
d:\UG\gamemodes\maps/mape.inc(29254) : warning 240: assigned value is never use
d (symbol "tmpobjid")
d:\UG\gamemodes\maps/mape.inc(29255) : warning 240: assigned value is never use
d (symbol "tmpobjid")
d:\UG\gamemodes\maps/mape.inc(29256) : warning 240: assigned value is never use
d (symbol "tmpobjid")
d:\UG\gamemodes\maps/mape.inc(29257) : warning 240: assigned value is never use
d (symbol "tmpobjid")
d:\UG\gamemodes\maps/mape.inc(29258) : warning 240: assigned value is never use
d (symbol "tmpobjid")
d:\UG\gamemodes\maps/mape.inc(29259) : warning 240: assigned value is never use
d (symbol "tmpobjid")
d:\UG\gamemodes\maps/mape.inc(29260) : warning 240: assigned value is never use
d (symbol "tmpobjid")
d:\UG\gamemodes\maps/mape.inc(29261) : warning 240: assigned value is never use
d (symbol "tmpobjid")
d:\UG\gamemodes\maps/mape.inc(29262) : warning 240: assigned value is never use
d (symbol "tmpobjid")
d:\UG\gamemodes\maps/mape.inc(29263) : warning 240: assigned value is never use
d (symbol "tmpobjid")
d:\UG\gamemodes\maps/mape.inc(29264) : warning 240: assigned value is never use
d (symbol "tmpobjid")
d:\UG\gamemodes\maps/mape.inc(29265) : warning 240: assigned value is never use
d (symbol "tmpobjid")
d:\UG\gamemodes\maps/mape.inc(29266) : warning 240: assigned value is never use
d (symbol "tmpobjid")
d:\UG\gamemodes\maps/mape.inc(29267) : warning 240: assigned value is never use
d (symbol "tmpobjid")
d:\UG\gamemodes\maps/mape.inc(29268) : warning 240: assigned value is never use
d (symbol "tmpobjid")
d:\UG\gamemodes\maps/mape.inc(29269) : warning 240: assigned value is never use
d (symbol "tmpobjid")
d:\UG\gamemodes\maps/mape.inc(29270) : warning 240: assigned value is never use
d (symbol "tmpobjid")
d:\UG\gamemodes\maps/mape.inc(29271) : warning 240: assigned value is never use
d (symbol "tmpobjid")
d:\UG\gamemodes\maps/mape.inc(29272) : warning 240: assigned value is never use
d (symbol "tmpobjid")
d:\UG\gamemodes\maps/mape.inc(29273) : warning 240: assigned value is never use
d (symbol "tmpobjid")
d:\UG\gamemodes\maps/mape.inc(29274) : warning 240: assigned value is never use
d (symbol "tmpobjid")
d:\UG\gamemodes\maps/mape.inc(29275) : warning 240: assigned value is never use
d (symbol "tmpobjid")
d:\UG\gamemodes\maps/mape.inc(29276) : warning 240: assigned value is never use
d (symbol "tmpobjid")
d:\UG\gamemodes\maps/mape.inc(29277) : warning 240: assigned value is never use
d (symbol "tmpobjid")
d:\UG\gamemodes\maps/mape.inc(29278) : warning 240: assigned value is never use
d (symbol "tmpobjid")
d:\UG\gamemodes\maps/mape.inc(29279) : warning 240: assigned value is never use
d (symbol "tmpobjid")
d:\UG\gamemodes\maps/mape.inc(29280) : warning 240: assigned value is never use
d (symbol "tmpobjid")
d:\UG\gamemodes\maps/mape.inc(29281) : warning 240: assigned value is never use
d (symbol "tmpobjid")
d:\UG\gamemodes\maps/mape.inc(29282) : warning 240: assigned value is never use
d (symbol "tmpobjid")
d:\UG\gamemodes\maps/mape.inc(29283) : warning 240: assigned value is never use
d (symbol "tmpobjid")
d:\UG\gamemodes\maps/mape.inc(29284) : warning 240: assigned value is never use
d (symbol "tmpobjid")
d:\UG\gamemodes\maps/mape.inc(29285) : warning 240: assigned value is never use
d (symbol "tmpobjid")
d:\UG\gamemodes\maps/mape.inc(29286) : warning 240: assigned value is never use
d (symbol "tmpobjid")
d:\UG\gamemodes\maps/mape.inc(29287) : warning 240: assigned value is never use
d (symbol "tmpobjid")
d:\UG\gamemodes\maps/mape.inc(29288) : warning 240: assigned value is never use
d (symbol "tmpobjid")
d:\UG\gamemodes\maps/mape.inc(29289) : warning 240: assigned value is never use
d (symbol "tmpobjid")
d:\UG\gamemodes\maps/mape.inc(29290) : warning 240: assigned value is never use
d (symbol "tmpobjid")
d:\UG\gamemodes\maps/mape.inc(29291) : warning 240: assigned value is never use
d (symbol "tmpobjid")
d:\UG\gamemodes\maps/mape.inc(29292) : warning 240: assigned value is never use
d (symbol "tmpobjid")
d:\UG\gamemodes\maps/mape.inc(29293) : warning 240: assigned value is never use
d (symbol "tmpobjid")
d:\UG\gamemodes\maps/mape.inc(29294) : warning 240: assigned value is never use
d (symbol "tmpobjid")
d:\UG\gamemodes\maps/mape.inc(29295) : warning 240: assigned value is never use
d (symbol "tmpobjid")
d:\UG\gamemodes\maps/mape.inc(29296) : warning 240: assigned value is never use
d (symbol "tmpobjid")
d:\UG\gamemodes\maps/mape.inc(29297) : warning 240: assigned value is never use
d (symbol "tmpobjid")
d:\UG\gamemodes\maps/mape.inc(29298) : warning 240: assigned value is never use
d (symbol "tmpobjid")
d:\UG\gamemodes\maps/mape.inc(29299) : warning 240: assigned value is never use
d (symbol "tmpobjid")
d:\UG\gamemodes\maps/mape.inc(29300) : warning 240: assigned value is never use
d (symbol "tmpobjid")
d:\UG\gamemodes\maps/mape.inc(29301) : warning 240: assigned value is never use
d (symbol "tmpobjid")
d:\UG\gamemodes\maps/mape.inc(29302) : warning 240: assigned value is never use
d (symbol "tmpobjid")
d:\UG\gamemodes\maps/mape.inc(29303) : warning 240: assigned value is never use
d (symbol "tmpobjid")
d:\UG\gamemodes\maps/mape.inc(29304) : warning 240: assigned value is never use
d (symbol "tmpobjid")
d:\UG\gamemodes\maps/mape.inc(29305) : warning 240: assigned value is never use
d (symbol "tmpobjid")
d:\UG\gamemodes\maps/mape.inc(29306) : warning 240: assigned value is never use
d (symbol "tmpobjid")
d:\UG\gamemodes\maps/mape.inc(29307) : warning 240: assigned value is never use
d (symbol "tmpobjid")
d:\UG\gamemodes\maps/mape.inc(29308) : warning 240: assigned value is never use
d (symbol "tmpobjid")
d:\UG\gamemodes\maps/mape.inc(29309) : warning 240: assigned value is never use
d (symbol "tmpobjid")
d:\UG\gamemodes\maps/mape.inc(29310) : warning 240: assigned value is never use
d (symbol "tmpobjid")
d:\UG\gamemodes\maps/mape.inc(29311) : warning 240: assigned value is never use
d (symbol "tmpobjid")
d:\UG\gamemodes\maps/mape.inc(29312) : warning 240: assigned value is never use
d (symbol "tmpobjid")
d:\UG\gamemodes\maps/mape.inc(29313) : warning 240: assigned value is never use
d (symbol "tmpobjid")
d:\UG\gamemodes\maps/mape.inc(29314) : warning 240: assigned value is never use
d (symbol "tmpobjid")
d:\UG\gamemodes\maps/mape.inc(29315) : warning 240: assigned value is never use
d (symbol "tmpobjid")
d:\UG\gamemodes\maps/mape.inc(29316) : warning 240: assigned value is never use
d (symbol "tmpobjid")
d:\UG\gamemodes\maps/mape.inc(29317) : warning 240: assigned value is never use
d (symbol "tmpobjid")
d:\UG\gamemodes\maps/mape.inc(29318) : warning 240: assigned value is never use
d (symbol "tmpobjid")
d:\UG\gamemodes\maps/mape.inc(29319) : warning 240: assigned value is never use
d (symbol "tmpobjid")
d:\UG\gamemodes\maps/mape.inc(29320) : warning 240: assigned value is never use
d (symbol "tmpobjid")
d:\UG\gamemodes\maps/mape.inc(29321) : warning 240: assigned value is never use
d (symbol "tmpobjid")
d:\UG\gamemodes\maps/mape.inc(29322) : warning 240: assigned value is never use
d (symbol "tmpobjid")
d:\UG\gamemodes\maps/mape.inc(29323) : warning 240: assigned value is never use
d (symbol "tmpobjid")
d:\UG\gamemodes\maps/mape.inc(29324) : warning 240: assigned value is never use
d (symbol "tmpobjid")
d:\UG\gamemodes\maps/mape.inc(29325) : warning 240: assigned value is never use
d (symbol "tmpobjid")
d:\UG\gamemodes\maps/mape.inc(29326) : warning 240: assigned value is never use
d (symbol "tmpobjid")
d:\UG\gamemodes\maps/mape.inc(29327) : warning 240: assigned value is never use
d (symbol "tmpobjid")
d:\UG\gamemodes\maps/mape.inc(29328) : warning 240: assigned value is never use
d (symbol "tmpobjid")
d:\UG\gamemodes\maps/mape.inc(29329) : warning 240: assigned value is never use
d (symbol "tmpobjid")
d:\UG\gamemodes\maps/mape.inc(29330) : warning 240: assigned value is never use
d (symbol "tmpobjid")
d:\UG\gamemodes\maps/mape.inc(29331) : warning 240: assigned value is never use
d (symbol "tmpobjid")
d:\UG\gamemodes\maps/mape.inc(29332) : warning 240: assigned value is never use
d (symbol "tmpobjid")
d:\UG\gamemodes\maps/mape.inc(29333) : warning 240: assigned value is never use
d (symbol "tmpobjid")
d:\UG\gamemodes\maps/mape.inc(29334) : warning 240: assigned value is never use
d (symbol "tmpobjid")
d:\UG\gamemodes\maps/mape.inc(29335) : warning 240: assigned value is never use
d (symbol "tmpobjid")
d:\UG\gamemodes\maps/mape.inc(29955) : warning 240: assigned value is never use
d (symbol "tmpobjid")
d:\UG\gamemodes\maps/mape.inc(29956) : warning 240: assigned value is never use
d (symbol "tmpobjid")
d:\UG\gamemodes\maps/mape.inc(29957) : warning 240: assigned value is never use
d (symbol "tmpobjid")
d:\UG\gamemodes\maps/mape.inc(29958) : warning 240: assigned value is never use
d (symbol "tmpobjid")
d:\UG\gamemodes\maps/mape.inc(29959) : warning 240: assigned value is never use
d (symbol "tmpobjid")
d:\UG\gamemodes\maps/mape.inc(29960) : warning 240: assigned value is never use
d (symbol "tmpobjid")
d:\UG\gamemodes\maps/mape.inc(29961) : warning 240: assigned value is never use
d (symbol "tmpobjid")
d:\UG\gamemodes\maps/mape.inc(29962) : warning 240: assigned value is never use
d (symbol "tmpobjid")
d:\UG\gamemodes\maps/mape.inc(29963) : warning 240: assigned value is never use
d (symbol "tmpobjid")
d:\UG\gamemodes\maps/mape.inc(29964) : warning 240: assigned value is never use
d (symbol "tmpobjid")
d:\UG\gamemodes\maps/mape.inc(29965) : warning 240: assigned value is never use
d (symbol "tmpobjid")
d:\UG\gamemodes\maps/mape.inc(29966) : warning 240: assigned value is never use
d (symbol "tmpobjid")
d:\UG\gamemodes\maps/mape.inc(29967) : warning 240: assigned value is never use
d (symbol "tmpobjid")
d:\UG\gamemodes\maps/mape.inc(29968) : warning 240: assigned value is never use
d (symbol "tmpobjid")
d:\UG\gamemodes\maps/mape.inc(29969) : warning 240: assigned value is never use
d (symbol "tmpobjid")
d:\UG\gamemodes\maps/mape.inc(29970) : warning 240: assigned value is never use
d (symbol "tmpobjid")
d:\UG\gamemodes\maps/mape.inc(29971) : warning 240: assigned value is never use
d (symbol "tmpobjid")
d:\UG\gamemodes\maps/mape.inc(29972) : warning 240: assigned value is never use
d (symbol "tmpobjid")
d:\UG\gamemodes\maps/mape.inc(29973) : warning 240: assigned value is never use
d (symbol "tmpobjid")
d:\UG\gamemodes\maps/mape.inc(29974) : warning 240: assigned value is never use
d (symbol "tmpobjid")
d:\UG\gamemodes\maps/mape.inc(29975) : warning 240: assigned value is never use
d (symbol "tmpobjid")
d:\UG\gamemodes\maps/mape.inc(29976) : warning 240: assigned value is never use
d (symbol "tmpobjid")
d:\UG\gamemodes\maps/mape.inc(29977) : warning 240: assigned value is never use
d (symbol "tmpobjid")
d:\UG\gamemodes\maps/mape.inc(29978) : warning 240: assigned value is never use
d (symbol "tmpobjid")
d:\UG\gamemodes\maps/mape.inc(29979) : warning 240: assigned value is never use
d (symbol "tmpobjid")
d:\UG\gamemodes\maps/mape.inc(29980) : warning 240: assigned value is never use
d (symbol "tmpobjid")
d:\UG\gamemodes\maps/mape.inc(29981) : warning 240: assigned value is never use
d (symbol "tmpobjid")
d:\UG\gamemodes\maps/mape.inc(29982) : warning 240: assigned value is never use
d (symbol "tmpobjid")
d:\UG\gamemodes\maps/mape.inc(29983) : warning 240: assigned value is never use
d (symbol "tmpobjid")
d:\UG\gamemodes\maps/mape.inc(29984) : warning 240: assigned value is never use
d (symbol "tmpobjid")
d:\UG\gamemodes\maps/mape.inc(29985) : warning 240: assigned value is never use
d (symbol "tmpobjid")
d:\UG\gamemodes\maps/mape.inc(29986) : warning 240: assigned value is never use
d (symbol "tmpobjid")
d:\UG\gamemodes\maps/mape.inc(29987) : warning 240: assigned value is never use
d (symbol "tmpobjid")
d:\UG\gamemodes\maps/mape.inc(29988) : warning 240: assigned value is never use
d (symbol "tmpobjid")
d:\UG\gamemodes\maps/mape.inc(29989) : warning 240: assigned value is never use
d (symbol "tmpobjid")
d:\UG\gamemodes\maps/mape.inc(29990) : warning 240: assigned value is never use
d (symbol "tmpobjid")
d:\UG\gamemodes\maps/mape.inc(29991) : warning 240: assigned value is never use
d (symbol "tmpobjid")
d:\UG\gamemodes\maps/mape.inc(29992) : warning 240: assigned value is never use
d (symbol "tmpobjid")
d:\UG\gamemodes\maps/mape.inc(29993) : warning 240: assigned value is never use
d (symbol "tmpobjid")
d:\UG\gamemodes\maps/mape.inc(29994) : warning 240: assigned value is never use
d (symbol "tmpobjid")
d:\UG\gamemodes\maps/mape.inc(29995) : warning 240: assigned value is never use
d (symbol "tmpobjid")
d:\UG\gamemodes\maps/mape.inc(29996) : warning 240: assigned value is never use
d (symbol "tmpobjid")
d:\UG\gamemodes\maps/mape.inc(29997) : warning 240: assigned value is never use
d (symbol "tmpobjid")
d:\UG\gamemodes\maps/mape.inc(29998) : warning 240: assigned value is never use
d (symbol "tmpobjid")
d:\UG\gamemodes\maps/mape.inc(29999) : warning 240: assigned value is never use
d (symbol "tmpobjid")
d:\UG\gamemodes\maps/mape.inc(30000) : warning 240: assigned value is never use
d (symbol "tmpobjid")
d:\UG\gamemodes\maps/mape.inc(30001) : warning 240: assigned value is never use
d (symbol "tmpobjid")
d:\UG\gamemodes\maps/mape.inc(30002) : warning 240: assigned value is never use
d (symbol "tmpobjid")
d:\UG\gamemodes\maps/mape.inc(30003) : warning 240: assigned value is never use
d (symbol "tmpobjid")
d:\UG\gamemodes\maps/mape.inc(30004) : warning 240: assigned value is never use
d (symbol "tmpobjid")
d:\UG\gamemodes\maps/mape.inc(30005) : warning 240: assigned value is never use
d (symbol "tmpobjid")
d:\UG\gamemodes\maps/mape.inc(30006) : warning 240: assigned value is never use
d (symbol "tmpobjid")
d:\UG\gamemodes\maps/mape.inc(30007) : warning 240: assigned value is never use
d (symbol "tmpobjid")
d:\UG\gamemodes\maps/mape.inc(30008) : warning 240: assigned value is never use
d (symbol "tmpobjid")
d:\UG\gamemodes\maps/mape.inc(30009) : warning 240: assigned value is never use
d (symbol "tmpobjid")
d:\UG\gamemodes\maps/mape.inc(30010) : warning 240: assigned value is never use
d (symbol "tmpobjid")
d:\UG\gamemodes\maps/mape.inc(30011) : warning 240: assigned value is never use
d (symbol "tmpobjid")
d:\UG\gamemodes\maps/mape.inc(30012) : warning 240: assigned value is never use
d (symbol "tmpobjid")
d:\UG\gamemodes\maps/mape.inc(30013) : warning 240: assigned value is never use
d (symbol "tmpobjid")
d:\UG\gamemodes\maps/mape.inc(30014) : warning 240: assigned value is never use
d (symbol "tmpobjid")
d:\UG\gamemodes\maps/mape.inc(30015) : warning 240: assigned value is never use
d (symbol "tmpobjid")
d:\UG\gamemodes\maps/mape.inc(30016) : warning 240: assigned value is never use
d (symbol "tmpobjid")
d:\UG\gamemodes\maps/mape.inc(30017) : warning 240: assigned value is never use
d (symbol "tmpobjid")
d:\UG\gamemodes\maps/mape.inc(30018) : warning 240: assigned value is never use
d (symbol "tmpobjid")
d:\UG\gamemodes\maps/mape.inc(30019) : warning 240: assigned value is never use
d (symbol "tmpobjid")
d:\UG\gamemodes\maps/mape.inc(30020) : warning 240: assigned value is never use
d (symbol "tmpobjid")
d:\UG\gamemodes\maps/mape.inc(30021) : warning 240: assigned value is never use
d (symbol "tmpobjid")
d:\UG\gamemodes\maps/mape.inc(30022) : warning 240: assigned value is never use
d (symbol "tmpobjid")
d:\UG\gamemodes\maps/mape.inc(30023) : warning 240: assigned value is never use
d (symbol "tmpobjid")
d:\UG\gamemodes\maps/mape.inc(30024) : warning 240: assigned value is never use
d (symbol "tmpobjid")
d:\UG\gamemodes\maps/mape.inc(30025) : warning 240: assigned value is never use
d (symbol "tmpobjid")
d:\UG\gamemodes\maps/mape.inc(30026) : warning 240: assigned value is never use
d (symbol "tmpobjid")
d:\UG\gamemodes\maps/mape.inc(30027) : warning 240: assigned value is never use
d (symbol "tmpobjid")
d:\UG\gamemodes\maps/mape.inc(30028) : warning 240: assigned value is never use
d (symbol "tmpobjid")
d:\UG\gamemodes\maps/mape.inc(30029) : warning 240: assigned value is never use
d (symbol "tmpobjid")
d:\UG\gamemodes\maps/mape.inc(30030) : warning 240: assigned value is never use
d (symbol "tmpobjid")
d:\UG\gamemodes\maps/mape.inc(30031) : warning 240: assigned value is never use
d (symbol "tmpobjid")
d:\UG\gamemodes\maps/mape.inc(30032) : warning 240: assigned value is never use
d (symbol "tmpobjid")
d:\UG\gamemodes\maps/mape.inc(30033) : warning 240: assigned value is never use
d (symbol "tmpobjid")
d:\UG\gamemodes\maps/mape.inc(30034) : warning 240: assigned value is never use
d (symbol "tmpobjid")
d:\UG\gamemodes\maps/mape.inc(30035) : warning 240: assigned value is never use
d (symbol "tmpobjid")
d:\UG\gamemodes\maps/mape.inc(30036) : warning 240: assigned value is never use
d (symbol "tmpobjid")
d:\UG\gamemodes\maps/mape.inc(30037) : warning 240: assigned value is never use
d (symbol "tmpobjid")
d:\UG\gamemodes\maps/mape.inc(30038) : warning 240: assigned value is never use
d (symbol "tmpobjid")
d:\UG\gamemodes\maps/mape.inc(30039) : warning 240: assigned value is never use
d (symbol "tmpobjid")
d:\UG\gamemodes\maps/mape.inc(30040) : warning 240: assigned value is never use
d (symbol "tmpobjid")
d:\UG\gamemodes\maps/mape.inc(30041) : warning 240: assigned value is never use
d (symbol "tmpobjid")
d:\UG\gamemodes\maps/mape.inc(30042) : warning 240: assigned value is never use
d (symbol "tmpobjid")
d:\UG\gamemodes\maps/mape.inc(30043) : warning 240: assigned value is never use
d (symbol "tmpobjid")
d:\UG\gamemodes\maps/mape.inc(30044) : warning 240: assigned value is never use
d (symbol "tmpobjid")
d:\UG\gamemodes\maps/mape.inc(30045) : warning 240: assigned value is never use
d (symbol "tmpobjid")
d:\UG\gamemodes\maps/mape.inc(30046) : warning 240: assigned value is never use
d (symbol "tmpobjid")
d:\UG\gamemodes\maps/mape.inc(30047) : warning 240: assigned value is never use
d (symbol "tmpobjid")
d:\UG\gamemodes\maps/mape.inc(30048) : warning 240: assigned value is never use
d (symbol "tmpobjid")
d:\UG\gamemodes\maps/mape.inc(30049) : warning 240: assigned value is never use
d (symbol "tmpobjid")
d:\UG\gamemodes\maps/mape.inc(30050) : warning 240: assigned value is never use
d (symbol "tmpobjid")
d:\UG\gamemodes\maps/mape.inc(30051) : warning 240: assigned value is never use
d (symbol "tmpobjid")
d:\UG\gamemodes\maps/mape.inc(30052) : warning 240: assigned value is never use
d (symbol "tmpobjid")
d:\UG\gamemodes\maps/mape.inc(30053) : warning 240: assigned value is never use
d (symbol "tmpobjid")
d:\UG\gamemodes\maps/mape.inc(30054) : warning 240: assigned value is never use
d (symbol "tmpobjid")
d:\UG\gamemodes\maps/mape.inc(30055) : warning 240: assigned value is never use
d (symbol "tmpobjid")
d:\UG\gamemodes\maps/mape.inc(30056) : warning 240: assigned value is never use
d (symbol "tmpobjid")
d:\UG\gamemodes\maps/mape.inc(30057) : warning 240: assigned value is never use
d (symbol "tmpobjid")
d:\UG\gamemodes\maps/mape.inc(30058) : warning 240: assigned value is never use
d (symbol "tmpobjid")
d:\UG\gamemodes\maps/mape.inc(30059) : warning 240: assigned value is never use
d (symbol "tmpobjid")
d:\UG\gamemodes\maps/mape.inc(30060) : warning 240: assigned value is never use
d (symbol "tmpobjid")
d:\UG\gamemodes\maps/mape.inc(30061) : warning 240: assigned value is never use
d (symbol "tmpobjid")
d:\UG\gamemodes\maps/mape.inc(30062) : warning 240: assigned value is never use
d (symbol "tmpobjid")
d:\UG\gamemodes\maps/mape.inc(30063) : warning 240: assigned value is never use
d (symbol "tmpobjid")
d:\UG\gamemodes\maps/mape.inc(30064) : warning 240: assigned value is never use
d (symbol "tmpobjid")
d:\UG\gamemodes\maps/mape.inc(30065) : warning 240: assigned value is never use
d (symbol "tmpobjid")
d:\UG\gamemodes\maps/mape.inc(30066) : warning 240: assigned value is never use
d (symbol "tmpobjid")
d:\UG\gamemodes\maps/mape.inc(30067) : warning 240: assigned value is never use
d (symbol "tmpobjid")
d:\UG\gamemodes\maps/mape.inc(30068) : warning 240: assigned value is never use
d (symbol "tmpobjid")
d:\UG\gamemodes\maps/mape.inc(30069) : warning 240: assigned value is never use
d (symbol "tmpobjid")
d:\UG\gamemodes\maps/mape.inc(30070) : warning 240: assigned value is never use
d (symbol "tmpobjid")
d:\UG\gamemodes\maps/mape.inc(30071) : warning 240: assigned value is never use
d (symbol "tmpobjid")
d:\UG\gamemodes\maps/mape.inc(30072) : warning 240: assigned value is never use
d (symbol "tmpobjid")
d:\UG\gamemodes\maps/mape.inc(30073) : warning 240: assigned value is never use
d (symbol "tmpobjid")
d:\UG\gamemodes\maps/mape.inc(30074) : warning 240: assigned value is never use
d (symbol "tmpobjid")
d:\UG\gamemodes\maps/mape.inc(30075) : warning 240: assigned value is never use
d (symbol "tmpobjid")
d:\UG\gamemodes\maps/mape.inc(30076) : warning 240: assigned value is never use
d (symbol "tmpobjid")
d:\UG\gamemodes\maps/mape.inc(30077) : warning 240: assigned value is never use
d (symbol "tmpobjid")
d:\UG\gamemodes\maps/mape.inc(30078) : warning 240: assigned value is never use
d (symbol "tmpobjid")
d:\UG\gamemodes\maps/mape.inc(30079) : warning 240: assigned value is never use
d (symbol "tmpobjid")
d:\UG\gamemodes\maps/mape.inc(30080) : warning 240: assigned value is never use
d (symbol "tmpobjid")
d:\UG\gamemodes\maps/mape.inc(30081) : warning 240: assigned value is never use
d (symbol "tmpobjid")
d:\UG\gamemodes\maps/mape.inc(30082) : warning 240: assigned value is never use
d (symbol "tmpobjid")
d:\UG\gamemodes\maps/mape.inc(30083) : warning 240: assigned value is never use
d (symbol "tmpobjid")
d:\UG\gamemodes\maps/mape.inc(30084) : warning 240: assigned value is never use
d (symbol "tmpobjid")
d:\UG\gamemodes\maps/mape.inc(30085) : warning 240: assigned value is never use
d (symbol "tmpobjid")
d:\UG\gamemodes\maps/mape.inc(30086) : warning 240: assigned value is never use
d (symbol "tmpobjid")
d:\UG\gamemodes\maps/mape.inc(30087) : warning 240: assigned value is never use
d (symbol "tmpobjid")
d:\UG\gamemodes\maps/mape.inc(30088) : warning 240: assigned value is never use
d (symbol "tmpobjid")
d:\UG\gamemodes\maps/mape.inc(30089) : warning 240: assigned value is never use
d (symbol "tmpobjid")
d:\UG\gamemodes\maps/mape.inc(30090) : warning 240: assigned value is never use
d (symbol "tmpobjid")
d:\UG\gamemodes\maps/mape.inc(30091) : warning 240: assigned value is never use
d (symbol "tmpobjid")
d:\UG\gamemodes\maps/mape.inc(30092) : warning 240: assigned value is never use
d (symbol "tmpobjid")
d:\UG\gamemodes\maps/mape.inc(30093) : warning 240: assigned value is never use
d (symbol "tmpobjid")
d:\UG\gamemodes\maps/mape.inc(30094) : warning 240: assigned value is never use
d (symbol "tmpobjid")
d:\UG\gamemodes\maps/mape.inc(30095) : warning 240: assigned value is never use
d (symbol "tmpobjid")
d:\UG\gamemodes\maps/mape.inc(30096) : warning 240: assigned value is never use
d (symbol "tmpobjid")
d:\UG\gamemodes\maps/mape.inc(30097) : warning 240: assigned value is never use
d (symbol "tmpobjid")
d:\UG\gamemodes\maps/mape.inc(30098) : warning 240: assigned value is never use
d (symbol "tmpobjid")
d:\UG\gamemodes\maps/mape.inc(30099) : warning 240: assigned value is never use
d (symbol "tmpobjid")
d:\UG\gamemodes\maps/mape.inc(30100) : warning 240: assigned value is never use
d (symbol "tmpobjid")
d:\UG\gamemodes\maps/mape.inc(30101) : warning 240: assigned value is never use
d (symbol "tmpobjid")
d:\UG\gamemodes\maps/mape.inc(30102) : warning 240: assigned value is never use
d (symbol "tmpobjid")
d:\UG\gamemodes\maps/mape.inc(30103) : warning 240: assigned value is never use
d (symbol "tmpobjid")
d:\UG\gamemodes\maps/mape.inc(30104) : warning 240: assigned value is never use
d (symbol "tmpobjid")
d:\UG\gamemodes\maps/mape.inc(30105) : warning 240: assigned value is never use
d (symbol "tmpobjid")
d:\UG\gamemodes\maps/mape.inc(30106) : warning 240: assigned value is never use
d (symbol "tmpobjid")
d:\UG\gamemodes\maps/mape.inc(30107) : warning 240: assigned value is never use
d (symbol "tmpobjid")
d:\UG\gamemodes\maps/mape.inc(30108) : warning 240: assigned value is never use
d (symbol "tmpobjid")
d:\UG\gamemodes\maps/mape.inc(30109) : warning 240: assigned value is never use
d (symbol "tmpobjid")
d:\UG\gamemodes\maps/mape.inc(30110) : warning 240: assigned value is never use
d (symbol "tmpobjid")
d:\UG\gamemodes\maps/mape.inc(30111) : warning 240: assigned value is never use
d (symbol "tmpobjid")
d:\UG\gamemodes\maps/mape.inc(30112) : warning 240: assigned value is never use
d (symbol "tmpobjid")
d:\UG\gamemodes\maps/mape.inc(30113) : warning 240: assigned value is never use
d (symbol "tmpobjid")
d:\UG\gamemodes\maps/mape.inc(30114) : warning 240: assigned value is never use
d (symbol "tmpobjid")
d:\UG\gamemodes\maps/mape.inc(30115) : warning 240: assigned value is never use
d (symbol "tmpobjid")
d:\UG\gamemodes\maps/mape.inc(30116) : warning 240: assigned value is never use
d (symbol "tmpobjid")
d:\UG\gamemodes\maps/mape.inc(30117) : warning 240: assigned value is never use
d (symbol "tmpobjid")
d:\UG\gamemodes\maps/mape.inc(30118) : warning 240: assigned value is never use
d (symbol "tmpobjid")
d:\UG\gamemodes\maps/mape.inc(30119) : warning 240: assigned value is never use
d (symbol "tmpobjid")
d:\UG\gamemodes\maps/mape.inc(30120) : warning 240: assigned value is never use
d (symbol "tmpobjid")
d:\UG\gamemodes\maps/mape.inc(30121) : warning 240: assigned value is never use
d (symbol "tmpobjid")
d:\UG\gamemodes\maps/mape.inc(30122) : warning 240: assigned value is never use
d (symbol "tmpobjid")
d:\UG\gamemodes\maps/mape.inc(30123) : warning 240: assigned value is never use
d (symbol "tmpobjid")
d:\UG\gamemodes\maps/mape.inc(30124) : warning 240: assigned value is never use
d (symbol "tmpobjid")
d:\UG\gamemodes\maps/mape.inc(30125) : warning 240: assigned value is never use
d (symbol "tmpobjid")
d:\UG\gamemodes\maps/mape.inc(30126) : warning 240: assigned value is never use
d (symbol "tmpobjid")
d:\UG\gamemodes\maps/mape.inc(30127) : warning 240: assigned value is never use
d (symbol "tmpobjid")
d:\UG\gamemodes\maps/mape.inc(30128) : warning 240: assigned value is never use
d (symbol "tmpobjid")
d:\UG\gamemodes\maps/mape.inc(30129) : warning 240: assigned value is never use
d (symbol "tmpobjid")
d:\UG\gamemodes\maps/mape.inc(30130) : warning 240: assigned value is never use
d (symbol "tmpobjid")
d:\UG\gamemodes\maps/mape.inc(30131) : warning 240: assigned value is never use
d (symbol "tmpobjid")
d:\UG\gamemodes\maps/mape.inc(30132) : warning 240: assigned value is never use
d (symbol "tmpobjid")
d:\UG\gamemodes\maps/mape.inc(30133) : warning 240: assigned value is never use
d (symbol "tmpobjid")
d:\UG\gamemodes\maps/mape.inc(30134) : warning 240: assigned value is never use
d (symbol "tmpobjid")
d:\UG\gamemodes\maps/mape.inc(30135) : warning 240: assigned value is never use
d (symbol "tmpobjid")
d:\UG\gamemodes\maps/mape.inc(30136) : warning 240: assigned value is never use
d (symbol "tmpobjid")
d:\UG\gamemodes\maps/mape.inc(30137) : warning 240: assigned value is never use
d (symbol "tmpobjid")
d:\UG\gamemodes\maps/mape.inc(30138) : warning 240: assigned value is never use
d (symbol "tmpobjid")
d:\UG\gamemodes\maps/mape.inc(30139) : warning 240: assigned value is never use
d (symbol "tmpobjid")
d:\UG\gamemodes\maps/mape.inc(30140) : warning 240: assigned value is never use
d (symbol "tmpobjid")
d:\UG\gamemodes\maps/mape.inc(30141) : warning 240: assigned value is never use
d (symbol "tmpobjid")
d:\UG\gamemodes\maps/mape.inc(30142) : warning 240: assigned value is never use
d (symbol "tmpobjid")
d:\UG\gamemodes\maps/mape.inc(30143) : warning 240: assigned value is never use
d (symbol "tmpobjid")
d:\UG\gamemodes\maps/mape.inc(30144) : warning 240: assigned value is never use
d (symbol "tmpobjid")
d:\UG\gamemodes\maps/mape.inc(30145) : warning 240: assigned value is never use
d (symbol "tmpobjid")
d:\UG\gamemodes\maps/mape.inc(30146) : warning 240: assigned value is never use
d (symbol "tmpobjid")
d:\UG\gamemodes\maps/mape.inc(30147) : warning 240: assigned value is never use
d (symbol "tmpobjid")
d:\UG\gamemodes\maps/mape.inc(30148) : warning 240: assigned value is never use
d (symbol "tmpobjid")
d:\UG\gamemodes\maps/mape.inc(30149) : warning 240: assigned value is never use
d (symbol "tmpobjid")
d:\UG\gamemodes\maps/mape.inc(30150) : warning 240: assigned value is never use
d (symbol "tmpobjid")
d:\UG\gamemodes\maps/mape.inc(30151) : warning 240: assigned value is never use
d (symbol "tmpobjid")
d:\UG\gamemodes\maps/mape.inc(30152) : warning 240: assigned value is never use
d (symbol "tmpobjid")
d:\UG\gamemodes\maps/mape.inc(30153) : warning 240: assigned value is never use
d (symbol "tmpobjid")
d:\UG\gamemodes\maps/mape.inc(30154) : warning 240: assigned value is never use
d (symbol "tmpobjid")
d:\UG\gamemodes\maps/mape.inc(30155) : warning 240: assigned value is never use
d (symbol "tmpobjid")
d:\UG\gamemodes\maps/mape.inc(30156) : warning 240: assigned value is never use
d (symbol "tmpobjid")
d:\UG\gamemodes\maps/mape.inc(30157) : warning 240: assigned value is never use
d (symbol "tmpobjid")
d:\UG\gamemodes\maps/mape.inc(30158) : warning 240: assigned value is never use
d (symbol "tmpobjid")
d:\UG\gamemodes\maps/mape.inc(30159) : warning 240: assigned value is never use
d (symbol "tmpobjid")
d:\UG\gamemodes\maps/mape.inc(30160) : warning 240: assigned value is never use
d (symbol "tmpobjid")
d:\UG\gamemodes\maps/mape.inc(30161) : warning 240: assigned value is never use
d (symbol "tmpobjid")
d:\UG\gamemodes\maps/mape.inc(30162) : warning 240: assigned value is never use
d (symbol "tmpobjid")
d:\UG\gamemodes\maps/mape.inc(30163) : warning 240: assigned value is never use
d (symbol "tmpobjid")
d:\UG\gamemodes\maps/mape.inc(30164) : warning 240: assigned value is never use
d (symbol "tmpobjid")
d:\UG\gamemodes\maps/mape.inc(30165) : warning 240: assigned value is never use
d (symbol "tmpobjid")
d:\UG\gamemodes\maps/mape.inc(30166) : warning 240: assigned value is never use
d (symbol "tmpobjid")
d:\UG\gamemodes\maps/mape.inc(30167) : warning 240: assigned value is never use
d (symbol "tmpobjid")
d:\UG\gamemodes\maps/mape.inc(30168) : warning 240: assigned value is never use
d (symbol "tmpobjid")
d:\UG\gamemodes\maps/mape.inc(30169) : warning 240: assigned value is never use
d (symbol "tmpobjid")
d:\UG\gamemodes\maps/mape.inc(30170) : warning 240: assigned value is never use
d (symbol "tmpobjid")
d:\UG\gamemodes\maps/mape.inc(30171) : warning 240: assigned value is never use
d (symbol "tmpobjid")
d:\UG\gamemodes\maps/mape.inc(30172) : warning 240: assigned value is never use
d (symbol "tmpobjid")
d:\UG\gamemodes\maps/mape.inc(30173) : warning 240: assigned value is never use
d (symbol "tmpobjid")
d:\UG\gamemodes\maps/mape.inc(30174) : warning 240: assigned value is never use
d (symbol "tmpobjid")
d:\UG\gamemodes\maps/mape.inc(30175) : warning 240: assigned value is never use
d (symbol "tmpobjid")
d:\UG\gamemodes\maps/mape.inc(30176) : warning 240: assigned value is never use
d (symbol "tmpobjid")
d:\UG\gamemodes\maps/mape.inc(30177) : warning 240: assigned value is never use
d (symbol "tmpobjid")
d:\UG\gamemodes\maps/mape.inc(30178) : warning 240: assigned value is never use
d (symbol "tmpobjid")
d:\UG\gamemodes\maps/mape.inc(30179) : warning 240: assigned value is never use
d (symbol "tmpobjid")
d:\UG\gamemodes\maps/mape.inc(30180) : warning 240: assigned value is never use
d (symbol "tmpobjid")
d:\UG\gamemodes\maps/mape.inc(30181) : warning 240: assigned value is never use
d (symbol "tmpobjid")
d:\UG\gamemodes\maps/mape.inc(30182) : warning 240: assigned value is never use
d (symbol "tmpobjid")
d:\UG\gamemodes\maps/mape.inc(30183) : warning 240: assigned value is never use
d (symbol "tmpobjid")
d:\UG\gamemodes\maps/mape.inc(30184) : warning 240: assigned value is never use
d (symbol "tmpobjid")
d:\UG\gamemodes\maps/mape.inc(30185) : warning 240: assigned value is never use
d (symbol "tmpobjid")
d:\UG\gamemodes\maps/mape.inc(30186) : warning 240: assigned value is never use
d (symbol "tmpobjid")
d:\UG\gamemodes\maps/mape.inc(30187) : warning 240: assigned value is never use
d (symbol "tmpobjid")
d:\UG\gamemodes\maps/mape.inc(30188) : warning 240: assigned value is never use
d (symbol "tmpobjid")
d:\UG\gamemodes\maps/mape.inc(30189) : warning 240: assigned value is never use
d (symbol "tmpobjid")
d:\UG\gamemodes\maps/mape.inc(30190) : warning 240: assigned value is never use
d (symbol "tmpobjid")
d:\UG\gamemodes\maps/mape.inc(30191) : warning 240: assigned value is never use
d (symbol "tmpobjid")
d:\UG\gamemodes\maps/mape.inc(30192) : warning 240: assigned value is never use
d (symbol "tmpobjid")
d:\UG\gamemodes\maps/mape.inc(30193) : warning 240: assigned value is never use
d (symbol "tmpobjid")
d:\UG\gamemodes\maps/mape.inc(30194) : warning 240: assigned value is never use
d (symbol "tmpobjid")
d:\UG\gamemodes\maps/mape.inc(30195) : warning 240: assigned value is never use
d (symbol "tmpobjid")
d:\UG\gamemodes\maps/mape.inc(30196) : warning 240: assigned value is never use
d (symbol "tmpobjid")
d:\UG\gamemodes\maps/mape.inc(30197) : warning 240: assigned value is never use
d (symbol "tmpobjid")
d:\UG\gamemodes\maps/mape.inc(30198) : warning 240: assigned value is never use
d (symbol "tmpobjid")
d:\UG\gamemodes\maps/mape.inc(30199) : warning 240: assigned value is never use
d (symbol "tmpobjid")
d:\UG\gamemodes\maps/mape.inc(30200) : warning 240: assigned value is never use
d (symbol "tmpobjid")
d:\UG\gamemodes\maps/mape.inc(30201) : warning 240: assigned value is never use
d (symbol "tmpobjid")
d:\UG\gamemodes\maps/mape.inc(30202) : warning 240: assigned value is never use
d (symbol "tmpobjid")
d:\UG\gamemodes\maps/mape.inc(30203) : warning 240: assigned value is never use
d (symbol "tmpobjid")
d:\UG\gamemodes\maps/mape.inc(30308) : warning 240: assigned value is never use
d (symbol "tmpobjid")
d:\UG\gamemodes\maps/mape.inc(30309) : warning 240: assigned value is never use
d (symbol "tmpobjid")
d:\UG\gamemodes\maps/mape.inc(30310) : warning 240: assigned value is never use
d (symbol "tmpobjid")
d:\UG\gamemodes\maps/mape.inc(30311) : warning 240: assigned value is never use
d (symbol "tmpobjid")
d:\UG\gamemodes\maps/mape.inc(30312) : warning 240: assigned value is never use
d (symbol "tmpobjid")
d:\UG\gamemodes\maps/mape.inc(30313) : warning 240: assigned value is never use
d (symbol "tmpobjid")
d:\UG\gamemodes\maps/mape.inc(30314) : warning 240: assigned value is never use
d (symbol "tmpobjid")
d:\UG\gamemodes\maps/mape.inc(30315) : warning 240: assigned value is never use
d (symbol "tmpobjid")
d:\UG\gamemodes\maps/mape.inc(30316) : warning 240: assigned value is never use
d (symbol "tmpobjid")
d:\UG\gamemodes\maps/mape.inc(30317) : warning 240: assigned value is never use
d (symbol "tmpobjid")
d:\UG\gamemodes\maps/mape.inc(30318) : warning 240: assigned value is never use
d (symbol "tmpobjid")
d:\UG\gamemodes\maps/mape.inc(30319) : warning 240: assigned value is never use
d (symbol "tmpobjid")
d:\UG\gamemodes\maps/mape.inc(30320) : warning 240: assigned value is never use
d (symbol "tmpobjid")
d:\UG\gamemodes\maps/mape.inc(30321) : warning 240: assigned value is never use
d (symbol "tmpobjid")
d:\UG\gamemodes\maps/mape.inc(30322) : warning 240: assigned value is never use
d (symbol "tmpobjid")
d:\UG\gamemodes\maps/mape.inc(30323) : warning 240: assigned value is never use
d (symbol "tmpobjid")
d:\UG\gamemodes\maps/mape.inc(30324) : warning 240: assigned value is never use
d (symbol "tmpobjid")
d:\UG\gamemodes\maps/mape.inc(30325) : warning 240: assigned value is never use
d (symbol "tmpobjid")
d:\UG\gamemodes\maps/mape.inc(30326) : warning 240: assigned value is never use
d (symbol "tmpobjid")
d:\UG\gamemodes\maps/mape.inc(30327) : warning 240: assigned value is never use
d (symbol "tmpobjid")
d:\UG\gamemodes\maps/mape.inc(30328) : warning 240: assigned value is never use
d (symbol "tmpobjid")
d:\UG\gamemodes\maps/mape.inc(30329) : warning 240: assigned value is never use
d (symbol "tmpobjid")
d:\UG\gamemodes\maps/mape.inc(30330) : warning 240: assigned value is never use
d (symbol "tmpobjid")
d:\UG\gamemodes\maps/mape.inc(30331) : warning 240: assigned value is never use
d (symbol "tmpobjid")
d:\UG\gamemodes\maps/mape.inc(30332) : warning 240: assigned value is never use
d (symbol "tmpobjid")
d:\UG\gamemodes\maps/mape.inc(30333) : warning 240: assigned value is never use
d (symbol "tmpobjid")
d:\UG\gamemodes\maps/mape.inc(30334) : warning 240: assigned value is never use
d (symbol "tmpobjid")
d:\UG\gamemodes\maps/mape.inc(30335) : warning 240: assigned value is never use
d (symbol "tmpobjid")
d:\UG\gamemodes\maps/mape.inc(30336) : warning 240: assigned value is never use
d (symbol "tmpobjid")
d:\UG\gamemodes\maps/mape.inc(30337) : warning 240: assigned value is never use
d (symbol "tmpobjid")
d:\UG\gamemodes\maps/mape.inc(30338) : warning 240: assigned value is never use
d (symbol "tmpobjid")
d:\UG\gamemodes\maps/mape.inc(30339) : warning 240: assigned value is never use
d (symbol "tmpobjid")
d:\UG\gamemodes\maps/mape.inc(30340) : warning 240: assigned value is never use
d (symbol "tmpobjid")
d:\UG\gamemodes\maps/mape.inc(30341) : warning 240: assigned value is never use
d (symbol "tmpobjid")
d:\UG\gamemodes\maps/mape.inc(30342) : warning 240: assigned value is never use
d (symbol "tmpobjid")
d:\UG\gamemodes\maps/mape.inc(30343) : warning 240: assigned value is never use
d (symbol "tmpobjid")
d:\UG\gamemodes\maps/mape.inc(30344) : warning 240: assigned value is never use
d (symbol "tmpobjid")
d:\UG\gamemodes\maps/mape.inc(30345) : warning 240: assigned value is never use
d (symbol "tmpobjid")
d:\UG\gamemodes\maps/mape.inc(30346) : warning 240: assigned value is never use
d (symbol "tmpobjid")
d:\UG\gamemodes\maps/mape.inc(30347) : warning 240: assigned value is never use
d (symbol "tmpobjid")
d:\UG\gamemodes\maps/mape.inc(30348) : warning 240: assigned value is never use
d (symbol "tmpobjid")
d:\UG\gamemodes\maps/mape.inc(30349) : warning 240: assigned value is never use
d (symbol "tmpobjid")
d:\UG\gamemodes\maps/mape.inc(30350) : warning 240: assigned value is never use
d (symbol "tmpobjid")
d:\UG\gamemodes\maps/mape.inc(30351) : warning 240: assigned value is never use
d (symbol "tmpobjid")
d:\UG\gamemodes\maps/mape.inc(30352) : warning 240: assigned value is never use
d (symbol "tmpobjid")
d:\UG\gamemodes\maps/mape.inc(30353) : warning 240: assigned value is never use
d (symbol "tmpobjid")
d:\UG\gamemodes\maps/mape.inc(30354) : warning 240: assigned value is never use
d (symbol "tmpobjid")
d:\UG\gamemodes\maps/mape.inc(30355) : warning 240: assigned value is never use
d (symbol "tmpobjid")
d:\UG\gamemodes\maps/mape.inc(30356) : warning 240: assigned value is never use
d (symbol "tmpobjid")
d:\UG\gamemodes\maps/mape.inc(30357) : warning 240: assigned value is never use
d (symbol "tmpobjid")
d:\UG\gamemodes\maps/mape.inc(30358) : warning 240: assigned value is never use
d (symbol "tmpobjid")
d:\UG\gamemodes\maps/mape.inc(30359) : warning 240: assigned value is never use
d (symbol "tmpobjid")
d:\UG\gamemodes\maps/mape.inc(30360) : warning 240: assigned value is never use
d (symbol "tmpobjid")
d:\UG\gamemodes\maps/mape.inc(30361) : warning 240: assigned value is never use
d (symbol "tmpobjid")
d:\UG\gamemodes\maps/mape.inc(30362) : warning 240: assigned value is never use
d (symbol "tmpobjid")
d:\UG\gamemodes\maps/mape.inc(30363) : warning 240: assigned value is never use
d (symbol "tmpobjid")
d:\UG\gamemodes\maps/mape.inc(30364) : warning 240: assigned value is never use
d (symbol "tmpobjid")
d:\UG\gamemodes\maps/mape.inc(30365) : warning 240: assigned value is never use
d (symbol "tmpobjid")
d:\UG\gamemodes\maps/mape.inc(30366) : warning 240: assigned value is never use
d (symbol "tmpobjid")
d:\UG\gamemodes\maps/mape.inc(30367) : warning 240: assigned value is never use
d (symbol "tmpobjid")
d:\UG\gamemodes\maps/mape.inc(30368) : warning 240: assigned value is never use
d (symbol "tmpobjid")
d:\UG\gamemodes\maps/mape.inc(30369) : warning 240: assigned value is never use
d (symbol "tmpobjid")
d:\UG\gamemodes\maps/mape.inc(30370) : warning 240: assigned value is never use
d (symbol "tmpobjid")
d:\UG\gamemodes\maps/mape.inc(30371) : warning 240: assigned value is never use
d (symbol "tmpobjid")
d:\UG\gamemodes\maps/mape.inc(30372) : warning 240: assigned value is never use
d (symbol "tmpobjid")
d:\UG\gamemodes\maps/mape.inc(30373) : warning 240: assigned value is never use
d (symbol "tmpobjid")
d:\UG\gamemodes\maps/mape.inc(30374) : warning 240: assigned value is never use
d (symbol "tmpobjid")
d:\UG\gamemodes\maps/mape.inc(30375) : warning 240: assigned value is never use
d (symbol "tmpobjid")
d:\UG\gamemodes\maps/mape.inc(30376) : warning 240: assigned value is never use
d (symbol "tmpobjid")
d:\UG\gamemodes\maps/mape.inc(30377) : warning 240: assigned value is never use
d (symbol "tmpobjid")
d:\UG\gamemodes\maps/mape.inc(30378) : warning 240: assigned value is never use
d (symbol "tmpobjid")
d:\UG\gamemodes\maps/mape.inc(30379) : warning 240: assigned value is never use
d (symbol "tmpobjid")
d:\UG\gamemodes\maps/mape.inc(30380) : warning 240: assigned value is never use
d (symbol "tmpobjid")
d:\UG\gamemodes\maps/mape.inc(30381) : warning 240: assigned value is never use
d (symbol "tmpobjid")
d:\UG\gamemodes\maps/mape.inc(30382) : warning 240: assigned value is never use
d (symbol "tmpobjid")
d:\UG\gamemodes\maps/mape.inc(30383) : warning 240: assigned value is never use
d (symbol "tmpobjid")
d:\UG\gamemodes\maps/mape.inc(30384) : warning 240: assigned value is never use
d (symbol "tmpobjid")
d:\UG\gamemodes\maps/mape.inc(30385) : warning 240: assigned value is never use
d (symbol "tmpobjid")
d:\UG\gamemodes\maps/mape.inc(30386) : warning 240: assigned value is never use
d (symbol "tmpobjid")
d:\UG\gamemodes\maps/mape.inc(30387) : warning 240: assigned value is never use
d (symbol "tmpobjid")
d:\UG\gamemodes\maps/mape.inc(30388) : warning 240: assigned value is never use
d (symbol "tmpobjid")
d:\UG\gamemodes\maps/mape.inc(30389) : warning 240: assigned value is never use
d (symbol "tmpobjid")
d:\UG\gamemodes\maps/mape.inc(30390) : warning 240: assigned value is never use
d (symbol "tmpobjid")
d:\UG\gamemodes\maps/mape.inc(30391) : warning 240: assigned value is never use
d (symbol "tmpobjid")
d:\UG\gamemodes\maps/mape.inc(30392) : warning 240: assigned value is never use
d (symbol "tmpobjid")
d:\UG\gamemodes\maps/mape.inc(30393) : warning 240: assigned value is never use
d (symbol "tmpobjid")
d:\UG\gamemodes\maps/mape.inc(30394) : warning 240: assigned value is never use
d (symbol "tmpobjid")
d:\UG\gamemodes\maps/mape.inc(30395) : warning 240: assigned value is never use
d (symbol "tmpobjid")
d:\UG\gamemodes\maps/mape.inc(30396) : warning 240: assigned value is never use
d (symbol "tmpobjid")
d:\UG\gamemodes\maps/mape.inc(30397) : warning 240: assigned value is never use
d (symbol "tmpobjid")
d:\UG\gamemodes\maps/mape.inc(30398) : warning 240: assigned value is never use
d (symbol "tmpobjid")
d:\UG\gamemodes\maps/mape.inc(30399) : warning 240: assigned value is never use
d (symbol "tmpobjid")
d:\UG\gamemodes\maps/mape.inc(30400) : warning 240: assigned value is never use
d (symbol "tmpobjid")
d:\UG\gamemodes\maps/mape.inc(30401) : warning 240: assigned value is never use
d (symbol "tmpobjid")
d:\UG\gamemodes\maps/mape.inc(30402) : warning 240: assigned value is never use
d (symbol "tmpobjid")
d:\UG\gamemodes\maps/mape.inc(30403) : warning 240: assigned value is never use
d (symbol "tmpobjid")
d:\UG\gamemodes\maps/mape.inc(30404) : warning 240: assigned value is never use
d (symbol "tmpobjid")
d:\UG\gamemodes\maps/mape.inc(30405) : warning 240: assigned value is never use
d (symbol "tmpobjid")
d:\UG\gamemodes\maps/mape.inc(30406) : warning 240: assigned value is never use
d (symbol "tmpobjid")
d:\UG\gamemodes\maps/mape.inc(30407) : warning 240: assigned value is never use
d (symbol "tmpobjid")
d:\UG\gamemodes\maps/mape.inc(30408) : warning 240: assigned value is never use
d (symbol "tmpobjid")
d:\UG\gamemodes\maps/mape.inc(30813) : warning 240: assigned value is never use
d (symbol "tmpobjid")
d:\UG\gamemodes\maps/mape.inc(30814) : warning 240: assigned value is never use
d (symbol "tmpobjid")
d:\UG\gamemodes\maps/mape.inc(30815) : warning 240: assigned value is never use
d (symbol "tmpobjid")
d:\UG\gamemodes\maps/mape.inc(30816) : warning 240: assigned value is never use
d (symbol "tmpobjid")
d:\UG\gamemodes\maps/mape.inc(30817) : warning 240: assigned value is never use
d (symbol "tmpobjid")
d:\UG\gamemodes\maps/mape.inc(30818) : warning 240: assigned value is never use
d (symbol "tmpobjid")
d:\UG\gamemodes\maps/mape.inc(30819) : warning 240: assigned value is never use
d (symbol "tmpobjid")
d:\UG\gamemodes\maps/mape.inc(30820) : warning 240: assigned value is never use
d (symbol "tmpobjid")
d:\UG\gamemodes\maps/mape.inc(30821) : warning 240: assigned value is never use
d (symbol "tmpobjid")
d:\UG\gamemodes\maps/mape.inc(30822) : warning 240: assigned value is never use
d (symbol "tmpobjid")
d:\UG\gamemodes\maps/mape.inc(30823) : warning 240: assigned value is never use
d (symbol "tmpobjid")
d:\UG\gamemodes\maps/mape.inc(30824) : warning 240: assigned value is never use
d (symbol "tmpobjid")
d:\UG\gamemodes\maps/mape.inc(30825) : warning 240: assigned value is never use
d (symbol "tmpobjid")
d:\UG\gamemodes\maps/mape.inc(30826) : warning 240: assigned value is never use
d (symbol "tmpobjid")
d:\UG\gamemodes\maps/mape.inc(30827) : warning 240: assigned value is never use
d (symbol "tmpobjid")
d:\UG\gamemodes\maps/mape.inc(30828) : warning 240: assigned value is never use
d (symbol "tmpobjid")
d:\UG\gamemodes\maps/mape.inc(30829) : warning 240: assigned value is never use
d (symbol "tmpobjid")
d:\UG\gamemodes\maps/mape.inc(30830) : warning 240: assigned value is never use
d (symbol "tmpobjid")
d:\UG\gamemodes\maps/mape.inc(30831) : warning 240: assigned value is never use
d (symbol "tmpobjid")
d:\UG\gamemodes\maps/mape.inc(30832) : warning 240: assigned value is never use
d (symbol "tmpobjid")
d:\UG\gamemodes\maps/mape.inc(30833) : warning 240: assigned value is never use
d (symbol "tmpobjid")
d:\UG\gamemodes\maps/mape.inc(30834) : warning 240: assigned value is never use
d (symbol "tmpobjid")
d:\UG\gamemodes\maps/mape.inc(30835) : warning 240: assigned value is never use
d (symbol "tmpobjid")
d:\UG\gamemodes\maps/mape.inc(30836) : warning 240: assigned value is never use
d (symbol "tmpobjid")
d:\UG\gamemodes\maps/mape.inc(30837) : warning 240: assigned value is never use
d (symbol "tmpobjid")
d:\UG\gamemodes\maps/mape.inc(30838) : warning 240: assigned value is never use
d (symbol "tmpobjid")
d:\UG\gamemodes\maps/mape.inc(30839) : warning 240: assigned value is never use
d (symbol "tmpobjid")
d:\UG\gamemodes\maps/mape.inc(30840) : warning 240: assigned value is never use
d (symbol "tmpobjid")
d:\UG\gamemodes\maps/mape.inc(30841) : warning 240: assigned value is never use
d (symbol "tmpobjid")
d:\UG\gamemodes\maps/mape.inc(30842) : warning 240: assigned value is never use
d (symbol "tmpobjid")
d:\UG\gamemodes\maps/mape.inc(30843) : warning 240: assigned value is never use
d (symbol "tmpobjid")
d:\UG\gamemodes\maps/mape.inc(30844) : warning 240: assigned value is never use
d (symbol "tmpobjid")
d:\UG\gamemodes\maps/mape.inc(30845) : warning 240: assigned value is never use
d (symbol "tmpobjid")
d:\UG\gamemodes\maps/mape.inc(30846) : warning 240: assigned value is never use
d (symbol "tmpobjid")
d:\UG\gamemodes\maps/mape.inc(30847) : warning 240: assigned value is never use
d (symbol "tmpobjid")
d:\UG\gamemodes\maps/mape.inc(30848) : warning 240: assigned value is never use
d (symbol "tmpobjid")
d:\UG\gamemodes\maps/mape.inc(30849) : warning 240: assigned value is never use
d (symbol "tmpobjid")
d:\UG\gamemodes\maps/mape.inc(30850) : warning 240: assigned value is never use
d (symbol "tmpobjid")
d:\UG\gamemodes\maps/mape.inc(30851) : warning 240: assigned value is never use
d (symbol "tmpobjid")
d:\UG\gamemodes\maps/mape.inc(30852) : warning 240: assigned value is never use
d (symbol "tmpobjid")
d:\UG\gamemodes\maps/mape.inc(30853) : warning 240: assigned value is never use
d (symbol "tmpobjid")
d:\UG\gamemodes\maps/mape.inc(30854) : warning 240: assigned value is never use
d (symbol "tmpobjid")
d:\UG\gamemodes\maps/mape.inc(30855) : warning 240: assigned value is never use
d (symbol "tmpobjid")
d:\UG\gamemodes\maps/mape.inc(30856) : warning 240: assigned value is never use
d (symbol "tmpobjid")
d:\UG\gamemodes\maps/mape.inc(30857) : warning 240: assigned value is never use
d (symbol "tmpobjid")
d:\UG\gamemodes\maps/mape.inc(30858) : warning 240: assigned value is never use
d (symbol "tmpobjid")
d:\UG\gamemodes\maps/mape.inc(30859) : warning 240: assigned value is never use
d (symbol "tmpobjid")
d:\UG\gamemodes\maps/mape.inc(30860) : warning 240: assigned value is never use
d (symbol "tmpobjid")
d:\UG\gamemodes\maps/mape.inc(30861) : warning 240: assigned value is never use
d (symbol "tmpobjid")
d:\UG\gamemodes\maps/mape.inc(30862) : warning 240: assigned value is never use
d (symbol "tmpobjid")
d:\UG\gamemodes\maps/mape.inc(30863) : warning 240: assigned value is never use
d (symbol "tmpobjid")
d:\UG\gamemodes\maps/mape.inc(30864) : warning 240: assigned value is never use
d (symbol "tmpobjid")
d:\UG\gamemodes\maps/mape.inc(30865) : warning 240: assigned value is never use
d (symbol "tmpobjid")
d:\UG\gamemodes\maps/mape.inc(30866) : warning 240: assigned value is never use
d (symbol "tmpobjid")
d:\UG\gamemodes\maps/mape.inc(30867) : warning 240: assigned value is never use
d (symbol "tmpobjid")
d:\UG\gamemodes\maps/mape.inc(30868) : warning 240: assigned value is never use
d (symbol "tmpobjid")
d:\UG\gamemodes\maps/mape.inc(30869) : warning 240: assigned value is never use
d (symbol "tmpobjid")
d:\UG\gamemodes\maps/mape.inc(30870) : warning 240: assigned value is never use
d (symbol "tmpobjid")
d:\UG\gamemodes\maps/mape.inc(30871) : warning 240: assigned value is never use
d (symbol "tmpobjid")
d:\UG\gamemodes\maps/mape.inc(30872) : warning 240: assigned value is never use
d (symbol "tmpobjid")
d:\UG\gamemodes\maps/mape.inc(30873) : warning 240: assigned value is never use
d (symbol "tmpobjid")
d:\UG\gamemodes\maps/mape.inc(30874) : warning 240: assigned value is never use
d (symbol "tmpobjid")
d:\UG\gamemodes\maps/mape.inc(30875) : warning 240: assigned value is never use
d (symbol "tmpobjid")
d:\UG\gamemodes\maps/mape.inc(30876) : warning 240: assigned value is never use
d (symbol "tmpobjid")
d:\UG\gamemodes\maps/mape.inc(30877) : warning 240: assigned value is never use
d (symbol "tmpobjid")
d:\UG\gamemodes\maps/mape.inc(30878) : warning 240: assigned value is never use
d (symbol "tmpobjid")
d:\UG\gamemodes\maps/mape.inc(30879) : warning 240: assigned value is never use
d (symbol "tmpobjid")
d:\UG\gamemodes\maps/mape.inc(30880) : warning 240: assigned value is never use
d (symbol "tmpobjid")
d:\UG\gamemodes\maps/mape.inc(30881) : warning 240: assigned value is never use
d (symbol "tmpobjid")
d:\UG\gamemodes\maps/mape.inc(30882) : warning 240: assigned value is never use
d (symbol "tmpobjid")
d:\UG\gamemodes\maps/mape.inc(30883) : warning 240: assigned value is never use
d (symbol "tmpobjid")
d:\UG\gamemodes\maps/mape.inc(30884) : warning 240: assigned value is never use
d (symbol "tmpobjid")
d:\UG\gamemodes\maps/mape.inc(30885) : warning 240: assigned value is never use
d (symbol "tmpobjid")
d:\UG\gamemodes\maps/mape.inc(30886) : warning 240: assigned value is never use
d (symbol "tmpobjid")
d:\UG\gamemodes\maps/mape.inc(30887) : warning 240: assigned value is never use
d (symbol "tmpobjid")
d:\UG\gamemodes\maps/mape.inc(30888) : warning 240: assigned value is never use
d (symbol "tmpobjid")
d:\UG\gamemodes\maps/mape.inc(30889) : warning 240: assigned value is never use
d (symbol "tmpobjid")
d:\UG\gamemodes\maps/mape.inc(30890) : warning 240: assigned value is never use
d (symbol "tmpobjid")
d:\UG\gamemodes\maps/mape.inc(30891) : warning 240: assigned value is never use
d (symbol "tmpobjid")
d:\UG\gamemodes\maps/mape.inc(30892) : warning 240: assigned value is never use
d (symbol "tmpobjid")
d:\UG\gamemodes\maps/mape.inc(30893) : warning 240: assigned value is never use
d (symbol "tmpobjid")
d:\UG\gamemodes\maps/mape.inc(30894) : warning 240: assigned value is never use
d (symbol "tmpobjid")
d:\UG\gamemodes\maps/mape.inc(30895) : warning 240: assigned value is never use
d (symbol "tmpobjid")
d:\UG\gamemodes\maps/mape.inc(30896) : warning 240: assigned value is never use
d (symbol "tmpobjid")
d:\UG\gamemodes\maps/mape.inc(30897) : warning 240: assigned value is never use
d (symbol "tmpobjid")
d:\UG\gamemodes\maps/mape.inc(30898) : warning 240: assigned value is never use
d (symbol "tmpobjid")
d:\UG\gamemodes\maps/mape.inc(30899) : warning 240: assigned value is never use
d (symbol "tmpobjid")
d:\UG\gamemodes\maps/mape.inc(30900) : warning 240: assigned value is never use
d (symbol "tmpobjid")
d:\UG\gamemodes\maps/mape.inc(30901) : warning 240: assigned value is never use
d (symbol "tmpobjid")
d:\UG\gamemodes\maps/mape.inc(30902) : warning 240: assigned value is never use
d (symbol "tmpobjid")
d:\UG\gamemodes\maps/mape.inc(30903) : warning 240: assigned value is never use
d (symbol "tmpobjid")
d:\UG\gamemodes\maps/mape.inc(30904) : warning 240: assigned value is never use
d (symbol "tmpobjid")
d:\UG\gamemodes\maps/mape.inc(30905) : warning 240: assigned value is never use
d (symbol "tmpobjid")
d:\UG\gamemodes\maps/mape.inc(30906) : warning 240: assigned value is never use
d (symbol "tmpobjid")
d:\UG\gamemodes\maps/mape.inc(30907) : warning 240: assigned value is never use
d (symbol "tmpobjid")
d:\UG\gamemodes\maps/mape.inc(30908) : warning 240: assigned value is never use
d (symbol "tmpobjid")
d:\UG\gamemodes\maps/mape.inc(30909) : warning 240: assigned value is never use
d (symbol "tmpobjid")
d:\UG\gamemodes\maps/mape.inc(30910) : warning 240: assigned value is never use
d (symbol "tmpobjid")
d:\UG\gamemodes\maps/mape.inc(30911) : warning 240: assigned value is never use
d (symbol "tmpobjid")
d:\UG\gamemodes\maps/mape.inc(30912) : warning 240: assigned value is never use
d (symbol "tmpobjid")
d:\UG\gamemodes\maps/mape.inc(30913) : warning 240: assigned value is never use
d (symbol "tmpobjid")
d:\UG\gamemodes\maps/mape.inc(30914) : warning 240: assigned value is never use
d (symbol "tmpobjid")
d:\UG\gamemodes\maps/mape.inc(30915) : warning 240: assigned value is never use
d (symbol "tmpobjid")
d:\UG\gamemodes\maps/mape.inc(30916) : warning 240: assigned value is never use
d (symbol "tmpobjid")
d:\UG\gamemodes\maps/mape.inc(30917) : warning 240: assigned value is never use
d (symbol "tmpobjid")
d:\UG\gamemodes\maps/mape.inc(30918) : warning 240: assigned value is never use
d (symbol "tmpobjid")
d:\UG\gamemodes\maps/mape.inc(30919) : warning 240: assigned value is never use
d (symbol "tmpobjid")
d:\UG\gamemodes\maps/mape.inc(30920) : warning 240: assigned value is never use
d (symbol "tmpobjid")
d:\UG\gamemodes\maps/mape.inc(30921) : warning 240: assigned value is never use
d (symbol "tmpobjid")
d:\UG\gamemodes\maps/mape.inc(30922) : warning 240: assigned value is never use
d (symbol "tmpobjid")
d:\UG\gamemodes\maps/mape.inc(30923) : warning 240: assigned value is never use
d (symbol "tmpobjid")
d:\UG\gamemodes\maps/mape.inc(30924) : warning 240: assigned value is never use
d (symbol "tmpobjid")
d:\UG\gamemodes\maps/mape.inc(30925) : warning 240: assigned value is never use
d (symbol "tmpobjid")
d:\UG\gamemodes\maps/mape.inc(30926) : warning 240: assigned value is never use
d (symbol "tmpobjid")
d:\UG\gamemodes\maps/mape.inc(30927) : warning 240: assigned value is never use
d (symbol "tmpobjid")
d:\UG\gamemodes\maps/mape.inc(30928) : warning 240: assigned value is never use
d (symbol "tmpobjid")
d:\UG\gamemodes\maps/mape.inc(30929) : warning 240: assigned value is never use
d (symbol "tmpobjid")
d:\UG\gamemodes\maps/mape.inc(30930) : warning 240: assigned value is never use
d (symbol "tmpobjid")
d:\UG\gamemodes\maps/mape.inc(30931) : warning 240: assigned value is never use
d (symbol "tmpobjid")
d:\UG\gamemodes\maps/mape.inc(30932) : warning 240: assigned value is never use
d (symbol "tmpobjid")
d:\UG\gamemodes\maps/mape.inc(30933) : warning 240: assigned value is never use
d (symbol "tmpobjid")
d:\UG\gamemodes\maps/mape.inc(30934) : warning 240: assigned value is never use
d (symbol "tmpobjid")
d:\UG\gamemodes\maps/mape.inc(30935) : warning 240: assigned value is never use
d (symbol "tmpobjid")
d:\UG\gamemodes\maps/mape.inc(30936) : warning 240: assigned value is never use
d (symbol "tmpobjid")
d:\UG\gamemodes\maps/mape.inc(30937) : warning 240: assigned value is never use
d (symbol "tmpobjid")
d:\UG\gamemodes\maps/mape.inc(30938) : warning 240: assigned value is never use
d (symbol "tmpobjid")
d:\UG\gamemodes\maps/mape.inc(30939) : warning 240: assigned value is never use
d (symbol "tmpobjid")
d:\UG\gamemodes\maps/mape.inc(30940) : warning 240: assigned value is never use
d (symbol "tmpobjid")
d:\UG\gamemodes\maps/mape.inc(30941) : warning 240: assigned value is never use
d (symbol "tmpobjid")
d:\UG\gamemodes\maps/mape.inc(30942) : warning 240: assigned value is never use
d (symbol "tmpobjid")
d:\UG\gamemodes\maps/mape.inc(30943) : warning 240: assigned value is never use
d (symbol "tmpobjid")
d:\UG\gamemodes\maps/mape.inc(30944) : warning 240: assigned value is never use
d (symbol "tmpobjid")
d:\UG\gamemodes\maps/mape.inc(30945) : warning 240: assigned value is never use
d (symbol "tmpobjid")
d:\UG\gamemodes\maps/mape.inc(30946) : warning 240: assigned value is never use
d (symbol "tmpobjid")
d:\UG\gamemodes\maps/mape.inc(30947) : warning 240: assigned value is never use
d (symbol "tmpobjid")
d:\UG\gamemodes\maps/mape.inc(30948) : warning 240: assigned value is never use
d (symbol "tmpobjid")
d:\UG\gamemodes\maps/mape.inc(30949) : warning 240: assigned value is never use
d (symbol "tmpobjid")
d:\UG\gamemodes\maps/mape.inc(30950) : warning 240: assigned value is never use
d (symbol "tmpobjid")
d:\UG\gamemodes\maps/mape.inc(30951) : warning 240: assigned value is never use
d (symbol "tmpobjid")
d:\UG\gamemodes\maps/mape.inc(30952) : warning 240: assigned value is never use
d (symbol "tmpobjid")
d:\UG\gamemodes\maps/mape.inc(30953) : warning 240: assigned value is never use
d (symbol "tmpobjid")
d:\UG\gamemodes\maps/mape.inc(30954) : warning 240: assigned value is never use
d (symbol "tmpobjid")
d:\UG\gamemodes\maps/mape.inc(30955) : warning 240: assigned value is never use
d (symbol "tmpobjid")
d:\UG\gamemodes\maps/mape.inc(30956) : warning 240: assigned value is never use
d (symbol "tmpobjid")
d:\UG\gamemodes\maps/mape.inc(30957) : warning 240: assigned value is never use
d (symbol "tmpobjid")
d:\UG\gamemodes\maps/mape.inc(30958) : warning 240: assigned value is never use
d (symbol "tmpobjid")
d:\UG\gamemodes\maps/mape.inc(30959) : warning 240: assigned value is never use
d (symbol "tmpobjid")
d:\UG\gamemodes\maps/mape.inc(30960) : warning 240: assigned value is never use
d (symbol "tmpobjid")
d:\UG\gamemodes\maps/mape.inc(30961) : warning 240: assigned value is never use
d (symbol "tmpobjid")
d:\UG\gamemodes\maps/mape.inc(30962) : warning 240: assigned value is never use
d (symbol "tmpobjid")
d:\UG\gamemodes\maps/mape.inc(30963) : warning 240: assigned value is never use
d (symbol "tmpobjid")
d:\UG\gamemodes\maps/mape.inc(30964) : warning 240: assigned value is never use
d (symbol "tmpobjid")
d:\UG\gamemodes\maps/mape.inc(30965) : warning 240: assigned value is never use
d (symbol "tmpobjid")
d:\UG\gamemodes\maps/mape.inc(30966) : warning 240: assigned value is never use
d (symbol "tmpobjid")
d:\UG\gamemodes\maps/mape.inc(30967) : warning 240: assigned value is never use
d (symbol "tmpobjid")
d:\UG\gamemodes\maps/mape.inc(30968) : warning 240: assigned value is never use
d (symbol "tmpobjid")
d:\UG\gamemodes\maps/mape.inc(30969) : warning 240: assigned value is never use
d (symbol "tmpobjid")
d:\UG\gamemodes\maps/mape.inc(30970) : warning 240: assigned value is never use
d (symbol "tmpobjid")
d:\UG\gamemodes\maps/mape.inc(30971) : warning 240: assigned value is never use
d (symbol "tmpobjid")
d:\UG\gamemodes\maps/mape.inc(30972) : warning 240: assigned value is never use
d (symbol "tmpobjid")
d:\UG\gamemodes\maps/mape.inc(30973) : warning 240: assigned value is never use
d (symbol "tmpobjid")
d:\UG\gamemodes\maps/mape.inc(30974) : warning 240: assigned value is never use
d (symbol "tmpobjid")
d:\UG\gamemodes\maps/mape.inc(30975) : warning 240: assigned value is never use
d (symbol "tmpobjid")
d:\UG\gamemodes\maps/mape.inc(30976) : warning 240: assigned value is never use
d (symbol "tmpobjid")
d:\UG\gamemodes\maps/mape.inc(30977) : warning 240: assigned value is never use
d (symbol "tmpobjid")
d:\UG\gamemodes\maps/mape.inc(30978) : warning 240: assigned value is never use
d (symbol "tmpobjid")
d:\UG\gamemodes\maps/mape.inc(30979) : warning 240: assigned value is never use
d (symbol "tmpobjid")
d:\UG\gamemodes\maps/mape.inc(30980) : warning 240: assigned value is never use
d (symbol "tmpobjid")
d:\UG\gamemodes\maps/mape.inc(30981) : warning 240: assigned value is never use
d (symbol "tmpobjid")
d:\UG\gamemodes\maps/mape.inc(30982) : warning 240: assigned value is never use
d (symbol "tmpobjid")
d:\UG\gamemodes\maps/mape.inc(30983) : warning 240: assigned value is never use
d (symbol "tmpobjid")
d:\UG\gamemodes\maps/mape.inc(30984) : warning 240: assigned value is never use
d (symbol "tmpobjid")
d:\UG\gamemodes\maps/mape.inc(30985) : warning 240: assigned value is never use
d (symbol "tmpobjid")
d:\UG\gamemodes\maps/mape.inc(30986) : warning 240: assigned value is never use
d (symbol "tmpobjid")
d:\UG\gamemodes\maps/mape.inc(30987) : warning 240: assigned value is never use
d (symbol "tmpobjid")
d:\UG\gamemodes\maps/mape.inc(30988) : warning 240: assigned value is never use
d (symbol "tmpobjid")
d:\UG\gamemodes\maps/mape.inc(30989) : warning 240: assigned value is never use
d (symbol "tmpobjid")
d:\UG\gamemodes\maps/mape.inc(30990) : warning 240: assigned value is never use
d (symbol "tmpobjid")
d:\UG\gamemodes\maps/mape.inc(30991) : warning 240: assigned value is never use
d (symbol "tmpobjid")
d:\UG\gamemodes\maps/mape.inc(30992) : warning 240: assigned value is never use
d (symbol "tmpobjid")
d:\UG\gamemodes\maps/mape.inc(30993) : warning 240: assigned value is never use
d (symbol "tmpobjid")
d:\UG\gamemodes\maps/mape.inc(30994) : warning 240: assigned value is never use
d (symbol "tmpobjid")
d:\UG\gamemodes\maps/mape.inc(30995) : warning 240: assigned value is never use
d (symbol "tmpobjid")
d:\UG\gamemodes\maps/mape.inc(30996) : warning 240: assigned value is never use
d (symbol "tmpobjid")
d:\UG\gamemodes\maps/mape.inc(30997) : warning 240: assigned value is never use
d (symbol "tmpobjid")
d:\UG\gamemodes\maps/mape.inc(30998) : warning 240: assigned value is never use
d (symbol "tmpobjid")
d:\UG\gamemodes\maps/mape.inc(30999) : warning 240: assigned value is never use
d (symbol "tmpobjid")
d:\UG\gamemodes\maps/mape.inc(31000) : warning 240: assigned value is never use
d (symbol "tmpobjid")
d:\UG\gamemodes\maps/mape.inc(31001) : warning 240: assigned value is never use
d (symbol "tmpobjid")
d:\UG\gamemodes\maps/mape.inc(31002) : warning 240: assigned value is never use
d (symbol "tmpobjid")
d:\UG\gamemodes\maps/mape.inc(31003) : warning 240: assigned value is never use
d (symbol "tmpobjid")
d:\UG\gamemodes\maps/mape.inc(31004) : warning 240: assigned value is never use
d (symbol "tmpobjid")
d:\UG\gamemodes\maps/mape.inc(31005) : warning 240: assigned value is never use
d (symbol "tmpobjid")
d:\UG\gamemodes\maps/mape.inc(31006) : warning 240: assigned value is never use
d (symbol "tmpobjid")
d:\UG\gamemodes\maps/mape.inc(31007) : warning 240: assigned value is never use
d (symbol "tmpobjid")
d:\UG\gamemodes\maps/mape.inc(31008) : warning 240: assigned value is never use
d (symbol "tmpobjid")
d:\UG\gamemodes\maps/mape.inc(31009) : warning 240: assigned value is never use
d (symbol "tmpobjid")
d:\UG\gamemodes\maps/mape.inc(31010) : warning 240: assigned value is never use
d (symbol "tmpobjid")
d:\UG\gamemodes\maps/mape.inc(31011) : warning 240: assigned value is never use
d (symbol "tmpobjid")
d:\UG\gamemodes\maps/mape.inc(31012) : warning 240: assigned value is never use
d (symbol "tmpobjid")
d:\UG\gamemodes\maps/mape.inc(31013) : warning 240: assigned value is never use
d (symbol "tmpobjid")
d:\UG\gamemodes\maps/mape.inc(31014) : warning 240: assigned value is never use
d (symbol "tmpobjid")
d:\UG\gamemodes\maps/mape.inc(31015) : warning 240: assigned value is never use
d (symbol "tmpobjid")
d:\UG\gamemodes\maps/mape.inc(31016) : warning 240: assigned value is never use
d (symbol "tmpobjid")
d:\UG\gamemodes\maps/mape.inc(31017) : warning 240: assigned value is never use
d (symbol "tmpobjid")
d:\UG\gamemodes\maps/mape.inc(31018) : warning 240: assigned value is never use
d (symbol "tmpobjid")
d:\UG\gamemodes\maps/mape.inc(31019) : warning 240: assigned value is never use
d (symbol "tmpobjid")
d:\UG\gamemodes\maps/mape.inc(31020) : warning 240: assigned value is never use
d (symbol "tmpobjid")
d:\UG\gamemodes\maps/mape.inc(31021) : warning 240: assigned value is never use
d (symbol "tmpobjid")
d:\UG\gamemodes\maps/mape.inc(31022) : warning 240: assigned value is never use
d (symbol "tmpobjid")
d:\UG\gamemodes\maps/mape.inc(31023) : warning 240: assigned value is never use
d (symbol "tmpobjid")
d:\UG\gamemodes\maps/mape.inc(31024) : warning 240: assigned value is never use
d (symbol "tmpobjid")
d:\UG\gamemodes\maps/mape.inc(31025) : warning 240: assigned value is never use
d (symbol "tmpobjid")
d:\UG\gamemodes\maps/mape.inc(31026) : warning 240: assigned value is never use
d (symbol "tmpobjid")
d:\UG\gamemodes\maps/mape.inc(31027) : warning 240: assigned value is never use
d (symbol "tmpobjid")
d:\UG\gamemodes\maps/mape.inc(31028) : warning 240: assigned value is never use
d (symbol "tmpobjid")
d:\UG\gamemodes\maps/mape.inc(31029) : warning 240: assigned value is never use
d (symbol "tmpobjid")
d:\UG\gamemodes\maps/mape.inc(31030) : warning 240: assigned value is never use
d (symbol "tmpobjid")
d:\UG\gamemodes\maps/mape.inc(31031) : warning 240: assigned value is never use
d (symbol "tmpobjid")
d:\UG\gamemodes\maps/mape.inc(31032) : warning 240: assigned value is never use
d (symbol "tmpobjid")
d:\UG\gamemodes\maps/mape.inc(31033) : warning 240: assigned value is never use
d (symbol "tmpobjid")
d:\UG\gamemodes\maps/mape.inc(31034) : warning 240: assigned value is never use
d (symbol "tmpobjid")
d:\UG\gamemodes\maps/mape.inc(31035) : warning 240: assigned value is never use
d (symbol "tmpobjid")
d:\UG\gamemodes\maps/mape.inc(31036) : warning 240: assigned value is never use
d (symbol "tmpobjid")
d:\UG\gamemodes\maps/mape.inc(31037) : warning 240: assigned value is never use
d (symbol "tmpobjid")
d:\UG\gamemodes\maps/mape.inc(31038) : warning 240: assigned value is never use
d (symbol "tmpobjid")
d:\UG\gamemodes\maps/mape.inc(31039) : warning 240: assigned value is never use
d (symbol "tmpobjid")
d:\UG\gamemodes\maps/mape.inc(31040) : warning 240: assigned value is never use
d (symbol "tmpobjid")
d:\UG\gamemodes\maps/mape.inc(31041) : warning 240: assigned value is never use
d (symbol "tmpobjid")
d:\UG\gamemodes\maps/mape.inc(31042) : warning 240: assigned value is never use
d (symbol "tmpobjid")
d:\UG\gamemodes\maps/mape.inc(31043) : warning 240: assigned value is never use
d (symbol "tmpobjid")
d:\UG\gamemodes\maps/mape.inc(31044) : warning 240: assigned value is never use
d (symbol "tmpobjid")
d:\UG\gamemodes\maps/mape.inc(31045) : warning 240: assigned value is never use
d (symbol "tmpobjid")
d:\UG\gamemodes\maps/mape.inc(31046) : warning 240: assigned value is never use
d (symbol "tmpobjid")
d:\UG\gamemodes\maps/mape.inc(31047) : warning 240: assigned value is never use
d (symbol "tmpobjid")
d:\UG\gamemodes\maps/mape.inc(31048) : warning 240: assigned value is never use
d (symbol "tmpobjid")
d:\UG\gamemodes\maps/mape.inc(31049) : warning 240: assigned value is never use
d (symbol "tmpobjid")
d:\UG\gamemodes\maps/mape.inc(31050) : warning 240: assigned value is never use
d (symbol "tmpobjid")
d:\UG\gamemodes\maps/mape.inc(31051) : warning 240: assigned value is never use
d (symbol "tmpobjid")
d:\UG\gamemodes\maps/mape.inc(31052) : warning 240: assigned value is never use
d (symbol "tmpobjid")
d:\UG\gamemodes\maps/mape.inc(31193) : warning 240: assigned value is never use
d (symbol "tmpobjid")
d:\UG\gamemodes\maps/mape.inc(31194) : warning 240: assigned value is never use
d (symbol "tmpobjid")
d:\UG\gamemodes\maps/mape.inc(31195) : warning 240: assigned value is never use
d (symbol "tmpobjid")
d:\UG\gamemodes\maps/mape.inc(31196) : warning 240: assigned value is never use
d (symbol "tmpobjid")
d:\UG\gamemodes\maps/mape.inc(31197) : warning 240: assigned value is never use
d (symbol "tmpobjid")
d:\UG\gamemodes\maps/mape.inc(31198) : warning 240: assigned value is never use
d (symbol "tmpobjid")
d:\UG\gamemodes\maps/mape.inc(31199) : warning 240: assigned value is never use
d (symbol "tmpobjid")
d:\UG\gamemodes\maps/mape.inc(31200) : warning 240: assigned value is never use
d (symbol "tmpobjid")
d:\UG\gamemodes\maps/mape.inc(31201) : warning 240: assigned value is never use
d (symbol "tmpobjid")
d:\UG\gamemodes\maps/mape.inc(31202) : warning 240: assigned value is never use
d (symbol "tmpobjid")
d:\UG\gamemodes\maps/mape.inc(31203) : warning 240: assigned value is never use
d (symbol "tmpobjid")
d:\UG\gamemodes\maps/mape.inc(31204) : warning 240: assigned value is never use
d (symbol "tmpobjid")
d:\UG\gamemodes\maps/mape.inc(31205) : warning 240: assigned value is never use
d (symbol "tmpobjid")
d:\UG\gamemodes\maps/mape.inc(31206) : warning 240: assigned value is never use
d (symbol "tmpobjid")
d:\UG\gamemodes\maps/mape.inc(31207) : warning 240: assigned value is never use
d (symbol "tmpobjid")
d:\UG\gamemodes\maps/mape.inc(31208) : warning 240: assigned value is never use
d (symbol "tmpobjid")
d:\UG\gamemodes\maps/mape.inc(31209) : warning 240: assigned value is never use
d (symbol "tmpobjid")
d:\UG\gamemodes\maps/mape.inc(31210) : warning 240: assigned value is never use
d (symbol "tmpobjid")
d:\UG\gamemodes\maps/mape.inc(31211) : warning 240: assigned value is never use
d (symbol "tmpobjid")
d:\UG\gamemodes\maps/mape.inc(31212) : warning 240: assigned value is never use
d (symbol "tmpobjid")
d:\UG\gamemodes\maps/mape.inc(31213) : warning 240: assigned value is never use
d (symbol "tmpobjid")
d:\UG\gamemodes\maps/mape.inc(31214) : warning 240: assigned value is never use
d (symbol "tmpobjid")
d:\UG\gamemodes\maps/mape.inc(31215) : warning 240: assigned value is never use
d (symbol "tmpobjid")
d:\UG\gamemodes\maps/mape.inc(31216) : warning 240: assigned value is never use
d (symbol "tmpobjid")
d:\UG\gamemodes\maps/mape.inc(31217) : warning 240: assigned value is never use
d (symbol "tmpobjid")
d:\UG\gamemodes\maps/mape.inc(31218) : warning 240: assigned value is never use
d (symbol "tmpobjid")
d:\UG\gamemodes\maps/mape.inc(31219) : warning 240: assigned value is never use
d (symbol "tmpobjid")
d:\UG\gamemodes\maps/mape.inc(31220) : warning 240: assigned value is never use
d (symbol "tmpobjid")
d:\UG\gamemodes\maps/mape.inc(31374) : warning 240: assigned value is never use
d (symbol "raceObject")
d:\UG\gamemodes\maps/mape.inc(31375) : warning 240: assigned value is never use
d (symbol "raceObject")
d:\UG\gamemodes\maps/mape.inc(31221) : warning 240: assigned value is never use
d (symbol "tmpobjid")
d:\UG\gamemodes\maps/mape.inc(31774) : warning 240: assigned value is never use
d (symbol "tmpobjid")
d:\UG\gamemodes\maps/mape.inc(31775) : warning 240: assigned value is never use
d (symbol "tmpobjid")
d:\UG\gamemodes\maps/mape.inc(31776) : warning 240: assigned value is never use
d (symbol "tmpobjid")
d:\UG\gamemodes\maps/mape.inc(31777) : warning 240: assigned value is never use
d (symbol "tmpobjid")
d:\UG\gamemodes\maps/mape.inc(31778) : warning 240: assigned value is never use
d (symbol "tmpobjid")
d:\UG\gamemodes\maps/mape.inc(31779) : warning 240: assigned value is never use
d (symbol "tmpobjid")
d:\UG\gamemodes\maps/mape.inc(31780) : warning 240: assigned value is never use
d (symbol "tmpobjid")
d:\UG\gamemodes\maps/mape.inc(31781) : warning 240: assigned value is never use
d (symbol "tmpobjid")
d:\UG\gamemodes\maps/mape.inc(31782) : warning 240: assigned value is never use
d (symbol "tmpobjid")
d:\UG\gamemodes\maps/mape.inc(31783) : warning 240: assigned value is never use
d (symbol "tmpobjid")
d:\UG\gamemodes\maps/mape.inc(31784) : warning 240: assigned value is never use
d (symbol "tmpobjid")
d:\UG\gamemodes\maps/mape.inc(31785) : warning 240: assigned value is never use
d (symbol "tmpobjid")
d:\UG\gamemodes\maps/mape.inc(31786) : warning 240: assigned value is never use
d (symbol "tmpobjid")
d:\UG\gamemodes\maps/mape.inc(31787) : warning 240: assigned value is never use
d (symbol "tmpobjid")
d:\UG\gamemodes\maps/mape.inc(31788) : warning 240: assigned value is never use
d (symbol "tmpobjid")
d:\UG\gamemodes\maps/mape.inc(31789) : warning 240: assigned value is never use
d (symbol "tmpobjid")
d:\UG\gamemodes\maps/mape.inc(31790) : warning 240: assigned value is never use
d (symbol "tmpobjid")
d:\UG\gamemodes\maps/mape.inc(31791) : warning 240: assigned value is never use
d (symbol "tmpobjid")
d:\UG\gamemodes\maps/mape.inc(31792) : warning 240: assigned value is never use
d (symbol "tmpobjid")
d:\UG\gamemodes\maps/mape.inc(31793) : warning 240: assigned value is never use
d (symbol "tmpobjid")
d:\UG\gamemodes\maps/mape.inc(31794) : warning 240: assigned value is never use
d (symbol "tmpobjid")
d:\UG\gamemodes\maps/mape.inc(31795) : warning 240: assigned value is never use
d (symbol "tmpobjid")
d:\UG\gamemodes\maps/mape.inc(31796) : warning 240: assigned value is never use
d (symbol "tmpobjid")
d:\UG\gamemodes\maps/mape.inc(31797) : warning 240: assigned value is never use
d (symbol "tmpobjid")
d:\UG\gamemodes\maps/mape.inc(31798) : warning 240: assigned value is never use
d (symbol "tmpobjid")
d:\UG\gamemodes\maps/mape.inc(31799) : warning 240: assigned value is never use
d (symbol "tmpobjid")
d:\UG\gamemodes\maps/mape.inc(31800) : warning 240: assigned value is never use
d (symbol "tmpobjid")
d:\UG\gamemodes\maps/mape.inc(31801) : warning 240: assigned value is never use
d (symbol "tmpobjid")
d:\UG\gamemodes\maps/mape.inc(31802) : warning 240: assigned value is never use
d (symbol "tmpobjid")
d:\UG\gamemodes\maps/mape.inc(32778) : warning 240: assigned value is never use
d (symbol "tmpobjid")
d:\UG\gamemodes\maps/mape.inc(32779) : warning 240: assigned value is never use
d (symbol "tmpobjid")
d:\UG\gamemodes\maps/mape.inc(32780) : warning 240: assigned value is never use
d (symbol "tmpobjid")
d:\UG\gamemodes\maps/mape.inc(33130) : warning 240: assigned value is never use
d (symbol "tmpobjid")
d:\UG\gamemodes\maps/mape.inc(33131) : warning 240: assigned value is never use
d (symbol "tmpobjid")
d:\UG\gamemodes\maps/mape.inc(33132) : warning 240: assigned value is never use
d (symbol "tmpobjid")
d:\UG\gamemodes\maps/mape.inc(33133) : warning 240: assigned value is never use
d (symbol "tmpobjid")
d:\UG\gamemodes\maps/mape.inc(33134) : warning 240: assigned value is never use
d (symbol "tmpobjid")
d:\UG\gamemodes\maps/mape.inc(33135) : warning 240: assigned value is never use
d (symbol "tmpobjid")
d:\UG\gamemodes\maps/mape.inc(33136) : warning 240: assigned value is never use
d (symbol "tmpobjid")
d:\UG\gamemodes\maps/mape.inc(33137) : warning 240: assigned value is never use
d (symbol "tmpobjid")
d:\UG\gamemodes\maps/mape.inc(33138) : warning 240: assigned value is never use
d (symbol "tmpobjid")
d:\UG\gamemodes\maps/mape.inc(33139) : warning 240: assigned value is never use
d (symbol "tmpobjid")
d:\UG\gamemodes\maps/mape.inc(33140) : warning 240: assigned value is never use
d (symbol "tmpobjid")
d:\UG\gamemodes\maps/mape.inc(33141) : warning 240: assigned value is never use
d (symbol "tmpobjid")
d:\UG\gamemodes\maps/mape.inc(33142) : warning 240: assigned value is never use
d (symbol "tmpobjid")
d:\UG\gamemodes\maps/mape.inc(33143) : warning 240: assigned value is never use
d (symbol "tmpobjid")
d:\UG\gamemodes\maps/mape.inc(33144) : warning 240: assigned value is never use
d (symbol "tmpobjid")
d:\UG\gamemodes\maps/mape.inc(33145) : warning 240: assigned value is never use
d (symbol "tmpobjid")
d:\UG\gamemodes\maps/mape.inc(33146) : warning 240: assigned value is never use
d (symbol "tmpobjid")
d:\UG\gamemodes\maps/mape.inc(33147) : warning 240: assigned value is never use
d (symbol "tmpobjid")
d:\UG\gamemodes\maps/mape.inc(33148) : warning 240: assigned value is never use
d (symbol "tmpobjid")
d:\UG\gamemodes\maps/mape.inc(33149) : warning 240: assigned value is never use
d (symbol "tmpobjid")
d:\UG\gamemodes\maps/mape.inc(33150) : warning 240: assigned value is never use
d (symbol "tmpobjid")
d:\UG\gamemodes\maps/mape.inc(33151) : warning 240: assigned value is never use
d (symbol "tmpobjid")
d:\UG\gamemodes\maps/mape.inc(33152) : warning 240: assigned value is never use
d (symbol "tmpobjid")
d:\UG\gamemodes\maps/mape.inc(33153) : warning 240: assigned value is never use
d (symbol "tmpobjid")
d:\UG\gamemodes\maps/mape.inc(33154) : warning 240: assigned value is never use
d (symbol "tmpobjid")
d:\UG\gamemodes\maps/mape.inc(33155) : warning 240: assigned value is never use
d (symbol "tmpobjid")
d:\UG\gamemodes\maps/mape.inc(33156) : warning 240: assigned value is never use
d (symbol "tmpobjid")
d:\UG\gamemodes\maps/mape.inc(33157) : warning 240: assigned value is never use
d (symbol "tmpobjid")
d:\UG\gamemodes\maps/mape.inc(33158) : warning 240: assigned value is never use
d (symbol "tmpobjid")
d:\UG\gamemodes\maps/mape.inc(33159) : warning 240: assigned value is never use
d (symbol "tmpobjid")
d:\UG\gamemodes\maps/mape.inc(33160) : warning 240: assigned value is never use
d (symbol "tmpobjid")
d:\UG\gamemodes\maps/mape.inc(33161) : warning 240: assigned value is never use
d (symbol "tmpobjid")
d:\UG\gamemodes\maps/mape.inc(33162) : warning 240: assigned value is never use
d (symbol "tmpobjid")
d:\UG\gamemodes\maps/mape.inc(33163) : warning 240: assigned value is never use
d (symbol "tmpobjid")
d:\UG\gamemodes\maps/mape.inc(33164) : warning 240: assigned value is never use
d (symbol "tmpobjid")
d:\UG\gamemodes\maps/mape.inc(33165) : warning 240: assigned value is never use
d (symbol "tmpobjid")
d:\UG\gamemodes\maps/mape.inc(33166) : warning 240: assigned value is never use
d (symbol "tmpobjid")
d:\UG\gamemodes\maps/mape.inc(33167) : warning 240: assigned value is never use
d (symbol "tmpobjid")
d:\UG\gamemodes\maps/mape.inc(33168) : warning 240: assigned value is never use
d (symbol "tmpobjid")
d:\UG\gamemodes\maps/mape.inc(33169) : warning 240: assigned value is never use
d (symbol "tmpobjid")
d:\UG\gamemodes\maps/mape.inc(33170) : warning 240: assigned value is never use
d (symbol "tmpobjid")
d:\UG\gamemodes\maps/mape.inc(33171) : warning 240: assigned value is never use
d (symbol "tmpobjid")
d:\UG\gamemodes\maps/mape.inc(33172) : warning 240: assigned value is never use
d (symbol "tmpobjid")
d:\UG\gamemodes\maps/mape.inc(33173) : warning 240: assigned value is never use
d (symbol "tmpobjid")
d:\UG\gamemodes\maps/mape.inc(33174) : warning 240: assigned value is never use
d (symbol "tmpobjid")
d:\UG\gamemodes\maps/mape.inc(33175) : warning 240: assigned value is never use
d (symbol "tmpobjid")
d:\UG\gamemodes\maps/mape.inc(33176) : warning 240: assigned value is never use
d (symbol "tmpobjid")
d:\UG\gamemodes\maps/mape.inc(33177) : warning 240: assigned value is never use
d (symbol "tmpobjid")
d:\UG\gamemodes\maps/mape.inc(33178) : warning 240: assigned value is never use
d (symbol "tmpobjid")
d:\UG\gamemodes\maps/mape.inc(33179) : warning 240: assigned value is never use
d (symbol "tmpobjid")
d:\UG\gamemodes\maps/mape.inc(33180) : warning 240: assigned value is never use
d (symbol "tmpobjid")
d:\UG\gamemodes\maps/mape.inc(33181) : warning 240: assigned value is never use
d (symbol "tmpobjid")
d:\UG\gamemodes\maps/mape.inc(33182) : warning 240: assigned value is never use
d (symbol "tmpobjid")
d:\UG\gamemodes\maps/mape.inc(33183) : warning 240: assigned value is never use
d (symbol "tmpobjid")
d:\UG\gamemodes\maps/mape.inc(33184) : warning 240: assigned value is never use
d (symbol "tmpobjid")
d:\UG\gamemodes\maps/mape.inc(33185) : warning 240: assigned value is never use
d (symbol "tmpobjid")
d:\UG\gamemodes\maps/mape.inc(33186) : warning 240: assigned value is never use
d (symbol "tmpobjid")
d:\UG\gamemodes\maps/mape.inc(33187) : warning 240: assigned value is never use
d (symbol "tmpobjid")
d:\UG\gamemodes\maps/mape.inc(33188) : warning 240: assigned value is never use
d (symbol "tmpobjid")
d:\UG\gamemodes\maps/mape.inc(33189) : warning 240: assigned value is never use
d (symbol "tmpobjid")
d:\UG\gamemodes\maps/mape.inc(33190) : warning 240: assigned value is never use
d (symbol "tmpobjid")
d:\UG\gamemodes\maps/mape.inc(33191) : warning 240: assigned value is never use
d (symbol "tmpobjid")
d:\UG\gamemodes\maps/mape.inc(33192) : warning 240: assigned value is never use
d (symbol "tmpobjid")
d:\UG\gamemodes\maps/mape.inc(33193) : warning 240: assigned value is never use
d (symbol "tmpobjid")
d:\UG\gamemodes\maps/mape.inc(33194) : warning 240: assigned value is never use
d (symbol "tmpobjid")
d:\UG\gamemodes\maps/mape.inc(33195) : warning 240: assigned value is never use
d (symbol "tmpobjid")
d:\UG\gamemodes\maps/mape.inc(33196) : warning 240: assigned value is never use
d (symbol "tmpobjid")
d:\UG\gamemodes\maps/mape.inc(33197) : warning 240: assigned value is never use
d (symbol "tmpobjid")
d:\UG\gamemodes\maps/mape.inc(33198) : warning 240: assigned value is never use
d (symbol "tmpobjid")
d:\UG\gamemodes\maps/mape.inc(33199) : warning 240: assigned value is never use
d (symbol "tmpobjid")
d:\UG\gamemodes\maps/mape.inc(33200) : warning 240: assigned value is never use
d (symbol "tmpobjid")
d:\UG\gamemodes\maps/mape.inc(33201) : warning 240: assigned value is never use
d (symbol "tmpobjid")
d:\UG\gamemodes\maps/mape.inc(33202) : warning 240: assigned value is never use
d (symbol "tmpobjid")
d:\UG\gamemodes\maps/mape.inc(33203) : warning 240: assigned value is never use
d (symbol "tmpobjid")
d:\UG\gamemodes\maps/mape.inc(33204) : warning 240: assigned value is never use
d (symbol "tmpobjid")
d:\UG\gamemodes\maps/mape.inc(33205) : warning 240: assigned value is never use
d (symbol "tmpobjid")
d:\UG\gamemodes\maps/mape.inc(33206) : warning 240: assigned value is never use
d (symbol "tmpobjid")
d:\UG\gamemodes\maps/mape.inc(33207) : warning 240: assigned value is never use
d (symbol "tmpobjid")
d:\UG\gamemodes\maps/mape.inc(33208) : warning 240: assigned value is never use
d (symbol "tmpobjid")
d:\UG\gamemodes\maps/mape.inc(33209) : warning 240: assigned value is never use
d (symbol "tmpobjid")
d:\UG\gamemodes\maps/mape.inc(33210) : warning 240: assigned value is never use
d (symbol "tmpobjid")
d:\UG\gamemodes\maps/mape.inc(33211) : warning 240: assigned value is never use
d (symbol "tmpobjid")
d:\UG\gamemodes\maps/mape.inc(33212) : warning 240: assigned value is never use
d (symbol "tmpobjid")
d:\UG\gamemodes\maps/mape.inc(33213) : warning 240: assigned value is never use
d (symbol "tmpobjid")
d:\UG\gamemodes\maps/mape.inc(33214) : warning 240: assigned value is never use
d (symbol "tmpobjid")
d:\UG\gamemodes\maps/mape.inc(33215) : warning 240: assigned value is never use
d (symbol "tmpobjid")
d:\UG\gamemodes\maps/mape.inc(33216) : warning 240: assigned value is never use
d (symbol "tmpobjid")
d:\UG\gamemodes\maps/mape.inc(33217) : warning 240: assigned value is never use
d (symbol "tmpobjid")
d:\UG\gamemodes\maps/mape.inc(33218) : warning 240: assigned value is never use
d (symbol "tmpobjid")
d:\UG\gamemodes\maps/mape.inc(33219) : warning 240: assigned value is never use
d (symbol "tmpobjid")
d:\UG\gamemodes\maps/mape.inc(33220) : warning 240: assigned value is never use
d (symbol "tmpobjid")
d:\UG\gamemodes\maps/mape.inc(33791) : warning 240: assigned value is never use
d (symbol "tmpobjid")
d:\UG\gamemodes\maps/mape.inc(33792) : warning 240: assigned value is never use
d (symbol "tmpobjid")
d:\UG\gamemodes\maps/mape.inc(33793) : warning 240: assigned value is never use
d (symbol "tmpobjid")
d:\UG\gamemodes\maps/mape.inc(33794) : warning 240: assigned value is never use
d (symbol "tmpobjid")
d:\UG\gamemodes\maps/mape.inc(33795) : warning 240: assigned value is never use
d (symbol "tmpobjid")
d:\UG\gamemodes\maps/mape.inc(33796) : warning 240: assigned value is never use
d (symbol "tmpobjid")
d:\UG\gamemodes\maps/mape.inc(33797) : warning 240: assigned value is never use
d (symbol "tmpobjid")
d:\UG\gamemodes\maps/mape.inc(33798) : warning 240: assigned value is never use
d (symbol "tmpobjid")
d:\UG\gamemodes\maps/mape.inc(33799) : warning 240: assigned value is never use
d (symbol "tmpobjid")
d:\UG\gamemodes\maps/mape.inc(33800) : warning 240: assigned value is never use
d (symbol "tmpobjid")
d:\UG\gamemodes\maps/mape.inc(33801) : warning 240: assigned value is never use
d (symbol "tmpobjid")
d:\UG\gamemodes\maps/mape.inc(33802) : warning 240: assigned value is never use
d (symbol "tmpobjid")
d:\UG\gamemodes\maps/mape.inc(33803) : warning 240: assigned value is never use
d (symbol "tmpobjid")
d:\UG\gamemodes\maps/mape.inc(33804) : warning 240: assigned value is never use
d (symbol "tmpobjid")
d:\UG\gamemodes\maps/mape.inc(33805) : warning 240: assigned value is never use
d (symbol "tmpobjid")
d:\UG\gamemodes\maps/mape.inc(33806) : warning 240: assigned value is never use
d (symbol "tmpobjid")
d:\UG\gamemodes\maps/mape.inc(33807) : warning 240: assigned value is never use
d (symbol "tmpobjid")
d:\UG\gamemodes\maps/mape.inc(33808) : warning 240: assigned value is never use
d (symbol "tmpobjid")
d:\UG\gamemodes\maps/mape.inc(33809) : warning 240: assigned value is never use
d (symbol "tmpobjid")
d:\UG\gamemodes\maps/mape.inc(33810) : warning 240: assigned value is never use
d (symbol "tmpobjid")
d:\UG\gamemodes\maps/mape.inc(33811) : warning 240: assigned value is never use
d (symbol "tmpobjid")
d:\UG\gamemodes\maps/mape.inc(33812) : warning 240: assigned value is never use
d (symbol "tmpobjid")
d:\UG\gamemodes\maps/mape.inc(33813) : warning 240: assigned value is never use
d (symbol "tmpobjid")
d:\UG\gamemodes\maps/mape.inc(33814) : warning 240: assigned value is never use
d (symbol "tmpobjid")
d:\UG\gamemodes\maps/mape.inc(33815) : warning 240: assigned value is never use
d (symbol "tmpobjid")
d:\UG\gamemodes\maps/mape.inc(33816) : warning 240: assigned value is never use
d (symbol "tmpobjid")
d:\UG\gamemodes\maps/mape.inc(33817) : warning 240: assigned value is never use
d (symbol "tmpobjid")
d:\UG\gamemodes\maps/mape.inc(33818) : warning 240: assigned value is never use
d (symbol "tmpobjid")
d:\UG\gamemodes\maps/mape.inc(33819) : warning 240: assigned value is never use
d (symbol "tmpobjid")
d:\UG\gamemodes\maps/mape.inc(33820) : warning 240: assigned value is never use
d (symbol "tmpobjid")
d:\UG\gamemodes\maps/mape.inc(33821) : warning 240: assigned value is never use
d (symbol "tmpobjid")
d:\UG\gamemodes\maps/mape.inc(33822) : warning 240: assigned value is never use
d (symbol "tmpobjid")
d:\UG\gamemodes\maps/mape.inc(33823) : warning 240: assigned value is never use
d (symbol "tmpobjid")
d:\UG\gamemodes\maps/mape.inc(33824) : warning 240: assigned value is never use
d (symbol "tmpobjid")
d:\UG\gamemodes\maps/mape.inc(33825) : warning 240: assigned value is never use
d (symbol "tmpobjid")
d:\UG\gamemodes\maps/mape.inc(33826) : warning 240: assigned value is never use
d (symbol "tmpobjid")
d:\UG\gamemodes\maps/mape.inc(33827) : warning 240: assigned value is never use
d (symbol "tmpobjid")
d:\UG\gamemodes\maps/mape.inc(33828) : warning 240: assigned value is never use
d (symbol "tmpobjid")
d:\UG\gamemodes\maps/mape.inc(33829) : warning 240: assigned value is never use
d (symbol "tmpobjid")
d:\UG\gamemodes\maps/mape.inc(33830) : warning 240: assigned value is never use
d (symbol "tmpobjid")
d:\UG\gamemodes\maps/mape.inc(33831) : warning 240: assigned value is never use
d (symbol "tmpobjid")
d:\UG\gamemodes\maps/mape.inc(33832) : warning 240: assigned value is never use
d (symbol "tmpobjid")
d:\UG\gamemodes\maps/mape.inc(33833) : warning 240: assigned value is never use
d (symbol "tmpobjid")
d:\UG\gamemodes\maps/mape.inc(33834) : warning 240: assigned value is never use
d (symbol "tmpobjid")
d:\UG\gamemodes\maps/mape.inc(33835) : warning 240: assigned value is never use
d (symbol "tmpobjid")
d:\UG\gamemodes\maps/mape.inc(33836) : warning 240: assigned value is never use
d (symbol "tmpobjid")
d:\UG\gamemodes\maps/mape.inc(33837) : warning 240: assigned value is never use
d (symbol "tmpobjid")
d:\UG\gamemodes\maps/mape.inc(33838) : warning 240: assigned value is never use
d (symbol "tmpobjid")
d:\UG\gamemodes\maps/mape.inc(33839) : warning 240: assigned value is never use
d (symbol "tmpobjid")
d:\UG\gamemodes\maps/mape.inc(33840) : warning 240: assigned value is never use
d (symbol "tmpobjid")
d:\UG\gamemodes\maps/mape.inc(33841) : warning 240: assigned value is never use
d (symbol "tmpobjid")
d:\UG\gamemodes\maps/mape.inc(33842) : warning 240: assigned value is never use
d (symbol "tmpobjid")
d:\UG\gamemodes\maps/mape.inc(33843) : warning 240: assigned value is never use
d (symbol "tmpobjid")
d:\UG\gamemodes\maps/mape.inc(33844) : warning 240: assigned value is never use
d (symbol "tmpobjid")
d:\UG\gamemodes\maps/mape.inc(33845) : warning 240: assigned value is never use
d (symbol "tmpobjid")
d:\UG\gamemodes\maps/mape.inc(33846) : warning 240: assigned value is never use
d (symbol "tmpobjid")
d:\UG\gamemodes\maps/mape.inc(33847) : warning 240: assigned value is never use
d (symbol "tmpobjid")
d:\UG\gamemodes\maps/mape.inc(33848) : warning 240: assigned value is never use
d (symbol "tmpobjid")
d:\UG\gamemodes\maps/mape.inc(33849) : warning 240: assigned value is never use
d (symbol "tmpobjid")
d:\UG\gamemodes\maps/mape.inc(33850) : warning 240: assigned value is never use
d (symbol "tmpobjid")
d:\UG\gamemodes\maps/mape.inc(33851) : warning 240: assigned value is never use
d (symbol "tmpobjid")
d:\UG\gamemodes\maps/mape.inc(33852) : warning 240: assigned value is never use
d (symbol "tmpobjid")
d:\UG\gamemodes\maps/mape.inc(33853) : warning 240: assigned value is never use
d (symbol "tmpobjid")
d:\UG\gamemodes\maps/mape.inc(33854) : warning 240: assigned value is never use
d (symbol "tmpobjid")
d:\UG\gamemodes\maps/mape.inc(33855) : warning 240: assigned value is never use
d (symbol "tmpobjid")
d:\UG\gamemodes\maps/mape.inc(33856) : warning 240: assigned value is never use
d (symbol "tmpobjid")
d:\UG\gamemodes\maps/mape.inc(33857) : warning 240: assigned value is never use
d (symbol "tmpobjid")
d:\UG\gamemodes\maps/mape.inc(33858) : warning 240: assigned value is never use
d (symbol "tmpobjid")
d:\UG\gamemodes\maps/mape.inc(33859) : warning 240: assigned value is never use
d (symbol "tmpobjid")
d:\UG\gamemodes\maps/mape.inc(33860) : warning 240: assigned value is never use
d (symbol "tmpobjid")
d:\UG\gamemodes\maps/mape.inc(33861) : warning 240: assigned value is never use
d (symbol "tmpobjid")
d:\UG\gamemodes\maps/mape.inc(33862) : warning 240: assigned value is never use
d (symbol "tmpobjid")
d:\UG\gamemodes\maps/mape.inc(33863) : warning 240: assigned value is never use
d (symbol "tmpobjid")
d:\UG\gamemodes\maps/mape.inc(33864) : warning 240: assigned value is never use
d (symbol "tmpobjid")
d:\UG\gamemodes\maps/mape.inc(33865) : warning 240: assigned value is never use
d (symbol "tmpobjid")
d:\UG\gamemodes\maps/mape.inc(33866) : warning 240: assigned value is never use
d (symbol "tmpobjid")
d:\UG\gamemodes\maps/mape.inc(33867) : warning 240: assigned value is never use
d (symbol "tmpobjid")
d:\UG\gamemodes\maps/mape.inc(33868) : warning 240: assigned value is never use
d (symbol "tmpobjid")
d:\UG\gamemodes\maps/mape.inc(33869) : warning 240: assigned value is never use
d (symbol "tmpobjid")
d:\UG\gamemodes\maps/mape.inc(33870) : warning 240: assigned value is never use
d (symbol "tmpobjid")
d:\UG\gamemodes\maps/mape.inc(33871) : warning 240: assigned value is never use
d (symbol "tmpobjid")
d:\UG\gamemodes\maps/mape.inc(33872) : warning 240: assigned value is never use
d (symbol "tmpobjid")
d:\UG\gamemodes\maps/mape.inc(33873) : warning 240: assigned value is never use
d (symbol "tmpobjid")
d:\UG\gamemodes\maps/mape.inc(33874) : warning 240: assigned value is never use
d (symbol "tmpobjid")
d:\UG\gamemodes\maps/mape.inc(33875) : warning 240: assigned value is never use
d (symbol "tmpobjid")
d:\UG\gamemodes\maps/mape.inc(33876) : warning 240: assigned value is never use
d (symbol "tmpobjid")
d:\UG\gamemodes\maps/mape.inc(33877) : warning 240: assigned value is never use
d (symbol "tmpobjid")
d:\UG\gamemodes\maps/mape.inc(33878) : warning 240: assigned value is never use
d (symbol "tmpobjid")
d:\UG\gamemodes\maps/mape.inc(33879) : warning 240: assigned value is never use
d (symbol "tmpobjid")
d:\UG\gamemodes\maps/mape.inc(33880) : warning 240: assigned value is never use
d (symbol "tmpobjid")
d:\UG\gamemodes\maps/mape.inc(33881) : warning 240: assigned value is never use
d (symbol "tmpobjid")
d:\UG\gamemodes\maps/mape.inc(33882) : warning 240: assigned value is never use
d (symbol "tmpobjid")
d:\UG\gamemodes\maps/mape.inc(33883) : warning 240: assigned value is never use
d (symbol "tmpobjid")
d:\UG\gamemodes\maps/mape.inc(33884) : warning 240: assigned value is never use
d (symbol "tmpobjid")
d:\UG\gamemodes\maps/mape.inc(33885) : warning 240: assigned value is never use
d (symbol "tmpobjid")
d:\UG\gamemodes\maps/mape.inc(33886) : warning 240: assigned value is never use
d (symbol "tmpobjid")
d:\UG\gamemodes\maps/mape.inc(33887) : warning 240: assigned value is never use
d (symbol "tmpobjid")
d:\UG\gamemodes\maps/mape.inc(33888) : warning 240: assigned value is never use
d (symbol "tmpobjid")
d:\UG\gamemodes\maps/mape.inc(33889) : warning 240: assigned value is never use
d (symbol "tmpobjid")
d:\UG\gamemodes\maps/mape.inc(33890) : warning 240: assigned value is never use
d (symbol "tmpobjid")
d:\UG\gamemodes\maps/mape.inc(33891) : warning 240: assigned value is never use
d (symbol "tmpobjid")
d:\UG\gamemodes\maps/mape.inc(33892) : warning 240: assigned value is never use
d (symbol "tmpobjid")
d:\UG\gamemodes\maps/mape.inc(33893) : warning 240: assigned value is never use
d (symbol "tmpobjid")
d:\UG\gamemodes\maps/mape.inc(33894) : warning 240: assigned value is never use
d (symbol "tmpobjid")
d:\UG\gamemodes\maps/mape.inc(33895) : warning 240: assigned value is never use
d (symbol "tmpobjid")
d:\UG\gamemodes\maps/mape.inc(33896) : warning 240: assigned value is never use
d (symbol "tmpobjid")
d:\UG\gamemodes\maps/mape.inc(33897) : warning 240: assigned value is never use
d (symbol "tmpobjid")
d:\UG\gamemodes\maps/mape.inc(33898) : warning 240: assigned value is never use
d (symbol "tmpobjid")
d:\UG\gamemodes\maps/mape.inc(33899) : warning 240: assigned value is never use
d (symbol "tmpobjid")
d:\UG\gamemodes\maps/mape.inc(33900) : warning 240: assigned value is never use
d (symbol "tmpobjid")
d:\UG\gamemodes\maps/mape.inc(33901) : warning 240: assigned value is never use
d (symbol "tmpobjid")
d:\UG\gamemodes\maps/mape.inc(33902) : warning 240: assigned value is never use
d (symbol "tmpobjid")
d:\UG\gamemodes\maps/mape.inc(33903) : warning 240: assigned value is never use
d (symbol "tmpobjid")
d:\UG\gamemodes\maps/mape.inc(33904) : warning 240: assigned value is never use
d (symbol "tmpobjid")
d:\UG\gamemodes\maps/mape.inc(33905) : warning 240: assigned value is never use
d (symbol "tmpobjid")
d:\UG\gamemodes\maps/mape.inc(33906) : warning 240: assigned value is never use
d (symbol "tmpobjid")
d:\UG\gamemodes\maps/mape.inc(33907) : warning 240: assigned value is never use
d (symbol "tmpobjid")
d:\UG\gamemodes\maps/mape.inc(33908) : warning 240: assigned value is never use
d (symbol "tmpobjid")
d:\UG\gamemodes\maps/mape.inc(33909) : warning 240: assigned value is never use
d (symbol "tmpobjid")
d:\UG\gamemodes\maps/mape.inc(33910) : warning 240: assigned value is never use
d (symbol "tmpobjid")
d:\UG\gamemodes\maps/mape.inc(33911) : warning 240: assigned value is never use
d (symbol "tmpobjid")
d:\UG\gamemodes\maps/mape.inc(33912) : warning 240: assigned value is never use
d (symbol "tmpobjid")
d:\UG\gamemodes\maps/mape.inc(33913) : warning 240: assigned value is never use
d (symbol "tmpobjid")
d:\UG\gamemodes\maps/mape.inc(33914) : warning 240: assigned value is never use
d (symbol "tmpobjid")
d:\UG\gamemodes\maps/mape.inc(33915) : warning 240: assigned value is never use
d (symbol "tmpobjid")
d:\UG\gamemodes\maps/mape.inc(33916) : warning 240: assigned value is never use
d (symbol "tmpobjid")
d:\UG\gamemodes\maps/mape.inc(33917) : warning 240: assigned value is never use
d (symbol "tmpobjid")
d:\UG\gamemodes\maps/mape.inc(33918) : warning 240: assigned value is never use
d (symbol "tmpobjid")
d:\UG\gamemodes\maps/mape.inc(33919) : warning 240: assigned value is never use
d (symbol "tmpobjid")
d:\UG\gamemodes\maps/mape.inc(33920) : warning 240: assigned value is never use
d (symbol "tmpobjid")
d:\UG\gamemodes\maps/mape.inc(33921) : warning 240: assigned value is never use
d (symbol "tmpobjid")
d:\UG\gamemodes\maps/mape.inc(33922) : warning 240: assigned value is never use
d (symbol "tmpobjid")
d:\UG\gamemodes\maps/mape.inc(33923) : warning 240: assigned value is never use
d (symbol "tmpobjid")
d:\UG\gamemodes\maps/mape.inc(33924) : warning 240: assigned value is never use
d (symbol "tmpobjid")
d:\UG\gamemodes\maps/mape.inc(33925) : warning 240: assigned value is never use
d (symbol "tmpobjid")
d:\UG\gamemodes\maps/mape.inc(33926) : warning 240: assigned value is never use
d (symbol "tmpobjid")
d:\UG\gamemodes\maps/mape.inc(33927) : warning 240: assigned value is never use
d (symbol "tmpobjid")
d:\UG\gamemodes\maps/mape.inc(33928) : warning 240: assigned value is never use
d (symbol "tmpobjid")
d:\UG\gamemodes\maps/mape.inc(33929) : warning 240: assigned value is never use
d (symbol "tmpobjid")
d:\UG\gamemodes\maps/mape.inc(33930) : warning 240: assigned value is never use
d (symbol "tmpobjid")
d:\UG\gamemodes\maps/mape.inc(33931) : warning 240: assigned value is never use
d (symbol "tmpobjid")
d:\UG\gamemodes\maps/mape.inc(33932) : warning 240: assigned value is never use
d (symbol "tmpobjid")
d:\UG\gamemodes\maps/mape.inc(33933) : warning 240: assigned value is never use
d (symbol "tmpobjid")
d:\UG\gamemodes\maps/mape.inc(33934) : warning 240: assigned value is never use
d (symbol "tmpobjid")
d:\UG\gamemodes\maps/mape.inc(33935) : warning 240: assigned value is never use
d (symbol "tmpobjid")
d:\UG\gamemodes\maps/mape.inc(33936) : warning 240: assigned value is never use
d (symbol "tmpobjid")
d:\UG\gamemodes\maps/mape.inc(33937) : warning 240: assigned value is never use
d (symbol "tmpobjid")
d:\UG\gamemodes\maps/mape.inc(33938) : warning 240: assigned value is never use
d (symbol "tmpobjid")
d:\UG\gamemodes\maps/mape.inc(33939) : warning 240: assigned value is never use
d (symbol "tmpobjid")
d:\UG\gamemodes\maps/mape.inc(33940) : warning 240: assigned value is never use
d (symbol "tmpobjid")
d:\UG\gamemodes\maps/mape.inc(33941) : warning 240: assigned value is never use
d (symbol "tmpobjid")
d:\UG\gamemodes\maps/mape.inc(33942) : warning 240: assigned value is never use
d (symbol "tmpobjid")
d:\UG\gamemodes\maps/mape.inc(33943) : warning 240: assigned value is never use
d (symbol "tmpobjid")
d:\UG\gamemodes\maps/mape.inc(33944) : warning 240: assigned value is never use
d (symbol "tmpobjid")
d:\UG\gamemodes\maps/mape.inc(33945) : warning 240: assigned value is never use
d (symbol "tmpobjid")
d:\UG\gamemodes\maps/mape.inc(33946) : warning 240: assigned value is never use
d (symbol "tmpobjid")
d:\UG\gamemodes\maps/mape.inc(33947) : warning 240: assigned value is never use
d (symbol "tmpobjid")
d:\UG\gamemodes\maps/mape.inc(33948) : warning 240: assigned value is never use
d (symbol "tmpobjid")
d:\UG\gamemodes\maps/mape.inc(33949) : warning 240: assigned value is never use
d (symbol "tmpobjid")
d:\UG\gamemodes\maps/mape.inc(33950) : warning 240: assigned value is never use
d (symbol "tmpobjid")
d:\UG\gamemodes\maps/mape.inc(33951) : warning 240: assigned value is never use
d (symbol "tmpobjid")
d:\UG\gamemodes\maps/mape.inc(33952) : warning 240: assigned value is never use
d (symbol "tmpobjid")
d:\UG\gamemodes\maps/mape.inc(33953) : warning 240: assigned value is never use
d (symbol "tmpobjid")
d:\UG\gamemodes\maps/mape.inc(33954) : warning 240: assigned value is never use
d (symbol "tmpobjid")
d:\UG\gamemodes\maps/mape.inc(31384) : warning 204: symbol is assigned a value 
that is never used: "raceObject"
d:\UG\gamemodes\maps/mape.inc(27333) : warning 204: symbol is assigned a value 
that is never used: "GranicaLsSa"
d:\UG\gamemodes\maps/mape.inc(27122) : warning 204: symbol is assigned a value 
that is never used: "GranicaLsSelo"
d:\UG\gamemodes\maps/mape.inc(25939) : warning 204: symbol is assigned a value 
that is never used: "sverc1"
d:\UG\gamemodes\maps/mape.inc(23488) : warning 204: symbol is assigned a value 
that is never used: "kosactrave"
d:\UG\gamemodes\maps/mape.inc(22911) : warning 204: symbol is assigned a value 
that is never used: "intsaj"
d:\UG\gamemodes\maps/mape.inc(21509) : warning 204: symbol is assigned a value 
that is never used: "intpdbyglen"
d:\UG\gamemodes\maps/mape.inc(18408) : warning 204: symbol is assigned a value 
that is never used: "bandaintbywhile"
d:\UG\gamemodes\maps/mape.inc(17616) : warning 204: symbol is assigned a value 
that is never used: "stanint"
d:\UG\gamemodes\maps/mape.inc(17403) : warning 204: symbol is assigned a value 
that is never used: "intsrednjekuce"
d:\UG\gamemodes\maps/mape.inc(16440) : warning 204: symbol is assigned a value 
that is never used: "apotekabyfish"
d:\UG\gamemodes\maps/mape.inc(15318) : warning 204: symbol is assigned a value 
that is never used: "trafike"
d:\UG\gamemodes\maps/mape.inc(15235) : warning 204: symbol is assigned a value 
that is never used: "fabrikaintChappo"
d:\UG\gamemodes\maps/mape.inc(14592) : warning 204: symbol is assigned a value 
that is never used: "dnb_kuca"
d:\UG\gamemodes\maps/mape.inc(12830) : warning 204: symbol is assigned a value 
that is never used: "centralnizatvorbyfish"
d:\UG\gamemodes\maps/mape.inc(11879) : warning 204: symbol is assigned a value 
that is never used: "meridianint"
d:\UG\gamemodes\maps/mape.inc(11083) : warning 204: symbol is assigned a value 
that is never used: "mafijaint"
d:\UG\gamemodes\maps/mape.inc(10855) : warning 204: symbol is assigned a value 
that is never used: "vikendicaint"
d:\UG\gamemodes\maps/mape.inc(10140) : warning 204: symbol is assigned a value 
that is never used: "Adminkuce"
d:\UG\gamemodes\maps/mape.inc(9457) : warning 204: symbol is assigned a value t
hat is never used: "TehPregled"
d:\UG\gamemodes\maps/mape.inc(8945) : warning 204: symbol is assigned a value t
hat is never used: "tuneljl"
d:\UG\gamemodes\maps/mape.inc(6897) : warning 204: symbol is assigned a value t
hat is never used: "superbikes"
d:\UG\gamemodes\maps/mape.inc(6764) : warning 204: symbol is assigned a value t
hat is never used: "bikesalon"
d:\UG\gamemodes\maps/mape.inc(5138) : warning 204: symbol is assigned a value t
hat is never used: "VWKuca"
d:\UG\gamemodes\maps/mape.inc(2705) : warning 204: symbol is assigned a value t
hat is never used: "sefbanke"
d:\UG\gamemodes\maps/mape.inc(2599) : warning 204: symbol is assigned a value t
hat is never used: "bankaig"
d:\UG\gamemodes\maps/mape.inc(1942) : warning 204: symbol is assigned a value t
hat is never used: "bankaigg"
d:\UG\gamemodes\maps/mape.inc(1180) : warning 204: symbol is assigned a value t
hat is never used: "Elusivemapping"
d:\UG\gamemodes\maps/mape.inc(16151) : warning 204: symbol is assigned a value 
that is never used: "rudnikext"
d:\UG\gamemodes\maps/mape.inc(16026) : warning 204: symbol is assigned a value 
that is never used: "maprudnik"
d:\UG\gamemodes\maps/mape.inc(33955) : warning 204: symbol is assigned a value 
that is never used: "tmpobjid"
d:\UG\# open.mp\qawno\include\iphone.inc(807) : warning 239: literal array/stri
ng passed to a non-const parameter
d:\UG\# open.mp\qawno\include\iphone.inc(838) : warning 239: literal array/stri
ng passed to a non-const parameter
d:\UG\# open.mp\qawno\include\iphone.inc(889) : warning 239: literal array/stri
ng passed to a non-const parameter
d:\UG\# open.mp\qawno\include\iphone.inc(943) : warning 239: literal array/stri
ng passed to a non-const parameter
d:\UG\# open.mp\qawno\include\iphone.inc(977) : warning 239: literal array/stri
ng passed to a non-const parameter
d:\UG\# open.mp\qawno\include\iphone.inc(993) : warning 239: literal array/stri
ng passed to a non-const parameter
d:\UG\# open.mp\qawno\include\iphone.inc(1017) : warning 239: literal array/str
ing passed to a non-const parameter
d:\UG\# open.mp\qawno\include\iphone.inc(1033) : warning 239: literal array/str
ing passed to a non-const parameter
d:\UG\# open.mp\qawno\include\iphone.inc(1049) : warning 239: literal array/str
ing passed to a non-const parameter
d:\UG\# open.mp\qawno\include\iphone.inc(1275) : warning 239: literal array/str
ing passed to a non-const parameter
d:\UG\# open.mp\qawno\include\iphone.inc(1740) : warning 239: literal array/str
ing passed to a non-const parameter
d:\UG\# open.mp\qawno\include\iphone.inc(1756) : warning 203: symbol is never u
sed: "online"
d:\UG\# open.mp\qawno\include\bounty.inc(157) : warning 239: literal array/stri
ng passed to a non-const parameter
d:\UG\# open.mp\qawno\include\bounty.inc(164) : warning 239: literal array/stri
ng passed to a non-const parameter
d:\UG\# open.mp\qawno\include\bounty.inc(313) : warning 239: literal array/stri
ng passed to a non-const parameter
d:\UG\# open.mp\qawno\include\bounty.inc(325) : warning 239: literal array/stri
ng passed to a non-const parameter
d:\UG\# open.mp\qawno\include\bounty.inc(337) : warning 239: literal array/stri
ng passed to a non-const parameter
d:\UG\# open.mp\qawno\include\bounty.inc(349) : warning 239: literal array/stri
ng passed to a non-const parameter
d:\UG\# open.mp\qawno\include\bounty.inc(361) : warning 239: literal array/stri
ng passed to a non-const parameter
d:\UG\# open.mp\qawno\include\bounty.inc(377) : warning 239: literal array/stri
ng passed to a non-const parameter
d:\UG\# open.mp\qawno\include\bounty.inc(389) : warning 239: literal array/stri
ng passed to a non-const parameter
d:\UG\# open.mp\qawno\include\bounty.inc(401) : warning 239: literal array/stri
ng passed to a non-const parameter
d:\UG\# open.mp\qawno\include\bounty.inc(425) : warning 239: literal array/stri
ng passed to a non-const parameter
d:\UG\# open.mp\qawno\include\bounty.inc(435) : warning 239: literal array/stri
ng passed to a non-const parameter
d:\UG\# open.mp\qawno\include\bounty.inc(447) : warning 239: literal array/stri
ng passed to a non-const parameter
d:\UG\# open.mp\qawno\include\bounty.inc(457) : warning 239: literal array/stri
ng passed to a non-const parameter
d:\UG\# open.mp\qawno\include\bounty.inc(469) : warning 239: literal array/stri
ng passed to a non-const parameter
d:\UG\# open.mp\qawno\include\bounty.inc(497) : warning 239: literal array/stri
ng passed to a non-const parameter
d:\UG\# open.mp\qawno\include\bounty.inc(507) : warning 239: literal array/stri
ng passed to a non-const parameter
d:\UG\# open.mp\qawno\include\bounty.inc(521) : warning 239: literal array/stri
ng passed to a non-const parameter
d:\UG\# open.mp\qawno\include\bounty.inc(535) : warning 239: literal array/stri
ng passed to a non-const parameter
d:\UG\# open.mp\qawno\include\bounty.inc(553) : warning 239: literal array/stri
ng passed to a non-const parameter
d:\UG\# open.mp\qawno\include\bounty.inc(565) : warning 239: literal array/stri
ng passed to a non-const parameter
d:\UG\# open.mp\qawno\include\bounty.inc(587) : warning 239: literal array/stri
ng passed to a non-const parameter
d:\UG\# open.mp\qawno\include\bounty.inc(600) : warning 239: literal array/stri
ng passed to a non-const parameter
d:\UG\# open.mp\qawno\include\bounty.inc(610) : warning 239: literal array/stri
ng passed to a non-const parameter
d:\UG\# open.mp\qawno\include\bounty.inc(620) : warning 239: literal array/stri
ng passed to a non-const parameter
d:\UG\# open.mp\qawno\include\bounty.inc(633) : warning 239: literal array/stri
ng passed to a non-const parameter
d:\UG\# open.mp\qawno\include\bounty.inc(643) : warning 239: literal array/stri
ng passed to a non-const parameter
d:\UG\# open.mp\qawno\include\bounty.inc(653) : warning 239: literal array/stri
ng passed to a non-const parameter
d:\UG\# open.mp\qawno\include\bounty.inc(666) : warning 239: literal array/stri
ng passed to a non-const parameter
d:\UG\# open.mp\qawno\include\bounty.inc(676) : warning 239: literal array/stri
ng passed to a non-const parameter
d:\UG\# open.mp\qawno\include\bounty.inc(686) : warning 239: literal array/stri
ng passed to a non-const parameter
d:\UG\# open.mp\qawno\include\bounty.inc(700) : warning 239: literal array/stri
ng passed to a non-const parameter
d:\UG\# open.mp\qawno\include\bounty.inc(714) : warning 239: literal array/stri
ng passed to a non-const parameter
d:\UG\# open.mp\qawno\include\bounty.inc(726) : warning 239: literal array/stri
ng passed to a non-const parameter
d:\UG\# open.mp\qawno\include\bounty.inc(736) : warning 239: literal array/stri
ng passed to a non-const parameter
d:\UG\# open.mp\qawno\include\bounty.inc(750) : warning 239: literal array/stri
ng passed to a non-const parameter
d:\UG\# open.mp\qawno\include\bounty.inc(760) : warning 239: literal array/stri
ng passed to a non-const parameter
d:\UG\# open.mp\qawno\include\bounty.inc(772) : warning 239: literal array/stri
ng passed to a non-const parameter
d:\UG\# open.mp\qawno\include\bounty.inc(788) : warning 239: literal array/stri
ng passed to a non-const parameter
d:\UG\# open.mp\qawno\include\bounty.inc(799) : warning 239: literal array/stri
ng passed to a non-const parameter
d:\UG\# open.mp\qawno\include\bounty.inc(813) : warning 239: literal array/stri
ng passed to a non-const parameter
d:\UG\# open.mp\qawno\include\bounty.inc(823) : warning 239: literal array/stri
ng passed to a non-const parameter
d:\UG\# open.mp\qawno\include\bounty.inc(830) : warning 252: variable has its v
alue modified but never used: "td"
d:\UG\# open.mp\qawno\include\bounty.inc(906) : warning 239: literal array/stri
ng passed to a non-const parameter
d:\UG\# open.mp\qawno\include\bounty.inc(910) : warning 239: literal array/stri
ng passed to a non-const parameter
d:\UG\# open.mp\qawno\include\bounty.inc(1263) : warning 239: literal array/str
ing passed to a non-const parameter
d:\UG\# open.mp\qawno\include\bounty.inc(1264) : warning 239: literal array/str
ing passed to a non-const parameter
d:\UG\# open.mp\qawno\include\bounty.inc(1217) : warning 214: possibly a "const
" array argument was intended: "params"
d:\UG\# open.mp\qawno\include\bounty.inc(1315) : warning 239: literal array/str
ing passed to a non-const parameter
d:\UG\# open.mp\qawno\include\bounty.inc(1326) : warning 239: literal array/str
ing passed to a non-const parameter
d:\UG\# open.mp\qawno\include\bounty.inc(1339) : warning 239: literal array/str
ing passed to a non-const parameter
d:\UG\# open.mp\qawno\include\bounty.inc(1340) : warning 239: literal array/str
ing passed to a non-const parameter
d:\UG\# open.mp\qawno\include\bounty.inc(1426) : warning 239: literal array/str
ing passed to a non-const parameter
d:\UG\# open.mp\qawno\include\bounty.inc(1427) : warning 239: literal array/str
ing passed to a non-const parameter
d:\UG\# open.mp\qawno\include\bounty.inc(1431) : warning 239: literal array/str
ing passed to a non-const parameter
d:\UG\# open.mp\qawno\include\bounty.inc(1432) : warning 239: literal array/str
ing passed to a non-const parameter
d:\UG\# open.mp\qawno\include\bounty.inc(1433) : warning 239: literal array/str
ing passed to a non-const parameter
d:\UG\# open.mp\qawno\include\bounty.inc(1434) : warning 239: literal array/str
ing passed to a non-const parameter
d:\UG\# open.mp\qawno\include\bounty.inc(1290) : warning 214: possibly a "const
" array argument was intended: "inputtext"
d:\UG\# open.mp\qawno\include\bounty.inc(1290) : warning 203: symbol is never u
sed: "listitem"
d:\UG\gamemodes\fg-ogc.pwn(9366) : warning 213: tag mismatch: expected tag "boo
l", but found none ("_")
d:\UG\gamemodes\fg-ogc.pwn(9397) : warning 213: tag mismatch: expected tag "boo
l", but found none ("_")
d:\UG\gamemodes\fg-ogc.pwn(9966) : warning 213: tag mismatch: expected tag "boo
l", but found none ("_")
d:\UG\gamemodes\fg-ogc.pwn(10712) : warning 213: tag mismatch: expected tag "bo
ol", but found none ("_")
d:\UG\gamemodes\fg-ogc.pwn(11321) : error 035: argument type mismatch (argument
 2)
d:\UG\gamemodes\fg-ogc.pwn(12346) : warning 204: symbol is assigned a value tha
t is never used: "hour"
d:\UG\gamemodes\fg-ogc.pwn(16808) : warning 213: tag mismatch: expected tag "bo
ol", but found none ("_")
d:\UG\gamemodes\fg-ogc.pwn(16817) : warning 213: tag mismatch: expected tag "bo
ol", but found none ("_")
d:\UG\gamemodes\fg-ogc.pwn(16825) : warning 213: tag mismatch: expected tag "bo
ol", but found none ("_")
d:\UG\gamemodes\fg-ogc.pwn(16831) : warning 213: tag mismatch: expected tag "bo
ol", but found none ("_")
d:\UG\gamemodes\fg-ogc.pwn(16837) : warning 213: tag mismatch: expected tag "bo
ol", but found none ("_")
d:\UG\gamemodes\fg-ogc.pwn(16843) : warning 213: tag mismatch: expected tag "bo
ol", but found none ("_")
d:\UG\gamemodes\fg-ogc.pwn(16849) : warning 213: tag mismatch: expected tag "bo
ol", but found none ("_")
d:\UG\gamemodes\fg-ogc.pwn(16855) : warning 213: tag mismatch: expected tag "bo
ol", but found none ("_")
d:\UG\gamemodes\fg-ogc.pwn(16861) : warning 213: tag mismatch: expected tag "bo
ol", but found none ("_")
d:\UG\gamemodes\fg-ogc.pwn(16867) : warning 213: tag mismatch: expected tag "bo
ol", but found none ("_")
d:\UG\gamemodes\fg-ogc.pwn(16876) : warning 213: tag mismatch: expected tag "bo
ol", but found none ("_")
d:\UG\gamemodes\fg-ogc.pwn(16884) : warning 213: tag mismatch: expected tag "bo
ol", but found none ("_")
d:\UG\gamemodes\fg-ogc.pwn(16892) : warning 213: tag mismatch: expected tag "bo
ol", but found none ("_")
d:\UG\gamemodes\fg-ogc.pwn(16900) : warning 213: tag mismatch: expected tag "bo
ol", but found none ("_")
d:\UG\gamemodes\fg-ogc.pwn(16908) : warning 213: tag mismatch: expected tag "bo
ol", but found none ("_")
d:\UG\gamemodes\fg-ogc.pwn(16916) : warning 213: tag mismatch: expected tag "bo
ol", but found none ("_")
d:\UG\gamemodes\fg-ogc.pwn(16924) : warning 213: tag mismatch: expected tag "bo
ol", but found none ("_")
d:\UG\gamemodes\fg-ogc.pwn(16932) : warning 213: tag mismatch: expected tag "bo
ol", but found none ("_")
d:\UG\gamemodes\fg-ogc.pwn(16940) : warning 213: tag mismatch: expected tag "bo
ol", but found none ("_")
d:\UG\gamemodes\fg-ogc.pwn(16948) : warning 213: tag mismatch: expected tag "bo
ol", but found none ("_")
d:\UG\gamemodes\fg-ogc.pwn(16956) : warning 213: tag mismatch: expected tag "bo
ol", but found none ("_")
d:\UG\gamemodes\fg-ogc.pwn(16964) : warning 213: tag mismatch: expected tag "bo
ol", but found none ("_")
d:\UG\gamemodes\fg-ogc.pwn(16972) : warning 213: tag mismatch: expected tag "bo
ol", but found none ("_")
d:\UG\gamemodes\fg-ogc.pwn(16980) : warning 213: tag mismatch: expected tag "bo
ol", but found none ("_")
d:\UG\gamemodes\fg-ogc.pwn(16988) : warning 213: tag mismatch: expected tag "bo
ol", but found none ("_")
d:\UG\gamemodes\fg-ogc.pwn(16996) : warning 213: tag mismatch: expected tag "bo
ol", but found none ("_")
d:\UG\gamemodes\fg-ogc.pwn(17008) : warning 213: tag mismatch: expected tag "bo
ol", but found none ("_")
d:\UG\gamemodes\fg-ogc.pwn(17017) : warning 213: tag mismatch: expected tag "bo
ol", but found none ("_")
d:\UG\gamemodes\fg-ogc.pwn(17026) : warning 213: tag mismatch: expected tag "bo
ol", but found none ("_")
d:\UG\gamemodes\fg-ogc.pwn(17035) : warning 213: tag mismatch: expected tag "bo
ol", but found none ("_")
d:\UG\gamemodes\fg-ogc.pwn(17044) : warning 213: tag mismatch: expected tag "bo
ol", but found none ("_")
d:\UG\gamemodes\fg-ogc.pwn(17053) : warning 213: tag mismatch: expected tag "bo
ol", but found none ("_")
d:\UG\gamemodes\fg-ogc.pwn(17062) : warning 213: tag mismatch: expected tag "bo
ol", but found none ("_")
d:\UG\gamemodes\fg-ogc.pwn(17071) : warning 213: tag mismatch: expected tag "bo
ol", but found none ("_")
d:\UG\gamemodes\fg-ogc.pwn(17085) : warning 213: tag mismatch: expected tag "bo
ol", but found none ("_")
d:\UG\gamemodes\fg-ogc.pwn(17104) : warning 213: tag mismatch: expected tag "bo
ol", but found none ("_")
d:\UG\gamemodes\fg-ogc.pwn(19428) : warning 213: tag mismatch: expected tag "bo
ol", but found none ("_")
d:\UG\gamemodes\fg-ogc.pwn(23804) : warning 247: use of operator "-" on "bool:"
 values
d:\UG\gamemodes\fg-ogc.pwn(26402) : warning 213: tag mismatch: expected tag "bo
ol", but found none ("_")
d:\UG\gamemodes\fg-ogc.pwn(26404) : warning 213: tag mismatch: expected tag "bo
ol", but found none ("_")
d:\UG\gamemodes\fg-ogc.pwn(26454) : warning 213: tag mismatch: expected tag "bo
ol", but found none ("_")
d:\UG\gamemodes\fg-ogc.pwn(26575) : warning 213: tag mismatch: expected tag "bo
ol", but found none ("_")
d:\UG\gamemodes\fg-ogc.pwn(28821) : warning 213: tag mismatch: expected tag "bo
ol", but found none ("_")
d:\UG\gamemodes\fg-ogc.pwn(28903) : error 017: undefined symbol "MAX_INV_SLOTS"
d:\UG\gamemodes\fg-ogc.pwn(28917) : error 017: undefined symbol "INV_CAT_SPECIA
L"
d:\UG\gamemodes\fg-ogc.pwn(28918) : error 017: undefined symbol "ICON_INGREDIEN
T"
d:\UG\gamemodes\fg-ogc.pwn(28925) : error 017: undefined symbol "INV_CAT_FOOD"
d:\UG\gamemodes\fg-ogc.pwn(28925) : error 017: undefined symbol "ICON_PIZZA"
d:\UG\gamemodes\fg-ogc.pwn(28926) : error 017: undefined symbol "INV_CAT_FOOD"
d:\UG\gamemodes\fg-ogc.pwn(28926) : error 017: undefined symbol "ICON_HAMBURGER
"
d:\UG\gamemodes\fg-ogc.pwn(28927) : error 017: undefined symbol "INV_CAT_FOOD"
d:\UG\gamemodes\fg-ogc.pwn(28927) : error 017: undefined symbol "ICON_CHICKEN"
d:\UG\gamemodes\fg-ogc.pwn(28928) : error 017: undefined symbol "INV_CAT_FOOD"
d:\UG\gamemodes\fg-ogc.pwn(28928) : error 017: undefined symbol "ICON_JUICE"
d:\UG\gamemodes\fg-ogc.pwn(28929) : error 017: undefined symbol "INV_CAT_FOOD"
d:\UG\gamemodes\fg-ogc.pwn(28929) : error 017: undefined symbol "ICON_BEER"
d:\UG\gamemodes\fg-ogc.pwn(28931) : error 017: undefined symbol "INV_CAT_TOOL"
d:\UG\gamemodes\fg-ogc.pwn(28931) : error 017: undefined symbol "ICON_SCREWDRIV
ER"
d:\UG\gamemodes\fg-ogc.pwn(28932) : error 017: undefined symbol "INV_CAT_TOOL"
d:\UG\gamemodes\fg-ogc.pwn(28932) : error 017: undefined symbol "ICON_CROWBAR"
d:\UG\gamemodes\fg-ogc.pwn(28933) : error 017: undefined symbol "INV_CAT_TOOL"
d:\UG\gamemodes\fg-ogc.pwn(28933) : error 017: undefined symbol "ICON_HAMMER"

Compilation aborted.

Pawn compiler 3.10.11	 	 	Copyright (c) 1997-2006, ITB CompuPhase


26 Errors.
