#pragma ctrlchar 0x5c
#pragma pack false
#pragma semicolon false
#pragma tabsize 8

#file "/tmp/test6.pwn"

#file "/home/z/my-project/UG/pawno/include/default.inc"

#file "/home/z/my-project/UG/pawno/include/core.inc"
#line 1





#line 10
#pragma library Core

native heapspace();

native funcidx(const name[]);

native numargs();
native getarg(arg, index=0);
native setarg(arg, index=0, value);

native tolower(c);
native toupper(c);
native swapchars(c);

native random(max);

native min(value1, value2);
native max(value1, value2);
native clamp(value, min=cellmin, max=cellmax);

native getproperty(id=0, const name[]="", value=cellmin, string[]="");
native setproperty(id=0, const name[]="", value=cellmin, const string[]="");
native deleteproperty(id=0, const name[]="", value=cellmin);
native existproperty(id=0, const name[]="", value=cellmin);



#file "/home/z/my-project/UG/pawno/include/default.inc"

#file "/home/z/my-project/UG/pawno/include/console.inc"
#line 1





#line 10
#pragma library Console

enum
    {
    black,                                                              
    red,
    green,
    yellow,
    blue,
    magenta,
    cyan,
    white,
    }

native getchar(echo=true);
native getstring(string[], maxlength=sizeof string, bool:pack=false);
native getvalue(base=10, term=0x0d, ...);                      
native print(const string[], foreground=-1, background=-1, highlight=-1);
native printf(const format[], {Float,Fixed,_}:...);

native console(columns, lines);
native clrscr();                                             
native clreol();
native gotoxy(x=1, y=1);
native wherexy(&x, &y);
native setattr(foreground=-1, background=-1, highlight=-1);

forward @keypressed(key);


#file "/home/z/my-project/UG/pawno/include/default.inc"
#line 3


#file "/tmp/test6.pwn"
#line 5
main() {}

